layer at (0,0) size 785x15474
  RenderView at (0,0) size 785x600
layer at (0,0) size 785x15474
  RenderBlock {HTML} at (0,0) size 785x15474
    RenderBody {BODY} at (8,8) size 769x15458
      RenderBlock (anonymous) at (0,0) size 769x144
        RenderText {#text} at (0,0) size 769x72
          text run at (0,0) width 746: "This test is designed to test the interaction between font-family and font-weight. In particular, our implementation of"
          text run at (0,18) width 759: "font-family accepts PostScript names, which may name a font with a particular weight. However, there is another CSS"
          text run at (0,36) width 769: "property, font-weight, in which the author may also name a particular weight. Our font selection algorithm takes both of"
          text run at (0,54) width 305: "these signals into account when choosing fonts."
        RenderBR {BR} at (304,54) size 1x18
        RenderBR {BR} at (0,72) size 0x18
        RenderText {#text} at (0,90) size 767x54
          text run at (0,90) width 767: "There is currently no good way in JavaScript to find the actual font chosen for some text. Therefore, the best way to test"
          text run at (0,108) width 732: "this aspect of the font selection algorithm is to dump the render tree, therefore testing glyph advances (which are a"
          text run at (0,126) width 159: "property of font weight)."
      RenderBlock {DIV} at (0,144) size 769x18
        RenderText {#text} at (0,0) size 267x18
          text run at (0,0) width 267: "Font: Heiti SC Weight: 100 Style: normal"
      RenderBlock {DIV} at (0,162) size 769x16
        RenderText {#text} at (0,0) size 144x16
          text run at (0,0) width 144: "\x{679C}\x{57CE}\x{7684}\x{7F8E}\x{8B7D}\x{3002}\x{4E2D}\x{56FD}\x{53E4}"
      RenderBlock {DIV} at (0,178) size 769x18
        RenderText {#text} at (0,0) size 267x18
          text run at (0,0) width 267: "Font: Heiti SC Weight: 200 Style: normal"
      RenderBlock {DIV} at (0,196) size 769x16
        RenderText {#text} at (0,0) size 144x16
          text run at (0,0) width 144: "\x{679C}\x{57CE}\x{7684}\x{7F8E}\x{8B7D}\x{3002}\x{4E2D}\x{56FD}\x{53E4}"
      RenderBlock {DIV} at (0,212) size 769x18
        RenderText {#text} at (0,0) size 267x18
          text run at (0,0) width 267: "Font: Heiti SC Weight: 300 Style: normal"
      RenderBlock {DIV} at (0,230) size 769x16
        RenderText {#text} at (0,0) size 144x16
          text run at (0,0) width 144: "\x{679C}\x{57CE}\x{7684}\x{7F8E}\x{8B7D}\x{3002}\x{4E2D}\x{56FD}\x{53E4}"
      RenderBlock {DIV} at (0,246) size 769x18
        RenderText {#text} at (0,0) size 267x18
          text run at (0,0) width 267: "Font: Heiti SC Weight: 400 Style: normal"
      RenderBlock {DIV} at (0,264) size 769x16
        RenderText {#text} at (0,0) size 144x16
          text run at (0,0) width 144: "\x{679C}\x{57CE}\x{7684}\x{7F8E}\x{8B7D}\x{3002}\x{4E2D}\x{56FD}\x{53E4}"
      RenderBlock {DIV} at (0,280) size 769x18
        RenderText {#text} at (0,0) size 267x18
          text run at (0,0) width 267: "Font: Heiti SC Weight: 500 Style: normal"
      RenderBlock {DIV} at (0,298) size 769x16
        RenderText {#text} at (0,0) size 144x16
          text run at (0,0) width 144: "\x{679C}\x{57CE}\x{7684}\x{7F8E}\x{8B7D}\x{3002}\x{4E2D}\x{56FD}\x{53E4}"
      RenderBlock {DIV} at (0,314) size 769x18
        RenderText {#text} at (0,0) size 267x18
          text run at (0,0) width 267: "Font: Heiti SC Weight: 600 Style: normal"
      RenderBlock {DIV} at (0,332) size 769x16
        RenderText {#text} at (0,0) size 144x16
          text run at (0,0) width 144: "\x{679C}\x{57CE}\x{7684}\x{7F8E}\x{8B7D}\x{3002}\x{4E2D}\x{56FD}\x{53E4}"
      RenderBlock {DIV} at (0,348) size 769x18
        RenderText {#text} at (0,0) size 267x18
          text run at (0,0) width 267: "Font: Heiti SC Weight: 700 Style: normal"
      RenderBlock {DIV} at (0,366) size 769x16
        RenderText {#text} at (0,0) size 144x16
          text run at (0,0) width 144: "\x{679C}\x{57CE}\x{7684}\x{7F8E}\x{8B7D}\x{3002}\x{4E2D}\x{56FD}\x{53E4}"
      RenderBlock {DIV} at (0,382) size 769x18
        RenderText {#text} at (0,0) size 267x18
          text run at (0,0) width 267: "Font: Heiti SC Weight: 800 Style: normal"
      RenderBlock {DIV} at (0,400) size 769x16
        RenderText {#text} at (0,0) size 144x16
          text run at (0,0) width 144: "\x{679C}\x{57CE}\x{7684}\x{7F8E}\x{8B7D}\x{3002}\x{4E2D}\x{56FD}\x{53E4}"
      RenderBlock {DIV} at (0,416) size 769x18
        RenderText {#text} at (0,0) size 267x18
          text run at (0,0) width 267: "Font: Heiti SC Weight: 900 Style: normal"
      RenderBlock {DIV} at (0,434) size 769x16
        RenderText {#text} at (0,0) size 144x16
          text run at (0,0) width 144: "\x{679C}\x{57CE}\x{7684}\x{7F8E}\x{8B7D}\x{3002}\x{4E2D}\x{56FD}\x{53E4}"
      RenderBlock {DIV} at (0,450) size 769x18
        RenderText {#text} at (0,0) size 321x18
          text run at (0,0) width 321: "Font: STHeitiSC-Light Weight: 100 Style: normal"
      RenderBlock {DIV} at (0,468) size 769x16
        RenderText {#text} at (0,0) size 144x16
          text run at (0,0) width 144: "\x{679C}\x{57CE}\x{7684}\x{7F8E}\x{8B7D}\x{3002}\x{4E2D}\x{56FD}\x{53E4}"
      RenderBlock {DIV} at (0,484) size 769x18
        RenderText {#text} at (0,0) size 321x18
          text run at (0,0) width 321: "Font: STHeitiSC-Light Weight: 200 Style: normal"
      RenderBlock {DIV} at (0,502) size 769x16
        RenderText {#text} at (0,0) size 144x16
          text run at (0,0) width 144: "\x{679C}\x{57CE}\x{7684}\x{7F8E}\x{8B7D}\x{3002}\x{4E2D}\x{56FD}\x{53E4}"
      RenderBlock {DIV} at (0,518) size 769x18
        RenderText {#text} at (0,0) size 321x18
          text run at (0,0) width 321: "Font: STHeitiSC-Light Weight: 300 Style: normal"
      RenderBlock {DIV} at (0,536) size 769x16
        RenderText {#text} at (0,0) size 144x16
          text run at (0,0) width 144: "\x{679C}\x{57CE}\x{7684}\x{7F8E}\x{8B7D}\x{3002}\x{4E2D}\x{56FD}\x{53E4}"
      RenderBlock {DIV} at (0,552) size 769x18
        RenderText {#text} at (0,0) size 321x18
          text run at (0,0) width 321: "Font: STHeitiSC-Light Weight: 400 Style: normal"
      RenderBlock {DIV} at (0,570) size 769x16
        RenderText {#text} at (0,0) size 144x16
          text run at (0,0) width 144: "\x{679C}\x{57CE}\x{7684}\x{7F8E}\x{8B7D}\x{3002}\x{4E2D}\x{56FD}\x{53E4}"
      RenderBlock {DIV} at (0,586) size 769x18
        RenderText {#text} at (0,0) size 321x18
          text run at (0,0) width 321: "Font: STHeitiSC-Light Weight: 500 Style: normal"
      RenderBlock {DIV} at (0,604) size 769x16
        RenderText {#text} at (0,0) size 144x16
          text run at (0,0) width 144: "\x{679C}\x{57CE}\x{7684}\x{7F8E}\x{8B7D}\x{3002}\x{4E2D}\x{56FD}\x{53E4}"
      RenderBlock {DIV} at (0,620) size 769x18
        RenderText {#text} at (0,0) size 321x18
          text run at (0,0) width 321: "Font: STHeitiSC-Light Weight: 600 Style: normal"
      RenderBlock {DIV} at (0,638) size 769x16
        RenderText {#text} at (0,0) size 144x16
          text run at (0,0) width 144: "\x{679C}\x{57CE}\x{7684}\x{7F8E}\x{8B7D}\x{3002}\x{4E2D}\x{56FD}\x{53E4}"
      RenderBlock {DIV} at (0,654) size 769x18
        RenderText {#text} at (0,0) size 321x18
          text run at (0,0) width 321: "Font: STHeitiSC-Light Weight: 700 Style: normal"
      RenderBlock {DIV} at (0,672) size 769x16
        RenderText {#text} at (0,0) size 144x16
          text run at (0,0) width 144: "\x{679C}\x{57CE}\x{7684}\x{7F8E}\x{8B7D}\x{3002}\x{4E2D}\x{56FD}\x{53E4}"
      RenderBlock {DIV} at (0,688) size 769x18
        RenderText {#text} at (0,0) size 321x18
          text run at (0,0) width 321: "Font: STHeitiSC-Light Weight: 800 Style: normal"
      RenderBlock {DIV} at (0,706) size 769x16
        RenderText {#text} at (0,0) size 144x16
          text run at (0,0) width 144: "\x{679C}\x{57CE}\x{7684}\x{7F8E}\x{8B7D}\x{3002}\x{4E2D}\x{56FD}\x{53E4}"
      RenderBlock {DIV} at (0,722) size 769x18
        RenderText {#text} at (0,0) size 321x18
          text run at (0,0) width 321: "Font: STHeitiSC-Light Weight: 900 Style: normal"
      RenderBlock {DIV} at (0,740) size 769x16
        RenderText {#text} at (0,0) size 144x16
          text run at (0,0) width 144: "\x{679C}\x{57CE}\x{7684}\x{7F8E}\x{8B7D}\x{3002}\x{4E2D}\x{56FD}\x{53E4}"
      RenderBlock {DIV} at (0,756) size 769x18
        RenderText {#text} at (0,0) size 341x18
          text run at (0,0) width 341: "Font: STHeitiSC-Medium Weight: 100 Style: normal"
      RenderBlock {DIV} at (0,774) size 769x16
        RenderText {#text} at (0,0) size 144x16
          text run at (0,0) width 144: "\x{679C}\x{57CE}\x{7684}\x{7F8E}\x{8B7D}\x{3002}\x{4E2D}\x{56FD}\x{53E4}"
      RenderBlock {DIV} at (0,790) size 769x18
        RenderText {#text} at (0,0) size 341x18
          text run at (0,0) width 341: "Font: STHeitiSC-Medium Weight: 200 Style: normal"
      RenderBlock {DIV} at (0,808) size 769x16
        RenderText {#text} at (0,0) size 144x16
          text run at (0,0) width 144: "\x{679C}\x{57CE}\x{7684}\x{7F8E}\x{8B7D}\x{3002}\x{4E2D}\x{56FD}\x{53E4}"
      RenderBlock {DIV} at (0,824) size 769x18
        RenderText {#text} at (0,0) size 341x18
          text run at (0,0) width 341: "Font: STHeitiSC-Medium Weight: 300 Style: normal"
      RenderBlock {DIV} at (0,842) size 769x16
        RenderText {#text} at (0,0) size 144x16
          text run at (0,0) width 144: "\x{679C}\x{57CE}\x{7684}\x{7F8E}\x{8B7D}\x{3002}\x{4E2D}\x{56FD}\x{53E4}"
      RenderBlock {DIV} at (0,858) size 769x18
        RenderText {#text} at (0,0) size 341x18
          text run at (0,0) width 341: "Font: STHeitiSC-Medium Weight: 400 Style: normal"
      RenderBlock {DIV} at (0,876) size 769x16
        RenderText {#text} at (0,0) size 144x16
          text run at (0,0) width 144: "\x{679C}\x{57CE}\x{7684}\x{7F8E}\x{8B7D}\x{3002}\x{4E2D}\x{56FD}\x{53E4}"
      RenderBlock {DIV} at (0,892) size 769x18
        RenderText {#text} at (0,0) size 341x18
          text run at (0,0) width 341: "Font: STHeitiSC-Medium Weight: 500 Style: normal"
      RenderBlock {DIV} at (0,910) size 769x16
        RenderText {#text} at (0,0) size 144x16
          text run at (0,0) width 144: "\x{679C}\x{57CE}\x{7684}\x{7F8E}\x{8B7D}\x{3002}\x{4E2D}\x{56FD}\x{53E4}"
      RenderBlock {DIV} at (0,926) size 769x18
        RenderText {#text} at (0,0) size 341x18
          text run at (0,0) width 341: "Font: STHeitiSC-Medium Weight: 600 Style: normal"
      RenderBlock {DIV} at (0,944) size 769x16
        RenderText {#text} at (0,0) size 144x16
          text run at (0,0) width 144: "\x{679C}\x{57CE}\x{7684}\x{7F8E}\x{8B7D}\x{3002}\x{4E2D}\x{56FD}\x{53E4}"
      RenderBlock {DIV} at (0,960) size 769x18
        RenderText {#text} at (0,0) size 341x18
          text run at (0,0) width 341: "Font: STHeitiSC-Medium Weight: 700 Style: normal"
      RenderBlock {DIV} at (0,978) size 769x16
        RenderText {#text} at (0,0) size 144x16
          text run at (0,0) width 144: "\x{679C}\x{57CE}\x{7684}\x{7F8E}\x{8B7D}\x{3002}\x{4E2D}\x{56FD}\x{53E4}"
      RenderBlock {DIV} at (0,994) size 769x18
        RenderText {#text} at (0,0) size 341x18
          text run at (0,0) width 341: "Font: STHeitiSC-Medium Weight: 800 Style: normal"
      RenderBlock {DIV} at (0,1012) size 769x16
        RenderText {#text} at (0,0) size 144x16
          text run at (0,0) width 144: "\x{679C}\x{57CE}\x{7684}\x{7F8E}\x{8B7D}\x{3002}\x{4E2D}\x{56FD}\x{53E4}"
      RenderBlock {DIV} at (0,1028) size 769x18
        RenderText {#text} at (0,0) size 341x18
          text run at (0,0) width 341: "Font: STHeitiSC-Medium Weight: 900 Style: normal"
      RenderBlock {DIV} at (0,1046) size 769x16
        RenderText {#text} at (0,0) size 144x16
          text run at (0,0) width 144: "\x{679C}\x{57CE}\x{7684}\x{7F8E}\x{8B7D}\x{3002}\x{4E2D}\x{56FD}\x{53E4}"
      RenderBlock {DIV} at (0,1062) size 769x18
        RenderText {#text} at (0,0) size 253x18
          text run at (0,0) width 253: "Font: Heiti SC Weight: 100 Style: italic"
      RenderBlock {DIV} at (0,1080) size 769x16
        RenderText {#text} at (0,0) size 144x16
          text run at (0,0) width 144: "\x{679C}\x{57CE}\x{7684}\x{7F8E}\x{8B7D}\x{3002}\x{4E2D}\x{56FD}\x{53E4}"
      RenderBlock {DIV} at (0,1096) size 769x18
        RenderText {#text} at (0,0) size 253x18
          text run at (0,0) width 253: "Font: Heiti SC Weight: 200 Style: italic"
      RenderBlock {DIV} at (0,1114) size 769x16
        RenderText {#text} at (0,0) size 144x16
          text run at (0,0) width 144: "\x{679C}\x{57CE}\x{7684}\x{7F8E}\x{8B7D}\x{3002}\x{4E2D}\x{56FD}\x{53E4}"
      RenderBlock {DIV} at (0,1130) size 769x18
        RenderText {#text} at (0,0) size 253x18
          text run at (0,0) width 253: "Font: Heiti SC Weight: 300 Style: italic"
      RenderBlock {DIV} at (0,1148) size 769x16
        RenderText {#text} at (0,0) size 144x16
          text run at (0,0) width 144: "\x{679C}\x{57CE}\x{7684}\x{7F8E}\x{8B7D}\x{3002}\x{4E2D}\x{56FD}\x{53E4}"
      RenderBlock {DIV} at (0,1164) size 769x18
        RenderText {#text} at (0,0) size 253x18
          text run at (0,0) width 253: "Font: Heiti SC Weight: 400 Style: italic"
      RenderBlock {DIV} at (0,1182) size 769x16
        RenderText {#text} at (0,0) size 144x16
          text run at (0,0) width 144: "\x{679C}\x{57CE}\x{7684}\x{7F8E}\x{8B7D}\x{3002}\x{4E2D}\x{56FD}\x{53E4}"
      RenderBlock {DIV} at (0,1198) size 769x18
        RenderText {#text} at (0,0) size 253x18
          text run at (0,0) width 253: "Font: Heiti SC Weight: 500 Style: italic"
      RenderBlock {DIV} at (0,1216) size 769x16
        RenderText {#text} at (0,0) size 144x16
          text run at (0,0) width 144: "\x{679C}\x{57CE}\x{7684}\x{7F8E}\x{8B7D}\x{3002}\x{4E2D}\x{56FD}\x{53E4}"
      RenderBlock {DIV} at (0,1232) size 769x18
        RenderText {#text} at (0,0) size 253x18
          text run at (0,0) width 253: "Font: Heiti SC Weight: 600 Style: italic"
      RenderBlock {DIV} at (0,1250) size 769x16
        RenderText {#text} at (0,0) size 144x16
          text run at (0,0) width 144: "\x{679C}\x{57CE}\x{7684}\x{7F8E}\x{8B7D}\x{3002}\x{4E2D}\x{56FD}\x{53E4}"
      RenderBlock {DIV} at (0,1266) size 769x18
        RenderText {#text} at (0,0) size 253x18
          text run at (0,0) width 253: "Font: Heiti SC Weight: 700 Style: italic"
      RenderBlock {DIV} at (0,1284) size 769x16
        RenderText {#text} at (0,0) size 144x16
          text run at (0,0) width 144: "\x{679C}\x{57CE}\x{7684}\x{7F8E}\x{8B7D}\x{3002}\x{4E2D}\x{56FD}\x{53E4}"
      RenderBlock {DIV} at (0,1300) size 769x18
        RenderText {#text} at (0,0) size 253x18
          text run at (0,0) width 253: "Font: Heiti SC Weight: 800 Style: italic"
      RenderBlock {DIV} at (0,1318) size 769x16
        RenderText {#text} at (0,0) size 144x16
          text run at (0,0) width 144: "\x{679C}\x{57CE}\x{7684}\x{7F8E}\x{8B7D}\x{3002}\x{4E2D}\x{56FD}\x{53E4}"
      RenderBlock {DIV} at (0,1334) size 769x18
        RenderText {#text} at (0,0) size 253x18
          text run at (0,0) width 253: "Font: Heiti SC Weight: 900 Style: italic"
      RenderBlock {DIV} at (0,1352) size 769x16
        RenderText {#text} at (0,0) size 144x16
          text run at (0,0) width 144: "\x{679C}\x{57CE}\x{7684}\x{7F8E}\x{8B7D}\x{3002}\x{4E2D}\x{56FD}\x{53E4}"
      RenderBlock {DIV} at (0,1368) size 769x18
        RenderText {#text} at (0,0) size 308x18
          text run at (0,0) width 308: "Font: STHeitiSC-Light Weight: 100 Style: italic"
      RenderBlock {DIV} at (0,1386) size 769x16
        RenderText {#text} at (0,0) size 144x16
          text run at (0,0) width 144: "\x{679C}\x{57CE}\x{7684}\x{7F8E}\x{8B7D}\x{3002}\x{4E2D}\x{56FD}\x{53E4}"
      RenderBlock {DIV} at (0,1402) size 769x18
        RenderText {#text} at (0,0) size 308x18
          text run at (0,0) width 308: "Font: STHeitiSC-Light Weight: 200 Style: italic"
      RenderBlock {DIV} at (0,1420) size 769x16
        RenderText {#text} at (0,0) size 144x16
          text run at (0,0) width 144: "\x{679C}\x{57CE}\x{7684}\x{7F8E}\x{8B7D}\x{3002}\x{4E2D}\x{56FD}\x{53E4}"
      RenderBlock {DIV} at (0,1436) size 769x18
        RenderText {#text} at (0,0) size 308x18
          text run at (0,0) width 308: "Font: STHeitiSC-Light Weight: 300 Style: italic"
      RenderBlock {DIV} at (0,1454) size 769x16
        RenderText {#text} at (0,0) size 144x16
          text run at (0,0) width 144: "\x{679C}\x{57CE}\x{7684}\x{7F8E}\x{8B7D}\x{3002}\x{4E2D}\x{56FD}\x{53E4}"
      RenderBlock {DIV} at (0,1470) size 769x18
        RenderText {#text} at (0,0) size 308x18
          text run at (0,0) width 308: "Font: STHeitiSC-Light Weight: 400 Style: italic"
      RenderBlock {DIV} at (0,1488) size 769x16
        RenderText {#text} at (0,0) size 144x16
          text run at (0,0) width 144: "\x{679C}\x{57CE}\x{7684}\x{7F8E}\x{8B7D}\x{3002}\x{4E2D}\x{56FD}\x{53E4}"
      RenderBlock {DIV} at (0,1504) size 769x18
        RenderText {#text} at (0,0) size 308x18
          text run at (0,0) width 308: "Font: STHeitiSC-Light Weight: 500 Style: italic"
      RenderBlock {DIV} at (0,1522) size 769x16
        RenderText {#text} at (0,0) size 144x16
          text run at (0,0) width 144: "\x{679C}\x{57CE}\x{7684}\x{7F8E}\x{8B7D}\x{3002}\x{4E2D}\x{56FD}\x{53E4}"
      RenderBlock {DIV} at (0,1538) size 769x18
        RenderText {#text} at (0,0) size 308x18
          text run at (0,0) width 308: "Font: STHeitiSC-Light Weight: 600 Style: italic"
      RenderBlock {DIV} at (0,1556) size 769x16
        RenderText {#text} at (0,0) size 144x16
          text run at (0,0) width 144: "\x{679C}\x{57CE}\x{7684}\x{7F8E}\x{8B7D}\x{3002}\x{4E2D}\x{56FD}\x{53E4}"
      RenderBlock {DIV} at (0,1572) size 769x18
        RenderText {#text} at (0,0) size 308x18
          text run at (0,0) width 308: "Font: STHeitiSC-Light Weight: 700 Style: italic"
      RenderBlock {DIV} at (0,1590) size 769x16
        RenderText {#text} at (0,0) size 144x16
          text run at (0,0) width 144: "\x{679C}\x{57CE}\x{7684}\x{7F8E}\x{8B7D}\x{3002}\x{4E2D}\x{56FD}\x{53E4}"
      RenderBlock {DIV} at (0,1606) size 769x18
        RenderText {#text} at (0,0) size 308x18
          text run at (0,0) width 308: "Font: STHeitiSC-Light Weight: 800 Style: italic"
      RenderBlock {DIV} at (0,1624) size 769x16
        RenderText {#text} at (0,0) size 144x16
          text run at (0,0) width 144: "\x{679C}\x{57CE}\x{7684}\x{7F8E}\x{8B7D}\x{3002}\x{4E2D}\x{56FD}\x{53E4}"
      RenderBlock {DIV} at (0,1640) size 769x18
        RenderText {#text} at (0,0) size 308x18
          text run at (0,0) width 308: "Font: STHeitiSC-Light Weight: 900 Style: italic"
      RenderBlock {DIV} at (0,1658) size 769x16
        RenderText {#text} at (0,0) size 144x16
          text run at (0,0) width 144: "\x{679C}\x{57CE}\x{7684}\x{7F8E}\x{8B7D}\x{3002}\x{4E2D}\x{56FD}\x{53E4}"
      RenderBlock {DIV} at (0,1674) size 769x18
        RenderText {#text} at (0,0) size 328x18
          text run at (0,0) width 328: "Font: STHeitiSC-Medium Weight: 100 Style: italic"
      RenderBlock {DIV} at (0,1692) size 769x16
        RenderText {#text} at (0,0) size 144x16
          text run at (0,0) width 144: "\x{679C}\x{57CE}\x{7684}\x{7F8E}\x{8B7D}\x{3002}\x{4E2D}\x{56FD}\x{53E4}"
      RenderBlock {DIV} at (0,1708) size 769x18
        RenderText {#text} at (0,0) size 328x18
          text run at (0,0) width 328: "Font: STHeitiSC-Medium Weight: 200 Style: italic"
      RenderBlock {DIV} at (0,1726) size 769x16
        RenderText {#text} at (0,0) size 144x16
          text run at (0,0) width 144: "\x{679C}\x{57CE}\x{7684}\x{7F8E}\x{8B7D}\x{3002}\x{4E2D}\x{56FD}\x{53E4}"
      RenderBlock {DIV} at (0,1742) size 769x18
        RenderText {#text} at (0,0) size 328x18
          text run at (0,0) width 328: "Font: STHeitiSC-Medium Weight: 300 Style: italic"
      RenderBlock {DIV} at (0,1760) size 769x16
        RenderText {#text} at (0,0) size 144x16
          text run at (0,0) width 144: "\x{679C}\x{57CE}\x{7684}\x{7F8E}\x{8B7D}\x{3002}\x{4E2D}\x{56FD}\x{53E4}"
      RenderBlock {DIV} at (0,1776) size 769x18
        RenderText {#text} at (0,0) size 328x18
          text run at (0,0) width 328: "Font: STHeitiSC-Medium Weight: 400 Style: italic"
      RenderBlock {DIV} at (0,1794) size 769x16
        RenderText {#text} at (0,0) size 144x16
          text run at (0,0) width 144: "\x{679C}\x{57CE}\x{7684}\x{7F8E}\x{8B7D}\x{3002}\x{4E2D}\x{56FD}\x{53E4}"
      RenderBlock {DIV} at (0,1810) size 769x18
        RenderText {#text} at (0,0) size 328x18
          text run at (0,0) width 328: "Font: STHeitiSC-Medium Weight: 500 Style: italic"
      RenderBlock {DIV} at (0,1828) size 769x16
        RenderText {#text} at (0,0) size 144x16
          text run at (0,0) width 144: "\x{679C}\x{57CE}\x{7684}\x{7F8E}\x{8B7D}\x{3002}\x{4E2D}\x{56FD}\x{53E4}"
      RenderBlock {DIV} at (0,1844) size 769x18
        RenderText {#text} at (0,0) size 328x18
          text run at (0,0) width 328: "Font: STHeitiSC-Medium Weight: 600 Style: italic"
      RenderBlock {DIV} at (0,1862) size 769x16
        RenderText {#text} at (0,0) size 144x16
          text run at (0,0) width 144: "\x{679C}\x{57CE}\x{7684}\x{7F8E}\x{8B7D}\x{3002}\x{4E2D}\x{56FD}\x{53E4}"
      RenderBlock {DIV} at (0,1878) size 769x18
        RenderText {#text} at (0,0) size 328x18
          text run at (0,0) width 328: "Font: STHeitiSC-Medium Weight: 700 Style: italic"
      RenderBlock {DIV} at (0,1896) size 769x16
        RenderText {#text} at (0,0) size 144x16
          text run at (0,0) width 144: "\x{679C}\x{57CE}\x{7684}\x{7F8E}\x{8B7D}\x{3002}\x{4E2D}\x{56FD}\x{53E4}"
      RenderBlock {DIV} at (0,1912) size 769x18
        RenderText {#text} at (0,0) size 328x18
          text run at (0,0) width 328: "Font: STHeitiSC-Medium Weight: 800 Style: italic"
      RenderBlock {DIV} at (0,1930) size 769x16
        RenderText {#text} at (0,0) size 144x16
          text run at (0,0) width 144: "\x{679C}\x{57CE}\x{7684}\x{7F8E}\x{8B7D}\x{3002}\x{4E2D}\x{56FD}\x{53E4}"
      RenderBlock {DIV} at (0,1946) size 769x18
        RenderText {#text} at (0,0) size 328x18
          text run at (0,0) width 328: "Font: STHeitiSC-Medium Weight: 900 Style: italic"
      RenderBlock {DIV} at (0,1964) size 769x16
        RenderText {#text} at (0,0) size 144x16
          text run at (0,0) width 144: "\x{679C}\x{57CE}\x{7684}\x{7F8E}\x{8B7D}\x{3002}\x{4E2D}\x{56FD}\x{53E4}"
      RenderBlock {DIV} at (0,1980) size 769x18
        RenderText {#text} at (0,0) size 277x18
          text run at (0,0) width 277: "Font: Songti SC Weight: 100 Style: normal"
      RenderBlock {DIV} at (0,1998) size 769x22
        RenderText {#text} at (0,0) size 144x22
          text run at (0,0) width 144: "\x{679C}\x{57CE}\x{7684}\x{7F8E}\x{8B7D}\x{3002}\x{4E2D}\x{56FD}\x{53E4}"
      RenderBlock {DIV} at (0,2020) size 769x18
        RenderText {#text} at (0,0) size 277x18
          text run at (0,0) width 277: "Font: Songti SC Weight: 200 Style: normal"
      RenderBlock {DIV} at (0,2038) size 769x22
        RenderText {#text} at (0,0) size 144x22
          text run at (0,0) width 144: "\x{679C}\x{57CE}\x{7684}\x{7F8E}\x{8B7D}\x{3002}\x{4E2D}\x{56FD}\x{53E4}"
      RenderBlock {DIV} at (0,2060) size 769x18
        RenderText {#text} at (0,0) size 277x18
          text run at (0,0) width 277: "Font: Songti SC Weight: 300 Style: normal"
      RenderBlock {DIV} at (0,2078) size 769x22
        RenderText {#text} at (0,0) size 144x22
          text run at (0,0) width 144: "\x{679C}\x{57CE}\x{7684}\x{7F8E}\x{8B7D}\x{3002}\x{4E2D}\x{56FD}\x{53E4}"
      RenderBlock {DIV} at (0,2100) size 769x18
        RenderText {#text} at (0,0) size 277x18
          text run at (0,0) width 277: "Font: Songti SC Weight: 400 Style: normal"
      RenderBlock {DIV} at (0,2118) size 769x22
        RenderText {#text} at (0,0) size 144x22
          text run at (0,0) width 144: "\x{679C}\x{57CE}\x{7684}\x{7F8E}\x{8B7D}\x{3002}\x{4E2D}\x{56FD}\x{53E4}"
      RenderBlock {DIV} at (0,2140) size 769x18
        RenderText {#text} at (0,0) size 277x18
          text run at (0,0) width 277: "Font: Songti SC Weight: 500 Style: normal"
      RenderBlock {DIV} at (0,2158) size 769x22
        RenderText {#text} at (0,0) size 144x22
          text run at (0,0) width 144: "\x{679C}\x{57CE}\x{7684}\x{7F8E}\x{8B7D}\x{3002}\x{4E2D}\x{56FD}\x{53E4}"
      RenderBlock {DIV} at (0,2180) size 769x18
        RenderText {#text} at (0,0) size 277x18
          text run at (0,0) width 277: "Font: Songti SC Weight: 600 Style: normal"
      RenderBlock {DIV} at (0,2198) size 769x22
        RenderText {#text} at (0,0) size 144x22
          text run at (0,0) width 144: "\x{679C}\x{57CE}\x{7684}\x{7F8E}\x{8B7D}\x{3002}\x{4E2D}\x{56FD}\x{53E4}"
      RenderBlock {DIV} at (0,2220) size 769x18
        RenderText {#text} at (0,0) size 277x18
          text run at (0,0) width 277: "Font: Songti SC Weight: 700 Style: normal"
      RenderBlock {DIV} at (0,2238) size 769x22
        RenderText {#text} at (0,0) size 144x22
          text run at (0,0) width 144: "\x{679C}\x{57CE}\x{7684}\x{7F8E}\x{8B7D}\x{3002}\x{4E2D}\x{56FD}\x{53E4}"
      RenderBlock {DIV} at (0,2260) size 769x18
        RenderText {#text} at (0,0) size 277x18
          text run at (0,0) width 277: "Font: Songti SC Weight: 800 Style: normal"
      RenderBlock {DIV} at (0,2278) size 769x24
        RenderText {#text} at (0,0) size 144x22
          text run at (0,0) width 144: "\x{679C}\x{57CE}\x{7684}\x{7F8E}\x{8B7D}\x{3002}\x{4E2D}\x{56FD}\x{53E4}"
      RenderBlock {DIV} at (0,2302) size 769x18
        RenderText {#text} at (0,0) size 277x18
          text run at (0,0) width 277: "Font: Songti SC Weight: 900 Style: normal"
      RenderBlock {DIV} at (0,2320) size 769x24
        RenderText {#text} at (0,0) size 144x22
          text run at (0,0) width 144: "\x{679C}\x{57CE}\x{7684}\x{7F8E}\x{8B7D}\x{3002}\x{4E2D}\x{56FD}\x{53E4}"
      RenderBlock {DIV} at (0,2344) size 769x18
        RenderText {#text} at (0,0) size 353x18
          text run at (0,0) width 353: "Font: STSongti-SC-Regular Weight: 100 Style: normal"
      RenderBlock {DIV} at (0,2362) size 769x22
        RenderText {#text} at (0,0) size 144x22
          text run at (0,0) width 144: "\x{679C}\x{57CE}\x{7684}\x{7F8E}\x{8B7D}\x{3002}\x{4E2D}\x{56FD}\x{53E4}"
      RenderBlock {DIV} at (0,2384) size 769x18
        RenderText {#text} at (0,0) size 353x18
          text run at (0,0) width 353: "Font: STSongti-SC-Regular Weight: 200 Style: normal"
      RenderBlock {DIV} at (0,2402) size 769x22
        RenderText {#text} at (0,0) size 144x22
          text run at (0,0) width 144: "\x{679C}\x{57CE}\x{7684}\x{7F8E}\x{8B7D}\x{3002}\x{4E2D}\x{56FD}\x{53E4}"
      RenderBlock {DIV} at (0,2424) size 769x18
        RenderText {#text} at (0,0) size 353x18
          text run at (0,0) width 353: "Font: STSongti-SC-Regular Weight: 300 Style: normal"
      RenderBlock {DIV} at (0,2442) size 769x22
        RenderText {#text} at (0,0) size 144x22
          text run at (0,0) width 144: "\x{679C}\x{57CE}\x{7684}\x{7F8E}\x{8B7D}\x{3002}\x{4E2D}\x{56FD}\x{53E4}"
      RenderBlock {DIV} at (0,2464) size 769x18
        RenderText {#text} at (0,0) size 353x18
          text run at (0,0) width 353: "Font: STSongti-SC-Regular Weight: 400 Style: normal"
      RenderBlock {DIV} at (0,2482) size 769x22
        RenderText {#text} at (0,0) size 144x22
          text run at (0,0) width 144: "\x{679C}\x{57CE}\x{7684}\x{7F8E}\x{8B7D}\x{3002}\x{4E2D}\x{56FD}\x{53E4}"
      RenderBlock {DIV} at (0,2504) size 769x18
        RenderText {#text} at (0,0) size 353x18
          text run at (0,0) width 353: "Font: STSongti-SC-Regular Weight: 500 Style: normal"
      RenderBlock {DIV} at (0,2522) size 769x22
        RenderText {#text} at (0,0) size 144x22
          text run at (0,0) width 144: "\x{679C}\x{57CE}\x{7684}\x{7F8E}\x{8B7D}\x{3002}\x{4E2D}\x{56FD}\x{53E4}"
      RenderBlock {DIV} at (0,2544) size 769x18
        RenderText {#text} at (0,0) size 353x18
          text run at (0,0) width 353: "Font: STSongti-SC-Regular Weight: 600 Style: normal"
      RenderBlock {DIV} at (0,2562) size 769x22
        RenderText {#text} at (0,0) size 144x22
          text run at (0,0) width 144: "\x{679C}\x{57CE}\x{7684}\x{7F8E}\x{8B7D}\x{3002}\x{4E2D}\x{56FD}\x{53E4}"
      RenderBlock {DIV} at (0,2584) size 769x18
        RenderText {#text} at (0,0) size 353x18
          text run at (0,0) width 353: "Font: STSongti-SC-Regular Weight: 700 Style: normal"
      RenderBlock {DIV} at (0,2602) size 769x22
        RenderText {#text} at (0,0) size 144x22
          text run at (0,0) width 144: "\x{679C}\x{57CE}\x{7684}\x{7F8E}\x{8B7D}\x{3002}\x{4E2D}\x{56FD}\x{53E4}"
      RenderBlock {DIV} at (0,2624) size 769x18
        RenderText {#text} at (0,0) size 353x18
          text run at (0,0) width 353: "Font: STSongti-SC-Regular Weight: 800 Style: normal"
      RenderBlock {DIV} at (0,2642) size 769x24
        RenderText {#text} at (0,0) size 144x22
          text run at (0,0) width 144: "\x{679C}\x{57CE}\x{7684}\x{7F8E}\x{8B7D}\x{3002}\x{4E2D}\x{56FD}\x{53E4}"
      RenderBlock {DIV} at (0,2666) size 769x18
        RenderText {#text} at (0,0) size 353x18
          text run at (0,0) width 353: "Font: STSongti-SC-Regular Weight: 900 Style: normal"
      RenderBlock {DIV} at (0,2684) size 769x24
        RenderText {#text} at (0,0) size 144x22
          text run at (0,0) width 144: "\x{679C}\x{57CE}\x{7684}\x{7F8E}\x{8B7D}\x{3002}\x{4E2D}\x{56FD}\x{53E4}"
      RenderBlock {DIV} at (0,2708) size 769x18
        RenderText {#text} at (0,0) size 337x18
          text run at (0,0) width 337: "Font: STSongti-SC-Light Weight: 100 Style: normal"
      RenderBlock {DIV} at (0,2726) size 769x22
        RenderText {#text} at (0,0) size 144x22
          text run at (0,0) width 144: "\x{679C}\x{57CE}\x{7684}\x{7F8E}\x{8B7D}\x{3002}\x{4E2D}\x{56FD}\x{53E4}"
      RenderBlock {DIV} at (0,2748) size 769x18
        RenderText {#text} at (0,0) size 337x18
          text run at (0,0) width 337: "Font: STSongti-SC-Light Weight: 200 Style: normal"
      RenderBlock {DIV} at (0,2766) size 769x22
        RenderText {#text} at (0,0) size 144x22
          text run at (0,0) width 144: "\x{679C}\x{57CE}\x{7684}\x{7F8E}\x{8B7D}\x{3002}\x{4E2D}\x{56FD}\x{53E4}"
      RenderBlock {DIV} at (0,2788) size 769x18
        RenderText {#text} at (0,0) size 337x18
          text run at (0,0) width 337: "Font: STSongti-SC-Light Weight: 300 Style: normal"
      RenderBlock {DIV} at (0,2806) size 769x22
        RenderText {#text} at (0,0) size 144x22
          text run at (0,0) width 144: "\x{679C}\x{57CE}\x{7684}\x{7F8E}\x{8B7D}\x{3002}\x{4E2D}\x{56FD}\x{53E4}"
      RenderBlock {DIV} at (0,2828) size 769x18
        RenderText {#text} at (0,0) size 337x18
          text run at (0,0) width 337: "Font: STSongti-SC-Light Weight: 400 Style: normal"
      RenderBlock {DIV} at (0,2846) size 769x22
        RenderText {#text} at (0,0) size 144x22
          text run at (0,0) width 144: "\x{679C}\x{57CE}\x{7684}\x{7F8E}\x{8B7D}\x{3002}\x{4E2D}\x{56FD}\x{53E4}"
      RenderBlock {DIV} at (0,2868) size 769x18
        RenderText {#text} at (0,0) size 337x18
          text run at (0,0) width 337: "Font: STSongti-SC-Light Weight: 500 Style: normal"
      RenderBlock {DIV} at (0,2886) size 769x22
        RenderText {#text} at (0,0) size 144x22
          text run at (0,0) width 144: "\x{679C}\x{57CE}\x{7684}\x{7F8E}\x{8B7D}\x{3002}\x{4E2D}\x{56FD}\x{53E4}"
      RenderBlock {DIV} at (0,2908) size 769x18
        RenderText {#text} at (0,0) size 337x18
          text run at (0,0) width 337: "Font: STSongti-SC-Light Weight: 600 Style: normal"
      RenderBlock {DIV} at (0,2926) size 769x22
        RenderText {#text} at (0,0) size 144x22
          text run at (0,0) width 144: "\x{679C}\x{57CE}\x{7684}\x{7F8E}\x{8B7D}\x{3002}\x{4E2D}\x{56FD}\x{53E4}"
      RenderBlock {DIV} at (0,2948) size 769x18
        RenderText {#text} at (0,0) size 337x18
          text run at (0,0) width 337: "Font: STSongti-SC-Light Weight: 700 Style: normal"
      RenderBlock {DIV} at (0,2966) size 769x22
        RenderText {#text} at (0,0) size 144x22
          text run at (0,0) width 144: "\x{679C}\x{57CE}\x{7684}\x{7F8E}\x{8B7D}\x{3002}\x{4E2D}\x{56FD}\x{53E4}"
      RenderBlock {DIV} at (0,2988) size 769x18
        RenderText {#text} at (0,0) size 337x18
          text run at (0,0) width 337: "Font: STSongti-SC-Light Weight: 800 Style: normal"
      RenderBlock {DIV} at (0,3006) size 769x24
        RenderText {#text} at (0,0) size 144x22
          text run at (0,0) width 144: "\x{679C}\x{57CE}\x{7684}\x{7F8E}\x{8B7D}\x{3002}\x{4E2D}\x{56FD}\x{53E4}"
      RenderBlock {DIV} at (0,3030) size 769x18
        RenderText {#text} at (0,0) size 337x18
          text run at (0,0) width 337: "Font: STSongti-SC-Light Weight: 900 Style: normal"
      RenderBlock {DIV} at (0,3048) size 769x24
        RenderText {#text} at (0,0) size 144x22
          text run at (0,0) width 144: "\x{679C}\x{57CE}\x{7684}\x{7F8E}\x{8B7D}\x{3002}\x{4E2D}\x{56FD}\x{53E4}"
      RenderBlock {DIV} at (0,3072) size 769x18
        RenderText {#text} at (0,0) size 333x18
          text run at (0,0) width 333: "Font: STSongti-SC-Bold Weight: 100 Style: normal"
      RenderBlock {DIV} at (0,3090) size 769x22
        RenderText {#text} at (0,0) size 144x22
          text run at (0,0) width 144: "\x{679C}\x{57CE}\x{7684}\x{7F8E}\x{8B7D}\x{3002}\x{4E2D}\x{56FD}\x{53E4}"
      RenderBlock {DIV} at (0,3112) size 769x18
        RenderText {#text} at (0,0) size 333x18
          text run at (0,0) width 333: "Font: STSongti-SC-Bold Weight: 200 Style: normal"
      RenderBlock {DIV} at (0,3130) size 769x22
        RenderText {#text} at (0,0) size 144x22
          text run at (0,0) width 144: "\x{679C}\x{57CE}\x{7684}\x{7F8E}\x{8B7D}\x{3002}\x{4E2D}\x{56FD}\x{53E4}"
      RenderBlock {DIV} at (0,3152) size 769x18
        RenderText {#text} at (0,0) size 333x18
          text run at (0,0) width 333: "Font: STSongti-SC-Bold Weight: 300 Style: normal"
      RenderBlock {DIV} at (0,3170) size 769x22
        RenderText {#text} at (0,0) size 144x22
          text run at (0,0) width 144: "\x{679C}\x{57CE}\x{7684}\x{7F8E}\x{8B7D}\x{3002}\x{4E2D}\x{56FD}\x{53E4}"
      RenderBlock {DIV} at (0,3192) size 769x18
        RenderText {#text} at (0,0) size 333x18
          text run at (0,0) width 333: "Font: STSongti-SC-Bold Weight: 400 Style: normal"
      RenderBlock {DIV} at (0,3210) size 769x22
        RenderText {#text} at (0,0) size 144x22
          text run at (0,0) width 144: "\x{679C}\x{57CE}\x{7684}\x{7F8E}\x{8B7D}\x{3002}\x{4E2D}\x{56FD}\x{53E4}"
      RenderBlock {DIV} at (0,3232) size 769x18
        RenderText {#text} at (0,0) size 333x18
          text run at (0,0) width 333: "Font: STSongti-SC-Bold Weight: 500 Style: normal"
      RenderBlock {DIV} at (0,3250) size 769x22
        RenderText {#text} at (0,0) size 144x22
          text run at (0,0) width 144: "\x{679C}\x{57CE}\x{7684}\x{7F8E}\x{8B7D}\x{3002}\x{4E2D}\x{56FD}\x{53E4}"
      RenderBlock {DIV} at (0,3272) size 769x18
        RenderText {#text} at (0,0) size 333x18
          text run at (0,0) width 333: "Font: STSongti-SC-Bold Weight: 600 Style: normal"
      RenderBlock {DIV} at (0,3290) size 769x22
        RenderText {#text} at (0,0) size 144x22
          text run at (0,0) width 144: "\x{679C}\x{57CE}\x{7684}\x{7F8E}\x{8B7D}\x{3002}\x{4E2D}\x{56FD}\x{53E4}"
      RenderBlock {DIV} at (0,3312) size 769x18
        RenderText {#text} at (0,0) size 333x18
          text run at (0,0) width 333: "Font: STSongti-SC-Bold Weight: 700 Style: normal"
      RenderBlock {DIV} at (0,3330) size 769x22
        RenderText {#text} at (0,0) size 144x22
          text run at (0,0) width 144: "\x{679C}\x{57CE}\x{7684}\x{7F8E}\x{8B7D}\x{3002}\x{4E2D}\x{56FD}\x{53E4}"
      RenderBlock {DIV} at (0,3352) size 769x18
        RenderText {#text} at (0,0) size 333x18
          text run at (0,0) width 333: "Font: STSongti-SC-Bold Weight: 800 Style: normal"
      RenderBlock {DIV} at (0,3370) size 769x22
        RenderText {#text} at (0,0) size 144x22
          text run at (0,0) width 144: "\x{679C}\x{57CE}\x{7684}\x{7F8E}\x{8B7D}\x{3002}\x{4E2D}\x{56FD}\x{53E4}"
      RenderBlock {DIV} at (0,3392) size 769x18
        RenderText {#text} at (0,0) size 333x18
          text run at (0,0) width 333: "Font: STSongti-SC-Bold Weight: 900 Style: normal"
      RenderBlock {DIV} at (0,3410) size 769x22
        RenderText {#text} at (0,0) size 144x22
          text run at (0,0) width 144: "\x{679C}\x{57CE}\x{7684}\x{7F8E}\x{8B7D}\x{3002}\x{4E2D}\x{56FD}\x{53E4}"
      RenderBlock {DIV} at (0,3432) size 769x18
        RenderText {#text} at (0,0) size 339x18
          text run at (0,0) width 339: "Font: STSongti-SC-Black Weight: 100 Style: normal"
      RenderBlock {DIV} at (0,3450) size 769x24
        RenderText {#text} at (0,0) size 144x22
          text run at (0,0) width 144: "\x{679C}\x{57CE}\x{7684}\x{7F8E}\x{8B7D}\x{3002}\x{4E2D}\x{56FD}\x{53E4}"
      RenderBlock {DIV} at (0,3474) size 769x18
        RenderText {#text} at (0,0) size 339x18
          text run at (0,0) width 339: "Font: STSongti-SC-Black Weight: 200 Style: normal"
      RenderBlock {DIV} at (0,3492) size 769x24
        RenderText {#text} at (0,0) size 144x22
          text run at (0,0) width 144: "\x{679C}\x{57CE}\x{7684}\x{7F8E}\x{8B7D}\x{3002}\x{4E2D}\x{56FD}\x{53E4}"
      RenderBlock {DIV} at (0,3516) size 769x18
        RenderText {#text} at (0,0) size 339x18
          text run at (0,0) width 339: "Font: STSongti-SC-Black Weight: 300 Style: normal"
      RenderBlock {DIV} at (0,3534) size 769x24
        RenderText {#text} at (0,0) size 144x22
          text run at (0,0) width 144: "\x{679C}\x{57CE}\x{7684}\x{7F8E}\x{8B7D}\x{3002}\x{4E2D}\x{56FD}\x{53E4}"
      RenderBlock {DIV} at (0,3558) size 769x18
        RenderText {#text} at (0,0) size 339x18
          text run at (0,0) width 339: "Font: STSongti-SC-Black Weight: 400 Style: normal"
      RenderBlock {DIV} at (0,3576) size 769x24
        RenderText {#text} at (0,0) size 144x22
          text run at (0,0) width 144: "\x{679C}\x{57CE}\x{7684}\x{7F8E}\x{8B7D}\x{3002}\x{4E2D}\x{56FD}\x{53E4}"
      RenderBlock {DIV} at (0,3600) size 769x18
        RenderText {#text} at (0,0) size 339x18
          text run at (0,0) width 339: "Font: STSongti-SC-Black Weight: 500 Style: normal"
      RenderBlock {DIV} at (0,3618) size 769x24
        RenderText {#text} at (0,0) size 144x22
          text run at (0,0) width 144: "\x{679C}\x{57CE}\x{7684}\x{7F8E}\x{8B7D}\x{3002}\x{4E2D}\x{56FD}\x{53E4}"
      RenderBlock {DIV} at (0,3642) size 769x18
        RenderText {#text} at (0,0) size 339x18
          text run at (0,0) width 339: "Font: STSongti-SC-Black Weight: 600 Style: normal"
      RenderBlock {DIV} at (0,3660) size 769x24
        RenderText {#text} at (0,0) size 144x22
          text run at (0,0) width 144: "\x{679C}\x{57CE}\x{7684}\x{7F8E}\x{8B7D}\x{3002}\x{4E2D}\x{56FD}\x{53E4}"
      RenderBlock {DIV} at (0,3684) size 769x18
        RenderText {#text} at (0,0) size 339x18
          text run at (0,0) width 339: "Font: STSongti-SC-Black Weight: 700 Style: normal"
      RenderBlock {DIV} at (0,3702) size 769x24
        RenderText {#text} at (0,0) size 144x22
          text run at (0,0) width 144: "\x{679C}\x{57CE}\x{7684}\x{7F8E}\x{8B7D}\x{3002}\x{4E2D}\x{56FD}\x{53E4}"
      RenderBlock {DIV} at (0,3726) size 769x18
        RenderText {#text} at (0,0) size 339x18
          text run at (0,0) width 339: "Font: STSongti-SC-Black Weight: 800 Style: normal"
      RenderBlock {DIV} at (0,3744) size 769x24
        RenderText {#text} at (0,0) size 144x22
          text run at (0,0) width 144: "\x{679C}\x{57CE}\x{7684}\x{7F8E}\x{8B7D}\x{3002}\x{4E2D}\x{56FD}\x{53E4}"
      RenderBlock {DIV} at (0,3768) size 769x18
        RenderText {#text} at (0,0) size 339x18
          text run at (0,0) width 339: "Font: STSongti-SC-Black Weight: 900 Style: normal"
      RenderBlock {DIV} at (0,3786) size 769x24
        RenderText {#text} at (0,0) size 144x22
          text run at (0,0) width 144: "\x{679C}\x{57CE}\x{7684}\x{7F8E}\x{8B7D}\x{3002}\x{4E2D}\x{56FD}\x{53E4}"
      RenderBlock {DIV} at (0,3810) size 769x18
        RenderText {#text} at (0,0) size 263x18
          text run at (0,0) width 263: "Font: Songti SC Weight: 100 Style: italic"
      RenderBlock {DIV} at (0,3828) size 769x22
        RenderText {#text} at (0,0) size 144x22
          text run at (0,0) width 144: "\x{679C}\x{57CE}\x{7684}\x{7F8E}\x{8B7D}\x{3002}\x{4E2D}\x{56FD}\x{53E4}"
      RenderBlock {DIV} at (0,3850) size 769x18
        RenderText {#text} at (0,0) size 263x18
          text run at (0,0) width 263: "Font: Songti SC Weight: 200 Style: italic"
      RenderBlock {DIV} at (0,3868) size 769x22
        RenderText {#text} at (0,0) size 144x22
          text run at (0,0) width 144: "\x{679C}\x{57CE}\x{7684}\x{7F8E}\x{8B7D}\x{3002}\x{4E2D}\x{56FD}\x{53E4}"
      RenderBlock {DIV} at (0,3890) size 769x18
        RenderText {#text} at (0,0) size 263x18
          text run at (0,0) width 263: "Font: Songti SC Weight: 300 Style: italic"
      RenderBlock {DIV} at (0,3908) size 769x22
        RenderText {#text} at (0,0) size 144x22
          text run at (0,0) width 144: "\x{679C}\x{57CE}\x{7684}\x{7F8E}\x{8B7D}\x{3002}\x{4E2D}\x{56FD}\x{53E4}"
      RenderBlock {DIV} at (0,3930) size 769x18
        RenderText {#text} at (0,0) size 263x18
          text run at (0,0) width 263: "Font: Songti SC Weight: 400 Style: italic"
      RenderBlock {DIV} at (0,3948) size 769x22
        RenderText {#text} at (0,0) size 144x22
          text run at (0,0) width 144: "\x{679C}\x{57CE}\x{7684}\x{7F8E}\x{8B7D}\x{3002}\x{4E2D}\x{56FD}\x{53E4}"
      RenderBlock {DIV} at (0,3970) size 769x18
        RenderText {#text} at (0,0) size 263x18
          text run at (0,0) width 263: "Font: Songti SC Weight: 500 Style: italic"
      RenderBlock {DIV} at (0,3988) size 769x22
        RenderText {#text} at (0,0) size 144x22
          text run at (0,0) width 144: "\x{679C}\x{57CE}\x{7684}\x{7F8E}\x{8B7D}\x{3002}\x{4E2D}\x{56FD}\x{53E4}"
      RenderBlock {DIV} at (0,4010) size 769x18
        RenderText {#text} at (0,0) size 263x18
          text run at (0,0) width 263: "Font: Songti SC Weight: 600 Style: italic"
      RenderBlock {DIV} at (0,4028) size 769x22
        RenderText {#text} at (0,0) size 144x22
          text run at (0,0) width 144: "\x{679C}\x{57CE}\x{7684}\x{7F8E}\x{8B7D}\x{3002}\x{4E2D}\x{56FD}\x{53E4}"
      RenderBlock {DIV} at (0,4050) size 769x18
        RenderText {#text} at (0,0) size 263x18
          text run at (0,0) width 263: "Font: Songti SC Weight: 700 Style: italic"
      RenderBlock {DIV} at (0,4068) size 769x22
        RenderText {#text} at (0,0) size 144x22
          text run at (0,0) width 144: "\x{679C}\x{57CE}\x{7684}\x{7F8E}\x{8B7D}\x{3002}\x{4E2D}\x{56FD}\x{53E4}"
      RenderBlock {DIV} at (0,4090) size 769x18
        RenderText {#text} at (0,0) size 263x18
          text run at (0,0) width 263: "Font: Songti SC Weight: 800 Style: italic"
      RenderBlock {DIV} at (0,4108) size 769x24
        RenderText {#text} at (0,0) size 144x22
          text run at (0,0) width 144: "\x{679C}\x{57CE}\x{7684}\x{7F8E}\x{8B7D}\x{3002}\x{4E2D}\x{56FD}\x{53E4}"
      RenderBlock {DIV} at (0,4132) size 769x18
        RenderText {#text} at (0,0) size 263x18
          text run at (0,0) width 263: "Font: Songti SC Weight: 900 Style: italic"
      RenderBlock {DIV} at (0,4150) size 769x24
        RenderText {#text} at (0,0) size 144x22
          text run at (0,0) width 144: "\x{679C}\x{57CE}\x{7684}\x{7F8E}\x{8B7D}\x{3002}\x{4E2D}\x{56FD}\x{53E4}"
      RenderBlock {DIV} at (0,4174) size 769x18
        RenderText {#text} at (0,0) size 339x18
          text run at (0,0) width 339: "Font: STSongti-SC-Regular Weight: 100 Style: italic"
      RenderBlock {DIV} at (0,4192) size 769x22
        RenderText {#text} at (0,0) size 144x22
          text run at (0,0) width 144: "\x{679C}\x{57CE}\x{7684}\x{7F8E}\x{8B7D}\x{3002}\x{4E2D}\x{56FD}\x{53E4}"
      RenderBlock {DIV} at (0,4214) size 769x18
        RenderText {#text} at (0,0) size 339x18
          text run at (0,0) width 339: "Font: STSongti-SC-Regular Weight: 200 Style: italic"
      RenderBlock {DIV} at (0,4232) size 769x22
        RenderText {#text} at (0,0) size 144x22
          text run at (0,0) width 144: "\x{679C}\x{57CE}\x{7684}\x{7F8E}\x{8B7D}\x{3002}\x{4E2D}\x{56FD}\x{53E4}"
      RenderBlock {DIV} at (0,4254) size 769x18
        RenderText {#text} at (0,0) size 339x18
          text run at (0,0) width 339: "Font: STSongti-SC-Regular Weight: 300 Style: italic"
      RenderBlock {DIV} at (0,4272) size 769x22
        RenderText {#text} at (0,0) size 144x22
          text run at (0,0) width 144: "\x{679C}\x{57CE}\x{7684}\x{7F8E}\x{8B7D}\x{3002}\x{4E2D}\x{56FD}\x{53E4}"
      RenderBlock {DIV} at (0,4294) size 769x18
        RenderText {#text} at (0,0) size 339x18
          text run at (0,0) width 339: "Font: STSongti-SC-Regular Weight: 400 Style: italic"
      RenderBlock {DIV} at (0,4312) size 769x22
        RenderText {#text} at (0,0) size 144x22
          text run at (0,0) width 144: "\x{679C}\x{57CE}\x{7684}\x{7F8E}\x{8B7D}\x{3002}\x{4E2D}\x{56FD}\x{53E4}"
      RenderBlock {DIV} at (0,4334) size 769x18
        RenderText {#text} at (0,0) size 339x18
          text run at (0,0) width 339: "Font: STSongti-SC-Regular Weight: 500 Style: italic"
      RenderBlock {DIV} at (0,4352) size 769x22
        RenderText {#text} at (0,0) size 144x22
          text run at (0,0) width 144: "\x{679C}\x{57CE}\x{7684}\x{7F8E}\x{8B7D}\x{3002}\x{4E2D}\x{56FD}\x{53E4}"
      RenderBlock {DIV} at (0,4374) size 769x18
        RenderText {#text} at (0,0) size 339x18
          text run at (0,0) width 339: "Font: STSongti-SC-Regular Weight: 600 Style: italic"
      RenderBlock {DIV} at (0,4392) size 769x22
        RenderText {#text} at (0,0) size 144x22
          text run at (0,0) width 144: "\x{679C}\x{57CE}\x{7684}\x{7F8E}\x{8B7D}\x{3002}\x{4E2D}\x{56FD}\x{53E4}"
      RenderBlock {DIV} at (0,4414) size 769x18
        RenderText {#text} at (0,0) size 339x18
          text run at (0,0) width 339: "Font: STSongti-SC-Regular Weight: 700 Style: italic"
      RenderBlock {DIV} at (0,4432) size 769x22
        RenderText {#text} at (0,0) size 144x22
          text run at (0,0) width 144: "\x{679C}\x{57CE}\x{7684}\x{7F8E}\x{8B7D}\x{3002}\x{4E2D}\x{56FD}\x{53E4}"
      RenderBlock {DIV} at (0,4454) size 769x18
        RenderText {#text} at (0,0) size 339x18
          text run at (0,0) width 339: "Font: STSongti-SC-Regular Weight: 800 Style: italic"
      RenderBlock {DIV} at (0,4472) size 769x24
        RenderText {#text} at (0,0) size 144x22
          text run at (0,0) width 144: "\x{679C}\x{57CE}\x{7684}\x{7F8E}\x{8B7D}\x{3002}\x{4E2D}\x{56FD}\x{53E4}"
      RenderBlock {DIV} at (0,4496) size 769x18
        RenderText {#text} at (0,0) size 339x18
          text run at (0,0) width 339: "Font: STSongti-SC-Regular Weight: 900 Style: italic"
      RenderBlock {DIV} at (0,4514) size 769x24
        RenderText {#text} at (0,0) size 144x22
          text run at (0,0) width 144: "\x{679C}\x{57CE}\x{7684}\x{7F8E}\x{8B7D}\x{3002}\x{4E2D}\x{56FD}\x{53E4}"
      RenderBlock {DIV} at (0,4538) size 769x18
        RenderText {#text} at (0,0) size 323x18
          text run at (0,0) width 323: "Font: STSongti-SC-Light Weight: 100 Style: italic"
      RenderBlock {DIV} at (0,4556) size 769x22
        RenderText {#text} at (0,0) size 144x22
          text run at (0,0) width 144: "\x{679C}\x{57CE}\x{7684}\x{7F8E}\x{8B7D}\x{3002}\x{4E2D}\x{56FD}\x{53E4}"
      RenderBlock {DIV} at (0,4578) size 769x18
        RenderText {#text} at (0,0) size 323x18
          text run at (0,0) width 323: "Font: STSongti-SC-Light Weight: 200 Style: italic"
      RenderBlock {DIV} at (0,4596) size 769x22
        RenderText {#text} at (0,0) size 144x22
          text run at (0,0) width 144: "\x{679C}\x{57CE}\x{7684}\x{7F8E}\x{8B7D}\x{3002}\x{4E2D}\x{56FD}\x{53E4}"
      RenderBlock {DIV} at (0,4618) size 769x18
        RenderText {#text} at (0,0) size 323x18
          text run at (0,0) width 323: "Font: STSongti-SC-Light Weight: 300 Style: italic"
      RenderBlock {DIV} at (0,4636) size 769x22
        RenderText {#text} at (0,0) size 144x22
          text run at (0,0) width 144: "\x{679C}\x{57CE}\x{7684}\x{7F8E}\x{8B7D}\x{3002}\x{4E2D}\x{56FD}\x{53E4}"
      RenderBlock {DIV} at (0,4658) size 769x18
        RenderText {#text} at (0,0) size 323x18
          text run at (0,0) width 323: "Font: STSongti-SC-Light Weight: 400 Style: italic"
      RenderBlock {DIV} at (0,4676) size 769x22
        RenderText {#text} at (0,0) size 144x22
          text run at (0,0) width 144: "\x{679C}\x{57CE}\x{7684}\x{7F8E}\x{8B7D}\x{3002}\x{4E2D}\x{56FD}\x{53E4}"
      RenderBlock {DIV} at (0,4698) size 769x18
        RenderText {#text} at (0,0) size 323x18
          text run at (0,0) width 323: "Font: STSongti-SC-Light Weight: 500 Style: italic"
      RenderBlock {DIV} at (0,4716) size 769x22
        RenderText {#text} at (0,0) size 144x22
          text run at (0,0) width 144: "\x{679C}\x{57CE}\x{7684}\x{7F8E}\x{8B7D}\x{3002}\x{4E2D}\x{56FD}\x{53E4}"
      RenderBlock {DIV} at (0,4738) size 769x18
        RenderText {#text} at (0,0) size 323x18
          text run at (0,0) width 323: "Font: STSongti-SC-Light Weight: 600 Style: italic"
      RenderBlock {DIV} at (0,4756) size 769x22
        RenderText {#text} at (0,0) size 144x22
          text run at (0,0) width 144: "\x{679C}\x{57CE}\x{7684}\x{7F8E}\x{8B7D}\x{3002}\x{4E2D}\x{56FD}\x{53E4}"
      RenderBlock {DIV} at (0,4778) size 769x18
        RenderText {#text} at (0,0) size 323x18
          text run at (0,0) width 323: "Font: STSongti-SC-Light Weight: 700 Style: italic"
      RenderBlock {DIV} at (0,4796) size 769x22
        RenderText {#text} at (0,0) size 144x22
          text run at (0,0) width 144: "\x{679C}\x{57CE}\x{7684}\x{7F8E}\x{8B7D}\x{3002}\x{4E2D}\x{56FD}\x{53E4}"
      RenderBlock {DIV} at (0,4818) size 769x18
        RenderText {#text} at (0,0) size 323x18
          text run at (0,0) width 323: "Font: STSongti-SC-Light Weight: 800 Style: italic"
      RenderBlock {DIV} at (0,4836) size 769x24
        RenderText {#text} at (0,0) size 144x22
          text run at (0,0) width 144: "\x{679C}\x{57CE}\x{7684}\x{7F8E}\x{8B7D}\x{3002}\x{4E2D}\x{56FD}\x{53E4}"
      RenderBlock {DIV} at (0,4860) size 769x18
        RenderText {#text} at (0,0) size 323x18
          text run at (0,0) width 323: "Font: STSongti-SC-Light Weight: 900 Style: italic"
      RenderBlock {DIV} at (0,4878) size 769x24
        RenderText {#text} at (0,0) size 144x22
          text run at (0,0) width 144: "\x{679C}\x{57CE}\x{7684}\x{7F8E}\x{8B7D}\x{3002}\x{4E2D}\x{56FD}\x{53E4}"
      RenderBlock {DIV} at (0,4902) size 769x18
        RenderText {#text} at (0,0) size 320x18
          text run at (0,0) width 320: "Font: STSongti-SC-Bold Weight: 100 Style: italic"
      RenderBlock {DIV} at (0,4920) size 769x22
        RenderText {#text} at (0,0) size 144x22
          text run at (0,0) width 144: "\x{679C}\x{57CE}\x{7684}\x{7F8E}\x{8B7D}\x{3002}\x{4E2D}\x{56FD}\x{53E4}"
      RenderBlock {DIV} at (0,4942) size 769x18
        RenderText {#text} at (0,0) size 320x18
          text run at (0,0) width 320: "Font: STSongti-SC-Bold Weight: 200 Style: italic"
      RenderBlock {DIV} at (0,4960) size 769x22
        RenderText {#text} at (0,0) size 144x22
          text run at (0,0) width 144: "\x{679C}\x{57CE}\x{7684}\x{7F8E}\x{8B7D}\x{3002}\x{4E2D}\x{56FD}\x{53E4}"
      RenderBlock {DIV} at (0,4982) size 769x18
        RenderText {#text} at (0,0) size 320x18
          text run at (0,0) width 320: "Font: STSongti-SC-Bold Weight: 300 Style: italic"
      RenderBlock {DIV} at (0,5000) size 769x22
        RenderText {#text} at (0,0) size 144x22
          text run at (0,0) width 144: "\x{679C}\x{57CE}\x{7684}\x{7F8E}\x{8B7D}\x{3002}\x{4E2D}\x{56FD}\x{53E4}"
      RenderBlock {DIV} at (0,5022) size 769x18
        RenderText {#text} at (0,0) size 320x18
          text run at (0,0) width 320: "Font: STSongti-SC-Bold Weight: 400 Style: italic"
      RenderBlock {DIV} at (0,5040) size 769x22
        RenderText {#text} at (0,0) size 144x22
          text run at (0,0) width 144: "\x{679C}\x{57CE}\x{7684}\x{7F8E}\x{8B7D}\x{3002}\x{4E2D}\x{56FD}\x{53E4}"
      RenderBlock {DIV} at (0,5062) size 769x18
        RenderText {#text} at (0,0) size 320x18
          text run at (0,0) width 320: "Font: STSongti-SC-Bold Weight: 500 Style: italic"
      RenderBlock {DIV} at (0,5080) size 769x22
        RenderText {#text} at (0,0) size 144x22
          text run at (0,0) width 144: "\x{679C}\x{57CE}\x{7684}\x{7F8E}\x{8B7D}\x{3002}\x{4E2D}\x{56FD}\x{53E4}"
      RenderBlock {DIV} at (0,5102) size 769x18
        RenderText {#text} at (0,0) size 320x18
          text run at (0,0) width 320: "Font: STSongti-SC-Bold Weight: 600 Style: italic"
      RenderBlock {DIV} at (0,5120) size 769x22
        RenderText {#text} at (0,0) size 144x22
          text run at (0,0) width 144: "\x{679C}\x{57CE}\x{7684}\x{7F8E}\x{8B7D}\x{3002}\x{4E2D}\x{56FD}\x{53E4}"
      RenderBlock {DIV} at (0,5142) size 769x18
        RenderText {#text} at (0,0) size 320x18
          text run at (0,0) width 320: "Font: STSongti-SC-Bold Weight: 700 Style: italic"
      RenderBlock {DIV} at (0,5160) size 769x22
        RenderText {#text} at (0,0) size 144x22
          text run at (0,0) width 144: "\x{679C}\x{57CE}\x{7684}\x{7F8E}\x{8B7D}\x{3002}\x{4E2D}\x{56FD}\x{53E4}"
      RenderBlock {DIV} at (0,5182) size 769x18
        RenderText {#text} at (0,0) size 320x18
          text run at (0,0) width 320: "Font: STSongti-SC-Bold Weight: 800 Style: italic"
      RenderBlock {DIV} at (0,5200) size 769x24
        RenderText {#text} at (0,0) size 144x22
          text run at (0,0) width 144: "\x{679C}\x{57CE}\x{7684}\x{7F8E}\x{8B7D}\x{3002}\x{4E2D}\x{56FD}\x{53E4}"
      RenderBlock {DIV} at (0,5224) size 769x18
        RenderText {#text} at (0,0) size 320x18
          text run at (0,0) width 320: "Font: STSongti-SC-Bold Weight: 900 Style: italic"
      RenderBlock {DIV} at (0,5242) size 769x24
        RenderText {#text} at (0,0) size 144x22
          text run at (0,0) width 144: "\x{679C}\x{57CE}\x{7684}\x{7F8E}\x{8B7D}\x{3002}\x{4E2D}\x{56FD}\x{53E4}"
      RenderBlock {DIV} at (0,5266) size 769x18
        RenderText {#text} at (0,0) size 326x18
          text run at (0,0) width 326: "Font: STSongti-SC-Black Weight: 100 Style: italic"
      RenderBlock {DIV} at (0,5284) size 769x22
        RenderText {#text} at (0,0) size 144x22
          text run at (0,0) width 144: "\x{679C}\x{57CE}\x{7684}\x{7F8E}\x{8B7D}\x{3002}\x{4E2D}\x{56FD}\x{53E4}"
      RenderBlock {DIV} at (0,5306) size 769x18
        RenderText {#text} at (0,0) size 326x18
          text run at (0,0) width 326: "Font: STSongti-SC-Black Weight: 200 Style: italic"
      RenderBlock {DIV} at (0,5324) size 769x22
        RenderText {#text} at (0,0) size 144x22
          text run at (0,0) width 144: "\x{679C}\x{57CE}\x{7684}\x{7F8E}\x{8B7D}\x{3002}\x{4E2D}\x{56FD}\x{53E4}"
      RenderBlock {DIV} at (0,5346) size 769x18
        RenderText {#text} at (0,0) size 326x18
          text run at (0,0) width 326: "Font: STSongti-SC-Black Weight: 300 Style: italic"
      RenderBlock {DIV} at (0,5364) size 769x22
        RenderText {#text} at (0,0) size 144x22
          text run at (0,0) width 144: "\x{679C}\x{57CE}\x{7684}\x{7F8E}\x{8B7D}\x{3002}\x{4E2D}\x{56FD}\x{53E4}"
      RenderBlock {DIV} at (0,5386) size 769x18
        RenderText {#text} at (0,0) size 326x18
          text run at (0,0) width 326: "Font: STSongti-SC-Black Weight: 400 Style: italic"
      RenderBlock {DIV} at (0,5404) size 769x22
        RenderText {#text} at (0,0) size 144x22
          text run at (0,0) width 144: "\x{679C}\x{57CE}\x{7684}\x{7F8E}\x{8B7D}\x{3002}\x{4E2D}\x{56FD}\x{53E4}"
      RenderBlock {DIV} at (0,5426) size 769x18
        RenderText {#text} at (0,0) size 326x18
          text run at (0,0) width 326: "Font: STSongti-SC-Black Weight: 500 Style: italic"
      RenderBlock {DIV} at (0,5444) size 769x22
        RenderText {#text} at (0,0) size 144x22
          text run at (0,0) width 144: "\x{679C}\x{57CE}\x{7684}\x{7F8E}\x{8B7D}\x{3002}\x{4E2D}\x{56FD}\x{53E4}"
      RenderBlock {DIV} at (0,5466) size 769x18
        RenderText {#text} at (0,0) size 326x18
          text run at (0,0) width 326: "Font: STSongti-SC-Black Weight: 600 Style: italic"
      RenderBlock {DIV} at (0,5484) size 769x22
        RenderText {#text} at (0,0) size 144x22
          text run at (0,0) width 144: "\x{679C}\x{57CE}\x{7684}\x{7F8E}\x{8B7D}\x{3002}\x{4E2D}\x{56FD}\x{53E4}"
      RenderBlock {DIV} at (0,5506) size 769x18
        RenderText {#text} at (0,0) size 326x18
          text run at (0,0) width 326: "Font: STSongti-SC-Black Weight: 700 Style: italic"
      RenderBlock {DIV} at (0,5524) size 769x22
        RenderText {#text} at (0,0) size 144x22
          text run at (0,0) width 144: "\x{679C}\x{57CE}\x{7684}\x{7F8E}\x{8B7D}\x{3002}\x{4E2D}\x{56FD}\x{53E4}"
      RenderBlock {DIV} at (0,5546) size 769x18
        RenderText {#text} at (0,0) size 326x18
          text run at (0,0) width 326: "Font: STSongti-SC-Black Weight: 800 Style: italic"
      RenderBlock {DIV} at (0,5564) size 769x24
        RenderText {#text} at (0,0) size 144x22
          text run at (0,0) width 144: "\x{679C}\x{57CE}\x{7684}\x{7F8E}\x{8B7D}\x{3002}\x{4E2D}\x{56FD}\x{53E4}"
      RenderBlock {DIV} at (0,5588) size 769x18
        RenderText {#text} at (0,0) size 326x18
          text run at (0,0) width 326: "Font: STSongti-SC-Black Weight: 900 Style: italic"
      RenderBlock {DIV} at (0,5606) size 769x24
        RenderText {#text} at (0,0) size 144x22
          text run at (0,0) width 144: "\x{679C}\x{57CE}\x{7684}\x{7F8E}\x{8B7D}\x{3002}\x{4E2D}\x{56FD}\x{53E4}"
      RenderBlock {DIV} at (0,5630) size 769x18
        RenderText {#text} at (0,0) size 392x18
          text run at (0,0) width 392: "Font: Hiragino Kaku Gothic ProN Weight: 100 Style: normal"
      RenderBlock {DIV} at (0,5648) size 769x24
        RenderText {#text} at (0,3) size 144x17
          text run at (0,3) width 144: "\x{679C}\x{57CE}\x{7684}\x{7F8E}\x{8B7D}\x{3002}\x{4E2D}\x{56FD}\x{53E4}"
      RenderBlock {DIV} at (0,5672) size 769x18
        RenderText {#text} at (0,0) size 392x18
          text run at (0,0) width 392: "Font: Hiragino Kaku Gothic ProN Weight: 200 Style: normal"
      RenderBlock {DIV} at (0,5690) size 769x24
        RenderText {#text} at (0,3) size 144x17
          text run at (0,3) width 144: "\x{679C}\x{57CE}\x{7684}\x{7F8E}\x{8B7D}\x{3002}\x{4E2D}\x{56FD}\x{53E4}"
      RenderBlock {DIV} at (0,5714) size 769x18
        RenderText {#text} at (0,0) size 392x18
          text run at (0,0) width 392: "Font: Hiragino Kaku Gothic ProN Weight: 300 Style: normal"
      RenderBlock {DIV} at (0,5732) size 769x24
        RenderText {#text} at (0,3) size 144x17
          text run at (0,3) width 144: "\x{679C}\x{57CE}\x{7684}\x{7F8E}\x{8B7D}\x{3002}\x{4E2D}\x{56FD}\x{53E4}"
      RenderBlock {DIV} at (0,5756) size 769x18
        RenderText {#text} at (0,0) size 392x18
          text run at (0,0) width 392: "Font: Hiragino Kaku Gothic ProN Weight: 400 Style: normal"
      RenderBlock {DIV} at (0,5774) size 769x24
        RenderText {#text} at (0,3) size 144x17
          text run at (0,3) width 144: "\x{679C}\x{57CE}\x{7684}\x{7F8E}\x{8B7D}\x{3002}\x{4E2D}\x{56FD}\x{53E4}"
      RenderBlock {DIV} at (0,5798) size 769x18
        RenderText {#text} at (0,0) size 392x18
          text run at (0,0) width 392: "Font: Hiragino Kaku Gothic ProN Weight: 500 Style: normal"
      RenderBlock {DIV} at (0,5816) size 769x24
        RenderText {#text} at (0,3) size 144x17
          text run at (0,3) width 144: "\x{679C}\x{57CE}\x{7684}\x{7F8E}\x{8B7D}\x{3002}\x{4E2D}\x{56FD}\x{53E4}"
      RenderBlock {DIV} at (0,5840) size 769x18
        RenderText {#text} at (0,0) size 392x18
          text run at (0,0) width 392: "Font: Hiragino Kaku Gothic ProN Weight: 600 Style: normal"
      RenderBlock {DIV} at (0,5858) size 769x24
        RenderText {#text} at (0,3) size 144x17
          text run at (0,3) width 144: "\x{679C}\x{57CE}\x{7684}\x{7F8E}\x{8B7D}\x{3002}\x{4E2D}\x{56FD}\x{53E4}"
      RenderBlock {DIV} at (0,5882) size 769x18
        RenderText {#text} at (0,0) size 392x18
          text run at (0,0) width 392: "Font: Hiragino Kaku Gothic ProN Weight: 700 Style: normal"
      RenderBlock {DIV} at (0,5900) size 769x24
        RenderText {#text} at (0,3) size 144x17
          text run at (0,3) width 144: "\x{679C}\x{57CE}\x{7684}\x{7F8E}\x{8B7D}\x{3002}\x{4E2D}\x{56FD}\x{53E4}"
      RenderBlock {DIV} at (0,5924) size 769x18
        RenderText {#text} at (0,0) size 392x18
          text run at (0,0) width 392: "Font: Hiragino Kaku Gothic ProN Weight: 800 Style: normal"
      RenderBlock {DIV} at (0,5942) size 769x24
        RenderText {#text} at (0,3) size 144x17
          text run at (0,3) width 144: "\x{679C}\x{57CE}\x{7684}\x{7F8E}\x{8B7D}\x{3002}\x{4E2D}\x{56FD}\x{53E4}"
      RenderBlock {DIV} at (0,5966) size 769x18
        RenderText {#text} at (0,0) size 392x18
          text run at (0,0) width 392: "Font: Hiragino Kaku Gothic ProN Weight: 900 Style: normal"
      RenderBlock {DIV} at (0,5984) size 769x24
        RenderText {#text} at (0,3) size 144x17
          text run at (0,3) width 144: "\x{679C}\x{57CE}\x{7684}\x{7F8E}\x{8B7D}\x{3002}\x{4E2D}\x{56FD}\x{53E4}"
      RenderBlock {DIV} at (0,6008) size 769x18
        RenderText {#text} at (0,0) size 337x18
          text run at (0,0) width 337: "Font: HiraKakuProN-W3 Weight: 100 Style: normal"
      RenderBlock {DIV} at (0,6026) size 769x24
        RenderText {#text} at (0,3) size 144x17
          text run at (0,3) width 144: "\x{679C}\x{57CE}\x{7684}\x{7F8E}\x{8B7D}\x{3002}\x{4E2D}\x{56FD}\x{53E4}"
      RenderBlock {DIV} at (0,6050) size 769x18
        RenderText {#text} at (0,0) size 337x18
          text run at (0,0) width 337: "Font: HiraKakuProN-W3 Weight: 200 Style: normal"
      RenderBlock {DIV} at (0,6068) size 769x24
        RenderText {#text} at (0,3) size 144x17
          text run at (0,3) width 144: "\x{679C}\x{57CE}\x{7684}\x{7F8E}\x{8B7D}\x{3002}\x{4E2D}\x{56FD}\x{53E4}"
      RenderBlock {DIV} at (0,6092) size 769x18
        RenderText {#text} at (0,0) size 337x18
          text run at (0,0) width 337: "Font: HiraKakuProN-W3 Weight: 300 Style: normal"
      RenderBlock {DIV} at (0,6110) size 769x24
        RenderText {#text} at (0,3) size 144x17
          text run at (0,3) width 144: "\x{679C}\x{57CE}\x{7684}\x{7F8E}\x{8B7D}\x{3002}\x{4E2D}\x{56FD}\x{53E4}"
      RenderBlock {DIV} at (0,6134) size 769x18
        RenderText {#text} at (0,0) size 337x18
          text run at (0,0) width 337: "Font: HiraKakuProN-W3 Weight: 400 Style: normal"
      RenderBlock {DIV} at (0,6152) size 769x24
        RenderText {#text} at (0,3) size 144x17
          text run at (0,3) width 144: "\x{679C}\x{57CE}\x{7684}\x{7F8E}\x{8B7D}\x{3002}\x{4E2D}\x{56FD}\x{53E4}"
      RenderBlock {DIV} at (0,6176) size 769x18
        RenderText {#text} at (0,0) size 337x18
          text run at (0,0) width 337: "Font: HiraKakuProN-W3 Weight: 500 Style: normal"
      RenderBlock {DIV} at (0,6194) size 769x24
        RenderText {#text} at (0,3) size 144x17
          text run at (0,3) width 144: "\x{679C}\x{57CE}\x{7684}\x{7F8E}\x{8B7D}\x{3002}\x{4E2D}\x{56FD}\x{53E4}"
      RenderBlock {DIV} at (0,6218) size 769x18
        RenderText {#text} at (0,0) size 337x18
          text run at (0,0) width 337: "Font: HiraKakuProN-W3 Weight: 600 Style: normal"
      RenderBlock {DIV} at (0,6236) size 769x24
        RenderText {#text} at (0,3) size 144x17
          text run at (0,3) width 144: "\x{679C}\x{57CE}\x{7684}\x{7F8E}\x{8B7D}\x{3002}\x{4E2D}\x{56FD}\x{53E4}"
      RenderBlock {DIV} at (0,6260) size 769x18
        RenderText {#text} at (0,0) size 337x18
          text run at (0,0) width 337: "Font: HiraKakuProN-W3 Weight: 700 Style: normal"
      RenderBlock {DIV} at (0,6278) size 769x24
        RenderText {#text} at (0,3) size 144x17
          text run at (0,3) width 144: "\x{679C}\x{57CE}\x{7684}\x{7F8E}\x{8B7D}\x{3002}\x{4E2D}\x{56FD}\x{53E4}"
      RenderBlock {DIV} at (0,6302) size 769x18
        RenderText {#text} at (0,0) size 337x18
          text run at (0,0) width 337: "Font: HiraKakuProN-W3 Weight: 800 Style: normal"
      RenderBlock {DIV} at (0,6320) size 769x24
        RenderText {#text} at (0,3) size 144x17
          text run at (0,3) width 144: "\x{679C}\x{57CE}\x{7684}\x{7F8E}\x{8B7D}\x{3002}\x{4E2D}\x{56FD}\x{53E4}"
      RenderBlock {DIV} at (0,6344) size 769x18
        RenderText {#text} at (0,0) size 337x18
          text run at (0,0) width 337: "Font: HiraKakuProN-W3 Weight: 900 Style: normal"
      RenderBlock {DIV} at (0,6362) size 769x24
        RenderText {#text} at (0,3) size 144x17
          text run at (0,3) width 144: "\x{679C}\x{57CE}\x{7684}\x{7F8E}\x{8B7D}\x{3002}\x{4E2D}\x{56FD}\x{53E4}"
      RenderBlock {DIV} at (0,6386) size 769x18
        RenderText {#text} at (0,0) size 337x18
          text run at (0,0) width 337: "Font: HiraKakuProN-W6 Weight: 100 Style: normal"
      RenderBlock {DIV} at (0,6404) size 769x24
        RenderText {#text} at (0,3) size 144x17
          text run at (0,3) width 144: "\x{679C}\x{57CE}\x{7684}\x{7F8E}\x{8B7D}\x{3002}\x{4E2D}\x{56FD}\x{53E4}"
      RenderBlock {DIV} at (0,6428) size 769x18
        RenderText {#text} at (0,0) size 337x18
          text run at (0,0) width 337: "Font: HiraKakuProN-W6 Weight: 200 Style: normal"
      RenderBlock {DIV} at (0,6446) size 769x24
        RenderText {#text} at (0,3) size 144x17
          text run at (0,3) width 144: "\x{679C}\x{57CE}\x{7684}\x{7F8E}\x{8B7D}\x{3002}\x{4E2D}\x{56FD}\x{53E4}"
      RenderBlock {DIV} at (0,6470) size 769x18
        RenderText {#text} at (0,0) size 337x18
          text run at (0,0) width 337: "Font: HiraKakuProN-W6 Weight: 300 Style: normal"
      RenderBlock {DIV} at (0,6488) size 769x24
        RenderText {#text} at (0,3) size 144x17
          text run at (0,3) width 144: "\x{679C}\x{57CE}\x{7684}\x{7F8E}\x{8B7D}\x{3002}\x{4E2D}\x{56FD}\x{53E4}"
      RenderBlock {DIV} at (0,6512) size 769x18
        RenderText {#text} at (0,0) size 337x18
          text run at (0,0) width 337: "Font: HiraKakuProN-W6 Weight: 400 Style: normal"
      RenderBlock {DIV} at (0,6530) size 769x24
        RenderText {#text} at (0,3) size 144x17
          text run at (0,3) width 144: "\x{679C}\x{57CE}\x{7684}\x{7F8E}\x{8B7D}\x{3002}\x{4E2D}\x{56FD}\x{53E4}"
      RenderBlock {DIV} at (0,6554) size 769x18
        RenderText {#text} at (0,0) size 337x18
          text run at (0,0) width 337: "Font: HiraKakuProN-W6 Weight: 500 Style: normal"
      RenderBlock {DIV} at (0,6572) size 769x24
        RenderText {#text} at (0,3) size 144x17
          text run at (0,3) width 144: "\x{679C}\x{57CE}\x{7684}\x{7F8E}\x{8B7D}\x{3002}\x{4E2D}\x{56FD}\x{53E4}"
      RenderBlock {DIV} at (0,6596) size 769x18
        RenderText {#text} at (0,0) size 337x18
          text run at (0,0) width 337: "Font: HiraKakuProN-W6 Weight: 600 Style: normal"
      RenderBlock {DIV} at (0,6614) size 769x24
        RenderText {#text} at (0,3) size 144x17
          text run at (0,3) width 144: "\x{679C}\x{57CE}\x{7684}\x{7F8E}\x{8B7D}\x{3002}\x{4E2D}\x{56FD}\x{53E4}"
      RenderBlock {DIV} at (0,6638) size 769x18
        RenderText {#text} at (0,0) size 337x18
          text run at (0,0) width 337: "Font: HiraKakuProN-W6 Weight: 700 Style: normal"
      RenderBlock {DIV} at (0,6656) size 769x24
        RenderText {#text} at (0,3) size 144x17
          text run at (0,3) width 144: "\x{679C}\x{57CE}\x{7684}\x{7F8E}\x{8B7D}\x{3002}\x{4E2D}\x{56FD}\x{53E4}"
      RenderBlock {DIV} at (0,6680) size 769x18
        RenderText {#text} at (0,0) size 337x18
          text run at (0,0) width 337: "Font: HiraKakuProN-W6 Weight: 800 Style: normal"
      RenderBlock {DIV} at (0,6698) size 769x24
        RenderText {#text} at (0,3) size 144x17
          text run at (0,3) width 144: "\x{679C}\x{57CE}\x{7684}\x{7F8E}\x{8B7D}\x{3002}\x{4E2D}\x{56FD}\x{53E4}"
      RenderBlock {DIV} at (0,6722) size 769x18
        RenderText {#text} at (0,0) size 337x18
          text run at (0,0) width 337: "Font: HiraKakuProN-W6 Weight: 900 Style: normal"
      RenderBlock {DIV} at (0,6740) size 769x24
        RenderText {#text} at (0,3) size 144x17
          text run at (0,3) width 144: "\x{679C}\x{57CE}\x{7684}\x{7F8E}\x{8B7D}\x{3002}\x{4E2D}\x{56FD}\x{53E4}"
      RenderBlock {DIV} at (0,6764) size 769x18
        RenderText {#text} at (0,0) size 379x18
          text run at (0,0) width 379: "Font: Hiragino Kaku Gothic ProN Weight: 100 Style: italic"
      RenderBlock {DIV} at (0,6782) size 769x24
        RenderText {#text} at (0,3) size 144x17
          text run at (0,3) width 144: "\x{679C}\x{57CE}\x{7684}\x{7F8E}\x{8B7D}\x{3002}\x{4E2D}\x{56FD}\x{53E4}"
      RenderBlock {DIV} at (0,6806) size 769x18
        RenderText {#text} at (0,0) size 379x18
          text run at (0,0) width 379: "Font: Hiragino Kaku Gothic ProN Weight: 200 Style: italic"
      RenderBlock {DIV} at (0,6824) size 769x24
        RenderText {#text} at (0,3) size 144x17
          text run at (0,3) width 144: "\x{679C}\x{57CE}\x{7684}\x{7F8E}\x{8B7D}\x{3002}\x{4E2D}\x{56FD}\x{53E4}"
      RenderBlock {DIV} at (0,6848) size 769x18
        RenderText {#text} at (0,0) size 379x18
          text run at (0,0) width 379: "Font: Hiragino Kaku Gothic ProN Weight: 300 Style: italic"
      RenderBlock {DIV} at (0,6866) size 769x24
        RenderText {#text} at (0,3) size 144x17
          text run at (0,3) width 144: "\x{679C}\x{57CE}\x{7684}\x{7F8E}\x{8B7D}\x{3002}\x{4E2D}\x{56FD}\x{53E4}"
      RenderBlock {DIV} at (0,6890) size 769x18
        RenderText {#text} at (0,0) size 379x18
          text run at (0,0) width 379: "Font: Hiragino Kaku Gothic ProN Weight: 400 Style: italic"
      RenderBlock {DIV} at (0,6908) size 769x24
        RenderText {#text} at (0,3) size 144x17
          text run at (0,3) width 144: "\x{679C}\x{57CE}\x{7684}\x{7F8E}\x{8B7D}\x{3002}\x{4E2D}\x{56FD}\x{53E4}"
      RenderBlock {DIV} at (0,6932) size 769x18
        RenderText {#text} at (0,0) size 379x18
          text run at (0,0) width 379: "Font: Hiragino Kaku Gothic ProN Weight: 500 Style: italic"
      RenderBlock {DIV} at (0,6950) size 769x24
        RenderText {#text} at (0,3) size 144x17
          text run at (0,3) width 144: "\x{679C}\x{57CE}\x{7684}\x{7F8E}\x{8B7D}\x{3002}\x{4E2D}\x{56FD}\x{53E4}"
      RenderBlock {DIV} at (0,6974) size 769x18
        RenderText {#text} at (0,0) size 379x18
          text run at (0,0) width 379: "Font: Hiragino Kaku Gothic ProN Weight: 600 Style: italic"
      RenderBlock {DIV} at (0,6992) size 769x24
        RenderText {#text} at (0,3) size 144x17
          text run at (0,3) width 144: "\x{679C}\x{57CE}\x{7684}\x{7F8E}\x{8B7D}\x{3002}\x{4E2D}\x{56FD}\x{53E4}"
      RenderBlock {DIV} at (0,7016) size 769x18
        RenderText {#text} at (0,0) size 379x18
          text run at (0,0) width 379: "Font: Hiragino Kaku Gothic ProN Weight: 700 Style: italic"
      RenderBlock {DIV} at (0,7034) size 769x24
        RenderText {#text} at (0,3) size 144x17
          text run at (0,3) width 144: "\x{679C}\x{57CE}\x{7684}\x{7F8E}\x{8B7D}\x{3002}\x{4E2D}\x{56FD}\x{53E4}"
      RenderBlock {DIV} at (0,7058) size 769x18
        RenderText {#text} at (0,0) size 379x18
          text run at (0,0) width 379: "Font: Hiragino Kaku Gothic ProN Weight: 800 Style: italic"
      RenderBlock {DIV} at (0,7076) size 769x24
        RenderText {#text} at (0,3) size 144x17
          text run at (0,3) width 144: "\x{679C}\x{57CE}\x{7684}\x{7F8E}\x{8B7D}\x{3002}\x{4E2D}\x{56FD}\x{53E4}"
      RenderBlock {DIV} at (0,7100) size 769x18
        RenderText {#text} at (0,0) size 379x18
          text run at (0,0) width 379: "Font: Hiragino Kaku Gothic ProN Weight: 900 Style: italic"
      RenderBlock {DIV} at (0,7118) size 769x24
        RenderText {#text} at (0,3) size 144x17
          text run at (0,3) width 144: "\x{679C}\x{57CE}\x{7684}\x{7F8E}\x{8B7D}\x{3002}\x{4E2D}\x{56FD}\x{53E4}"
      RenderBlock {DIV} at (0,7142) size 769x18
        RenderText {#text} at (0,0) size 323x18
          text run at (0,0) width 323: "Font: HiraKakuProN-W3 Weight: 100 Style: italic"
      RenderBlock {DIV} at (0,7160) size 769x24
        RenderText {#text} at (0,3) size 144x17
          text run at (0,3) width 144: "\x{679C}\x{57CE}\x{7684}\x{7F8E}\x{8B7D}\x{3002}\x{4E2D}\x{56FD}\x{53E4}"
      RenderBlock {DIV} at (0,7184) size 769x18
        RenderText {#text} at (0,0) size 323x18
          text run at (0,0) width 323: "Font: HiraKakuProN-W3 Weight: 200 Style: italic"
      RenderBlock {DIV} at (0,7202) size 769x24
        RenderText {#text} at (0,3) size 144x17
          text run at (0,3) width 144: "\x{679C}\x{57CE}\x{7684}\x{7F8E}\x{8B7D}\x{3002}\x{4E2D}\x{56FD}\x{53E4}"
      RenderBlock {DIV} at (0,7226) size 769x18
        RenderText {#text} at (0,0) size 323x18
          text run at (0,0) width 323: "Font: HiraKakuProN-W3 Weight: 300 Style: italic"
      RenderBlock {DIV} at (0,7244) size 769x24
        RenderText {#text} at (0,3) size 144x17
          text run at (0,3) width 144: "\x{679C}\x{57CE}\x{7684}\x{7F8E}\x{8B7D}\x{3002}\x{4E2D}\x{56FD}\x{53E4}"
      RenderBlock {DIV} at (0,7268) size 769x18
        RenderText {#text} at (0,0) size 323x18
          text run at (0,0) width 323: "Font: HiraKakuProN-W3 Weight: 400 Style: italic"
      RenderBlock {DIV} at (0,7286) size 769x24
        RenderText {#text} at (0,3) size 144x17
          text run at (0,3) width 144: "\x{679C}\x{57CE}\x{7684}\x{7F8E}\x{8B7D}\x{3002}\x{4E2D}\x{56FD}\x{53E4}"
      RenderBlock {DIV} at (0,7310) size 769x18
        RenderText {#text} at (0,0) size 323x18
          text run at (0,0) width 323: "Font: HiraKakuProN-W3 Weight: 500 Style: italic"
      RenderBlock {DIV} at (0,7328) size 769x24
        RenderText {#text} at (0,3) size 144x17
          text run at (0,3) width 144: "\x{679C}\x{57CE}\x{7684}\x{7F8E}\x{8B7D}\x{3002}\x{4E2D}\x{56FD}\x{53E4}"
      RenderBlock {DIV} at (0,7352) size 769x18
        RenderText {#text} at (0,0) size 323x18
          text run at (0,0) width 323: "Font: HiraKakuProN-W3 Weight: 600 Style: italic"
      RenderBlock {DIV} at (0,7370) size 769x24
        RenderText {#text} at (0,3) size 144x17
          text run at (0,3) width 144: "\x{679C}\x{57CE}\x{7684}\x{7F8E}\x{8B7D}\x{3002}\x{4E2D}\x{56FD}\x{53E4}"
      RenderBlock {DIV} at (0,7394) size 769x18
        RenderText {#text} at (0,0) size 323x18
          text run at (0,0) width 323: "Font: HiraKakuProN-W3 Weight: 700 Style: italic"
      RenderBlock {DIV} at (0,7412) size 769x24
        RenderText {#text} at (0,3) size 144x17
          text run at (0,3) width 144: "\x{679C}\x{57CE}\x{7684}\x{7F8E}\x{8B7D}\x{3002}\x{4E2D}\x{56FD}\x{53E4}"
      RenderBlock {DIV} at (0,7436) size 769x18
        RenderText {#text} at (0,0) size 323x18
          text run at (0,0) width 323: "Font: HiraKakuProN-W3 Weight: 800 Style: italic"
      RenderBlock {DIV} at (0,7454) size 769x24
        RenderText {#text} at (0,3) size 144x17
          text run at (0,3) width 144: "\x{679C}\x{57CE}\x{7684}\x{7F8E}\x{8B7D}\x{3002}\x{4E2D}\x{56FD}\x{53E4}"
      RenderBlock {DIV} at (0,7478) size 769x18
        RenderText {#text} at (0,0) size 323x18
          text run at (0,0) width 323: "Font: HiraKakuProN-W3 Weight: 900 Style: italic"
      RenderBlock {DIV} at (0,7496) size 769x24
        RenderText {#text} at (0,3) size 144x17
          text run at (0,3) width 144: "\x{679C}\x{57CE}\x{7684}\x{7F8E}\x{8B7D}\x{3002}\x{4E2D}\x{56FD}\x{53E4}"
      RenderBlock {DIV} at (0,7520) size 769x18
        RenderText {#text} at (0,0) size 323x18
          text run at (0,0) width 323: "Font: HiraKakuProN-W6 Weight: 100 Style: italic"
      RenderBlock {DIV} at (0,7538) size 769x24
        RenderText {#text} at (0,3) size 144x17
          text run at (0,3) width 144: "\x{679C}\x{57CE}\x{7684}\x{7F8E}\x{8B7D}\x{3002}\x{4E2D}\x{56FD}\x{53E4}"
      RenderBlock {DIV} at (0,7562) size 769x18
        RenderText {#text} at (0,0) size 323x18
          text run at (0,0) width 323: "Font: HiraKakuProN-W6 Weight: 200 Style: italic"
      RenderBlock {DIV} at (0,7580) size 769x24
        RenderText {#text} at (0,3) size 144x17
          text run at (0,3) width 144: "\x{679C}\x{57CE}\x{7684}\x{7F8E}\x{8B7D}\x{3002}\x{4E2D}\x{56FD}\x{53E4}"
      RenderBlock {DIV} at (0,7604) size 769x18
        RenderText {#text} at (0,0) size 323x18
          text run at (0,0) width 323: "Font: HiraKakuProN-W6 Weight: 300 Style: italic"
      RenderBlock {DIV} at (0,7622) size 769x24
        RenderText {#text} at (0,3) size 144x17
          text run at (0,3) width 144: "\x{679C}\x{57CE}\x{7684}\x{7F8E}\x{8B7D}\x{3002}\x{4E2D}\x{56FD}\x{53E4}"
      RenderBlock {DIV} at (0,7646) size 769x18
        RenderText {#text} at (0,0) size 323x18
          text run at (0,0) width 323: "Font: HiraKakuProN-W6 Weight: 400 Style: italic"
      RenderBlock {DIV} at (0,7664) size 769x24
        RenderText {#text} at (0,3) size 144x17
          text run at (0,3) width 144: "\x{679C}\x{57CE}\x{7684}\x{7F8E}\x{8B7D}\x{3002}\x{4E2D}\x{56FD}\x{53E4}"
      RenderBlock {DIV} at (0,7688) size 769x18
        RenderText {#text} at (0,0) size 323x18
          text run at (0,0) width 323: "Font: HiraKakuProN-W6 Weight: 500 Style: italic"
      RenderBlock {DIV} at (0,7706) size 769x24
        RenderText {#text} at (0,3) size 144x17
          text run at (0,3) width 144: "\x{679C}\x{57CE}\x{7684}\x{7F8E}\x{8B7D}\x{3002}\x{4E2D}\x{56FD}\x{53E4}"
      RenderBlock {DIV} at (0,7730) size 769x18
        RenderText {#text} at (0,0) size 323x18
          text run at (0,0) width 323: "Font: HiraKakuProN-W6 Weight: 600 Style: italic"
      RenderBlock {DIV} at (0,7748) size 769x24
        RenderText {#text} at (0,3) size 144x17
          text run at (0,3) width 144: "\x{679C}\x{57CE}\x{7684}\x{7F8E}\x{8B7D}\x{3002}\x{4E2D}\x{56FD}\x{53E4}"
      RenderBlock {DIV} at (0,7772) size 769x18
        RenderText {#text} at (0,0) size 323x18
          text run at (0,0) width 323: "Font: HiraKakuProN-W6 Weight: 700 Style: italic"
      RenderBlock {DIV} at (0,7790) size 769x24
        RenderText {#text} at (0,3) size 144x17
          text run at (0,3) width 144: "\x{679C}\x{57CE}\x{7684}\x{7F8E}\x{8B7D}\x{3002}\x{4E2D}\x{56FD}\x{53E4}"
      RenderBlock {DIV} at (0,7814) size 769x18
        RenderText {#text} at (0,0) size 323x18
          text run at (0,0) width 323: "Font: HiraKakuProN-W6 Weight: 800 Style: italic"
      RenderBlock {DIV} at (0,7832) size 769x24
        RenderText {#text} at (0,3) size 144x17
          text run at (0,3) width 144: "\x{679C}\x{57CE}\x{7684}\x{7F8E}\x{8B7D}\x{3002}\x{4E2D}\x{56FD}\x{53E4}"
      RenderBlock {DIV} at (0,7856) size 769x18
        RenderText {#text} at (0,0) size 323x18
          text run at (0,0) width 323: "Font: HiraKakuProN-W6 Weight: 900 Style: italic"
      RenderBlock {DIV} at (0,7874) size 769x24
        RenderText {#text} at (0,3) size 144x17
          text run at (0,3) width 144: "\x{679C}\x{57CE}\x{7684}\x{7F8E}\x{8B7D}\x{3002}\x{4E2D}\x{56FD}\x{53E4}"
      RenderBlock {DIV} at (0,7898) size 769x18
        RenderText {#text} at (0,0) size 353x18
          text run at (0,0) width 353: "Font: Apple SD Gothic Neo Weight: 100 Style: normal"
      RenderBlock {DIV} at (0,7916) size 769x24
        RenderText {#text} at (0,3) size 144x18
          text run at (0,3) width 144: "\x{679C}\x{57CE}\x{7684}\x{7F8E}\x{8B7D}\x{3002}\x{4E2D}\x{56FD}\x{53E4}"
      RenderBlock {DIV} at (0,7940) size 769x18
        RenderText {#text} at (0,0) size 353x18
          text run at (0,0) width 353: "Font: Apple SD Gothic Neo Weight: 200 Style: normal"
      RenderBlock {DIV} at (0,7958) size 769x24
        RenderText {#text} at (0,3) size 144x18
          text run at (0,3) width 144: "\x{679C}\x{57CE}\x{7684}\x{7F8E}\x{8B7D}\x{3002}\x{4E2D}\x{56FD}\x{53E4}"
      RenderBlock {DIV} at (0,7982) size 769x18
        RenderText {#text} at (0,0) size 353x18
          text run at (0,0) width 353: "Font: Apple SD Gothic Neo Weight: 300 Style: normal"
      RenderBlock {DIV} at (0,8000) size 769x24
        RenderText {#text} at (0,3) size 144x18
          text run at (0,3) width 144: "\x{679C}\x{57CE}\x{7684}\x{7F8E}\x{8B7D}\x{3002}\x{4E2D}\x{56FD}\x{53E4}"
      RenderBlock {DIV} at (0,8024) size 769x18
        RenderText {#text} at (0,0) size 353x18
          text run at (0,0) width 353: "Font: Apple SD Gothic Neo Weight: 400 Style: normal"
      RenderBlock {DIV} at (0,8042) size 769x24
        RenderText {#text} at (0,3) size 144x18
          text run at (0,3) width 144: "\x{679C}\x{57CE}\x{7684}\x{7F8E}\x{8B7D}\x{3002}\x{4E2D}\x{56FD}\x{53E4}"
      RenderBlock {DIV} at (0,8066) size 769x18
        RenderText {#text} at (0,0) size 353x18
          text run at (0,0) width 353: "Font: Apple SD Gothic Neo Weight: 500 Style: normal"
      RenderBlock {DIV} at (0,8084) size 769x24
        RenderText {#text} at (0,3) size 144x18
          text run at (0,3) width 144: "\x{679C}\x{57CE}\x{7684}\x{7F8E}\x{8B7D}\x{3002}\x{4E2D}\x{56FD}\x{53E4}"
      RenderBlock {DIV} at (0,8108) size 769x18
        RenderText {#text} at (0,0) size 353x18
          text run at (0,0) width 353: "Font: Apple SD Gothic Neo Weight: 600 Style: normal"
      RenderBlock {DIV} at (0,8126) size 769x24
        RenderText {#text} at (0,3) size 144x18
          text run at (0,3) width 144: "\x{679C}\x{57CE}\x{7684}\x{7F8E}\x{8B7D}\x{3002}\x{4E2D}\x{56FD}\x{53E4}"
      RenderBlock {DIV} at (0,8150) size 769x18
        RenderText {#text} at (0,0) size 353x18
          text run at (0,0) width 353: "Font: Apple SD Gothic Neo Weight: 700 Style: normal"
      RenderBlock {DIV} at (0,8168) size 769x24
        RenderText {#text} at (0,3) size 144x18
          text run at (0,3) width 144: "\x{679C}\x{57CE}\x{7684}\x{7F8E}\x{8B7D}\x{3002}\x{4E2D}\x{56FD}\x{53E4}"
      RenderBlock {DIV} at (0,8192) size 769x18
        RenderText {#text} at (0,0) size 353x18
          text run at (0,0) width 353: "Font: Apple SD Gothic Neo Weight: 800 Style: normal"
      RenderBlock {DIV} at (0,8210) size 769x24
        RenderText {#text} at (0,3) size 144x18
          text run at (0,3) width 144: "\x{679C}\x{57CE}\x{7684}\x{7F8E}\x{8B7D}\x{3002}\x{4E2D}\x{56FD}\x{53E4}"
      RenderBlock {DIV} at (0,8234) size 769x18
        RenderText {#text} at (0,0) size 353x18
          text run at (0,0) width 353: "Font: Apple SD Gothic Neo Weight: 900 Style: normal"
      RenderBlock {DIV} at (0,8252) size 769x24
        RenderText {#text} at (0,3) size 144x18
          text run at (0,3) width 144: "\x{679C}\x{57CE}\x{7684}\x{7F8E}\x{8B7D}\x{3002}\x{4E2D}\x{56FD}\x{53E4}"
      RenderBlock {DIV} at (0,8276) size 769x18
        RenderText {#text} at (0,0) size 397x18
          text run at (0,0) width 397: "Font: AppleSDGothicNeo-Regular Weight: 100 Style: normal"
      RenderBlock {DIV} at (0,8294) size 769x24
        RenderText {#text} at (0,3) size 144x18
          text run at (0,3) width 144: "\x{679C}\x{57CE}\x{7684}\x{7F8E}\x{8B7D}\x{3002}\x{4E2D}\x{56FD}\x{53E4}"
      RenderBlock {DIV} at (0,8318) size 769x18
        RenderText {#text} at (0,0) size 397x18
          text run at (0,0) width 397: "Font: AppleSDGothicNeo-Regular Weight: 200 Style: normal"
      RenderBlock {DIV} at (0,8336) size 769x24
        RenderText {#text} at (0,3) size 144x18
          text run at (0,3) width 144: "\x{679C}\x{57CE}\x{7684}\x{7F8E}\x{8B7D}\x{3002}\x{4E2D}\x{56FD}\x{53E4}"
      RenderBlock {DIV} at (0,8360) size 769x18
        RenderText {#text} at (0,0) size 397x18
          text run at (0,0) width 397: "Font: AppleSDGothicNeo-Regular Weight: 300 Style: normal"
      RenderBlock {DIV} at (0,8378) size 769x24
        RenderText {#text} at (0,3) size 144x18
          text run at (0,3) width 144: "\x{679C}\x{57CE}\x{7684}\x{7F8E}\x{8B7D}\x{3002}\x{4E2D}\x{56FD}\x{53E4}"
      RenderBlock {DIV} at (0,8402) size 769x18
        RenderText {#text} at (0,0) size 397x18
          text run at (0,0) width 397: "Font: AppleSDGothicNeo-Regular Weight: 400 Style: normal"
      RenderBlock {DIV} at (0,8420) size 769x24
        RenderText {#text} at (0,3) size 144x18
          text run at (0,3) width 144: "\x{679C}\x{57CE}\x{7684}\x{7F8E}\x{8B7D}\x{3002}\x{4E2D}\x{56FD}\x{53E4}"
      RenderBlock {DIV} at (0,8444) size 769x18
        RenderText {#text} at (0,0) size 397x18
          text run at (0,0) width 397: "Font: AppleSDGothicNeo-Regular Weight: 500 Style: normal"
      RenderBlock {DIV} at (0,8462) size 769x24
        RenderText {#text} at (0,3) size 144x18
          text run at (0,3) width 144: "\x{679C}\x{57CE}\x{7684}\x{7F8E}\x{8B7D}\x{3002}\x{4E2D}\x{56FD}\x{53E4}"
      RenderBlock {DIV} at (0,8486) size 769x18
        RenderText {#text} at (0,0) size 397x18
          text run at (0,0) width 397: "Font: AppleSDGothicNeo-Regular Weight: 600 Style: normal"
      RenderBlock {DIV} at (0,8504) size 769x24
        RenderText {#text} at (0,3) size 144x18
          text run at (0,3) width 144: "\x{679C}\x{57CE}\x{7684}\x{7F8E}\x{8B7D}\x{3002}\x{4E2D}\x{56FD}\x{53E4}"
      RenderBlock {DIV} at (0,8528) size 769x18
        RenderText {#text} at (0,0) size 397x18
          text run at (0,0) width 397: "Font: AppleSDGothicNeo-Regular Weight: 700 Style: normal"
      RenderBlock {DIV} at (0,8546) size 769x24
        RenderText {#text} at (0,3) size 144x18
          text run at (0,3) width 144: "\x{679C}\x{57CE}\x{7684}\x{7F8E}\x{8B7D}\x{3002}\x{4E2D}\x{56FD}\x{53E4}"
      RenderBlock {DIV} at (0,8570) size 769x18
        RenderText {#text} at (0,0) size 397x18
          text run at (0,0) width 397: "Font: AppleSDGothicNeo-Regular Weight: 800 Style: normal"
      RenderBlock {DIV} at (0,8588) size 769x24
        RenderText {#text} at (0,3) size 144x18
          text run at (0,3) width 144: "\x{679C}\x{57CE}\x{7684}\x{7F8E}\x{8B7D}\x{3002}\x{4E2D}\x{56FD}\x{53E4}"
      RenderBlock {DIV} at (0,8612) size 769x18
        RenderText {#text} at (0,0) size 397x18
          text run at (0,0) width 397: "Font: AppleSDGothicNeo-Regular Weight: 900 Style: normal"
      RenderBlock {DIV} at (0,8630) size 769x24
        RenderText {#text} at (0,3) size 144x18
          text run at (0,3) width 144: "\x{679C}\x{57CE}\x{7684}\x{7F8E}\x{8B7D}\x{3002}\x{4E2D}\x{56FD}\x{53E4}"
      RenderBlock {DIV} at (0,8654) size 769x18
        RenderText {#text} at (0,0) size 401x18
          text run at (0,0) width 401: "Font: AppleSDGothicNeo-Medium Weight: 100 Style: normal"
      RenderBlock {DIV} at (0,8672) size 769x24
        RenderText {#text} at (0,3) size 144x18
          text run at (0,3) width 144: "\x{679C}\x{57CE}\x{7684}\x{7F8E}\x{8B7D}\x{3002}\x{4E2D}\x{56FD}\x{53E4}"
      RenderBlock {DIV} at (0,8696) size 769x18
        RenderText {#text} at (0,0) size 401x18
          text run at (0,0) width 401: "Font: AppleSDGothicNeo-Medium Weight: 200 Style: normal"
      RenderBlock {DIV} at (0,8714) size 769x24
        RenderText {#text} at (0,3) size 144x18
          text run at (0,3) width 144: "\x{679C}\x{57CE}\x{7684}\x{7F8E}\x{8B7D}\x{3002}\x{4E2D}\x{56FD}\x{53E4}"
      RenderBlock {DIV} at (0,8738) size 769x18
        RenderText {#text} at (0,0) size 401x18
          text run at (0,0) width 401: "Font: AppleSDGothicNeo-Medium Weight: 300 Style: normal"
      RenderBlock {DIV} at (0,8756) size 769x24
        RenderText {#text} at (0,3) size 144x18
          text run at (0,3) width 144: "\x{679C}\x{57CE}\x{7684}\x{7F8E}\x{8B7D}\x{3002}\x{4E2D}\x{56FD}\x{53E4}"
      RenderBlock {DIV} at (0,8780) size 769x18
        RenderText {#text} at (0,0) size 401x18
          text run at (0,0) width 401: "Font: AppleSDGothicNeo-Medium Weight: 400 Style: normal"
      RenderBlock {DIV} at (0,8798) size 769x24
        RenderText {#text} at (0,3) size 144x18
          text run at (0,3) width 144: "\x{679C}\x{57CE}\x{7684}\x{7F8E}\x{8B7D}\x{3002}\x{4E2D}\x{56FD}\x{53E4}"
      RenderBlock {DIV} at (0,8822) size 769x18
        RenderText {#text} at (0,0) size 401x18
          text run at (0,0) width 401: "Font: AppleSDGothicNeo-Medium Weight: 500 Style: normal"
      RenderBlock {DIV} at (0,8840) size 769x24
        RenderText {#text} at (0,3) size 144x18
          text run at (0,3) width 144: "\x{679C}\x{57CE}\x{7684}\x{7F8E}\x{8B7D}\x{3002}\x{4E2D}\x{56FD}\x{53E4}"
      RenderBlock {DIV} at (0,8864) size 769x18
        RenderText {#text} at (0,0) size 401x18
          text run at (0,0) width 401: "Font: AppleSDGothicNeo-Medium Weight: 600 Style: normal"
      RenderBlock {DIV} at (0,8882) size 769x24
        RenderText {#text} at (0,3) size 144x18
          text run at (0,3) width 144: "\x{679C}\x{57CE}\x{7684}\x{7F8E}\x{8B7D}\x{3002}\x{4E2D}\x{56FD}\x{53E4}"
      RenderBlock {DIV} at (0,8906) size 769x18
        RenderText {#text} at (0,0) size 401x18
          text run at (0,0) width 401: "Font: AppleSDGothicNeo-Medium Weight: 700 Style: normal"
      RenderBlock {DIV} at (0,8924) size 769x24
        RenderText {#text} at (0,3) size 144x18
          text run at (0,3) width 144: "\x{679C}\x{57CE}\x{7684}\x{7F8E}\x{8B7D}\x{3002}\x{4E2D}\x{56FD}\x{53E4}"
      RenderBlock {DIV} at (0,8948) size 769x18
        RenderText {#text} at (0,0) size 401x18
          text run at (0,0) width 401: "Font: AppleSDGothicNeo-Medium Weight: 800 Style: normal"
      RenderBlock {DIV} at (0,8966) size 769x24
        RenderText {#text} at (0,3) size 144x18
          text run at (0,3) width 144: "\x{679C}\x{57CE}\x{7684}\x{7F8E}\x{8B7D}\x{3002}\x{4E2D}\x{56FD}\x{53E4}"
      RenderBlock {DIV} at (0,8990) size 769x18
        RenderText {#text} at (0,0) size 401x18
          text run at (0,0) width 401: "Font: AppleSDGothicNeo-Medium Weight: 900 Style: normal"
      RenderBlock {DIV} at (0,9008) size 769x24
        RenderText {#text} at (0,3) size 144x18
          text run at (0,3) width 144: "\x{679C}\x{57CE}\x{7684}\x{7F8E}\x{8B7D}\x{3002}\x{4E2D}\x{56FD}\x{53E4}"
      RenderBlock {DIV} at (0,9032) size 769x18
        RenderText {#text} at (0,0) size 381x18
          text run at (0,0) width 381: "Font: AppleSDGothicNeo-Light Weight: 100 Style: normal"
      RenderBlock {DIV} at (0,9050) size 769x24
        RenderText {#text} at (0,3) size 144x18
          text run at (0,3) width 144: "\x{679C}\x{57CE}\x{7684}\x{7F8E}\x{8B7D}\x{3002}\x{4E2D}\x{56FD}\x{53E4}"
      RenderBlock {DIV} at (0,9074) size 769x18
        RenderText {#text} at (0,0) size 381x18
          text run at (0,0) width 381: "Font: AppleSDGothicNeo-Light Weight: 200 Style: normal"
      RenderBlock {DIV} at (0,9092) size 769x24
        RenderText {#text} at (0,3) size 144x18
          text run at (0,3) width 144: "\x{679C}\x{57CE}\x{7684}\x{7F8E}\x{8B7D}\x{3002}\x{4E2D}\x{56FD}\x{53E4}"
      RenderBlock {DIV} at (0,9116) size 769x18
        RenderText {#text} at (0,0) size 381x18
          text run at (0,0) width 381: "Font: AppleSDGothicNeo-Light Weight: 300 Style: normal"
      RenderBlock {DIV} at (0,9134) size 769x24
        RenderText {#text} at (0,3) size 144x18
          text run at (0,3) width 144: "\x{679C}\x{57CE}\x{7684}\x{7F8E}\x{8B7D}\x{3002}\x{4E2D}\x{56FD}\x{53E4}"
      RenderBlock {DIV} at (0,9158) size 769x18
        RenderText {#text} at (0,0) size 381x18
          text run at (0,0) width 381: "Font: AppleSDGothicNeo-Light Weight: 400 Style: normal"
      RenderBlock {DIV} at (0,9176) size 769x24
        RenderText {#text} at (0,3) size 144x18
          text run at (0,3) width 144: "\x{679C}\x{57CE}\x{7684}\x{7F8E}\x{8B7D}\x{3002}\x{4E2D}\x{56FD}\x{53E4}"
      RenderBlock {DIV} at (0,9200) size 769x18
        RenderText {#text} at (0,0) size 381x18
          text run at (0,0) width 381: "Font: AppleSDGothicNeo-Light Weight: 500 Style: normal"
      RenderBlock {DIV} at (0,9218) size 769x24
        RenderText {#text} at (0,3) size 144x18
          text run at (0,3) width 144: "\x{679C}\x{57CE}\x{7684}\x{7F8E}\x{8B7D}\x{3002}\x{4E2D}\x{56FD}\x{53E4}"
      RenderBlock {DIV} at (0,9242) size 769x18
        RenderText {#text} at (0,0) size 381x18
          text run at (0,0) width 381: "Font: AppleSDGothicNeo-Light Weight: 600 Style: normal"
      RenderBlock {DIV} at (0,9260) size 769x24
        RenderText {#text} at (0,3) size 144x18
          text run at (0,3) width 144: "\x{679C}\x{57CE}\x{7684}\x{7F8E}\x{8B7D}\x{3002}\x{4E2D}\x{56FD}\x{53E4}"
      RenderBlock {DIV} at (0,9284) size 769x18
        RenderText {#text} at (0,0) size 381x18
          text run at (0,0) width 381: "Font: AppleSDGothicNeo-Light Weight: 700 Style: normal"
      RenderBlock {DIV} at (0,9302) size 769x24
        RenderText {#text} at (0,3) size 144x18
          text run at (0,3) width 144: "\x{679C}\x{57CE}\x{7684}\x{7F8E}\x{8B7D}\x{3002}\x{4E2D}\x{56FD}\x{53E4}"
      RenderBlock {DIV} at (0,9326) size 769x18
        RenderText {#text} at (0,0) size 381x18
          text run at (0,0) width 381: "Font: AppleSDGothicNeo-Light Weight: 800 Style: normal"
      RenderBlock {DIV} at (0,9344) size 769x24
        RenderText {#text} at (0,3) size 144x18
          text run at (0,3) width 144: "\x{679C}\x{57CE}\x{7684}\x{7F8E}\x{8B7D}\x{3002}\x{4E2D}\x{56FD}\x{53E4}"
      RenderBlock {DIV} at (0,9368) size 769x18
        RenderText {#text} at (0,0) size 381x18
          text run at (0,0) width 381: "Font: AppleSDGothicNeo-Light Weight: 900 Style: normal"
      RenderBlock {DIV} at (0,9386) size 769x24
        RenderText {#text} at (0,3) size 144x18
          text run at (0,3) width 144: "\x{679C}\x{57CE}\x{7684}\x{7F8E}\x{8B7D}\x{3002}\x{4E2D}\x{56FD}\x{53E4}"
      RenderBlock {DIV} at (0,9410) size 769x18
        RenderText {#text} at (0,0) size 414x18
          text run at (0,0) width 414: "Font: AppleSDGothicNeo-UltraLight Weight: 100 Style: normal"
      RenderBlock {DIV} at (0,9428) size 769x24
        RenderText {#text} at (0,3) size 144x18
          text run at (0,3) width 144: "\x{679C}\x{57CE}\x{7684}\x{7F8E}\x{8B7D}\x{3002}\x{4E2D}\x{56FD}\x{53E4}"
      RenderBlock {DIV} at (0,9452) size 769x18
        RenderText {#text} at (0,0) size 414x18
          text run at (0,0) width 414: "Font: AppleSDGothicNeo-UltraLight Weight: 200 Style: normal"
      RenderBlock {DIV} at (0,9470) size 769x24
        RenderText {#text} at (0,3) size 144x18
          text run at (0,3) width 144: "\x{679C}\x{57CE}\x{7684}\x{7F8E}\x{8B7D}\x{3002}\x{4E2D}\x{56FD}\x{53E4}"
      RenderBlock {DIV} at (0,9494) size 769x18
        RenderText {#text} at (0,0) size 414x18
          text run at (0,0) width 414: "Font: AppleSDGothicNeo-UltraLight Weight: 300 Style: normal"
      RenderBlock {DIV} at (0,9512) size 769x24
        RenderText {#text} at (0,3) size 144x18
          text run at (0,3) width 144: "\x{679C}\x{57CE}\x{7684}\x{7F8E}\x{8B7D}\x{3002}\x{4E2D}\x{56FD}\x{53E4}"
      RenderBlock {DIV} at (0,9536) size 769x18
        RenderText {#text} at (0,0) size 414x18
          text run at (0,0) width 414: "Font: AppleSDGothicNeo-UltraLight Weight: 400 Style: normal"
      RenderBlock {DIV} at (0,9554) size 769x24
        RenderText {#text} at (0,3) size 144x18
          text run at (0,3) width 144: "\x{679C}\x{57CE}\x{7684}\x{7F8E}\x{8B7D}\x{3002}\x{4E2D}\x{56FD}\x{53E4}"
      RenderBlock {DIV} at (0,9578) size 769x18
        RenderText {#text} at (0,0) size 414x18
          text run at (0,0) width 414: "Font: AppleSDGothicNeo-UltraLight Weight: 500 Style: normal"
      RenderBlock {DIV} at (0,9596) size 769x24
        RenderText {#text} at (0,3) size 144x18
          text run at (0,3) width 144: "\x{679C}\x{57CE}\x{7684}\x{7F8E}\x{8B7D}\x{3002}\x{4E2D}\x{56FD}\x{53E4}"
      RenderBlock {DIV} at (0,9620) size 769x18
        RenderText {#text} at (0,0) size 414x18
          text run at (0,0) width 414: "Font: AppleSDGothicNeo-UltraLight Weight: 600 Style: normal"
      RenderBlock {DIV} at (0,9638) size 769x24
        RenderText {#text} at (0,3) size 144x18
          text run at (0,3) width 144: "\x{679C}\x{57CE}\x{7684}\x{7F8E}\x{8B7D}\x{3002}\x{4E2D}\x{56FD}\x{53E4}"
      RenderBlock {DIV} at (0,9662) size 769x18
        RenderText {#text} at (0,0) size 414x18
          text run at (0,0) width 414: "Font: AppleSDGothicNeo-UltraLight Weight: 700 Style: normal"
      RenderBlock {DIV} at (0,9680) size 769x24
        RenderText {#text} at (0,3) size 144x18
          text run at (0,3) width 144: "\x{679C}\x{57CE}\x{7684}\x{7F8E}\x{8B7D}\x{3002}\x{4E2D}\x{56FD}\x{53E4}"
      RenderBlock {DIV} at (0,9704) size 769x18
        RenderText {#text} at (0,0) size 414x18
          text run at (0,0) width 414: "Font: AppleSDGothicNeo-UltraLight Weight: 800 Style: normal"
      RenderBlock {DIV} at (0,9722) size 769x24
        RenderText {#text} at (0,3) size 144x18
          text run at (0,3) width 144: "\x{679C}\x{57CE}\x{7684}\x{7F8E}\x{8B7D}\x{3002}\x{4E2D}\x{56FD}\x{53E4}"
      RenderBlock {DIV} at (0,9746) size 769x18
        RenderText {#text} at (0,0) size 414x18
          text run at (0,0) width 414: "Font: AppleSDGothicNeo-UltraLight Weight: 900 Style: normal"
      RenderBlock {DIV} at (0,9764) size 769x24
        RenderText {#text} at (0,3) size 144x18
          text run at (0,3) width 144: "\x{679C}\x{57CE}\x{7684}\x{7F8E}\x{8B7D}\x{3002}\x{4E2D}\x{56FD}\x{53E4}"
      RenderBlock {DIV} at (0,9788) size 769x18
        RenderText {#text} at (0,0) size 377x18
          text run at (0,0) width 377: "Font: AppleSDGothicNeo-Thin Weight: 100 Style: normal"
      RenderBlock {DIV} at (0,9806) size 769x24
        RenderText {#text} at (0,3) size 144x18
          text run at (0,3) width 144: "\x{679C}\x{57CE}\x{7684}\x{7F8E}\x{8B7D}\x{3002}\x{4E2D}\x{56FD}\x{53E4}"
      RenderBlock {DIV} at (0,9830) size 769x18
        RenderText {#text} at (0,0) size 377x18
          text run at (0,0) width 377: "Font: AppleSDGothicNeo-Thin Weight: 200 Style: normal"
      RenderBlock {DIV} at (0,9848) size 769x24
        RenderText {#text} at (0,3) size 144x18
          text run at (0,3) width 144: "\x{679C}\x{57CE}\x{7684}\x{7F8E}\x{8B7D}\x{3002}\x{4E2D}\x{56FD}\x{53E4}"
      RenderBlock {DIV} at (0,9872) size 769x18
        RenderText {#text} at (0,0) size 377x18
          text run at (0,0) width 377: "Font: AppleSDGothicNeo-Thin Weight: 300 Style: normal"
      RenderBlock {DIV} at (0,9890) size 769x24
        RenderText {#text} at (0,3) size 144x18
          text run at (0,3) width 144: "\x{679C}\x{57CE}\x{7684}\x{7F8E}\x{8B7D}\x{3002}\x{4E2D}\x{56FD}\x{53E4}"
      RenderBlock {DIV} at (0,9914) size 769x18
        RenderText {#text} at (0,0) size 377x18
          text run at (0,0) width 377: "Font: AppleSDGothicNeo-Thin Weight: 400 Style: normal"
      RenderBlock {DIV} at (0,9932) size 769x24
        RenderText {#text} at (0,3) size 144x18
          text run at (0,3) width 144: "\x{679C}\x{57CE}\x{7684}\x{7F8E}\x{8B7D}\x{3002}\x{4E2D}\x{56FD}\x{53E4}"
      RenderBlock {DIV} at (0,9956) size 769x18
        RenderText {#text} at (0,0) size 377x18
          text run at (0,0) width 377: "Font: AppleSDGothicNeo-Thin Weight: 500 Style: normal"
      RenderBlock {DIV} at (0,9974) size 769x24
        RenderText {#text} at (0,3) size 144x18
          text run at (0,3) width 144: "\x{679C}\x{57CE}\x{7684}\x{7F8E}\x{8B7D}\x{3002}\x{4E2D}\x{56FD}\x{53E4}"
      RenderBlock {DIV} at (0,9998) size 769x18
        RenderText {#text} at (0,0) size 377x18
          text run at (0,0) width 377: "Font: AppleSDGothicNeo-Thin Weight: 600 Style: normal"
      RenderBlock {DIV} at (0,10016) size 769x24
        RenderText {#text} at (0,3) size 144x18
          text run at (0,3) width 144: "\x{679C}\x{57CE}\x{7684}\x{7F8E}\x{8B7D}\x{3002}\x{4E2D}\x{56FD}\x{53E4}"
      RenderBlock {DIV} at (0,10040) size 769x18
        RenderText {#text} at (0,0) size 377x18
          text run at (0,0) width 377: "Font: AppleSDGothicNeo-Thin Weight: 700 Style: normal"
      RenderBlock {DIV} at (0,10058) size 769x24
        RenderText {#text} at (0,3) size 144x18
          text run at (0,3) width 144: "\x{679C}\x{57CE}\x{7684}\x{7F8E}\x{8B7D}\x{3002}\x{4E2D}\x{56FD}\x{53E4}"
      RenderBlock {DIV} at (0,10082) size 769x18
        RenderText {#text} at (0,0) size 377x18
          text run at (0,0) width 377: "Font: AppleSDGothicNeo-Thin Weight: 800 Style: normal"
      RenderBlock {DIV} at (0,10100) size 769x24
        RenderText {#text} at (0,3) size 144x18
          text run at (0,3) width 144: "\x{679C}\x{57CE}\x{7684}\x{7F8E}\x{8B7D}\x{3002}\x{4E2D}\x{56FD}\x{53E4}"
      RenderBlock {DIV} at (0,10124) size 769x18
        RenderText {#text} at (0,0) size 377x18
          text run at (0,0) width 377: "Font: AppleSDGothicNeo-Thin Weight: 900 Style: normal"
      RenderBlock {DIV} at (0,10142) size 769x24
        RenderText {#text} at (0,3) size 144x18
          text run at (0,3) width 144: "\x{679C}\x{57CE}\x{7684}\x{7F8E}\x{8B7D}\x{3002}\x{4E2D}\x{56FD}\x{53E4}"
      RenderBlock {DIV} at (0,10166) size 769x18
        RenderText {#text} at (0,0) size 410x18
          text run at (0,0) width 410: "Font: AppleSDGothicNeo-SemiBold Weight: 100 Style: normal"
      RenderBlock {DIV} at (0,10184) size 769x24
        RenderText {#text} at (0,3) size 144x18
          text run at (0,3) width 144: "\x{679C}\x{57CE}\x{7684}\x{7F8E}\x{8B7D}\x{3002}\x{4E2D}\x{56FD}\x{53E4}"
      RenderBlock {DIV} at (0,10208) size 769x18
        RenderText {#text} at (0,0) size 410x18
          text run at (0,0) width 410: "Font: AppleSDGothicNeo-SemiBold Weight: 200 Style: normal"
      RenderBlock {DIV} at (0,10226) size 769x24
        RenderText {#text} at (0,3) size 144x18
          text run at (0,3) width 144: "\x{679C}\x{57CE}\x{7684}\x{7F8E}\x{8B7D}\x{3002}\x{4E2D}\x{56FD}\x{53E4}"
      RenderBlock {DIV} at (0,10250) size 769x18
        RenderText {#text} at (0,0) size 410x18
          text run at (0,0) width 410: "Font: AppleSDGothicNeo-SemiBold Weight: 300 Style: normal"
      RenderBlock {DIV} at (0,10268) size 769x24
        RenderText {#text} at (0,3) size 144x18
          text run at (0,3) width 144: "\x{679C}\x{57CE}\x{7684}\x{7F8E}\x{8B7D}\x{3002}\x{4E2D}\x{56FD}\x{53E4}"
      RenderBlock {DIV} at (0,10292) size 769x18
        RenderText {#text} at (0,0) size 410x18
          text run at (0,0) width 410: "Font: AppleSDGothicNeo-SemiBold Weight: 400 Style: normal"
      RenderBlock {DIV} at (0,10310) size 769x24
        RenderText {#text} at (0,3) size 144x18
          text run at (0,3) width 144: "\x{679C}\x{57CE}\x{7684}\x{7F8E}\x{8B7D}\x{3002}\x{4E2D}\x{56FD}\x{53E4}"
      RenderBlock {DIV} at (0,10334) size 769x18
        RenderText {#text} at (0,0) size 410x18
          text run at (0,0) width 410: "Font: AppleSDGothicNeo-SemiBold Weight: 500 Style: normal"
      RenderBlock {DIV} at (0,10352) size 769x24
        RenderText {#text} at (0,3) size 144x18
          text run at (0,3) width 144: "\x{679C}\x{57CE}\x{7684}\x{7F8E}\x{8B7D}\x{3002}\x{4E2D}\x{56FD}\x{53E4}"
      RenderBlock {DIV} at (0,10376) size 769x18
        RenderText {#text} at (0,0) size 410x18
          text run at (0,0) width 410: "Font: AppleSDGothicNeo-SemiBold Weight: 600 Style: normal"
      RenderBlock {DIV} at (0,10394) size 769x24
        RenderText {#text} at (0,3) size 144x18
          text run at (0,3) width 144: "\x{679C}\x{57CE}\x{7684}\x{7F8E}\x{8B7D}\x{3002}\x{4E2D}\x{56FD}\x{53E4}"
      RenderBlock {DIV} at (0,10418) size 769x18
        RenderText {#text} at (0,0) size 410x18
          text run at (0,0) width 410: "Font: AppleSDGothicNeo-SemiBold Weight: 700 Style: normal"
      RenderBlock {DIV} at (0,10436) size 769x24
        RenderText {#text} at (0,3) size 144x18
          text run at (0,3) width 144: "\x{679C}\x{57CE}\x{7684}\x{7F8E}\x{8B7D}\x{3002}\x{4E2D}\x{56FD}\x{53E4}"
      RenderBlock {DIV} at (0,10460) size 769x18
        RenderText {#text} at (0,0) size 410x18
          text run at (0,0) width 410: "Font: AppleSDGothicNeo-SemiBold Weight: 800 Style: normal"
      RenderBlock {DIV} at (0,10478) size 769x24
        RenderText {#text} at (0,3) size 144x18
          text run at (0,3) width 144: "\x{679C}\x{57CE}\x{7684}\x{7F8E}\x{8B7D}\x{3002}\x{4E2D}\x{56FD}\x{53E4}"
      RenderBlock {DIV} at (0,10502) size 769x18
        RenderText {#text} at (0,0) size 410x18
          text run at (0,0) width 410: "Font: AppleSDGothicNeo-SemiBold Weight: 900 Style: normal"
      RenderBlock {DIV} at (0,10520) size 769x24
        RenderText {#text} at (0,3) size 144x18
          text run at (0,3) width 144: "\x{679C}\x{57CE}\x{7684}\x{7F8E}\x{8B7D}\x{3002}\x{4E2D}\x{56FD}\x{53E4}"
      RenderBlock {DIV} at (0,10544) size 769x18
        RenderText {#text} at (0,0) size 377x18
          text run at (0,0) width 377: "Font: AppleSDGothicNeo-Bold Weight: 100 Style: normal"
      RenderBlock {DIV} at (0,10562) size 769x24
        RenderText {#text} at (0,3) size 144x18
          text run at (0,3) width 144: "\x{679C}\x{57CE}\x{7684}\x{7F8E}\x{8B7D}\x{3002}\x{4E2D}\x{56FD}\x{53E4}"
      RenderBlock {DIV} at (0,10586) size 769x18
        RenderText {#text} at (0,0) size 377x18
          text run at (0,0) width 377: "Font: AppleSDGothicNeo-Bold Weight: 200 Style: normal"
      RenderBlock {DIV} at (0,10604) size 769x24
        RenderText {#text} at (0,3) size 144x18
          text run at (0,3) width 144: "\x{679C}\x{57CE}\x{7684}\x{7F8E}\x{8B7D}\x{3002}\x{4E2D}\x{56FD}\x{53E4}"
      RenderBlock {DIV} at (0,10628) size 769x18
        RenderText {#text} at (0,0) size 377x18
          text run at (0,0) width 377: "Font: AppleSDGothicNeo-Bold Weight: 300 Style: normal"
      RenderBlock {DIV} at (0,10646) size 769x24
        RenderText {#text} at (0,3) size 144x18
          text run at (0,3) width 144: "\x{679C}\x{57CE}\x{7684}\x{7F8E}\x{8B7D}\x{3002}\x{4E2D}\x{56FD}\x{53E4}"
      RenderBlock {DIV} at (0,10670) size 769x18
        RenderText {#text} at (0,0) size 377x18
          text run at (0,0) width 377: "Font: AppleSDGothicNeo-Bold Weight: 400 Style: normal"
      RenderBlock {DIV} at (0,10688) size 769x24
        RenderText {#text} at (0,3) size 144x18
          text run at (0,3) width 144: "\x{679C}\x{57CE}\x{7684}\x{7F8E}\x{8B7D}\x{3002}\x{4E2D}\x{56FD}\x{53E4}"
      RenderBlock {DIV} at (0,10712) size 769x18
        RenderText {#text} at (0,0) size 377x18
          text run at (0,0) width 377: "Font: AppleSDGothicNeo-Bold Weight: 500 Style: normal"
      RenderBlock {DIV} at (0,10730) size 769x24
        RenderText {#text} at (0,3) size 144x18
          text run at (0,3) width 144: "\x{679C}\x{57CE}\x{7684}\x{7F8E}\x{8B7D}\x{3002}\x{4E2D}\x{56FD}\x{53E4}"
      RenderBlock {DIV} at (0,10754) size 769x18
        RenderText {#text} at (0,0) size 377x18
          text run at (0,0) width 377: "Font: AppleSDGothicNeo-Bold Weight: 600 Style: normal"
      RenderBlock {DIV} at (0,10772) size 769x24
        RenderText {#text} at (0,3) size 144x18
          text run at (0,3) width 144: "\x{679C}\x{57CE}\x{7684}\x{7F8E}\x{8B7D}\x{3002}\x{4E2D}\x{56FD}\x{53E4}"
      RenderBlock {DIV} at (0,10796) size 769x18
        RenderText {#text} at (0,0) size 377x18
          text run at (0,0) width 377: "Font: AppleSDGothicNeo-Bold Weight: 700 Style: normal"
      RenderBlock {DIV} at (0,10814) size 769x24
        RenderText {#text} at (0,3) size 144x18
          text run at (0,3) width 144: "\x{679C}\x{57CE}\x{7684}\x{7F8E}\x{8B7D}\x{3002}\x{4E2D}\x{56FD}\x{53E4}"
      RenderBlock {DIV} at (0,10838) size 769x18
        RenderText {#text} at (0,0) size 377x18
          text run at (0,0) width 377: "Font: AppleSDGothicNeo-Bold Weight: 800 Style: normal"
      RenderBlock {DIV} at (0,10856) size 769x24
        RenderText {#text} at (0,3) size 144x18
          text run at (0,3) width 144: "\x{679C}\x{57CE}\x{7684}\x{7F8E}\x{8B7D}\x{3002}\x{4E2D}\x{56FD}\x{53E4}"
      RenderBlock {DIV} at (0,10880) size 769x18
        RenderText {#text} at (0,0) size 377x18
          text run at (0,0) width 377: "Font: AppleSDGothicNeo-Bold Weight: 900 Style: normal"
      RenderBlock {DIV} at (0,10898) size 769x24
        RenderText {#text} at (0,3) size 144x18
          text run at (0,3) width 144: "\x{679C}\x{57CE}\x{7684}\x{7F8E}\x{8B7D}\x{3002}\x{4E2D}\x{56FD}\x{53E4}"
      RenderBlock {DIV} at (0,10922) size 769x18
        RenderText {#text} at (0,0) size 412x18
          text run at (0,0) width 412: "Font: AppleSDGothicNeo-ExtraBold Weight: 100 Style: normal"
      RenderBlock {DIV} at (0,10940) size 769x24
        RenderText {#text} at (0,3) size 144x18
          text run at (0,3) width 144: "\x{679C}\x{57CE}\x{7684}\x{7F8E}\x{8B7D}\x{3002}\x{4E2D}\x{56FD}\x{53E4}"
      RenderBlock {DIV} at (0,10964) size 769x18
        RenderText {#text} at (0,0) size 412x18
          text run at (0,0) width 412: "Font: AppleSDGothicNeo-ExtraBold Weight: 200 Style: normal"
      RenderBlock {DIV} at (0,10982) size 769x24
        RenderText {#text} at (0,3) size 144x18
          text run at (0,3) width 144: "\x{679C}\x{57CE}\x{7684}\x{7F8E}\x{8B7D}\x{3002}\x{4E2D}\x{56FD}\x{53E4}"
      RenderBlock {DIV} at (0,11006) size 769x18
        RenderText {#text} at (0,0) size 412x18
          text run at (0,0) width 412: "Font: AppleSDGothicNeo-ExtraBold Weight: 300 Style: normal"
      RenderBlock {DIV} at (0,11024) size 769x24
        RenderText {#text} at (0,3) size 144x18
          text run at (0,3) width 144: "\x{679C}\x{57CE}\x{7684}\x{7F8E}\x{8B7D}\x{3002}\x{4E2D}\x{56FD}\x{53E4}"
      RenderBlock {DIV} at (0,11048) size 769x18
        RenderText {#text} at (0,0) size 412x18
          text run at (0,0) width 412: "Font: AppleSDGothicNeo-ExtraBold Weight: 400 Style: normal"
      RenderBlock {DIV} at (0,11066) size 769x24
        RenderText {#text} at (0,3) size 144x18
          text run at (0,3) width 144: "\x{679C}\x{57CE}\x{7684}\x{7F8E}\x{8B7D}\x{3002}\x{4E2D}\x{56FD}\x{53E4}"
      RenderBlock {DIV} at (0,11090) size 769x18
        RenderText {#text} at (0,0) size 412x18
          text run at (0,0) width 412: "Font: AppleSDGothicNeo-ExtraBold Weight: 500 Style: normal"
      RenderBlock {DIV} at (0,11108) size 769x24
        RenderText {#text} at (0,3) size 144x18
          text run at (0,3) width 144: "\x{679C}\x{57CE}\x{7684}\x{7F8E}\x{8B7D}\x{3002}\x{4E2D}\x{56FD}\x{53E4}"
      RenderBlock {DIV} at (0,11132) size 769x18
        RenderText {#text} at (0,0) size 412x18
          text run at (0,0) width 412: "Font: AppleSDGothicNeo-ExtraBold Weight: 600 Style: normal"
      RenderBlock {DIV} at (0,11150) size 769x24
        RenderText {#text} at (0,3) size 144x18
          text run at (0,3) width 144: "\x{679C}\x{57CE}\x{7684}\x{7F8E}\x{8B7D}\x{3002}\x{4E2D}\x{56FD}\x{53E4}"
      RenderBlock {DIV} at (0,11174) size 769x18
        RenderText {#text} at (0,0) size 412x18
          text run at (0,0) width 412: "Font: AppleSDGothicNeo-ExtraBold Weight: 700 Style: normal"
      RenderBlock {DIV} at (0,11192) size 769x24
        RenderText {#text} at (0,3) size 144x18
          text run at (0,3) width 144: "\x{679C}\x{57CE}\x{7684}\x{7F8E}\x{8B7D}\x{3002}\x{4E2D}\x{56FD}\x{53E4}"
      RenderBlock {DIV} at (0,11216) size 769x18
        RenderText {#text} at (0,0) size 412x18
          text run at (0,0) width 412: "Font: AppleSDGothicNeo-ExtraBold Weight: 800 Style: normal"
      RenderBlock {DIV} at (0,11234) size 769x24
        RenderText {#text} at (0,3) size 144x18
          text run at (0,3) width 144: "\x{679C}\x{57CE}\x{7684}\x{7F8E}\x{8B7D}\x{3002}\x{4E2D}\x{56FD}\x{53E4}"
      RenderBlock {DIV} at (0,11258) size 769x18
        RenderText {#text} at (0,0) size 412x18
          text run at (0,0) width 412: "Font: AppleSDGothicNeo-ExtraBold Weight: 900 Style: normal"
      RenderBlock {DIV} at (0,11276) size 769x24
        RenderText {#text} at (0,3) size 144x18
          text run at (0,3) width 144: "\x{679C}\x{57CE}\x{7684}\x{7F8E}\x{8B7D}\x{3002}\x{4E2D}\x{56FD}\x{53E4}"
      RenderBlock {DIV} at (0,11300) size 769x18
        RenderText {#text} at (0,0) size 388x18
          text run at (0,0) width 388: "Font: AppleSDGothicNeo-Heavy Weight: 100 Style: normal"
      RenderBlock {DIV} at (0,11318) size 769x24
        RenderText {#text} at (0,3) size 144x18
          text run at (0,3) width 144: "\x{679C}\x{57CE}\x{7684}\x{7F8E}\x{8B7D}\x{3002}\x{4E2D}\x{56FD}\x{53E4}"
      RenderBlock {DIV} at (0,11342) size 769x18
        RenderText {#text} at (0,0) size 388x18
          text run at (0,0) width 388: "Font: AppleSDGothicNeo-Heavy Weight: 200 Style: normal"
      RenderBlock {DIV} at (0,11360) size 769x24
        RenderText {#text} at (0,3) size 144x18
          text run at (0,3) width 144: "\x{679C}\x{57CE}\x{7684}\x{7F8E}\x{8B7D}\x{3002}\x{4E2D}\x{56FD}\x{53E4}"
      RenderBlock {DIV} at (0,11384) size 769x18
        RenderText {#text} at (0,0) size 388x18
          text run at (0,0) width 388: "Font: AppleSDGothicNeo-Heavy Weight: 300 Style: normal"
      RenderBlock {DIV} at (0,11402) size 769x24
        RenderText {#text} at (0,3) size 144x18
          text run at (0,3) width 144: "\x{679C}\x{57CE}\x{7684}\x{7F8E}\x{8B7D}\x{3002}\x{4E2D}\x{56FD}\x{53E4}"
      RenderBlock {DIV} at (0,11426) size 769x18
        RenderText {#text} at (0,0) size 388x18
          text run at (0,0) width 388: "Font: AppleSDGothicNeo-Heavy Weight: 400 Style: normal"
      RenderBlock {DIV} at (0,11444) size 769x24
        RenderText {#text} at (0,3) size 144x18
          text run at (0,3) width 144: "\x{679C}\x{57CE}\x{7684}\x{7F8E}\x{8B7D}\x{3002}\x{4E2D}\x{56FD}\x{53E4}"
      RenderBlock {DIV} at (0,11468) size 769x18
        RenderText {#text} at (0,0) size 388x18
          text run at (0,0) width 388: "Font: AppleSDGothicNeo-Heavy Weight: 500 Style: normal"
      RenderBlock {DIV} at (0,11486) size 769x24
        RenderText {#text} at (0,3) size 144x18
          text run at (0,3) width 144: "\x{679C}\x{57CE}\x{7684}\x{7F8E}\x{8B7D}\x{3002}\x{4E2D}\x{56FD}\x{53E4}"
      RenderBlock {DIV} at (0,11510) size 769x18
        RenderText {#text} at (0,0) size 388x18
          text run at (0,0) width 388: "Font: AppleSDGothicNeo-Heavy Weight: 600 Style: normal"
      RenderBlock {DIV} at (0,11528) size 769x24
        RenderText {#text} at (0,3) size 144x18
          text run at (0,3) width 144: "\x{679C}\x{57CE}\x{7684}\x{7F8E}\x{8B7D}\x{3002}\x{4E2D}\x{56FD}\x{53E4}"
      RenderBlock {DIV} at (0,11552) size 769x18
        RenderText {#text} at (0,0) size 388x18
          text run at (0,0) width 388: "Font: AppleSDGothicNeo-Heavy Weight: 700 Style: normal"
      RenderBlock {DIV} at (0,11570) size 769x24
        RenderText {#text} at (0,3) size 144x18
          text run at (0,3) width 144: "\x{679C}\x{57CE}\x{7684}\x{7F8E}\x{8B7D}\x{3002}\x{4E2D}\x{56FD}\x{53E4}"
      RenderBlock {DIV} at (0,11594) size 769x18
        RenderText {#text} at (0,0) size 388x18
          text run at (0,0) width 388: "Font: AppleSDGothicNeo-Heavy Weight: 800 Style: normal"
      RenderBlock {DIV} at (0,11612) size 769x24
        RenderText {#text} at (0,3) size 144x18
          text run at (0,3) width 144: "\x{679C}\x{57CE}\x{7684}\x{7F8E}\x{8B7D}\x{3002}\x{4E2D}\x{56FD}\x{53E4}"
      RenderBlock {DIV} at (0,11636) size 769x18
        RenderText {#text} at (0,0) size 388x18
          text run at (0,0) width 388: "Font: AppleSDGothicNeo-Heavy Weight: 900 Style: normal"
      RenderBlock {DIV} at (0,11654) size 769x24
        RenderText {#text} at (0,3) size 144x18
          text run at (0,3) width 144: "\x{679C}\x{57CE}\x{7684}\x{7F8E}\x{8B7D}\x{3002}\x{4E2D}\x{56FD}\x{53E4}"
      RenderBlock {DIV} at (0,11678) size 769x18
        RenderText {#text} at (0,0) size 340x18
          text run at (0,0) width 340: "Font: Apple SD Gothic Neo Weight: 100 Style: italic"
      RenderBlock {DIV} at (0,11696) size 769x24
        RenderText {#text} at (0,3) size 144x18
          text run at (0,3) width 144: "\x{679C}\x{57CE}\x{7684}\x{7F8E}\x{8B7D}\x{3002}\x{4E2D}\x{56FD}\x{53E4}"
      RenderBlock {DIV} at (0,11720) size 769x18
        RenderText {#text} at (0,0) size 340x18
          text run at (0,0) width 340: "Font: Apple SD Gothic Neo Weight: 200 Style: italic"
      RenderBlock {DIV} at (0,11738) size 769x24
        RenderText {#text} at (0,3) size 144x18
          text run at (0,3) width 144: "\x{679C}\x{57CE}\x{7684}\x{7F8E}\x{8B7D}\x{3002}\x{4E2D}\x{56FD}\x{53E4}"
      RenderBlock {DIV} at (0,11762) size 769x18
        RenderText {#text} at (0,0) size 340x18
          text run at (0,0) width 340: "Font: Apple SD Gothic Neo Weight: 300 Style: italic"
      RenderBlock {DIV} at (0,11780) size 769x24
        RenderText {#text} at (0,3) size 144x18
          text run at (0,3) width 144: "\x{679C}\x{57CE}\x{7684}\x{7F8E}\x{8B7D}\x{3002}\x{4E2D}\x{56FD}\x{53E4}"
      RenderBlock {DIV} at (0,11804) size 769x18
        RenderText {#text} at (0,0) size 340x18
          text run at (0,0) width 340: "Font: Apple SD Gothic Neo Weight: 400 Style: italic"
      RenderBlock {DIV} at (0,11822) size 769x24
        RenderText {#text} at (0,3) size 144x18
          text run at (0,3) width 144: "\x{679C}\x{57CE}\x{7684}\x{7F8E}\x{8B7D}\x{3002}\x{4E2D}\x{56FD}\x{53E4}"
      RenderBlock {DIV} at (0,11846) size 769x18
        RenderText {#text} at (0,0) size 340x18
          text run at (0,0) width 340: "Font: Apple SD Gothic Neo Weight: 500 Style: italic"
      RenderBlock {DIV} at (0,11864) size 769x24
        RenderText {#text} at (0,3) size 144x18
          text run at (0,3) width 144: "\x{679C}\x{57CE}\x{7684}\x{7F8E}\x{8B7D}\x{3002}\x{4E2D}\x{56FD}\x{53E4}"
      RenderBlock {DIV} at (0,11888) size 769x18
        RenderText {#text} at (0,0) size 340x18
          text run at (0,0) width 340: "Font: Apple SD Gothic Neo Weight: 600 Style: italic"
      RenderBlock {DIV} at (0,11906) size 769x24
        RenderText {#text} at (0,3) size 144x18
          text run at (0,3) width 144: "\x{679C}\x{57CE}\x{7684}\x{7F8E}\x{8B7D}\x{3002}\x{4E2D}\x{56FD}\x{53E4}"
      RenderBlock {DIV} at (0,11930) size 769x18
        RenderText {#text} at (0,0) size 340x18
          text run at (0,0) width 340: "Font: Apple SD Gothic Neo Weight: 700 Style: italic"
      RenderBlock {DIV} at (0,11948) size 769x24
        RenderText {#text} at (0,3) size 144x18
          text run at (0,3) width 144: "\x{679C}\x{57CE}\x{7684}\x{7F8E}\x{8B7D}\x{3002}\x{4E2D}\x{56FD}\x{53E4}"
      RenderBlock {DIV} at (0,11972) size 769x18
        RenderText {#text} at (0,0) size 340x18
          text run at (0,0) width 340: "Font: Apple SD Gothic Neo Weight: 800 Style: italic"
      RenderBlock {DIV} at (0,11990) size 769x24
        RenderText {#text} at (0,3) size 144x18
          text run at (0,3) width 144: "\x{679C}\x{57CE}\x{7684}\x{7F8E}\x{8B7D}\x{3002}\x{4E2D}\x{56FD}\x{53E4}"
      RenderBlock {DIV} at (0,12014) size 769x18
        RenderText {#text} at (0,0) size 340x18
          text run at (0,0) width 340: "Font: Apple SD Gothic Neo Weight: 900 Style: italic"
      RenderBlock {DIV} at (0,12032) size 769x24
        RenderText {#text} at (0,3) size 144x18
          text run at (0,3) width 144: "\x{679C}\x{57CE}\x{7684}\x{7F8E}\x{8B7D}\x{3002}\x{4E2D}\x{56FD}\x{53E4}"
      RenderBlock {DIV} at (0,12056) size 769x18
        RenderText {#text} at (0,0) size 384x18
          text run at (0,0) width 384: "Font: AppleSDGothicNeo-Regular Weight: 100 Style: italic"
      RenderBlock {DIV} at (0,12074) size 769x24
        RenderText {#text} at (0,3) size 144x18
          text run at (0,3) width 144: "\x{679C}\x{57CE}\x{7684}\x{7F8E}\x{8B7D}\x{3002}\x{4E2D}\x{56FD}\x{53E4}"
      RenderBlock {DIV} at (0,12098) size 769x18
        RenderText {#text} at (0,0) size 384x18
          text run at (0,0) width 384: "Font: AppleSDGothicNeo-Regular Weight: 200 Style: italic"
      RenderBlock {DIV} at (0,12116) size 769x24
        RenderText {#text} at (0,3) size 144x18
          text run at (0,3) width 144: "\x{679C}\x{57CE}\x{7684}\x{7F8E}\x{8B7D}\x{3002}\x{4E2D}\x{56FD}\x{53E4}"
      RenderBlock {DIV} at (0,12140) size 769x18
        RenderText {#text} at (0,0) size 384x18
          text run at (0,0) width 384: "Font: AppleSDGothicNeo-Regular Weight: 300 Style: italic"
      RenderBlock {DIV} at (0,12158) size 769x24
        RenderText {#text} at (0,3) size 144x18
          text run at (0,3) width 144: "\x{679C}\x{57CE}\x{7684}\x{7F8E}\x{8B7D}\x{3002}\x{4E2D}\x{56FD}\x{53E4}"
      RenderBlock {DIV} at (0,12182) size 769x18
        RenderText {#text} at (0,0) size 384x18
          text run at (0,0) width 384: "Font: AppleSDGothicNeo-Regular Weight: 400 Style: italic"
      RenderBlock {DIV} at (0,12200) size 769x24
        RenderText {#text} at (0,3) size 144x18
          text run at (0,3) width 144: "\x{679C}\x{57CE}\x{7684}\x{7F8E}\x{8B7D}\x{3002}\x{4E2D}\x{56FD}\x{53E4}"
      RenderBlock {DIV} at (0,12224) size 769x18
        RenderText {#text} at (0,0) size 384x18
          text run at (0,0) width 384: "Font: AppleSDGothicNeo-Regular Weight: 500 Style: italic"
      RenderBlock {DIV} at (0,12242) size 769x24
        RenderText {#text} at (0,3) size 144x18
          text run at (0,3) width 144: "\x{679C}\x{57CE}\x{7684}\x{7F8E}\x{8B7D}\x{3002}\x{4E2D}\x{56FD}\x{53E4}"
      RenderBlock {DIV} at (0,12266) size 769x18
        RenderText {#text} at (0,0) size 384x18
          text run at (0,0) width 384: "Font: AppleSDGothicNeo-Regular Weight: 600 Style: italic"
      RenderBlock {DIV} at (0,12284) size 769x24
        RenderText {#text} at (0,3) size 144x18
          text run at (0,3) width 144: "\x{679C}\x{57CE}\x{7684}\x{7F8E}\x{8B7D}\x{3002}\x{4E2D}\x{56FD}\x{53E4}"
      RenderBlock {DIV} at (0,12308) size 769x18
        RenderText {#text} at (0,0) size 384x18
          text run at (0,0) width 384: "Font: AppleSDGothicNeo-Regular Weight: 700 Style: italic"
      RenderBlock {DIV} at (0,12326) size 769x24
        RenderText {#text} at (0,3) size 144x18
          text run at (0,3) width 144: "\x{679C}\x{57CE}\x{7684}\x{7F8E}\x{8B7D}\x{3002}\x{4E2D}\x{56FD}\x{53E4}"
      RenderBlock {DIV} at (0,12350) size 769x18
        RenderText {#text} at (0,0) size 384x18
          text run at (0,0) width 384: "Font: AppleSDGothicNeo-Regular Weight: 800 Style: italic"
      RenderBlock {DIV} at (0,12368) size 769x24
        RenderText {#text} at (0,3) size 144x18
          text run at (0,3) width 144: "\x{679C}\x{57CE}\x{7684}\x{7F8E}\x{8B7D}\x{3002}\x{4E2D}\x{56FD}\x{53E4}"
      RenderBlock {DIV} at (0,12392) size 769x18
        RenderText {#text} at (0,0) size 384x18
          text run at (0,0) width 384: "Font: AppleSDGothicNeo-Regular Weight: 900 Style: italic"
      RenderBlock {DIV} at (0,12410) size 769x24
        RenderText {#text} at (0,3) size 144x18
          text run at (0,3) width 144: "\x{679C}\x{57CE}\x{7684}\x{7F8E}\x{8B7D}\x{3002}\x{4E2D}\x{56FD}\x{53E4}"
      RenderBlock {DIV} at (0,12434) size 769x18
        RenderText {#text} at (0,0) size 387x18
          text run at (0,0) width 387: "Font: AppleSDGothicNeo-Medium Weight: 100 Style: italic"
      RenderBlock {DIV} at (0,12452) size 769x24
        RenderText {#text} at (0,3) size 144x18
          text run at (0,3) width 144: "\x{679C}\x{57CE}\x{7684}\x{7F8E}\x{8B7D}\x{3002}\x{4E2D}\x{56FD}\x{53E4}"
      RenderBlock {DIV} at (0,12476) size 769x18
        RenderText {#text} at (0,0) size 387x18
          text run at (0,0) width 387: "Font: AppleSDGothicNeo-Medium Weight: 200 Style: italic"
      RenderBlock {DIV} at (0,12494) size 769x24
        RenderText {#text} at (0,3) size 144x18
          text run at (0,3) width 144: "\x{679C}\x{57CE}\x{7684}\x{7F8E}\x{8B7D}\x{3002}\x{4E2D}\x{56FD}\x{53E4}"
      RenderBlock {DIV} at (0,12518) size 769x18
        RenderText {#text} at (0,0) size 387x18
          text run at (0,0) width 387: "Font: AppleSDGothicNeo-Medium Weight: 300 Style: italic"
      RenderBlock {DIV} at (0,12536) size 769x24
        RenderText {#text} at (0,3) size 144x18
          text run at (0,3) width 144: "\x{679C}\x{57CE}\x{7684}\x{7F8E}\x{8B7D}\x{3002}\x{4E2D}\x{56FD}\x{53E4}"
      RenderBlock {DIV} at (0,12560) size 769x18
        RenderText {#text} at (0,0) size 387x18
          text run at (0,0) width 387: "Font: AppleSDGothicNeo-Medium Weight: 400 Style: italic"
      RenderBlock {DIV} at (0,12578) size 769x24
        RenderText {#text} at (0,3) size 144x18
          text run at (0,3) width 144: "\x{679C}\x{57CE}\x{7684}\x{7F8E}\x{8B7D}\x{3002}\x{4E2D}\x{56FD}\x{53E4}"
      RenderBlock {DIV} at (0,12602) size 769x18
        RenderText {#text} at (0,0) size 387x18
          text run at (0,0) width 387: "Font: AppleSDGothicNeo-Medium Weight: 500 Style: italic"
      RenderBlock {DIV} at (0,12620) size 769x24
        RenderText {#text} at (0,3) size 144x18
          text run at (0,3) width 144: "\x{679C}\x{57CE}\x{7684}\x{7F8E}\x{8B7D}\x{3002}\x{4E2D}\x{56FD}\x{53E4}"
      RenderBlock {DIV} at (0,12644) size 769x18
        RenderText {#text} at (0,0) size 387x18
          text run at (0,0) width 387: "Font: AppleSDGothicNeo-Medium Weight: 600 Style: italic"
      RenderBlock {DIV} at (0,12662) size 769x24
        RenderText {#text} at (0,3) size 144x18
          text run at (0,3) width 144: "\x{679C}\x{57CE}\x{7684}\x{7F8E}\x{8B7D}\x{3002}\x{4E2D}\x{56FD}\x{53E4}"
      RenderBlock {DIV} at (0,12686) size 769x18
        RenderText {#text} at (0,0) size 387x18
          text run at (0,0) width 387: "Font: AppleSDGothicNeo-Medium Weight: 700 Style: italic"
      RenderBlock {DIV} at (0,12704) size 769x24
        RenderText {#text} at (0,3) size 144x18
          text run at (0,3) width 144: "\x{679C}\x{57CE}\x{7684}\x{7F8E}\x{8B7D}\x{3002}\x{4E2D}\x{56FD}\x{53E4}"
      RenderBlock {DIV} at (0,12728) size 769x18
        RenderText {#text} at (0,0) size 387x18
          text run at (0,0) width 387: "Font: AppleSDGothicNeo-Medium Weight: 800 Style: italic"
      RenderBlock {DIV} at (0,12746) size 769x24
        RenderText {#text} at (0,3) size 144x18
          text run at (0,3) width 144: "\x{679C}\x{57CE}\x{7684}\x{7F8E}\x{8B7D}\x{3002}\x{4E2D}\x{56FD}\x{53E4}"
      RenderBlock {DIV} at (0,12770) size 769x18
        RenderText {#text} at (0,0) size 387x18
          text run at (0,0) width 387: "Font: AppleSDGothicNeo-Medium Weight: 900 Style: italic"
      RenderBlock {DIV} at (0,12788) size 769x24
        RenderText {#text} at (0,3) size 144x18
          text run at (0,3) width 144: "\x{679C}\x{57CE}\x{7684}\x{7F8E}\x{8B7D}\x{3002}\x{4E2D}\x{56FD}\x{53E4}"
      RenderBlock {DIV} at (0,12812) size 769x18
        RenderText {#text} at (0,0) size 368x18
          text run at (0,0) width 368: "Font: AppleSDGothicNeo-Light Weight: 100 Style: italic"
      RenderBlock {DIV} at (0,12830) size 769x24
        RenderText {#text} at (0,3) size 144x18
          text run at (0,3) width 144: "\x{679C}\x{57CE}\x{7684}\x{7F8E}\x{8B7D}\x{3002}\x{4E2D}\x{56FD}\x{53E4}"
      RenderBlock {DIV} at (0,12854) size 769x18
        RenderText {#text} at (0,0) size 368x18
          text run at (0,0) width 368: "Font: AppleSDGothicNeo-Light Weight: 200 Style: italic"
      RenderBlock {DIV} at (0,12872) size 769x24
        RenderText {#text} at (0,3) size 144x18
          text run at (0,3) width 144: "\x{679C}\x{57CE}\x{7684}\x{7F8E}\x{8B7D}\x{3002}\x{4E2D}\x{56FD}\x{53E4}"
      RenderBlock {DIV} at (0,12896) size 769x18
        RenderText {#text} at (0,0) size 368x18
          text run at (0,0) width 368: "Font: AppleSDGothicNeo-Light Weight: 300 Style: italic"
      RenderBlock {DIV} at (0,12914) size 769x24
        RenderText {#text} at (0,3) size 144x18
          text run at (0,3) width 144: "\x{679C}\x{57CE}\x{7684}\x{7F8E}\x{8B7D}\x{3002}\x{4E2D}\x{56FD}\x{53E4}"
      RenderBlock {DIV} at (0,12938) size 769x18
        RenderText {#text} at (0,0) size 368x18
          text run at (0,0) width 368: "Font: AppleSDGothicNeo-Light Weight: 400 Style: italic"
      RenderBlock {DIV} at (0,12956) size 769x24
        RenderText {#text} at (0,3) size 144x18
          text run at (0,3) width 144: "\x{679C}\x{57CE}\x{7684}\x{7F8E}\x{8B7D}\x{3002}\x{4E2D}\x{56FD}\x{53E4}"
      RenderBlock {DIV} at (0,12980) size 769x18
        RenderText {#text} at (0,0) size 368x18
          text run at (0,0) width 368: "Font: AppleSDGothicNeo-Light Weight: 500 Style: italic"
      RenderBlock {DIV} at (0,12998) size 769x24
        RenderText {#text} at (0,3) size 144x18
          text run at (0,3) width 144: "\x{679C}\x{57CE}\x{7684}\x{7F8E}\x{8B7D}\x{3002}\x{4E2D}\x{56FD}\x{53E4}"
      RenderBlock {DIV} at (0,13022) size 769x18
        RenderText {#text} at (0,0) size 368x18
          text run at (0,0) width 368: "Font: AppleSDGothicNeo-Light Weight: 600 Style: italic"
      RenderBlock {DIV} at (0,13040) size 769x24
        RenderText {#text} at (0,3) size 144x18
          text run at (0,3) width 144: "\x{679C}\x{57CE}\x{7684}\x{7F8E}\x{8B7D}\x{3002}\x{4E2D}\x{56FD}\x{53E4}"
      RenderBlock {DIV} at (0,13064) size 769x18
        RenderText {#text} at (0,0) size 368x18
          text run at (0,0) width 368: "Font: AppleSDGothicNeo-Light Weight: 700 Style: italic"
      RenderBlock {DIV} at (0,13082) size 769x24
        RenderText {#text} at (0,3) size 144x18
          text run at (0,3) width 144: "\x{679C}\x{57CE}\x{7684}\x{7F8E}\x{8B7D}\x{3002}\x{4E2D}\x{56FD}\x{53E4}"
      RenderBlock {DIV} at (0,13106) size 769x18
        RenderText {#text} at (0,0) size 368x18
          text run at (0,0) width 368: "Font: AppleSDGothicNeo-Light Weight: 800 Style: italic"
      RenderBlock {DIV} at (0,13124) size 769x24
        RenderText {#text} at (0,3) size 144x18
          text run at (0,3) width 144: "\x{679C}\x{57CE}\x{7684}\x{7F8E}\x{8B7D}\x{3002}\x{4E2D}\x{56FD}\x{53E4}"
      RenderBlock {DIV} at (0,13148) size 769x18
        RenderText {#text} at (0,0) size 368x18
          text run at (0,0) width 368: "Font: AppleSDGothicNeo-Light Weight: 900 Style: italic"
      RenderBlock {DIV} at (0,13166) size 769x24
        RenderText {#text} at (0,3) size 144x18
          text run at (0,3) width 144: "\x{679C}\x{57CE}\x{7684}\x{7F8E}\x{8B7D}\x{3002}\x{4E2D}\x{56FD}\x{53E4}"
      RenderBlock {DIV} at (0,13190) size 769x18
        RenderText {#text} at (0,0) size 400x18
          text run at (0,0) width 400: "Font: AppleSDGothicNeo-UltraLight Weight: 100 Style: italic"
      RenderBlock {DIV} at (0,13208) size 769x24
        RenderText {#text} at (0,3) size 144x18
          text run at (0,3) width 144: "\x{679C}\x{57CE}\x{7684}\x{7F8E}\x{8B7D}\x{3002}\x{4E2D}\x{56FD}\x{53E4}"
      RenderBlock {DIV} at (0,13232) size 769x18
        RenderText {#text} at (0,0) size 400x18
          text run at (0,0) width 400: "Font: AppleSDGothicNeo-UltraLight Weight: 200 Style: italic"
      RenderBlock {DIV} at (0,13250) size 769x24
        RenderText {#text} at (0,3) size 144x18
          text run at (0,3) width 144: "\x{679C}\x{57CE}\x{7684}\x{7F8E}\x{8B7D}\x{3002}\x{4E2D}\x{56FD}\x{53E4}"
      RenderBlock {DIV} at (0,13274) size 769x18
        RenderText {#text} at (0,0) size 400x18
          text run at (0,0) width 400: "Font: AppleSDGothicNeo-UltraLight Weight: 300 Style: italic"
      RenderBlock {DIV} at (0,13292) size 769x24
        RenderText {#text} at (0,3) size 144x18
          text run at (0,3) width 144: "\x{679C}\x{57CE}\x{7684}\x{7F8E}\x{8B7D}\x{3002}\x{4E2D}\x{56FD}\x{53E4}"
      RenderBlock {DIV} at (0,13316) size 769x18
        RenderText {#text} at (0,0) size 400x18
          text run at (0,0) width 400: "Font: AppleSDGothicNeo-UltraLight Weight: 400 Style: italic"
      RenderBlock {DIV} at (0,13334) size 769x24
        RenderText {#text} at (0,3) size 144x18
          text run at (0,3) width 144: "\x{679C}\x{57CE}\x{7684}\x{7F8E}\x{8B7D}\x{3002}\x{4E2D}\x{56FD}\x{53E4}"
      RenderBlock {DIV} at (0,13358) size 769x18
        RenderText {#text} at (0,0) size 400x18
          text run at (0,0) width 400: "Font: AppleSDGothicNeo-UltraLight Weight: 500 Style: italic"
      RenderBlock {DIV} at (0,13376) size 769x24
        RenderText {#text} at (0,3) size 144x18
          text run at (0,3) width 144: "\x{679C}\x{57CE}\x{7684}\x{7F8E}\x{8B7D}\x{3002}\x{4E2D}\x{56FD}\x{53E4}"
      RenderBlock {DIV} at (0,13400) size 769x18
        RenderText {#text} at (0,0) size 400x18
          text run at (0,0) width 400: "Font: AppleSDGothicNeo-UltraLight Weight: 600 Style: italic"
      RenderBlock {DIV} at (0,13418) size 769x24
        RenderText {#text} at (0,3) size 144x18
          text run at (0,3) width 144: "\x{679C}\x{57CE}\x{7684}\x{7F8E}\x{8B7D}\x{3002}\x{4E2D}\x{56FD}\x{53E4}"
      RenderBlock {DIV} at (0,13442) size 769x18
        RenderText {#text} at (0,0) size 400x18
          text run at (0,0) width 400: "Font: AppleSDGothicNeo-UltraLight Weight: 700 Style: italic"
      RenderBlock {DIV} at (0,13460) size 769x24
        RenderText {#text} at (0,3) size 144x18
          text run at (0,3) width 144: "\x{679C}\x{57CE}\x{7684}\x{7F8E}\x{8B7D}\x{3002}\x{4E2D}\x{56FD}\x{53E4}"
      RenderBlock {DIV} at (0,13484) size 769x18
        RenderText {#text} at (0,0) size 400x18
          text run at (0,0) width 400: "Font: AppleSDGothicNeo-UltraLight Weight: 800 Style: italic"
      RenderBlock {DIV} at (0,13502) size 769x24
        RenderText {#text} at (0,3) size 144x18
          text run at (0,3) width 144: "\x{679C}\x{57CE}\x{7684}\x{7F8E}\x{8B7D}\x{3002}\x{4E2D}\x{56FD}\x{53E4}"
      RenderBlock {DIV} at (0,13526) size 769x18
        RenderText {#text} at (0,0) size 400x18
          text run at (0,0) width 400: "Font: AppleSDGothicNeo-UltraLight Weight: 900 Style: italic"
      RenderBlock {DIV} at (0,13544) size 769x24
        RenderText {#text} at (0,3) size 144x18
          text run at (0,3) width 144: "\x{679C}\x{57CE}\x{7684}\x{7F8E}\x{8B7D}\x{3002}\x{4E2D}\x{56FD}\x{53E4}"
      RenderBlock {DIV} at (0,13568) size 769x18
        RenderText {#text} at (0,0) size 363x18
          text run at (0,0) width 363: "Font: AppleSDGothicNeo-Thin Weight: 100 Style: italic"
      RenderBlock {DIV} at (0,13586) size 769x24
        RenderText {#text} at (0,3) size 144x18
          text run at (0,3) width 144: "\x{679C}\x{57CE}\x{7684}\x{7F8E}\x{8B7D}\x{3002}\x{4E2D}\x{56FD}\x{53E4}"
      RenderBlock {DIV} at (0,13610) size 769x18
        RenderText {#text} at (0,0) size 363x18
          text run at (0,0) width 363: "Font: AppleSDGothicNeo-Thin Weight: 200 Style: italic"
      RenderBlock {DIV} at (0,13628) size 769x24
        RenderText {#text} at (0,3) size 144x18
          text run at (0,3) width 144: "\x{679C}\x{57CE}\x{7684}\x{7F8E}\x{8B7D}\x{3002}\x{4E2D}\x{56FD}\x{53E4}"
      RenderBlock {DIV} at (0,13652) size 769x18
        RenderText {#text} at (0,0) size 363x18
          text run at (0,0) width 363: "Font: AppleSDGothicNeo-Thin Weight: 300 Style: italic"
      RenderBlock {DIV} at (0,13670) size 769x24
        RenderText {#text} at (0,3) size 144x18
          text run at (0,3) width 144: "\x{679C}\x{57CE}\x{7684}\x{7F8E}\x{8B7D}\x{3002}\x{4E2D}\x{56FD}\x{53E4}"
      RenderBlock {DIV} at (0,13694) size 769x18
        RenderText {#text} at (0,0) size 363x18
          text run at (0,0) width 363: "Font: AppleSDGothicNeo-Thin Weight: 400 Style: italic"
      RenderBlock {DIV} at (0,13712) size 769x24
        RenderText {#text} at (0,3) size 144x18
          text run at (0,3) width 144: "\x{679C}\x{57CE}\x{7684}\x{7F8E}\x{8B7D}\x{3002}\x{4E2D}\x{56FD}\x{53E4}"
      RenderBlock {DIV} at (0,13736) size 769x18
        RenderText {#text} at (0,0) size 363x18
          text run at (0,0) width 363: "Font: AppleSDGothicNeo-Thin Weight: 500 Style: italic"
      RenderBlock {DIV} at (0,13754) size 769x24
        RenderText {#text} at (0,3) size 144x18
          text run at (0,3) width 144: "\x{679C}\x{57CE}\x{7684}\x{7F8E}\x{8B7D}\x{3002}\x{4E2D}\x{56FD}\x{53E4}"
      RenderBlock {DIV} at (0,13778) size 769x18
        RenderText {#text} at (0,0) size 363x18
          text run at (0,0) width 363: "Font: AppleSDGothicNeo-Thin Weight: 600 Style: italic"
      RenderBlock {DIV} at (0,13796) size 769x24
        RenderText {#text} at (0,3) size 144x18
          text run at (0,3) width 144: "\x{679C}\x{57CE}\x{7684}\x{7F8E}\x{8B7D}\x{3002}\x{4E2D}\x{56FD}\x{53E4}"
      RenderBlock {DIV} at (0,13820) size 769x18
        RenderText {#text} at (0,0) size 363x18
          text run at (0,0) width 363: "Font: AppleSDGothicNeo-Thin Weight: 700 Style: italic"
      RenderBlock {DIV} at (0,13838) size 769x24
        RenderText {#text} at (0,3) size 144x18
          text run at (0,3) width 144: "\x{679C}\x{57CE}\x{7684}\x{7F8E}\x{8B7D}\x{3002}\x{4E2D}\x{56FD}\x{53E4}"
      RenderBlock {DIV} at (0,13862) size 769x18
        RenderText {#text} at (0,0) size 363x18
          text run at (0,0) width 363: "Font: AppleSDGothicNeo-Thin Weight: 800 Style: italic"
      RenderBlock {DIV} at (0,13880) size 769x24
        RenderText {#text} at (0,3) size 144x18
          text run at (0,3) width 144: "\x{679C}\x{57CE}\x{7684}\x{7F8E}\x{8B7D}\x{3002}\x{4E2D}\x{56FD}\x{53E4}"
      RenderBlock {DIV} at (0,13904) size 769x18
        RenderText {#text} at (0,0) size 363x18
          text run at (0,0) width 363: "Font: AppleSDGothicNeo-Thin Weight: 900 Style: italic"
      RenderBlock {DIV} at (0,13922) size 769x24
        RenderText {#text} at (0,3) size 144x18
          text run at (0,3) width 144: "\x{679C}\x{57CE}\x{7684}\x{7F8E}\x{8B7D}\x{3002}\x{4E2D}\x{56FD}\x{53E4}"
      RenderBlock {DIV} at (0,13946) size 769x18
        RenderText {#text} at (0,0) size 397x18
          text run at (0,0) width 397: "Font: AppleSDGothicNeo-SemiBold Weight: 100 Style: italic"
      RenderBlock {DIV} at (0,13964) size 769x24
        RenderText {#text} at (0,3) size 144x18
          text run at (0,3) width 144: "\x{679C}\x{57CE}\x{7684}\x{7F8E}\x{8B7D}\x{3002}\x{4E2D}\x{56FD}\x{53E4}"
      RenderBlock {DIV} at (0,13988) size 769x18
        RenderText {#text} at (0,0) size 397x18
          text run at (0,0) width 397: "Font: AppleSDGothicNeo-SemiBold Weight: 200 Style: italic"
      RenderBlock {DIV} at (0,14006) size 769x24
        RenderText {#text} at (0,3) size 144x18
          text run at (0,3) width 144: "\x{679C}\x{57CE}\x{7684}\x{7F8E}\x{8B7D}\x{3002}\x{4E2D}\x{56FD}\x{53E4}"
      RenderBlock {DIV} at (0,14030) size 769x18
        RenderText {#text} at (0,0) size 397x18
          text run at (0,0) width 397: "Font: AppleSDGothicNeo-SemiBold Weight: 300 Style: italic"
      RenderBlock {DIV} at (0,14048) size 769x24
        RenderText {#text} at (0,3) size 144x18
          text run at (0,3) width 144: "\x{679C}\x{57CE}\x{7684}\x{7F8E}\x{8B7D}\x{3002}\x{4E2D}\x{56FD}\x{53E4}"
      RenderBlock {DIV} at (0,14072) size 769x18
        RenderText {#text} at (0,0) size 397x18
          text run at (0,0) width 397: "Font: AppleSDGothicNeo-SemiBold Weight: 400 Style: italic"
      RenderBlock {DIV} at (0,14090) size 769x24
        RenderText {#text} at (0,3) size 144x18
          text run at (0,3) width 144: "\x{679C}\x{57CE}\x{7684}\x{7F8E}\x{8B7D}\x{3002}\x{4E2D}\x{56FD}\x{53E4}"
      RenderBlock {DIV} at (0,14114) size 769x18
        RenderText {#text} at (0,0) size 397x18
          text run at (0,0) width 397: "Font: AppleSDGothicNeo-SemiBold Weight: 500 Style: italic"
      RenderBlock {DIV} at (0,14132) size 769x24
        RenderText {#text} at (0,3) size 144x18
          text run at (0,3) width 144: "\x{679C}\x{57CE}\x{7684}\x{7F8E}\x{8B7D}\x{3002}\x{4E2D}\x{56FD}\x{53E4}"
      RenderBlock {DIV} at (0,14156) size 769x18
        RenderText {#text} at (0,0) size 397x18
          text run at (0,0) width 397: "Font: AppleSDGothicNeo-SemiBold Weight: 600 Style: italic"
      RenderBlock {DIV} at (0,14174) size 769x24
        RenderText {#text} at (0,3) size 144x18
          text run at (0,3) width 144: "\x{679C}\x{57CE}\x{7684}\x{7F8E}\x{8B7D}\x{3002}\x{4E2D}\x{56FD}\x{53E4}"
      RenderBlock {DIV} at (0,14198) size 769x18
        RenderText {#text} at (0,0) size 397x18
          text run at (0,0) width 397: "Font: AppleSDGothicNeo-SemiBold Weight: 700 Style: italic"
      RenderBlock {DIV} at (0,14216) size 769x24
        RenderText {#text} at (0,3) size 144x18
          text run at (0,3) width 144: "\x{679C}\x{57CE}\x{7684}\x{7F8E}\x{8B7D}\x{3002}\x{4E2D}\x{56FD}\x{53E4}"
      RenderBlock {DIV} at (0,14240) size 769x18
        RenderText {#text} at (0,0) size 397x18
          text run at (0,0) width 397: "Font: AppleSDGothicNeo-SemiBold Weight: 800 Style: italic"
      RenderBlock {DIV} at (0,14258) size 769x24
        RenderText {#text} at (0,3) size 144x18
          text run at (0,3) width 144: "\x{679C}\x{57CE}\x{7684}\x{7F8E}\x{8B7D}\x{3002}\x{4E2D}\x{56FD}\x{53E4}"
      RenderBlock {DIV} at (0,14282) size 769x18
        RenderText {#text} at (0,0) size 397x18
          text run at (0,0) width 397: "Font: AppleSDGothicNeo-SemiBold Weight: 900 Style: italic"
      RenderBlock {DIV} at (0,14300) size 769x24
        RenderText {#text} at (0,3) size 144x18
          text run at (0,3) width 144: "\x{679C}\x{57CE}\x{7684}\x{7F8E}\x{8B7D}\x{3002}\x{4E2D}\x{56FD}\x{53E4}"
      RenderBlock {DIV} at (0,14324) size 769x18
        RenderText {#text} at (0,0) size 364x18
          text run at (0,0) width 364: "Font: AppleSDGothicNeo-Bold Weight: 100 Style: italic"
      RenderBlock {DIV} at (0,14342) size 769x24
        RenderText {#text} at (0,3) size 144x18
          text run at (0,3) width 144: "\x{679C}\x{57CE}\x{7684}\x{7F8E}\x{8B7D}\x{3002}\x{4E2D}\x{56FD}\x{53E4}"
      RenderBlock {DIV} at (0,14366) size 769x18
        RenderText {#text} at (0,0) size 364x18
          text run at (0,0) width 364: "Font: AppleSDGothicNeo-Bold Weight: 200 Style: italic"
      RenderBlock {DIV} at (0,14384) size 769x24
        RenderText {#text} at (0,3) size 144x18
          text run at (0,3) width 144: "\x{679C}\x{57CE}\x{7684}\x{7F8E}\x{8B7D}\x{3002}\x{4E2D}\x{56FD}\x{53E4}"
      RenderBlock {DIV} at (0,14408) size 769x18
        RenderText {#text} at (0,0) size 364x18
          text run at (0,0) width 364: "Font: AppleSDGothicNeo-Bold Weight: 300 Style: italic"
      RenderBlock {DIV} at (0,14426) size 769x24
        RenderText {#text} at (0,3) size 144x18
          text run at (0,3) width 144: "\x{679C}\x{57CE}\x{7684}\x{7F8E}\x{8B7D}\x{3002}\x{4E2D}\x{56FD}\x{53E4}"
      RenderBlock {DIV} at (0,14450) size 769x18
        RenderText {#text} at (0,0) size 364x18
          text run at (0,0) width 364: "Font: AppleSDGothicNeo-Bold Weight: 400 Style: italic"
      RenderBlock {DIV} at (0,14468) size 769x24
        RenderText {#text} at (0,3) size 144x18
          text run at (0,3) width 144: "\x{679C}\x{57CE}\x{7684}\x{7F8E}\x{8B7D}\x{3002}\x{4E2D}\x{56FD}\x{53E4}"
      RenderBlock {DIV} at (0,14492) size 769x18
        RenderText {#text} at (0,0) size 364x18
          text run at (0,0) width 364: "Font: AppleSDGothicNeo-Bold Weight: 500 Style: italic"
      RenderBlock {DIV} at (0,14510) size 769x24
        RenderText {#text} at (0,3) size 144x18
          text run at (0,3) width 144: "\x{679C}\x{57CE}\x{7684}\x{7F8E}\x{8B7D}\x{3002}\x{4E2D}\x{56FD}\x{53E4}"
      RenderBlock {DIV} at (0,14534) size 769x18
        RenderText {#text} at (0,0) size 364x18
          text run at (0,0) width 364: "Font: AppleSDGothicNeo-Bold Weight: 600 Style: italic"
      RenderBlock {DIV} at (0,14552) size 769x24
        RenderText {#text} at (0,3) size 144x18
          text run at (0,3) width 144: "\x{679C}\x{57CE}\x{7684}\x{7F8E}\x{8B7D}\x{3002}\x{4E2D}\x{56FD}\x{53E4}"
      RenderBlock {DIV} at (0,14576) size 769x18
        RenderText {#text} at (0,0) size 364x18
          text run at (0,0) width 364: "Font: AppleSDGothicNeo-Bold Weight: 700 Style: italic"
      RenderBlock {DIV} at (0,14594) size 769x24
        RenderText {#text} at (0,3) size 144x18
          text run at (0,3) width 144: "\x{679C}\x{57CE}\x{7684}\x{7F8E}\x{8B7D}\x{3002}\x{4E2D}\x{56FD}\x{53E4}"
      RenderBlock {DIV} at (0,14618) size 769x18
        RenderText {#text} at (0,0) size 364x18
          text run at (0,0) width 364: "Font: AppleSDGothicNeo-Bold Weight: 800 Style: italic"
      RenderBlock {DIV} at (0,14636) size 769x24
        RenderText {#text} at (0,3) size 144x18
          text run at (0,3) width 144: "\x{679C}\x{57CE}\x{7684}\x{7F8E}\x{8B7D}\x{3002}\x{4E2D}\x{56FD}\x{53E4}"
      RenderBlock {DIV} at (0,14660) size 769x18
        RenderText {#text} at (0,0) size 364x18
          text run at (0,0) width 364: "Font: AppleSDGothicNeo-Bold Weight: 900 Style: italic"
      RenderBlock {DIV} at (0,14678) size 769x24
        RenderText {#text} at (0,3) size 144x18
          text run at (0,3) width 144: "\x{679C}\x{57CE}\x{7684}\x{7F8E}\x{8B7D}\x{3002}\x{4E2D}\x{56FD}\x{53E4}"
      RenderBlock {DIV} at (0,14702) size 769x18
        RenderText {#text} at (0,0) size 399x18
          text run at (0,0) width 399: "Font: AppleSDGothicNeo-ExtraBold Weight: 100 Style: italic"
      RenderBlock {DIV} at (0,14720) size 769x24
        RenderText {#text} at (0,3) size 144x18
          text run at (0,3) width 144: "\x{679C}\x{57CE}\x{7684}\x{7F8E}\x{8B7D}\x{3002}\x{4E2D}\x{56FD}\x{53E4}"
      RenderBlock {DIV} at (0,14744) size 769x18
        RenderText {#text} at (0,0) size 399x18
          text run at (0,0) width 399: "Font: AppleSDGothicNeo-ExtraBold Weight: 200 Style: italic"
      RenderBlock {DIV} at (0,14762) size 769x24
        RenderText {#text} at (0,3) size 144x18
          text run at (0,3) width 144: "\x{679C}\x{57CE}\x{7684}\x{7F8E}\x{8B7D}\x{3002}\x{4E2D}\x{56FD}\x{53E4}"
      RenderBlock {DIV} at (0,14786) size 769x18
        RenderText {#text} at (0,0) size 399x18
          text run at (0,0) width 399: "Font: AppleSDGothicNeo-ExtraBold Weight: 300 Style: italic"
      RenderBlock {DIV} at (0,14804) size 769x24
        RenderText {#text} at (0,3) size 144x18
          text run at (0,3) width 144: "\x{679C}\x{57CE}\x{7684}\x{7F8E}\x{8B7D}\x{3002}\x{4E2D}\x{56FD}\x{53E4}"
      RenderBlock {DIV} at (0,14828) size 769x18
        RenderText {#text} at (0,0) size 399x18
          text run at (0,0) width 399: "Font: AppleSDGothicNeo-ExtraBold Weight: 400 Style: italic"
      RenderBlock {DIV} at (0,14846) size 769x24
        RenderText {#text} at (0,3) size 144x18
          text run at (0,3) width 144: "\x{679C}\x{57CE}\x{7684}\x{7F8E}\x{8B7D}\x{3002}\x{4E2D}\x{56FD}\x{53E4}"
      RenderBlock {DIV} at (0,14870) size 769x18
        RenderText {#text} at (0,0) size 399x18
          text run at (0,0) width 399: "Font: AppleSDGothicNeo-ExtraBold Weight: 500 Style: italic"
      RenderBlock {DIV} at (0,14888) size 769x24
        RenderText {#text} at (0,3) size 144x18
          text run at (0,3) width 144: "\x{679C}\x{57CE}\x{7684}\x{7F8E}\x{8B7D}\x{3002}\x{4E2D}\x{56FD}\x{53E4}"
      RenderBlock {DIV} at (0,14912) size 769x18
        RenderText {#text} at (0,0) size 399x18
          text run at (0,0) width 399: "Font: AppleSDGothicNeo-ExtraBold Weight: 600 Style: italic"
      RenderBlock {DIV} at (0,14930) size 769x24
        RenderText {#text} at (0,3) size 144x18
          text run at (0,3) width 144: "\x{679C}\x{57CE}\x{7684}\x{7F8E}\x{8B7D}\x{3002}\x{4E2D}\x{56FD}\x{53E4}"
      RenderBlock {DIV} at (0,14954) size 769x18
        RenderText {#text} at (0,0) size 399x18
          text run at (0,0) width 399: "Font: AppleSDGothicNeo-ExtraBold Weight: 700 Style: italic"
      RenderBlock {DIV} at (0,14972) size 769x24
        RenderText {#text} at (0,3) size 144x18
          text run at (0,3) width 144: "\x{679C}\x{57CE}\x{7684}\x{7F8E}\x{8B7D}\x{3002}\x{4E2D}\x{56FD}\x{53E4}"
      RenderBlock {DIV} at (0,14996) size 769x18
        RenderText {#text} at (0,0) size 399x18
          text run at (0,0) width 399: "Font: AppleSDGothicNeo-ExtraBold Weight: 800 Style: italic"
      RenderBlock {DIV} at (0,15014) size 769x24
        RenderText {#text} at (0,3) size 144x18
          text run at (0,3) width 144: "\x{679C}\x{57CE}\x{7684}\x{7F8E}\x{8B7D}\x{3002}\x{4E2D}\x{56FD}\x{53E4}"
      RenderBlock {DIV} at (0,15038) size 769x18
        RenderText {#text} at (0,0) size 399x18
          text run at (0,0) width 399: "Font: AppleSDGothicNeo-ExtraBold Weight: 900 Style: italic"
      RenderBlock {DIV} at (0,15056) size 769x24
        RenderText {#text} at (0,3) size 144x18
          text run at (0,3) width 144: "\x{679C}\x{57CE}\x{7684}\x{7F8E}\x{8B7D}\x{3002}\x{4E2D}\x{56FD}\x{53E4}"
      RenderBlock {DIV} at (0,15080) size 769x18
        RenderText {#text} at (0,0) size 375x18
          text run at (0,0) width 375: "Font: AppleSDGothicNeo-Heavy Weight: 100 Style: italic"
      RenderBlock {DIV} at (0,15098) size 769x24
        RenderText {#text} at (0,3) size 144x18
          text run at (0,3) width 144: "\x{679C}\x{57CE}\x{7684}\x{7F8E}\x{8B7D}\x{3002}\x{4E2D}\x{56FD}\x{53E4}"
      RenderBlock {DIV} at (0,15122) size 769x18
        RenderText {#text} at (0,0) size 375x18
          text run at (0,0) width 375: "Font: AppleSDGothicNeo-Heavy Weight: 200 Style: italic"
      RenderBlock {DIV} at (0,15140) size 769x24
        RenderText {#text} at (0,3) size 144x18
          text run at (0,3) width 144: "\x{679C}\x{57CE}\x{7684}\x{7F8E}\x{8B7D}\x{3002}\x{4E2D}\x{56FD}\x{53E4}"
      RenderBlock {DIV} at (0,15164) size 769x18
        RenderText {#text} at (0,0) size 375x18
          text run at (0,0) width 375: "Font: AppleSDGothicNeo-Heavy Weight: 300 Style: italic"
      RenderBlock {DIV} at (0,15182) size 769x24
        RenderText {#text} at (0,3) size 144x18
          text run at (0,3) width 144: "\x{679C}\x{57CE}\x{7684}\x{7F8E}\x{8B7D}\x{3002}\x{4E2D}\x{56FD}\x{53E4}"
      RenderBlock {DIV} at (0,15206) size 769x18
        RenderText {#text} at (0,0) size 375x18
          text run at (0,0) width 375: "Font: AppleSDGothicNeo-Heavy Weight: 400 Style: italic"
      RenderBlock {DIV} at (0,15224) size 769x24
        RenderText {#text} at (0,3) size 144x18
          text run at (0,3) width 144: "\x{679C}\x{57CE}\x{7684}\x{7F8E}\x{8B7D}\x{3002}\x{4E2D}\x{56FD}\x{53E4}"
      RenderBlock {DIV} at (0,15248) size 769x18
        RenderText {#text} at (0,0) size 375x18
          text run at (0,0) width 375: "Font: AppleSDGothicNeo-Heavy Weight: 500 Style: italic"
      RenderBlock {DIV} at (0,15266) size 769x24
        RenderText {#text} at (0,3) size 144x18
          text run at (0,3) width 144: "\x{679C}\x{57CE}\x{7684}\x{7F8E}\x{8B7D}\x{3002}\x{4E2D}\x{56FD}\x{53E4}"
      RenderBlock {DIV} at (0,15290) size 769x18
        RenderText {#text} at (0,0) size 375x18
          text run at (0,0) width 375: "Font: AppleSDGothicNeo-Heavy Weight: 600 Style: italic"
      RenderBlock {DIV} at (0,15308) size 769x24
        RenderText {#text} at (0,3) size 144x18
          text run at (0,3) width 144: "\x{679C}\x{57CE}\x{7684}\x{7F8E}\x{8B7D}\x{3002}\x{4E2D}\x{56FD}\x{53E4}"
      RenderBlock {DIV} at (0,15332) size 769x18
        RenderText {#text} at (0,0) size 375x18
          text run at (0,0) width 375: "Font: AppleSDGothicNeo-Heavy Weight: 700 Style: italic"
      RenderBlock {DIV} at (0,15350) size 769x24
        RenderText {#text} at (0,3) size 144x18
          text run at (0,3) width 144: "\x{679C}\x{57CE}\x{7684}\x{7F8E}\x{8B7D}\x{3002}\x{4E2D}\x{56FD}\x{53E4}"
      RenderBlock {DIV} at (0,15374) size 769x18
        RenderText {#text} at (0,0) size 375x18
          text run at (0,0) width 375: "Font: AppleSDGothicNeo-Heavy Weight: 800 Style: italic"
      RenderBlock {DIV} at (0,15392) size 769x24
        RenderText {#text} at (0,3) size 144x18
          text run at (0,3) width 144: "\x{679C}\x{57CE}\x{7684}\x{7F8E}\x{8B7D}\x{3002}\x{4E2D}\x{56FD}\x{53E4}"
      RenderBlock {DIV} at (0,15416) size 769x18
        RenderText {#text} at (0,0) size 375x18
          text run at (0,0) width 375: "Font: AppleSDGothicNeo-Heavy Weight: 900 Style: italic"
      RenderBlock {DIV} at (0,15434) size 769x24
        RenderText {#text} at (0,3) size 144x18
          text run at (0,3) width 144: "\x{679C}\x{57CE}\x{7684}\x{7F8E}\x{8B7D}\x{3002}\x{4E2D}\x{56FD}\x{53E4}"
