layer at (0,0) size 785x8506
  RenderView at (0,0) size 785x600
layer at (0,0) size 785x8506
  RenderBlock {HTML} at (0,0) size 785x8506
    RenderBody {BODY} at (8,16) size 769x8482
      RenderBlock {P} at (0,0) size 769x18
        RenderText {#text} at (0,0) size 502x18
          text run at (0,0) width 502: "This test dumps render tree information for text styled with font-feature-settings."
      RenderBlock {DIV} at (0,34) size 769x18
        RenderText {#text} at (0,0) size 493x18
          text run at (0,0) width 493: "Lucky affluent actor asks to feast on giant 10.34\" cheese-filled quiche in fjord."
      RenderBlock {DIV} at (0,52) size 769x18
        RenderText {#text} at (0,0) size 493x18
          text run at (0,0) width 493: "Lucky affluent actor asks to feast on giant 10.34\" cheese-filled quiche in fjord."
      RenderBlock {DIV} at (0,70) size 769x18
        RenderText {#text} at (0,0) size 493x18
          text run at (0,0) width 493: "Lucky affluent actor asks to feast on giant 10.34\" cheese-filled quiche in fjord."
      RenderBlock {DIV} at (0,88) size 769x18
        RenderText {#text} at (0,0) size 493x18
          text run at (0,0) width 493: "Lucky affluent actor asks to feast on giant 10.34\" cheese-filled quiche in fjord."
      RenderBlock {DIV} at (0,106) size 769x18
        RenderText {#text} at (0,0) size 493x18
          text run at (0,0) width 493: "Lucky affluent actor asks to feast on giant 10.34\" cheese-filled quiche in fjord."
      RenderBlock {DIV} at (0,124) size 769x18
        RenderText {#text} at (0,0) size 493x18
          text run at (0,0) width 493: "Lucky affluent actor asks to feast on giant 10.34\" cheese-filled quiche in fjord."
      RenderBlock {DIV} at (0,142) size 769x18
        RenderText {#text} at (0,0) size 493x18
          text run at (0,0) width 493: "Lucky affluent actor asks to feast on giant 10.34\" cheese-filled quiche in fjord."
      RenderBlock {DIV} at (0,160) size 769x18
        RenderText {#text} at (0,0) size 493x18
          text run at (0,0) width 493: "Lucky affluent actor asks to feast on giant 10.34\" cheese-filled quiche in fjord."
      RenderBlock {DIV} at (0,178) size 769x18
        RenderText {#text} at (0,0) size 493x18
          text run at (0,0) width 493: "Lucky affluent actor asks to feast on giant 10.34\" cheese-filled quiche in fjord."
      RenderBlock {DIV} at (0,196) size 769x18
        RenderText {#text} at (0,0) size 493x18
          text run at (0,0) width 493: "Lucky affluent actor asks to feast on giant 10.34\" cheese-filled quiche in fjord."
      RenderBlock {DIV} at (0,214) size 769x18
        RenderText {#text} at (0,0) size 493x18
          text run at (0,0) width 493: "Lucky affluent actor asks to feast on giant 10.34\" cheese-filled quiche in fjord."
      RenderBlock {DIV} at (0,232) size 769x18
        RenderText {#text} at (0,0) size 493x18
          text run at (0,0) width 493: "Lucky affluent actor asks to feast on giant 10.34\" cheese-filled quiche in fjord."
      RenderBlock {DIV} at (0,250) size 769x18
        RenderText {#text} at (0,0) size 493x18
          text run at (0,0) width 493: "Lucky affluent actor asks to feast on giant 10.34\" cheese-filled quiche in fjord."
      RenderBlock {DIV} at (0,268) size 769x18
        RenderText {#text} at (0,0) size 493x18
          text run at (0,0) width 493: "Lucky affluent actor asks to feast on giant 10.34\" cheese-filled quiche in fjord."
      RenderBlock {DIV} at (0,286) size 769x18
        RenderText {#text} at (0,0) size 493x18
          text run at (0,0) width 493: "Lucky affluent actor asks to feast on giant 10.34\" cheese-filled quiche in fjord."
      RenderBlock {DIV} at (0,304) size 769x18
        RenderText {#text} at (0,0) size 493x18
          text run at (0,0) width 493: "Lucky affluent actor asks to feast on giant 10.34\" cheese-filled quiche in fjord."
      RenderBlock {DIV} at (0,322) size 769x18
        RenderText {#text} at (0,0) size 493x18
          text run at (0,0) width 493: "Lucky affluent actor asks to feast on giant 10.34\" cheese-filled quiche in fjord."
      RenderBlock {DIV} at (0,340) size 769x18
        RenderText {#text} at (0,0) size 493x18
          text run at (0,0) width 493: "Lucky affluent actor asks to feast on giant 10.34\" cheese-filled quiche in fjord."
      RenderBlock {DIV} at (0,358) size 769x18
        RenderText {#text} at (0,0) size 493x18
          text run at (0,0) width 493: "Lucky affluent actor asks to feast on giant 10.34\" cheese-filled quiche in fjord."
      RenderBlock {DIV} at (0,376) size 769x18
        RenderText {#text} at (0,0) size 493x18
          text run at (0,0) width 493: "Lucky affluent actor asks to feast on giant 10.34\" cheese-filled quiche in fjord."
      RenderBlock {DIV} at (0,394) size 769x18
        RenderText {#text} at (0,0) size 493x18
          text run at (0,0) width 493: "Lucky affluent actor asks to feast on giant 10.34\" cheese-filled quiche in fjord."
      RenderBlock {DIV} at (0,412) size 769x18
        RenderText {#text} at (0,0) size 493x18
          text run at (0,0) width 493: "Lucky affluent actor asks to feast on giant 10.34\" cheese-filled quiche in fjord."
      RenderBlock {DIV} at (0,430) size 769x18
        RenderText {#text} at (0,0) size 493x18
          text run at (0,0) width 493: "Lucky affluent actor asks to feast on giant 10.34\" cheese-filled quiche in fjord."
      RenderBlock {DIV} at (0,448) size 769x18
        RenderText {#text} at (0,0) size 493x18
          text run at (0,0) width 493: "Lucky affluent actor asks to feast on giant 10.34\" cheese-filled quiche in fjord."
      RenderBlock {DIV} at (0,466) size 769x18
        RenderText {#text} at (0,0) size 543x17
          text run at (0,0) width 543: "Lucky affluent actor asks to feast on giant 10.34\" cheese-filled quiche in fjord."
      RenderBlock {DIV} at (0,484) size 769x18
        RenderText {#text} at (0,0) size 543x17
          text run at (0,0) width 543: "Lucky affluent actor asks to feast on giant 10.34\" cheese-filled quiche in fjord."
      RenderBlock {DIV} at (0,502) size 769x18
        RenderText {#text} at (0,0) size 543x17
          text run at (0,0) width 543: "Lucky affluent actor asks to feast on giant 10.34\" cheese-filled quiche in fjord."
      RenderBlock {DIV} at (0,520) size 769x18
        RenderText {#text} at (0,0) size 543x17
          text run at (0,0) width 543: "Lucky affluent actor asks to feast on giant 10.34\" cheese-filled quiche in fjord."
      RenderBlock {DIV} at (0,538) size 769x18
        RenderText {#text} at (0,0) size 543x17
          text run at (0,0) width 543: "Lucky affluent actor asks to feast on giant 10.34\" cheese-filled quiche in fjord."
      RenderBlock {DIV} at (0,556) size 769x18
        RenderText {#text} at (0,0) size 543x17
          text run at (0,0) width 543: "Lucky affluent actor asks to feast on giant 10.34\" cheese-filled quiche in fjord."
      RenderBlock {DIV} at (0,574) size 769x18
        RenderText {#text} at (0,0) size 543x17
          text run at (0,0) width 543: "Lucky affluent actor asks to feast on giant 10.34\" cheese-filled quiche in fjord."
      RenderBlock {DIV} at (0,592) size 769x18
        RenderText {#text} at (0,0) size 543x17
          text run at (0,0) width 543: "Lucky affluent actor asks to feast on giant 10.34\" cheese-filled quiche in fjord."
      RenderBlock {DIV} at (0,610) size 769x18
        RenderText {#text} at (0,0) size 543x17
          text run at (0,0) width 543: "Lucky affluent actor asks to feast on giant 10.34\" cheese-filled quiche in fjord."
      RenderBlock {DIV} at (0,628) size 769x18
        RenderText {#text} at (0,0) size 543x17
          text run at (0,0) width 543: "Lucky affluent actor asks to feast on giant 10.34\" cheese-filled quiche in fjord."
      RenderBlock {DIV} at (0,646) size 769x18
        RenderText {#text} at (0,0) size 543x17
          text run at (0,0) width 543: "Lucky affluent actor asks to feast on giant 10.34\" cheese-filled quiche in fjord."
      RenderBlock {DIV} at (0,664) size 769x18
        RenderText {#text} at (0,0) size 543x17
          text run at (0,0) width 543: "Lucky affluent actor asks to feast on giant 10.34\" cheese-filled quiche in fjord."
      RenderBlock {DIV} at (0,682) size 769x18
        RenderText {#text} at (0,0) size 543x17
          text run at (0,0) width 543: "Lucky affluent actor asks to feast on giant 10.34\" cheese-filled quiche in fjord."
      RenderBlock {DIV} at (0,700) size 769x18
        RenderText {#text} at (0,0) size 543x17
          text run at (0,0) width 543: "Lucky affluent actor asks to feast on giant 10.34\" cheese-filled quiche in fjord."
      RenderBlock {DIV} at (0,718) size 769x18
        RenderText {#text} at (0,0) size 543x17
          text run at (0,0) width 543: "Lucky affluent actor asks to feast on giant 10.34\" cheese-filled quiche in fjord."
      RenderBlock {DIV} at (0,736) size 769x18
        RenderText {#text} at (0,0) size 543x17
          text run at (0,0) width 543: "Lucky affluent actor asks to feast on giant 10.34\" cheese-filled quiche in fjord."
      RenderBlock {DIV} at (0,754) size 769x18
        RenderText {#text} at (0,0) size 543x17
          text run at (0,0) width 543: "Lucky affluent actor asks to feast on giant 10.34\" cheese-filled quiche in fjord."
      RenderBlock {DIV} at (0,772) size 769x18
        RenderText {#text} at (0,0) size 543x17
          text run at (0,0) width 543: "Lucky affluent actor asks to feast on giant 10.34\" cheese-filled quiche in fjord."
      RenderBlock {DIV} at (0,790) size 769x18
        RenderText {#text} at (0,0) size 543x17
          text run at (0,0) width 543: "Lucky affluent actor asks to feast on giant 10.34\" cheese-filled quiche in fjord."
      RenderBlock {DIV} at (0,808) size 769x18
        RenderText {#text} at (0,0) size 543x17
          text run at (0,0) width 543: "Lucky affluent actor asks to feast on giant 10.34\" cheese-filled quiche in fjord."
      RenderBlock {DIV} at (0,826) size 769x18
        RenderText {#text} at (0,0) size 543x17
          text run at (0,0) width 543: "Lucky affluent actor asks to feast on giant 10.34\" cheese-filled quiche in fjord."
      RenderBlock {DIV} at (0,844) size 769x18
        RenderText {#text} at (0,0) size 543x17
          text run at (0,0) width 543: "Lucky affluent actor asks to feast on giant 10.34\" cheese-filled quiche in fjord."
      RenderBlock {DIV} at (0,862) size 769x18
        RenderText {#text} at (0,0) size 543x17
          text run at (0,0) width 543: "Lucky affluent actor asks to feast on giant 10.34\" cheese-filled quiche in fjord."
      RenderBlock {DIV} at (0,880) size 769x18
        RenderText {#text} at (0,0) size 543x17
          text run at (0,0) width 543: "Lucky affluent actor asks to feast on giant 10.34\" cheese-filled quiche in fjord."
      RenderBlock {DIV} at (0,898) size 769x18
        RenderText {#text} at (0,0) size 493x18
          text run at (0,0) width 493: "Lucky affluent actor asks to feast on giant 10.34\" cheese-filled quiche in fjord."
      RenderBlock {DIV} at (0,916) size 769x18
        RenderText {#text} at (0,0) size 493x18
          text run at (0,0) width 493: "Lucky affluent actor asks to feast on giant 10.34\" cheese-filled quiche in fjord."
      RenderBlock {DIV} at (0,934) size 769x18
        RenderText {#text} at (0,0) size 493x18
          text run at (0,0) width 493: "Lucky affluent actor asks to feast on giant 10.34\" cheese-filled quiche in fjord."
      RenderBlock {DIV} at (0,952) size 769x18
        RenderText {#text} at (0,0) size 493x18
          text run at (0,0) width 493: "Lucky affluent actor asks to feast on giant 10.34\" cheese-filled quiche in fjord."
      RenderBlock {DIV} at (0,970) size 769x18
        RenderText {#text} at (0,0) size 493x18
          text run at (0,0) width 493: "Lucky affluent actor asks to feast on giant 10.34\" cheese-filled quiche in fjord."
      RenderBlock {DIV} at (0,988) size 769x18
        RenderText {#text} at (0,0) size 493x18
          text run at (0,0) width 493: "Lucky affluent actor asks to feast on giant 10.34\" cheese-filled quiche in fjord."
      RenderBlock {DIV} at (0,1006) size 769x18
        RenderText {#text} at (0,0) size 493x18
          text run at (0,0) width 493: "Lucky affluent actor asks to feast on giant 10.34\" cheese-filled quiche in fjord."
      RenderBlock {DIV} at (0,1024) size 769x18
        RenderText {#text} at (0,0) size 493x18
          text run at (0,0) width 493: "Lucky affluent actor asks to feast on giant 10.34\" cheese-filled quiche in fjord."
      RenderBlock {DIV} at (0,1042) size 769x18
        RenderText {#text} at (0,0) size 493x18
          text run at (0,0) width 493: "Lucky affluent actor asks to feast on giant 10.34\" cheese-filled quiche in fjord."
      RenderBlock {DIV} at (0,1060) size 769x18
        RenderText {#text} at (0,0) size 493x18
          text run at (0,0) width 493: "Lucky affluent actor asks to feast on giant 10.34\" cheese-filled quiche in fjord."
      RenderBlock {DIV} at (0,1078) size 769x18
        RenderText {#text} at (0,0) size 493x18
          text run at (0,0) width 493: "Lucky affluent actor asks to feast on giant 10.34\" cheese-filled quiche in fjord."
      RenderBlock {DIV} at (0,1096) size 769x18
        RenderText {#text} at (0,0) size 493x18
          text run at (0,0) width 493: "Lucky affluent actor asks to feast on giant 10.34\" cheese-filled quiche in fjord."
      RenderBlock {DIV} at (0,1114) size 769x18
        RenderText {#text} at (0,0) size 493x18
          text run at (0,0) width 493: "Lucky affluent actor asks to feast on giant 10.34\" cheese-filled quiche in fjord."
      RenderBlock {DIV} at (0,1132) size 769x18
        RenderText {#text} at (0,0) size 493x18
          text run at (0,0) width 493: "Lucky affluent actor asks to feast on giant 10.34\" cheese-filled quiche in fjord."
      RenderBlock {DIV} at (0,1150) size 769x18
        RenderText {#text} at (0,0) size 493x18
          text run at (0,0) width 493: "Lucky affluent actor asks to feast on giant 10.34\" cheese-filled quiche in fjord."
      RenderBlock {DIV} at (0,1168) size 769x18
        RenderText {#text} at (0,0) size 493x18
          text run at (0,0) width 493: "Lucky affluent actor asks to feast on giant 10.34\" cheese-filled quiche in fjord."
      RenderBlock {DIV} at (0,1186) size 769x18
        RenderText {#text} at (0,0) size 493x18
          text run at (0,0) width 493: "Lucky affluent actor asks to feast on giant 10.34\" cheese-filled quiche in fjord."
      RenderBlock {DIV} at (0,1204) size 769x18
        RenderText {#text} at (0,0) size 493x18
          text run at (0,0) width 493: "Lucky affluent actor asks to feast on giant 10.34\" cheese-filled quiche in fjord."
      RenderBlock {DIV} at (0,1222) size 769x18
        RenderText {#text} at (0,0) size 493x18
          text run at (0,0) width 493: "Lucky affluent actor asks to feast on giant 10.34\" cheese-filled quiche in fjord."
      RenderBlock {DIV} at (0,1240) size 769x18
        RenderText {#text} at (0,0) size 493x18
          text run at (0,0) width 493: "Lucky affluent actor asks to feast on giant 10.34\" cheese-filled quiche in fjord."
      RenderBlock {DIV} at (0,1258) size 769x18
        RenderText {#text} at (0,0) size 493x18
          text run at (0,0) width 493: "Lucky affluent actor asks to feast on giant 10.34\" cheese-filled quiche in fjord."
      RenderBlock {DIV} at (0,1276) size 769x18
        RenderText {#text} at (0,0) size 493x18
          text run at (0,0) width 493: "Lucky affluent actor asks to feast on giant 10.34\" cheese-filled quiche in fjord."
      RenderBlock {DIV} at (0,1294) size 769x18
        RenderText {#text} at (0,0) size 493x18
          text run at (0,0) width 493: "Lucky affluent actor asks to feast on giant 10.34\" cheese-filled quiche in fjord."
      RenderBlock {DIV} at (0,1312) size 769x18
        RenderText {#text} at (0,0) size 493x18
          text run at (0,0) width 493: "Lucky affluent actor asks to feast on giant 10.34\" cheese-filled quiche in fjord."
      RenderBlock {DIV} at (0,1330) size 769x18
        RenderText {#text} at (0,0) size 493x18
          text run at (0,0) width 493: "Lucky affluent actor asks to feast on giant 10.34\" cheese-filled quiche in fjord."
      RenderBlock {DIV} at (0,1348) size 769x18
        RenderText {#text} at (0,0) size 493x18
          text run at (0,0) width 493: "Lucky affluent actor asks to feast on giant 10.34\" cheese-filled quiche in fjord."
      RenderBlock {DIV} at (0,1366) size 769x18
        RenderText {#text} at (0,0) size 493x18
          text run at (0,0) width 493: "Lucky affluent actor asks to feast on giant 10.34\" cheese-filled quiche in fjord."
      RenderBlock {DIV} at (0,1384) size 769x18
        RenderText {#text} at (0,0) size 493x18
          text run at (0,0) width 493: "Lucky affluent actor asks to feast on giant 10.34\" cheese-filled quiche in fjord."
      RenderBlock {DIV} at (0,1402) size 769x18
        RenderText {#text} at (0,0) size 493x18
          text run at (0,0) width 493: "Lucky affluent actor asks to feast on giant 10.34\" cheese-filled quiche in fjord."
      RenderBlock {DIV} at (0,1420) size 769x18
        RenderText {#text} at (0,0) size 493x18
          text run at (0,0) width 493: "Lucky affluent actor asks to feast on giant 10.34\" cheese-filled quiche in fjord."
      RenderBlock {DIV} at (0,1438) size 769x18
        RenderText {#text} at (0,0) size 493x18
          text run at (0,0) width 493: "Lucky affluent actor asks to feast on giant 10.34\" cheese-filled quiche in fjord."
      RenderBlock {DIV} at (0,1456) size 769x18
        RenderText {#text} at (0,0) size 493x18
          text run at (0,0) width 493: "Lucky affluent actor asks to feast on giant 10.34\" cheese-filled quiche in fjord."
      RenderBlock {DIV} at (0,1474) size 769x18
        RenderText {#text} at (0,0) size 493x18
          text run at (0,0) width 493: "Lucky affluent actor asks to feast on giant 10.34\" cheese-filled quiche in fjord."
      RenderBlock {DIV} at (0,1492) size 769x18
        RenderText {#text} at (0,0) size 493x18
          text run at (0,0) width 493: "Lucky affluent actor asks to feast on giant 10.34\" cheese-filled quiche in fjord."
      RenderBlock {DIV} at (0,1510) size 769x18
        RenderText {#text} at (0,0) size 493x18
          text run at (0,0) width 493: "Lucky affluent actor asks to feast on giant 10.34\" cheese-filled quiche in fjord."
      RenderBlock {DIV} at (0,1528) size 769x18
        RenderText {#text} at (0,0) size 493x18
          text run at (0,0) width 493: "Lucky affluent actor asks to feast on giant 10.34\" cheese-filled quiche in fjord."
      RenderBlock {DIV} at (0,1546) size 769x18
        RenderText {#text} at (0,0) size 493x18
          text run at (0,0) width 493: "Lucky affluent actor asks to feast on giant 10.34\" cheese-filled quiche in fjord."
      RenderBlock {DIV} at (0,1564) size 769x18
        RenderText {#text} at (0,0) size 493x18
          text run at (0,0) width 493: "Lucky affluent actor asks to feast on giant 10.34\" cheese-filled quiche in fjord."
      RenderBlock {DIV} at (0,1582) size 769x18
        RenderText {#text} at (0,0) size 493x18
          text run at (0,0) width 493: "Lucky affluent actor asks to feast on giant 10.34\" cheese-filled quiche in fjord."
      RenderBlock {DIV} at (0,1600) size 769x18
        RenderText {#text} at (0,0) size 493x18
          text run at (0,0) width 493: "Lucky affluent actor asks to feast on giant 10.34\" cheese-filled quiche in fjord."
      RenderBlock {DIV} at (0,1618) size 769x18
        RenderText {#text} at (0,0) size 493x18
          text run at (0,0) width 493: "Lucky affluent actor asks to feast on giant 10.34\" cheese-filled quiche in fjord."
      RenderBlock {DIV} at (0,1636) size 769x18
        RenderText {#text} at (0,0) size 493x18
          text run at (0,0) width 493: "Lucky affluent actor asks to feast on giant 10.34\" cheese-filled quiche in fjord."
      RenderBlock {DIV} at (0,1654) size 769x18
        RenderText {#text} at (0,0) size 493x18
          text run at (0,0) width 493: "Lucky affluent actor asks to feast on giant 10.34\" cheese-filled quiche in fjord."
      RenderBlock {DIV} at (0,1672) size 769x18
        RenderText {#text} at (0,0) size 493x18
          text run at (0,0) width 493: "Lucky affluent actor asks to feast on giant 10.34\" cheese-filled quiche in fjord."
      RenderBlock {DIV} at (0,1690) size 769x18
        RenderText {#text} at (0,0) size 493x18
          text run at (0,0) width 493: "Lucky affluent actor asks to feast on giant 10.34\" cheese-filled quiche in fjord."
      RenderBlock {DIV} at (0,1708) size 769x18
        RenderText {#text} at (0,0) size 493x18
          text run at (0,0) width 493: "Lucky affluent actor asks to feast on giant 10.34\" cheese-filled quiche in fjord."
      RenderBlock {DIV} at (0,1726) size 769x18
        RenderText {#text} at (0,0) size 493x18
          text run at (0,0) width 493: "Lucky affluent actor asks to feast on giant 10.34\" cheese-filled quiche in fjord."
      RenderBlock {DIV} at (0,1744) size 769x18
        RenderText {#text} at (0,0) size 493x18
          text run at (0,0) width 493: "Lucky affluent actor asks to feast on giant 10.34\" cheese-filled quiche in fjord."
      RenderBlock {DIV} at (0,1762) size 769x19
        RenderText {#text} at (0,0) size 553x19
          text run at (0,0) width 553: "Lucky affluent actor asks to feast on giant 10.34\" cheese-filled quiche in fjord."
      RenderBlock {DIV} at (0,1781) size 769x19
        RenderText {#text} at (0,0) size 553x19
          text run at (0,0) width 553: "Lucky affluent actor asks to feast on giant 10.34\" cheese-filled quiche in fjord."
      RenderBlock {DIV} at (0,1800) size 769x19
        RenderText {#text} at (0,0) size 553x19
          text run at (0,0) width 553: "Lucky affluent actor asks to feast on giant 10.34\" cheese-filled quiche in fjord."
      RenderBlock {DIV} at (0,1819) size 769x19
        RenderText {#text} at (0,0) size 553x19
          text run at (0,0) width 553: "Lucky affluent actor asks to feast on giant 10.34\" cheese-filled quiche in fjord."
      RenderBlock {DIV} at (0,1838) size 769x19
        RenderText {#text} at (0,0) size 553x19
          text run at (0,0) width 553: "Lucky affluent actor asks to feast on giant 10.34\" cheese-filled quiche in fjord."
      RenderBlock {DIV} at (0,1857) size 769x19
        RenderText {#text} at (0,0) size 553x19
          text run at (0,0) width 553: "Lucky affluent actor asks to feast on giant 10.34\" cheese-filled quiche in fjord."
      RenderBlock {DIV} at (0,1876) size 769x19
        RenderText {#text} at (0,0) size 553x19
          text run at (0,0) width 553: "Lucky affluent actor asks to feast on giant 10.34\" cheese-filled quiche in fjord."
      RenderBlock {DIV} at (0,1895) size 769x19
        RenderText {#text} at (0,0) size 553x19
          text run at (0,0) width 553: "Lucky affluent actor asks to feast on giant 10.34\" cheese-filled quiche in fjord."
      RenderBlock {DIV} at (0,1914) size 769x19
        RenderText {#text} at (0,0) size 553x19
          text run at (0,0) width 553: "Lucky affluent actor asks to feast on giant 10.34\" cheese-filled quiche in fjord."
      RenderBlock {DIV} at (0,1933) size 769x19
        RenderText {#text} at (0,0) size 553x19
          text run at (0,0) width 553: "Lucky affluent actor asks to feast on giant 10.34\" cheese-filled quiche in fjord."
      RenderBlock {DIV} at (0,1952) size 769x19
        RenderText {#text} at (0,0) size 553x19
          text run at (0,0) width 553: "Lucky affluent actor asks to feast on giant 10.34\" cheese-filled quiche in fjord."
      RenderBlock {DIV} at (0,1971) size 769x19
        RenderText {#text} at (0,0) size 553x19
          text run at (0,0) width 553: "Lucky affluent actor asks to feast on giant 10.34\" cheese-filled quiche in fjord."
      RenderBlock {DIV} at (0,1990) size 769x19
        RenderText {#text} at (0,0) size 553x19
          text run at (0,0) width 553: "Lucky affluent actor asks to feast on giant 10.34\" cheese-filled quiche in fjord."
      RenderBlock {DIV} at (0,2009) size 769x19
        RenderText {#text} at (0,0) size 553x19
          text run at (0,0) width 553: "Lucky affluent actor asks to feast on giant 10.34\" cheese-filled quiche in fjord."
      RenderBlock {DIV} at (0,2028) size 769x19
        RenderText {#text} at (0,0) size 553x19
          text run at (0,0) width 553: "Lucky affluent actor asks to feast on giant 10.34\" cheese-filled quiche in fjord."
      RenderBlock {DIV} at (0,2047) size 769x19
        RenderText {#text} at (0,0) size 553x19
          text run at (0,0) width 553: "Lucky affluent actor asks to feast on giant 10.34\" cheese-filled quiche in fjord."
      RenderBlock {DIV} at (0,2066) size 769x19
        RenderText {#text} at (0,0) size 553x19
          text run at (0,0) width 553: "Lucky affluent actor asks to feast on giant 10.34\" cheese-filled quiche in fjord."
      RenderBlock {DIV} at (0,2085) size 769x19
        RenderText {#text} at (0,0) size 553x19
          text run at (0,0) width 553: "Lucky affluent actor asks to feast on giant 10.34\" cheese-filled quiche in fjord."
      RenderBlock {DIV} at (0,2104) size 769x19
        RenderText {#text} at (0,0) size 553x19
          text run at (0,0) width 553: "Lucky affluent actor asks to feast on giant 10.34\" cheese-filled quiche in fjord."
      RenderBlock {DIV} at (0,2123) size 769x19
        RenderText {#text} at (0,0) size 553x19
          text run at (0,0) width 553: "Lucky affluent actor asks to feast on giant 10.34\" cheese-filled quiche in fjord."
      RenderBlock {DIV} at (0,2142) size 769x19
        RenderText {#text} at (0,0) size 553x19
          text run at (0,0) width 553: "Lucky affluent actor asks to feast on giant 10.34\" cheese-filled quiche in fjord."
      RenderBlock {DIV} at (0,2161) size 769x19
        RenderText {#text} at (0,0) size 553x19
          text run at (0,0) width 553: "Lucky affluent actor asks to feast on giant 10.34\" cheese-filled quiche in fjord."
      RenderBlock {DIV} at (0,2180) size 769x19
        RenderText {#text} at (0,0) size 553x19
          text run at (0,0) width 553: "Lucky affluent actor asks to feast on giant 10.34\" cheese-filled quiche in fjord."
      RenderBlock {DIV} at (0,2199) size 769x19
        RenderText {#text} at (0,0) size 553x19
          text run at (0,0) width 553: "Lucky affluent actor asks to feast on giant 10.34\" cheese-filled quiche in fjord."
      RenderBlock {DIV} at (0,2218) size 769x18
        RenderText {#text} at (0,0) size 493x18
          text run at (0,0) width 493: "Lucky affluent actor asks to feast on giant 10.34\" cheese-filled quiche in fjord."
      RenderBlock {DIV} at (0,2236) size 769x18
        RenderText {#text} at (0,0) size 493x18
          text run at (0,0) width 493: "Lucky affluent actor asks to feast on giant 10.34\" cheese-filled quiche in fjord."
      RenderBlock {DIV} at (0,2254) size 769x18
        RenderText {#text} at (0,0) size 493x18
          text run at (0,0) width 493: "Lucky affluent actor asks to feast on giant 10.34\" cheese-filled quiche in fjord."
      RenderBlock {DIV} at (0,2272) size 769x18
        RenderText {#text} at (0,0) size 493x18
          text run at (0,0) width 493: "Lucky affluent actor asks to feast on giant 10.34\" cheese-filled quiche in fjord."
      RenderBlock {DIV} at (0,2290) size 769x18
        RenderText {#text} at (0,0) size 493x18
          text run at (0,0) width 493: "Lucky affluent actor asks to feast on giant 10.34\" cheese-filled quiche in fjord."
      RenderBlock {DIV} at (0,2308) size 769x18
        RenderText {#text} at (0,0) size 493x18
          text run at (0,0) width 493: "Lucky affluent actor asks to feast on giant 10.34\" cheese-filled quiche in fjord."
      RenderBlock {DIV} at (0,2326) size 769x18
        RenderText {#text} at (0,0) size 493x18
          text run at (0,0) width 493: "Lucky affluent actor asks to feast on giant 10.34\" cheese-filled quiche in fjord."
      RenderBlock {DIV} at (0,2344) size 769x18
        RenderText {#text} at (0,0) size 493x18
          text run at (0,0) width 493: "Lucky affluent actor asks to feast on giant 10.34\" cheese-filled quiche in fjord."
      RenderBlock {DIV} at (0,2362) size 769x18
        RenderText {#text} at (0,0) size 493x18
          text run at (0,0) width 493: "Lucky affluent actor asks to feast on giant 10.34\" cheese-filled quiche in fjord."
      RenderBlock {DIV} at (0,2380) size 769x18
        RenderText {#text} at (0,0) size 493x18
          text run at (0,0) width 493: "Lucky affluent actor asks to feast on giant 10.34\" cheese-filled quiche in fjord."
      RenderBlock {DIV} at (0,2398) size 769x18
        RenderText {#text} at (0,0) size 493x18
          text run at (0,0) width 493: "Lucky affluent actor asks to feast on giant 10.34\" cheese-filled quiche in fjord."
      RenderBlock {DIV} at (0,2416) size 769x18
        RenderText {#text} at (0,0) size 493x18
          text run at (0,0) width 493: "Lucky affluent actor asks to feast on giant 10.34\" cheese-filled quiche in fjord."
      RenderBlock {DIV} at (0,2434) size 769x18
        RenderText {#text} at (0,0) size 493x18
          text run at (0,0) width 493: "Lucky affluent actor asks to feast on giant 10.34\" cheese-filled quiche in fjord."
      RenderBlock {DIV} at (0,2452) size 769x18
        RenderText {#text} at (0,0) size 493x18
          text run at (0,0) width 493: "Lucky affluent actor asks to feast on giant 10.34\" cheese-filled quiche in fjord."
      RenderBlock {DIV} at (0,2470) size 769x18
        RenderText {#text} at (0,0) size 493x18
          text run at (0,0) width 493: "Lucky affluent actor asks to feast on giant 10.34\" cheese-filled quiche in fjord."
      RenderBlock {DIV} at (0,2488) size 769x18
        RenderText {#text} at (0,0) size 493x18
          text run at (0,0) width 493: "Lucky affluent actor asks to feast on giant 10.34\" cheese-filled quiche in fjord."
      RenderBlock {DIV} at (0,2506) size 769x18
        RenderText {#text} at (0,0) size 493x18
          text run at (0,0) width 493: "Lucky affluent actor asks to feast on giant 10.34\" cheese-filled quiche in fjord."
      RenderBlock {DIV} at (0,2524) size 769x18
        RenderText {#text} at (0,0) size 493x18
          text run at (0,0) width 493: "Lucky affluent actor asks to feast on giant 10.34\" cheese-filled quiche in fjord."
      RenderBlock {DIV} at (0,2542) size 769x18
        RenderText {#text} at (0,0) size 493x18
          text run at (0,0) width 493: "Lucky affluent actor asks to feast on giant 10.34\" cheese-filled quiche in fjord."
      RenderBlock {DIV} at (0,2560) size 769x18
        RenderText {#text} at (0,0) size 493x18
          text run at (0,0) width 493: "Lucky affluent actor asks to feast on giant 10.34\" cheese-filled quiche in fjord."
      RenderBlock {DIV} at (0,2578) size 769x18
        RenderText {#text} at (0,0) size 493x18
          text run at (0,0) width 493: "Lucky affluent actor asks to feast on giant 10.34\" cheese-filled quiche in fjord."
      RenderBlock {DIV} at (0,2596) size 769x18
        RenderText {#text} at (0,0) size 493x18
          text run at (0,0) width 493: "Lucky affluent actor asks to feast on giant 10.34\" cheese-filled quiche in fjord."
      RenderBlock {DIV} at (0,2614) size 769x18
        RenderText {#text} at (0,0) size 493x18
          text run at (0,0) width 493: "Lucky affluent actor asks to feast on giant 10.34\" cheese-filled quiche in fjord."
      RenderBlock {DIV} at (0,2632) size 769x18
        RenderText {#text} at (0,0) size 493x18
          text run at (0,0) width 493: "Lucky affluent actor asks to feast on giant 10.34\" cheese-filled quiche in fjord."
      RenderBlock {DIV} at (0,2650) size 769x18
        RenderText {#text} at (0,0) size 543x18
          text run at (0,0) width 543: "Lucky affluent actor asks to feast on giant 10.34\" cheese-filled quiche in fjord."
      RenderBlock {DIV} at (0,2668) size 769x18
        RenderText {#text} at (0,0) size 543x18
          text run at (0,0) width 543: "Lucky affluent actor asks to feast on giant 10.34\" cheese-filled quiche in fjord."
      RenderBlock {DIV} at (0,2686) size 769x18
        RenderText {#text} at (0,0) size 543x18
          text run at (0,0) width 543: "Lucky affluent actor asks to feast on giant 10.34\" cheese-filled quiche in fjord."
      RenderBlock {DIV} at (0,2704) size 769x18
        RenderText {#text} at (0,0) size 543x18
          text run at (0,0) width 543: "Lucky affluent actor asks to feast on giant 10.34\" cheese-filled quiche in fjord."
      RenderBlock {DIV} at (0,2722) size 769x18
        RenderText {#text} at (0,0) size 543x18
          text run at (0,0) width 543: "Lucky affluent actor asks to feast on giant 10.34\" cheese-filled quiche in fjord."
      RenderBlock {DIV} at (0,2740) size 769x18
        RenderText {#text} at (0,0) size 543x18
          text run at (0,0) width 543: "Lucky affluent actor asks to feast on giant 10.34\" cheese-filled quiche in fjord."
      RenderBlock {DIV} at (0,2758) size 769x18
        RenderText {#text} at (0,0) size 543x18
          text run at (0,0) width 543: "Lucky affluent actor asks to feast on giant 10.34\" cheese-filled quiche in fjord."
      RenderBlock {DIV} at (0,2776) size 769x18
        RenderText {#text} at (0,0) size 543x18
          text run at (0,0) width 543: "Lucky affluent actor asks to feast on giant 10.34\" cheese-filled quiche in fjord."
      RenderBlock {DIV} at (0,2794) size 769x18
        RenderText {#text} at (0,0) size 543x18
          text run at (0,0) width 543: "Lucky affluent actor asks to feast on giant 10.34\" cheese-filled quiche in fjord."
      RenderBlock {DIV} at (0,2812) size 769x18
        RenderText {#text} at (0,0) size 543x18
          text run at (0,0) width 543: "Lucky affluent actor asks to feast on giant 10.34\" cheese-filled quiche in fjord."
      RenderBlock {DIV} at (0,2830) size 769x18
        RenderText {#text} at (0,0) size 543x18
          text run at (0,0) width 543: "Lucky affluent actor asks to feast on giant 10.34\" cheese-filled quiche in fjord."
      RenderBlock {DIV} at (0,2848) size 769x18
        RenderText {#text} at (0,0) size 543x18
          text run at (0,0) width 543: "Lucky affluent actor asks to feast on giant 10.34\" cheese-filled quiche in fjord."
      RenderBlock {DIV} at (0,2866) size 769x18
        RenderText {#text} at (0,0) size 543x18
          text run at (0,0) width 543: "Lucky affluent actor asks to feast on giant 10.34\" cheese-filled quiche in fjord."
      RenderBlock {DIV} at (0,2884) size 769x18
        RenderText {#text} at (0,0) size 543x18
          text run at (0,0) width 543: "Lucky affluent actor asks to feast on giant 10.34\" cheese-filled quiche in fjord."
      RenderBlock {DIV} at (0,2902) size 769x18
        RenderText {#text} at (0,0) size 543x18
          text run at (0,0) width 543: "Lucky affluent actor asks to feast on giant 10.34\" cheese-filled quiche in fjord."
      RenderBlock {DIV} at (0,2920) size 769x18
        RenderText {#text} at (0,0) size 543x18
          text run at (0,0) width 543: "Lucky affluent actor asks to feast on giant 10.34\" cheese-filled quiche in fjord."
      RenderBlock {DIV} at (0,2938) size 769x18
        RenderText {#text} at (0,0) size 543x18
          text run at (0,0) width 543: "Lucky affluent actor asks to feast on giant 10.34\" cheese-filled quiche in fjord."
      RenderBlock {DIV} at (0,2956) size 769x18
        RenderText {#text} at (0,0) size 543x18
          text run at (0,0) width 543: "Lucky affluent actor asks to feast on giant 10.34\" cheese-filled quiche in fjord."
      RenderBlock {DIV} at (0,2974) size 769x18
        RenderText {#text} at (0,0) size 543x18
          text run at (0,0) width 543: "Lucky affluent actor asks to feast on giant 10.34\" cheese-filled quiche in fjord."
      RenderBlock {DIV} at (0,2992) size 769x18
        RenderText {#text} at (0,0) size 543x18
          text run at (0,0) width 543: "Lucky affluent actor asks to feast on giant 10.34\" cheese-filled quiche in fjord."
      RenderBlock {DIV} at (0,3010) size 769x18
        RenderText {#text} at (0,0) size 543x18
          text run at (0,0) width 543: "Lucky affluent actor asks to feast on giant 10.34\" cheese-filled quiche in fjord."
      RenderBlock {DIV} at (0,3028) size 769x18
        RenderText {#text} at (0,0) size 543x18
          text run at (0,0) width 543: "Lucky affluent actor asks to feast on giant 10.34\" cheese-filled quiche in fjord."
      RenderBlock {DIV} at (0,3046) size 769x18
        RenderText {#text} at (0,0) size 543x18
          text run at (0,0) width 543: "Lucky affluent actor asks to feast on giant 10.34\" cheese-filled quiche in fjord."
      RenderBlock {DIV} at (0,3064) size 769x18
        RenderText {#text} at (0,0) size 543x18
          text run at (0,0) width 543: "Lucky affluent actor asks to feast on giant 10.34\" cheese-filled quiche in fjord."
      RenderBlock {DIV} at (0,3082) size 769x18
        RenderText {#text} at (0,0) size 562x18
          text run at (0,0) width 562: "Lucky affluent actor asks to feast on giant 10.34\" cheese-filled quiche in fjord."
      RenderBlock {DIV} at (0,3100) size 769x18
        RenderText {#text} at (0,0) size 562x18
          text run at (0,0) width 562: "Lucky affluent actor asks to feast on giant 10.34\" cheese-filled quiche in fjord."
      RenderBlock {DIV} at (0,3118) size 769x18
        RenderText {#text} at (0,0) size 562x18
          text run at (0,0) width 562: "Lucky affluent actor asks to feast on giant 10.34\" cheese-filled quiche in fjord."
      RenderBlock {DIV} at (0,3136) size 769x18
        RenderText {#text} at (0,0) size 562x18
          text run at (0,0) width 562: "Lucky affluent actor asks to feast on giant 10.34\" cheese-filled quiche in fjord."
      RenderBlock {DIV} at (0,3154) size 769x18
        RenderText {#text} at (0,0) size 562x18
          text run at (0,0) width 562: "Lucky affluent actor asks to feast on giant 10.34\" cheese-filled quiche in fjord."
      RenderBlock {DIV} at (0,3172) size 769x18
        RenderText {#text} at (0,0) size 562x18
          text run at (0,0) width 562: "Lucky affluent actor asks to feast on giant 10.34\" cheese-filled quiche in fjord."
      RenderBlock {DIV} at (0,3190) size 769x18
        RenderText {#text} at (0,0) size 562x18
          text run at (0,0) width 562: "Lucky affluent actor asks to feast on giant 10.34\" cheese-filled quiche in fjord."
      RenderBlock {DIV} at (0,3208) size 769x18
        RenderText {#text} at (0,0) size 562x18
          text run at (0,0) width 562: "Lucky affluent actor asks to feast on giant 10.34\" cheese-filled quiche in fjord."
      RenderBlock {DIV} at (0,3226) size 769x18
        RenderText {#text} at (0,0) size 562x18
          text run at (0,0) width 562: "Lucky affluent actor asks to feast on giant 10.34\" cheese-filled quiche in fjord."
      RenderBlock {DIV} at (0,3244) size 769x18
        RenderText {#text} at (0,0) size 562x18
          text run at (0,0) width 562: "Lucky affluent actor asks to feast on giant 10.34\" cheese-filled quiche in fjord."
      RenderBlock {DIV} at (0,3262) size 769x18
        RenderText {#text} at (0,0) size 562x18
          text run at (0,0) width 562: "Lucky affluent actor asks to feast on giant 10.34\" cheese-filled quiche in fjord."
      RenderBlock {DIV} at (0,3280) size 769x18
        RenderText {#text} at (0,0) size 562x18
          text run at (0,0) width 562: "Lucky affluent actor asks to feast on giant 10.34\" cheese-filled quiche in fjord."
      RenderBlock {DIV} at (0,3298) size 769x18
        RenderText {#text} at (0,0) size 562x18
          text run at (0,0) width 562: "Lucky affluent actor asks to feast on giant 10.34\" cheese-filled quiche in fjord."
      RenderBlock {DIV} at (0,3316) size 769x18
        RenderText {#text} at (0,0) size 562x18
          text run at (0,0) width 562: "Lucky affluent actor asks to feast on giant 10.34\" cheese-filled quiche in fjord."
      RenderBlock {DIV} at (0,3334) size 769x18
        RenderText {#text} at (0,0) size 562x18
          text run at (0,0) width 562: "Lucky affluent actor asks to feast on giant 10.34\" cheese-filled quiche in fjord."
      RenderBlock {DIV} at (0,3352) size 769x18
        RenderText {#text} at (0,0) size 562x18
          text run at (0,0) width 562: "Lucky affluent actor asks to feast on giant 10.34\" cheese-filled quiche in fjord."
      RenderBlock {DIV} at (0,3370) size 769x18
        RenderText {#text} at (0,0) size 562x18
          text run at (0,0) width 562: "Lucky affluent actor asks to feast on giant 10.34\" cheese-filled quiche in fjord."
      RenderBlock {DIV} at (0,3388) size 769x18
        RenderText {#text} at (0,0) size 562x18
          text run at (0,0) width 562: "Lucky affluent actor asks to feast on giant 10.34\" cheese-filled quiche in fjord."
      RenderBlock {DIV} at (0,3406) size 769x18
        RenderText {#text} at (0,0) size 562x18
          text run at (0,0) width 562: "Lucky affluent actor asks to feast on giant 10.34\" cheese-filled quiche in fjord."
      RenderBlock {DIV} at (0,3424) size 769x18
        RenderText {#text} at (0,0) size 562x18
          text run at (0,0) width 562: "Lucky affluent actor asks to feast on giant 10.34\" cheese-filled quiche in fjord."
      RenderBlock {DIV} at (0,3442) size 769x18
        RenderText {#text} at (0,0) size 562x18
          text run at (0,0) width 562: "Lucky affluent actor asks to feast on giant 10.34\" cheese-filled quiche in fjord."
      RenderBlock {DIV} at (0,3460) size 769x18
        RenderText {#text} at (0,0) size 562x18
          text run at (0,0) width 562: "Lucky affluent actor asks to feast on giant 10.34\" cheese-filled quiche in fjord."
      RenderBlock {DIV} at (0,3478) size 769x18
        RenderText {#text} at (0,0) size 562x18
          text run at (0,0) width 562: "Lucky affluent actor asks to feast on giant 10.34\" cheese-filled quiche in fjord."
      RenderBlock {DIV} at (0,3496) size 769x18
        RenderText {#text} at (0,0) size 562x18
          text run at (0,0) width 562: "Lucky affluent actor asks to feast on giant 10.34\" cheese-filled quiche in fjord."
      RenderBlock {DIV} at (0,3514) size 769x18
        RenderText {#text} at (0,0) size 493x18
          text run at (0,0) width 493: "Lucky affluent actor asks to feast on giant 10.34\" cheese-filled quiche in fjord."
      RenderBlock {DIV} at (0,3532) size 769x18
        RenderText {#text} at (0,0) size 493x18
          text run at (0,0) width 493: "Lucky affluent actor asks to feast on giant 10.34\" cheese-filled quiche in fjord."
      RenderBlock {DIV} at (0,3550) size 769x18
        RenderText {#text} at (0,0) size 493x18
          text run at (0,0) width 493: "Lucky affluent actor asks to feast on giant 10.34\" cheese-filled quiche in fjord."
      RenderBlock {DIV} at (0,3568) size 769x18
        RenderText {#text} at (0,0) size 493x18
          text run at (0,0) width 493: "Lucky affluent actor asks to feast on giant 10.34\" cheese-filled quiche in fjord."
      RenderBlock {DIV} at (0,3586) size 769x18
        RenderText {#text} at (0,0) size 493x18
          text run at (0,0) width 493: "Lucky affluent actor asks to feast on giant 10.34\" cheese-filled quiche in fjord."
      RenderBlock {DIV} at (0,3604) size 769x18
        RenderText {#text} at (0,0) size 493x18
          text run at (0,0) width 493: "Lucky affluent actor asks to feast on giant 10.34\" cheese-filled quiche in fjord."
      RenderBlock {DIV} at (0,3622) size 769x18
        RenderText {#text} at (0,0) size 493x18
          text run at (0,0) width 493: "Lucky affluent actor asks to feast on giant 10.34\" cheese-filled quiche in fjord."
      RenderBlock {DIV} at (0,3640) size 769x18
        RenderText {#text} at (0,0) size 493x18
          text run at (0,0) width 493: "Lucky affluent actor asks to feast on giant 10.34\" cheese-filled quiche in fjord."
      RenderBlock {DIV} at (0,3658) size 769x18
        RenderText {#text} at (0,0) size 493x18
          text run at (0,0) width 493: "Lucky affluent actor asks to feast on giant 10.34\" cheese-filled quiche in fjord."
      RenderBlock {DIV} at (0,3676) size 769x18
        RenderText {#text} at (0,0) size 493x18
          text run at (0,0) width 493: "Lucky affluent actor asks to feast on giant 10.34\" cheese-filled quiche in fjord."
      RenderBlock {DIV} at (0,3694) size 769x18
        RenderText {#text} at (0,0) size 493x18
          text run at (0,0) width 493: "Lucky affluent actor asks to feast on giant 10.34\" cheese-filled quiche in fjord."
      RenderBlock {DIV} at (0,3712) size 769x18
        RenderText {#text} at (0,0) size 493x18
          text run at (0,0) width 493: "Lucky affluent actor asks to feast on giant 10.34\" cheese-filled quiche in fjord."
      RenderBlock {DIV} at (0,3730) size 769x18
        RenderText {#text} at (0,0) size 493x18
          text run at (0,0) width 493: "Lucky affluent actor asks to feast on giant 10.34\" cheese-filled quiche in fjord."
      RenderBlock {DIV} at (0,3748) size 769x18
        RenderText {#text} at (0,0) size 493x18
          text run at (0,0) width 493: "Lucky affluent actor asks to feast on giant 10.34\" cheese-filled quiche in fjord."
      RenderBlock {DIV} at (0,3766) size 769x18
        RenderText {#text} at (0,0) size 493x18
          text run at (0,0) width 493: "Lucky affluent actor asks to feast on giant 10.34\" cheese-filled quiche in fjord."
      RenderBlock {DIV} at (0,3784) size 769x18
        RenderText {#text} at (0,0) size 493x18
          text run at (0,0) width 493: "Lucky affluent actor asks to feast on giant 10.34\" cheese-filled quiche in fjord."
      RenderBlock {DIV} at (0,3802) size 769x18
        RenderText {#text} at (0,0) size 493x18
          text run at (0,0) width 493: "Lucky affluent actor asks to feast on giant 10.34\" cheese-filled quiche in fjord."
      RenderBlock {DIV} at (0,3820) size 769x18
        RenderText {#text} at (0,0) size 493x18
          text run at (0,0) width 493: "Lucky affluent actor asks to feast on giant 10.34\" cheese-filled quiche in fjord."
      RenderBlock {DIV} at (0,3838) size 769x18
        RenderText {#text} at (0,0) size 493x18
          text run at (0,0) width 493: "Lucky affluent actor asks to feast on giant 10.34\" cheese-filled quiche in fjord."
      RenderBlock {DIV} at (0,3856) size 769x18
        RenderText {#text} at (0,0) size 493x18
          text run at (0,0) width 493: "Lucky affluent actor asks to feast on giant 10.34\" cheese-filled quiche in fjord."
      RenderBlock {DIV} at (0,3874) size 769x18
        RenderText {#text} at (0,0) size 493x18
          text run at (0,0) width 493: "Lucky affluent actor asks to feast on giant 10.34\" cheese-filled quiche in fjord."
      RenderBlock {DIV} at (0,3892) size 769x18
        RenderText {#text} at (0,0) size 493x18
          text run at (0,0) width 493: "Lucky affluent actor asks to feast on giant 10.34\" cheese-filled quiche in fjord."
      RenderBlock {DIV} at (0,3910) size 769x18
        RenderText {#text} at (0,0) size 493x18
          text run at (0,0) width 493: "Lucky affluent actor asks to feast on giant 10.34\" cheese-filled quiche in fjord."
      RenderBlock {DIV} at (0,3928) size 769x18
        RenderText {#text} at (0,0) size 493x18
          text run at (0,0) width 493: "Lucky affluent actor asks to feast on giant 10.34\" cheese-filled quiche in fjord."
      RenderBlock {DIV} at (0,3946) size 769x19
        RenderText {#text} at (0,0) size 504x19
          text run at (0,0) width 504: "Lucky affluent actor asks to feast on giant 10.34\" cheese-filled quiche in fjord."
      RenderBlock {DIV} at (0,3965) size 769x19
        RenderText {#text} at (0,0) size 504x19
          text run at (0,0) width 504: "Lucky affluent actor asks to feast on giant 10.34\" cheese-filled quiche in fjord."
      RenderBlock {DIV} at (0,3984) size 769x19
        RenderText {#text} at (0,0) size 504x19
          text run at (0,0) width 504: "Lucky affluent actor asks to feast on giant 10.34\" cheese-filled quiche in fjord."
      RenderBlock {DIV} at (0,4003) size 769x19
        RenderText {#text} at (0,0) size 504x19
          text run at (0,0) width 504: "Lucky affluent actor asks to feast on giant 10.34\" cheese-filled quiche in fjord."
      RenderBlock {DIV} at (0,4022) size 769x19
        RenderText {#text} at (0,0) size 504x19
          text run at (0,0) width 504: "Lucky affluent actor asks to feast on giant 10.34\" cheese-filled quiche in fjord."
      RenderBlock {DIV} at (0,4041) size 769x19
        RenderText {#text} at (0,0) size 504x19
          text run at (0,0) width 504: "Lucky affluent actor asks to feast on giant 10.34\" cheese-filled quiche in fjord."
      RenderBlock {DIV} at (0,4060) size 769x19
        RenderText {#text} at (0,0) size 504x19
          text run at (0,0) width 504: "Lucky affluent actor asks to feast on giant 10.34\" cheese-filled quiche in fjord."
      RenderBlock {DIV} at (0,4079) size 769x19
        RenderText {#text} at (0,0) size 504x19
          text run at (0,0) width 504: "Lucky affluent actor asks to feast on giant 10.34\" cheese-filled quiche in fjord."
      RenderBlock {DIV} at (0,4098) size 769x19
        RenderText {#text} at (0,0) size 504x19
          text run at (0,0) width 504: "Lucky affluent actor asks to feast on giant 10.34\" cheese-filled quiche in fjord."
      RenderBlock {DIV} at (0,4117) size 769x19
        RenderText {#text} at (0,0) size 504x19
          text run at (0,0) width 504: "Lucky affluent actor asks to feast on giant 10.34\" cheese-filled quiche in fjord."
      RenderBlock {DIV} at (0,4136) size 769x19
        RenderText {#text} at (0,0) size 504x19
          text run at (0,0) width 504: "Lucky affluent actor asks to feast on giant 10.34\" cheese-filled quiche in fjord."
      RenderBlock {DIV} at (0,4155) size 769x19
        RenderText {#text} at (0,0) size 504x19
          text run at (0,0) width 504: "Lucky affluent actor asks to feast on giant 10.34\" cheese-filled quiche in fjord."
      RenderBlock {DIV} at (0,4174) size 769x19
        RenderText {#text} at (0,0) size 504x19
          text run at (0,0) width 504: "Lucky affluent actor asks to feast on giant 10.34\" cheese-filled quiche in fjord."
      RenderBlock {DIV} at (0,4193) size 769x19
        RenderText {#text} at (0,0) size 504x19
          text run at (0,0) width 504: "Lucky affluent actor asks to feast on giant 10.34\" cheese-filled quiche in fjord."
      RenderBlock {DIV} at (0,4212) size 769x19
        RenderText {#text} at (0,0) size 504x19
          text run at (0,0) width 504: "Lucky affluent actor asks to feast on giant 10.34\" cheese-filled quiche in fjord."
      RenderBlock {DIV} at (0,4231) size 769x19
        RenderText {#text} at (0,0) size 504x19
          text run at (0,0) width 504: "Lucky affluent actor asks to feast on giant 10.34\" cheese-filled quiche in fjord."
      RenderBlock {DIV} at (0,4250) size 769x19
        RenderText {#text} at (0,0) size 504x19
          text run at (0,0) width 504: "Lucky affluent actor asks to feast on giant 10.34\" cheese-filled quiche in fjord."
      RenderBlock {DIV} at (0,4269) size 769x19
        RenderText {#text} at (0,0) size 504x19
          text run at (0,0) width 504: "Lucky affluent actor asks to feast on giant 10.34\" cheese-filled quiche in fjord."
      RenderBlock {DIV} at (0,4288) size 769x19
        RenderText {#text} at (0,0) size 504x19
          text run at (0,0) width 504: "Lucky affluent actor asks to feast on giant 10.34\" cheese-filled quiche in fjord."
      RenderBlock {DIV} at (0,4307) size 769x19
        RenderText {#text} at (0,0) size 504x19
          text run at (0,0) width 504: "Lucky affluent actor asks to feast on giant 10.34\" cheese-filled quiche in fjord."
      RenderBlock {DIV} at (0,4326) size 769x19
        RenderText {#text} at (0,0) size 504x19
          text run at (0,0) width 504: "Lucky affluent actor asks to feast on giant 10.34\" cheese-filled quiche in fjord."
      RenderBlock {DIV} at (0,4345) size 769x19
        RenderText {#text} at (0,0) size 504x19
          text run at (0,0) width 504: "Lucky affluent actor asks to feast on giant 10.34\" cheese-filled quiche in fjord."
      RenderBlock {DIV} at (0,4364) size 769x19
        RenderText {#text} at (0,0) size 504x19
          text run at (0,0) width 504: "Lucky affluent actor asks to feast on giant 10.34\" cheese-filled quiche in fjord."
      RenderBlock {DIV} at (0,4383) size 769x19
        RenderText {#text} at (0,0) size 504x19
          text run at (0,0) width 504: "Lucky affluent actor asks to feast on giant 10.34\" cheese-filled quiche in fjord."
      RenderBlock {DIV} at (0,4402) size 769x18
        RenderText {#text} at (0,0) size 613x18
          text run at (0,0) width 613: "Lucky affluent actor asks to feast on giant 10.34\" cheese-filled quiche in fjord."
      RenderBlock {DIV} at (0,4420) size 769x18
        RenderText {#text} at (0,0) size 613x18
          text run at (0,0) width 613: "Lucky affluent actor asks to feast on giant 10.34\" cheese-filled quiche in fjord."
      RenderBlock {DIV} at (0,4438) size 769x18
        RenderText {#text} at (0,0) size 613x18
          text run at (0,0) width 613: "Lucky affluent actor asks to feast on giant 10.34\" cheese-filled quiche in fjord."
      RenderBlock {DIV} at (0,4456) size 769x18
        RenderText {#text} at (0,0) size 613x18
          text run at (0,0) width 613: "Lucky affluent actor asks to feast on giant 10.34\" cheese-filled quiche in fjord."
      RenderBlock {DIV} at (0,4474) size 769x18
        RenderText {#text} at (0,0) size 613x18
          text run at (0,0) width 613: "Lucky affluent actor asks to feast on giant 10.34\" cheese-filled quiche in fjord."
      RenderBlock {DIV} at (0,4492) size 769x18
        RenderText {#text} at (0,0) size 613x18
          text run at (0,0) width 613: "Lucky affluent actor asks to feast on giant 10.34\" cheese-filled quiche in fjord."
      RenderBlock {DIV} at (0,4510) size 769x18
        RenderText {#text} at (0,0) size 613x18
          text run at (0,0) width 613: "Lucky affluent actor asks to feast on giant 10.34\" cheese-filled quiche in fjord."
      RenderBlock {DIV} at (0,4528) size 769x18
        RenderText {#text} at (0,0) size 613x18
          text run at (0,0) width 613: "Lucky affluent actor asks to feast on giant 10.34\" cheese-filled quiche in fjord."
      RenderBlock {DIV} at (0,4546) size 769x18
        RenderText {#text} at (0,0) size 613x18
          text run at (0,0) width 613: "Lucky affluent actor asks to feast on giant 10.34\" cheese-filled quiche in fjord."
      RenderBlock {DIV} at (0,4564) size 769x18
        RenderText {#text} at (0,0) size 613x18
          text run at (0,0) width 613: "Lucky affluent actor asks to feast on giant 10.34\" cheese-filled quiche in fjord."
      RenderBlock {DIV} at (0,4582) size 769x18
        RenderText {#text} at (0,0) size 613x18
          text run at (0,0) width 613: "Lucky affluent actor asks to feast on giant 10.34\" cheese-filled quiche in fjord."
      RenderBlock {DIV} at (0,4600) size 769x18
        RenderText {#text} at (0,0) size 613x18
          text run at (0,0) width 613: "Lucky affluent actor asks to feast on giant 10.34\" cheese-filled quiche in fjord."
      RenderBlock {DIV} at (0,4618) size 769x18
        RenderText {#text} at (0,0) size 613x18
          text run at (0,0) width 613: "Lucky affluent actor asks to feast on giant 10.34\" cheese-filled quiche in fjord."
      RenderBlock {DIV} at (0,4636) size 769x18
        RenderText {#text} at (0,0) size 613x18
          text run at (0,0) width 613: "Lucky affluent actor asks to feast on giant 10.34\" cheese-filled quiche in fjord."
      RenderBlock {DIV} at (0,4654) size 769x18
        RenderText {#text} at (0,0) size 613x18
          text run at (0,0) width 613: "Lucky affluent actor asks to feast on giant 10.34\" cheese-filled quiche in fjord."
      RenderBlock {DIV} at (0,4672) size 769x18
        RenderText {#text} at (0,0) size 613x18
          text run at (0,0) width 613: "Lucky affluent actor asks to feast on giant 10.34\" cheese-filled quiche in fjord."
      RenderBlock {DIV} at (0,4690) size 769x18
        RenderText {#text} at (0,0) size 613x18
          text run at (0,0) width 613: "Lucky affluent actor asks to feast on giant 10.34\" cheese-filled quiche in fjord."
      RenderBlock {DIV} at (0,4708) size 769x18
        RenderText {#text} at (0,0) size 613x18
          text run at (0,0) width 613: "Lucky affluent actor asks to feast on giant 10.34\" cheese-filled quiche in fjord."
      RenderBlock {DIV} at (0,4726) size 769x18
        RenderText {#text} at (0,0) size 613x18
          text run at (0,0) width 613: "Lucky affluent actor asks to feast on giant 10.34\" cheese-filled quiche in fjord."
      RenderBlock {DIV} at (0,4744) size 769x18
        RenderText {#text} at (0,0) size 613x18
          text run at (0,0) width 613: "Lucky affluent actor asks to feast on giant 10.34\" cheese-filled quiche in fjord."
      RenderBlock {DIV} at (0,4762) size 769x18
        RenderText {#text} at (0,0) size 613x18
          text run at (0,0) width 613: "Lucky affluent actor asks to feast on giant 10.34\" cheese-filled quiche in fjord."
      RenderBlock {DIV} at (0,4780) size 769x18
        RenderText {#text} at (0,0) size 613x18
          text run at (0,0) width 613: "Lucky affluent actor asks to feast on giant 10.34\" cheese-filled quiche in fjord."
      RenderBlock {DIV} at (0,4798) size 769x18
        RenderText {#text} at (0,0) size 613x18
          text run at (0,0) width 613: "Lucky affluent actor asks to feast on giant 10.34\" cheese-filled quiche in fjord."
      RenderBlock {DIV} at (0,4816) size 769x18
        RenderText {#text} at (0,0) size 613x18
          text run at (0,0) width 613: "Lucky affluent actor asks to feast on giant 10.34\" cheese-filled quiche in fjord."
      RenderBlock {DIV} at (0,4834) size 769x18
        RenderText {#text} at (0,0) size 493x18
          text run at (0,0) width 493: "Lucky affluent actor asks to feast on giant 10.34\" cheese-filled quiche in fjord."
      RenderBlock {DIV} at (0,4852) size 769x18
        RenderText {#text} at (0,0) size 493x18
          text run at (0,0) width 493: "Lucky affluent actor asks to feast on giant 10.34\" cheese-filled quiche in fjord."
      RenderBlock {DIV} at (0,4870) size 769x18
        RenderText {#text} at (0,0) size 493x18
          text run at (0,0) width 493: "Lucky affluent actor asks to feast on giant 10.34\" cheese-filled quiche in fjord."
      RenderBlock {DIV} at (0,4888) size 769x18
        RenderText {#text} at (0,0) size 493x18
          text run at (0,0) width 493: "Lucky affluent actor asks to feast on giant 10.34\" cheese-filled quiche in fjord."
      RenderBlock {DIV} at (0,4906) size 769x18
        RenderText {#text} at (0,0) size 493x18
          text run at (0,0) width 493: "Lucky affluent actor asks to feast on giant 10.34\" cheese-filled quiche in fjord."
      RenderBlock {DIV} at (0,4924) size 769x18
        RenderText {#text} at (0,0) size 493x18
          text run at (0,0) width 493: "Lucky affluent actor asks to feast on giant 10.34\" cheese-filled quiche in fjord."
      RenderBlock {DIV} at (0,4942) size 769x18
        RenderText {#text} at (0,0) size 493x18
          text run at (0,0) width 493: "Lucky affluent actor asks to feast on giant 10.34\" cheese-filled quiche in fjord."
      RenderBlock {DIV} at (0,4960) size 769x18
        RenderText {#text} at (0,0) size 493x18
          text run at (0,0) width 493: "Lucky affluent actor asks to feast on giant 10.34\" cheese-filled quiche in fjord."
      RenderBlock {DIV} at (0,4978) size 769x18
        RenderText {#text} at (0,0) size 493x18
          text run at (0,0) width 493: "Lucky affluent actor asks to feast on giant 10.34\" cheese-filled quiche in fjord."
      RenderBlock {DIV} at (0,4996) size 769x18
        RenderText {#text} at (0,0) size 493x18
          text run at (0,0) width 493: "Lucky affluent actor asks to feast on giant 10.34\" cheese-filled quiche in fjord."
      RenderBlock {DIV} at (0,5014) size 769x18
        RenderText {#text} at (0,0) size 493x18
          text run at (0,0) width 493: "Lucky affluent actor asks to feast on giant 10.34\" cheese-filled quiche in fjord."
      RenderBlock {DIV} at (0,5032) size 769x18
        RenderText {#text} at (0,0) size 493x18
          text run at (0,0) width 493: "Lucky affluent actor asks to feast on giant 10.34\" cheese-filled quiche in fjord."
      RenderBlock {DIV} at (0,5050) size 769x18
        RenderText {#text} at (0,0) size 493x18
          text run at (0,0) width 493: "Lucky affluent actor asks to feast on giant 10.34\" cheese-filled quiche in fjord."
      RenderBlock {DIV} at (0,5068) size 769x18
        RenderText {#text} at (0,0) size 493x18
          text run at (0,0) width 493: "Lucky affluent actor asks to feast on giant 10.34\" cheese-filled quiche in fjord."
      RenderBlock {DIV} at (0,5086) size 769x18
        RenderText {#text} at (0,0) size 493x18
          text run at (0,0) width 493: "Lucky affluent actor asks to feast on giant 10.34\" cheese-filled quiche in fjord."
      RenderBlock {DIV} at (0,5104) size 769x18
        RenderText {#text} at (0,0) size 493x18
          text run at (0,0) width 493: "Lucky affluent actor asks to feast on giant 10.34\" cheese-filled quiche in fjord."
      RenderBlock {DIV} at (0,5122) size 769x18
        RenderText {#text} at (0,0) size 493x18
          text run at (0,0) width 493: "Lucky affluent actor asks to feast on giant 10.34\" cheese-filled quiche in fjord."
      RenderBlock {DIV} at (0,5140) size 769x18
        RenderText {#text} at (0,0) size 493x18
          text run at (0,0) width 493: "Lucky affluent actor asks to feast on giant 10.34\" cheese-filled quiche in fjord."
      RenderBlock {DIV} at (0,5158) size 769x18
        RenderText {#text} at (0,0) size 493x18
          text run at (0,0) width 493: "Lucky affluent actor asks to feast on giant 10.34\" cheese-filled quiche in fjord."
      RenderBlock {DIV} at (0,5176) size 769x18
        RenderText {#text} at (0,0) size 493x18
          text run at (0,0) width 493: "Lucky affluent actor asks to feast on giant 10.34\" cheese-filled quiche in fjord."
      RenderBlock {DIV} at (0,5194) size 769x18
        RenderText {#text} at (0,0) size 493x18
          text run at (0,0) width 493: "Lucky affluent actor asks to feast on giant 10.34\" cheese-filled quiche in fjord."
      RenderBlock {DIV} at (0,5212) size 769x18
        RenderText {#text} at (0,0) size 493x18
          text run at (0,0) width 493: "Lucky affluent actor asks to feast on giant 10.34\" cheese-filled quiche in fjord."
      RenderBlock {DIV} at (0,5230) size 769x18
        RenderText {#text} at (0,0) size 493x18
          text run at (0,0) width 493: "Lucky affluent actor asks to feast on giant 10.34\" cheese-filled quiche in fjord."
      RenderBlock {DIV} at (0,5248) size 769x18
        RenderText {#text} at (0,0) size 493x18
          text run at (0,0) width 493: "Lucky affluent actor asks to feast on giant 10.34\" cheese-filled quiche in fjord."
      RenderBlock {DIV} at (0,5266) size 769x42
        RenderText {#text} at (0,0) size 740x41
          text run at (0,0) width 740: "Lucky affluent actor asks to feast on giant 10.34\" cheese-filled quiche in"
          text run at (0,21) width 60: "fjord."
      RenderBlock {DIV} at (0,5308) size 769x42
        RenderText {#text} at (0,0) size 740x41
          text run at (0,0) width 740: "Lucky affluent actor asks to feast on giant 10.34\" cheese-filled quiche in"
          text run at (0,21) width 60: "fjord."
      RenderBlock {DIV} at (0,5350) size 769x42
        RenderText {#text} at (0,0) size 740x41
          text run at (0,0) width 740: "Lucky affluent actor asks to feast on giant 10.34\" cheese-filled quiche in"
          text run at (0,21) width 60: "fjord."
      RenderBlock {DIV} at (0,5392) size 769x42
        RenderText {#text} at (0,0) size 740x41
          text run at (0,0) width 740: "Lucky affluent actor asks to feast on giant 10.34\" cheese-filled quiche in"
          text run at (0,21) width 60: "fjord."
      RenderBlock {DIV} at (0,5434) size 769x42
        RenderText {#text} at (0,0) size 740x41
          text run at (0,0) width 740: "Lucky affluent actor asks to feast on giant 10.34\" cheese-filled quiche in"
          text run at (0,21) width 60: "fjord."
      RenderBlock {DIV} at (0,5476) size 769x42
        RenderText {#text} at (0,0) size 740x41
          text run at (0,0) width 740: "Lucky affluent actor asks to feast on giant 10.34\" cheese-filled quiche in"
          text run at (0,21) width 60: "fjord."
      RenderBlock {DIV} at (0,5518) size 769x42
        RenderText {#text} at (0,0) size 740x41
          text run at (0,0) width 740: "Lucky affluent actor asks to feast on giant 10.34\" cheese-filled quiche in"
          text run at (0,21) width 60: "fjord."
      RenderBlock {DIV} at (0,5560) size 769x42
        RenderText {#text} at (0,0) size 740x41
          text run at (0,0) width 740: "Lucky affluent actor asks to feast on giant 10.34\" cheese-filled quiche in"
          text run at (0,21) width 60: "fjord."
      RenderBlock {DIV} at (0,5602) size 769x42
        RenderText {#text} at (0,0) size 740x41
          text run at (0,0) width 740: "Lucky affluent actor asks to feast on giant 10.34\" cheese-filled quiche in"
          text run at (0,21) width 60: "fjord."
      RenderBlock {DIV} at (0,5644) size 769x42
        RenderText {#text} at (0,0) size 740x41
          text run at (0,0) width 740: "Lucky affluent actor asks to feast on giant 10.34\" cheese-filled quiche in"
          text run at (0,21) width 60: "fjord."
      RenderBlock {DIV} at (0,5686) size 769x42
        RenderText {#text} at (0,0) size 740x41
          text run at (0,0) width 740: "Lucky affluent actor asks to feast on giant 10.34\" cheese-filled quiche in"
          text run at (0,21) width 60: "fjord."
      RenderBlock {DIV} at (0,5728) size 769x42
        RenderText {#text} at (0,0) size 740x41
          text run at (0,0) width 740: "Lucky affluent actor asks to feast on giant 10.34\" cheese-filled quiche in"
          text run at (0,21) width 60: "fjord."
      RenderBlock {DIV} at (0,5770) size 769x42
        RenderText {#text} at (0,0) size 740x41
          text run at (0,0) width 740: "Lucky affluent actor asks to feast on giant 10.34\" cheese-filled quiche in"
          text run at (0,21) width 60: "fjord."
      RenderBlock {DIV} at (0,5812) size 769x42
        RenderText {#text} at (0,0) size 740x41
          text run at (0,0) width 740: "Lucky affluent actor asks to feast on giant 10.34\" cheese-filled quiche in"
          text run at (0,21) width 60: "fjord."
      RenderBlock {DIV} at (0,5854) size 769x42
        RenderText {#text} at (0,0) size 740x41
          text run at (0,0) width 740: "Lucky affluent actor asks to feast on giant 10.34\" cheese-filled quiche in"
          text run at (0,21) width 60: "fjord."
      RenderBlock {DIV} at (0,5896) size 769x42
        RenderText {#text} at (0,0) size 740x41
          text run at (0,0) width 740: "Lucky affluent actor asks to feast on giant 10.34\" cheese-filled quiche in"
          text run at (0,21) width 60: "fjord."
      RenderBlock {DIV} at (0,5938) size 769x42
        RenderText {#text} at (0,0) size 740x41
          text run at (0,0) width 740: "Lucky affluent actor asks to feast on giant 10.34\" cheese-filled quiche in"
          text run at (0,21) width 60: "fjord."
      RenderBlock {DIV} at (0,5980) size 769x42
        RenderText {#text} at (0,0) size 740x41
          text run at (0,0) width 740: "Lucky affluent actor asks to feast on giant 10.34\" cheese-filled quiche in"
          text run at (0,21) width 60: "fjord."
      RenderBlock {DIV} at (0,6022) size 769x42
        RenderText {#text} at (0,0) size 740x41
          text run at (0,0) width 740: "Lucky affluent actor asks to feast on giant 10.34\" cheese-filled quiche in"
          text run at (0,21) width 60: "fjord."
      RenderBlock {DIV} at (0,6064) size 769x42
        RenderText {#text} at (0,0) size 740x41
          text run at (0,0) width 740: "Lucky affluent actor asks to feast on giant 10.34\" cheese-filled quiche in"
          text run at (0,21) width 60: "fjord."
      RenderBlock {DIV} at (0,6106) size 769x42
        RenderText {#text} at (0,0) size 740x41
          text run at (0,0) width 740: "Lucky affluent actor asks to feast on giant 10.34\" cheese-filled quiche in"
          text run at (0,21) width 60: "fjord."
      RenderBlock {DIV} at (0,6148) size 769x42
        RenderText {#text} at (0,0) size 740x41
          text run at (0,0) width 740: "Lucky affluent actor asks to feast on giant 10.34\" cheese-filled quiche in"
          text run at (0,21) width 60: "fjord."
      RenderBlock {DIV} at (0,6190) size 769x42
        RenderText {#text} at (0,0) size 740x41
          text run at (0,0) width 740: "Lucky affluent actor asks to feast on giant 10.34\" cheese-filled quiche in"
          text run at (0,21) width 60: "fjord."
      RenderBlock {DIV} at (0,6232) size 769x42
        RenderText {#text} at (0,0) size 740x41
          text run at (0,0) width 740: "Lucky affluent actor asks to feast on giant 10.34\" cheese-filled quiche in"
          text run at (0,21) width 60: "fjord."
      RenderBlock {DIV} at (0,6274) size 769x18
        RenderText {#text} at (0,0) size 493x18
          text run at (0,0) width 493: "Lucky affluent actor asks to feast on giant 10.34\" cheese-filled quiche in fjord."
      RenderBlock {DIV} at (0,6292) size 769x18
        RenderText {#text} at (0,0) size 493x18
          text run at (0,0) width 493: "Lucky affluent actor asks to feast on giant 10.34\" cheese-filled quiche in fjord."
      RenderBlock {DIV} at (0,6310) size 769x18
        RenderText {#text} at (0,0) size 493x18
          text run at (0,0) width 493: "Lucky affluent actor asks to feast on giant 10.34\" cheese-filled quiche in fjord."
      RenderBlock {DIV} at (0,6328) size 769x18
        RenderText {#text} at (0,0) size 493x18
          text run at (0,0) width 493: "Lucky affluent actor asks to feast on giant 10.34\" cheese-filled quiche in fjord."
      RenderBlock {DIV} at (0,6346) size 769x18
        RenderText {#text} at (0,0) size 493x18
          text run at (0,0) width 493: "Lucky affluent actor asks to feast on giant 10.34\" cheese-filled quiche in fjord."
      RenderBlock {DIV} at (0,6364) size 769x18
        RenderText {#text} at (0,0) size 493x18
          text run at (0,0) width 493: "Lucky affluent actor asks to feast on giant 10.34\" cheese-filled quiche in fjord."
      RenderBlock {DIV} at (0,6382) size 769x18
        RenderText {#text} at (0,0) size 493x18
          text run at (0,0) width 493: "Lucky affluent actor asks to feast on giant 10.34\" cheese-filled quiche in fjord."
      RenderBlock {DIV} at (0,6400) size 769x18
        RenderText {#text} at (0,0) size 493x18
          text run at (0,0) width 493: "Lucky affluent actor asks to feast on giant 10.34\" cheese-filled quiche in fjord."
      RenderBlock {DIV} at (0,6418) size 769x18
        RenderText {#text} at (0,0) size 493x18
          text run at (0,0) width 493: "Lucky affluent actor asks to feast on giant 10.34\" cheese-filled quiche in fjord."
      RenderBlock {DIV} at (0,6436) size 769x18
        RenderText {#text} at (0,0) size 493x18
          text run at (0,0) width 493: "Lucky affluent actor asks to feast on giant 10.34\" cheese-filled quiche in fjord."
      RenderBlock {DIV} at (0,6454) size 769x18
        RenderText {#text} at (0,0) size 493x18
          text run at (0,0) width 493: "Lucky affluent actor asks to feast on giant 10.34\" cheese-filled quiche in fjord."
      RenderBlock {DIV} at (0,6472) size 769x18
        RenderText {#text} at (0,0) size 493x18
          text run at (0,0) width 493: "Lucky affluent actor asks to feast on giant 10.34\" cheese-filled quiche in fjord."
      RenderBlock {DIV} at (0,6490) size 769x18
        RenderText {#text} at (0,0) size 493x18
          text run at (0,0) width 493: "Lucky affluent actor asks to feast on giant 10.34\" cheese-filled quiche in fjord."
      RenderBlock {DIV} at (0,6508) size 769x18
        RenderText {#text} at (0,0) size 493x18
          text run at (0,0) width 493: "Lucky affluent actor asks to feast on giant 10.34\" cheese-filled quiche in fjord."
      RenderBlock {DIV} at (0,6526) size 769x18
        RenderText {#text} at (0,0) size 493x18
          text run at (0,0) width 493: "Lucky affluent actor asks to feast on giant 10.34\" cheese-filled quiche in fjord."
      RenderBlock {DIV} at (0,6544) size 769x18
        RenderText {#text} at (0,0) size 493x18
          text run at (0,0) width 493: "Lucky affluent actor asks to feast on giant 10.34\" cheese-filled quiche in fjord."
      RenderBlock {DIV} at (0,6562) size 769x18
        RenderText {#text} at (0,0) size 493x18
          text run at (0,0) width 493: "Lucky affluent actor asks to feast on giant 10.34\" cheese-filled quiche in fjord."
      RenderBlock {DIV} at (0,6580) size 769x18
        RenderText {#text} at (0,0) size 493x18
          text run at (0,0) width 493: "Lucky affluent actor asks to feast on giant 10.34\" cheese-filled quiche in fjord."
      RenderBlock {DIV} at (0,6598) size 769x18
        RenderText {#text} at (0,0) size 493x18
          text run at (0,0) width 493: "Lucky affluent actor asks to feast on giant 10.34\" cheese-filled quiche in fjord."
      RenderBlock {DIV} at (0,6616) size 769x18
        RenderText {#text} at (0,0) size 493x18
          text run at (0,0) width 493: "Lucky affluent actor asks to feast on giant 10.34\" cheese-filled quiche in fjord."
      RenderBlock {DIV} at (0,6634) size 769x18
        RenderText {#text} at (0,0) size 493x18
          text run at (0,0) width 493: "Lucky affluent actor asks to feast on giant 10.34\" cheese-filled quiche in fjord."
      RenderBlock {DIV} at (0,6652) size 769x18
        RenderText {#text} at (0,0) size 493x18
          text run at (0,0) width 493: "Lucky affluent actor asks to feast on giant 10.34\" cheese-filled quiche in fjord."
      RenderBlock {DIV} at (0,6670) size 769x18
        RenderText {#text} at (0,0) size 493x18
          text run at (0,0) width 493: "Lucky affluent actor asks to feast on giant 10.34\" cheese-filled quiche in fjord."
      RenderBlock {DIV} at (0,6688) size 769x18
        RenderText {#text} at (0,0) size 493x18
          text run at (0,0) width 493: "Lucky affluent actor asks to feast on giant 10.34\" cheese-filled quiche in fjord."
      RenderBlock {DIV} at (0,6706) size 769x19
        RenderText {#text} at (0,0) size 550x19
          text run at (0,0) width 550: "Lucky affluent actor asks to feast on giant 10.34\" cheese-filled quiche in fjord."
      RenderBlock {DIV} at (0,6725) size 769x19
        RenderText {#text} at (0,0) size 550x19
          text run at (0,0) width 550: "Lucky affluent actor asks to feast on giant 10.34\" cheese-filled quiche in fjord."
      RenderBlock {DIV} at (0,6744) size 769x19
        RenderText {#text} at (0,0) size 550x19
          text run at (0,0) width 550: "Lucky affluent actor asks to feast on giant 10.34\" cheese-filled quiche in fjord."
      RenderBlock {DIV} at (0,6763) size 769x19
        RenderText {#text} at (0,0) size 550x19
          text run at (0,0) width 550: "Lucky affluent actor asks to feast on giant 10.34\" cheese-filled quiche in fjord."
      RenderBlock {DIV} at (0,6782) size 769x19
        RenderText {#text} at (0,0) size 550x19
          text run at (0,0) width 550: "Lucky affluent actor asks to feast on giant 10.34\" cheese-filled quiche in fjord."
      RenderBlock {DIV} at (0,6801) size 769x19
        RenderText {#text} at (0,0) size 550x19
          text run at (0,0) width 550: "Lucky affluent actor asks to feast on giant 10.34\" cheese-filled quiche in fjord."
      RenderBlock {DIV} at (0,6820) size 769x19
        RenderText {#text} at (0,0) size 550x19
          text run at (0,0) width 550: "Lucky affluent actor asks to feast on giant 10.34\" cheese-filled quiche in fjord."
      RenderBlock {DIV} at (0,6839) size 769x19
        RenderText {#text} at (0,0) size 550x19
          text run at (0,0) width 550: "Lucky affluent actor asks to feast on giant 10.34\" cheese-filled quiche in fjord."
      RenderBlock {DIV} at (0,6858) size 769x19
        RenderText {#text} at (0,0) size 550x19
          text run at (0,0) width 550: "Lucky affluent actor asks to feast on giant 10.34\" cheese-filled quiche in fjord."
      RenderBlock {DIV} at (0,6877) size 769x19
        RenderText {#text} at (0,0) size 550x19
          text run at (0,0) width 550: "Lucky affluent actor asks to feast on giant 10.34\" cheese-filled quiche in fjord."
      RenderBlock {DIV} at (0,6896) size 769x19
        RenderText {#text} at (0,0) size 550x19
          text run at (0,0) width 550: "Lucky affluent actor asks to feast on giant 10.34\" cheese-filled quiche in fjord."
      RenderBlock {DIV} at (0,6915) size 769x19
        RenderText {#text} at (0,0) size 550x19
          text run at (0,0) width 550: "Lucky affluent actor asks to feast on giant 10.34\" cheese-filled quiche in fjord."
      RenderBlock {DIV} at (0,6934) size 769x19
        RenderText {#text} at (0,0) size 550x19
          text run at (0,0) width 550: "Lucky affluent actor asks to feast on giant 10.34\" cheese-filled quiche in fjord."
      RenderBlock {DIV} at (0,6953) size 769x19
        RenderText {#text} at (0,0) size 550x19
          text run at (0,0) width 550: "Lucky affluent actor asks to feast on giant 10.34\" cheese-filled quiche in fjord."
      RenderBlock {DIV} at (0,6972) size 769x19
        RenderText {#text} at (0,0) size 550x19
          text run at (0,0) width 550: "Lucky affluent actor asks to feast on giant 10.34\" cheese-filled quiche in fjord."
      RenderBlock {DIV} at (0,6991) size 769x19
        RenderText {#text} at (0,0) size 550x19
          text run at (0,0) width 550: "Lucky affluent actor asks to feast on giant 10.34\" cheese-filled quiche in fjord."
      RenderBlock {DIV} at (0,7010) size 769x19
        RenderText {#text} at (0,0) size 550x19
          text run at (0,0) width 550: "Lucky affluent actor asks to feast on giant 10.34\" cheese-filled quiche in fjord."
      RenderBlock {DIV} at (0,7029) size 769x19
        RenderText {#text} at (0,0) size 550x19
          text run at (0,0) width 550: "Lucky affluent actor asks to feast on giant 10.34\" cheese-filled quiche in fjord."
      RenderBlock {DIV} at (0,7048) size 769x19
        RenderText {#text} at (0,0) size 550x19
          text run at (0,0) width 550: "Lucky affluent actor asks to feast on giant 10.34\" cheese-filled quiche in fjord."
      RenderBlock {DIV} at (0,7067) size 769x19
        RenderText {#text} at (0,0) size 550x19
          text run at (0,0) width 550: "Lucky affluent actor asks to feast on giant 10.34\" cheese-filled quiche in fjord."
      RenderBlock {DIV} at (0,7086) size 769x19
        RenderText {#text} at (0,0) size 550x19
          text run at (0,0) width 550: "Lucky affluent actor asks to feast on giant 10.34\" cheese-filled quiche in fjord."
      RenderBlock {DIV} at (0,7105) size 769x19
        RenderText {#text} at (0,0) size 550x19
          text run at (0,0) width 550: "Lucky affluent actor asks to feast on giant 10.34\" cheese-filled quiche in fjord."
      RenderBlock {DIV} at (0,7124) size 769x19
        RenderText {#text} at (0,0) size 550x19
          text run at (0,0) width 550: "Lucky affluent actor asks to feast on giant 10.34\" cheese-filled quiche in fjord."
      RenderBlock {DIV} at (0,7143) size 769x19
        RenderText {#text} at (0,0) size 550x19
          text run at (0,0) width 550: "Lucky affluent actor asks to feast on giant 10.34\" cheese-filled quiche in fjord."
      RenderBlock {DIV} at (0,7162) size 769x18
        RenderText {#text} at (0,0) size 493x18
          text run at (0,0) width 493: "Lucky affluent actor asks to feast on giant 10.34\" cheese-filled quiche in fjord."
      RenderBlock {DIV} at (0,7180) size 769x18
        RenderText {#text} at (0,0) size 493x18
          text run at (0,0) width 493: "Lucky affluent actor asks to feast on giant 10.34\" cheese-filled quiche in fjord."
      RenderBlock {DIV} at (0,7198) size 769x18
        RenderText {#text} at (0,0) size 493x18
          text run at (0,0) width 493: "Lucky affluent actor asks to feast on giant 10.34\" cheese-filled quiche in fjord."
      RenderBlock {DIV} at (0,7216) size 769x18
        RenderText {#text} at (0,0) size 493x18
          text run at (0,0) width 493: "Lucky affluent actor asks to feast on giant 10.34\" cheese-filled quiche in fjord."
      RenderBlock {DIV} at (0,7234) size 769x18
        RenderText {#text} at (0,0) size 493x18
          text run at (0,0) width 493: "Lucky affluent actor asks to feast on giant 10.34\" cheese-filled quiche in fjord."
      RenderBlock {DIV} at (0,7252) size 769x18
        RenderText {#text} at (0,0) size 493x18
          text run at (0,0) width 493: "Lucky affluent actor asks to feast on giant 10.34\" cheese-filled quiche in fjord."
      RenderBlock {DIV} at (0,7270) size 769x18
        RenderText {#text} at (0,0) size 493x18
          text run at (0,0) width 493: "Lucky affluent actor asks to feast on giant 10.34\" cheese-filled quiche in fjord."
      RenderBlock {DIV} at (0,7288) size 769x18
        RenderText {#text} at (0,0) size 493x18
          text run at (0,0) width 493: "Lucky affluent actor asks to feast on giant 10.34\" cheese-filled quiche in fjord."
      RenderBlock {DIV} at (0,7306) size 769x18
        RenderText {#text} at (0,0) size 493x18
          text run at (0,0) width 493: "Lucky affluent actor asks to feast on giant 10.34\" cheese-filled quiche in fjord."
      RenderBlock {DIV} at (0,7324) size 769x18
        RenderText {#text} at (0,0) size 493x18
          text run at (0,0) width 493: "Lucky affluent actor asks to feast on giant 10.34\" cheese-filled quiche in fjord."
      RenderBlock {DIV} at (0,7342) size 769x18
        RenderText {#text} at (0,0) size 493x18
          text run at (0,0) width 493: "Lucky affluent actor asks to feast on giant 10.34\" cheese-filled quiche in fjord."
      RenderBlock {DIV} at (0,7360) size 769x18
        RenderText {#text} at (0,0) size 493x18
          text run at (0,0) width 493: "Lucky affluent actor asks to feast on giant 10.34\" cheese-filled quiche in fjord."
      RenderBlock {DIV} at (0,7378) size 769x18
        RenderText {#text} at (0,0) size 493x18
          text run at (0,0) width 493: "Lucky affluent actor asks to feast on giant 10.34\" cheese-filled quiche in fjord."
      RenderBlock {DIV} at (0,7396) size 769x18
        RenderText {#text} at (0,0) size 493x18
          text run at (0,0) width 493: "Lucky affluent actor asks to feast on giant 10.34\" cheese-filled quiche in fjord."
      RenderBlock {DIV} at (0,7414) size 769x18
        RenderText {#text} at (0,0) size 493x18
          text run at (0,0) width 493: "Lucky affluent actor asks to feast on giant 10.34\" cheese-filled quiche in fjord."
      RenderBlock {DIV} at (0,7432) size 769x18
        RenderText {#text} at (0,0) size 493x18
          text run at (0,0) width 493: "Lucky affluent actor asks to feast on giant 10.34\" cheese-filled quiche in fjord."
      RenderBlock {DIV} at (0,7450) size 769x18
        RenderText {#text} at (0,0) size 493x18
          text run at (0,0) width 493: "Lucky affluent actor asks to feast on giant 10.34\" cheese-filled quiche in fjord."
      RenderBlock {DIV} at (0,7468) size 769x18
        RenderText {#text} at (0,0) size 493x18
          text run at (0,0) width 493: "Lucky affluent actor asks to feast on giant 10.34\" cheese-filled quiche in fjord."
      RenderBlock {DIV} at (0,7486) size 769x18
        RenderText {#text} at (0,0) size 493x18
          text run at (0,0) width 493: "Lucky affluent actor asks to feast on giant 10.34\" cheese-filled quiche in fjord."
      RenderBlock {DIV} at (0,7504) size 769x18
        RenderText {#text} at (0,0) size 493x18
          text run at (0,0) width 493: "Lucky affluent actor asks to feast on giant 10.34\" cheese-filled quiche in fjord."
      RenderBlock {DIV} at (0,7522) size 769x18
        RenderText {#text} at (0,0) size 493x18
          text run at (0,0) width 493: "Lucky affluent actor asks to feast on giant 10.34\" cheese-filled quiche in fjord."
      RenderBlock {DIV} at (0,7540) size 769x18
        RenderText {#text} at (0,0) size 493x18
          text run at (0,0) width 493: "Lucky affluent actor asks to feast on giant 10.34\" cheese-filled quiche in fjord."
      RenderBlock {DIV} at (0,7558) size 769x18
        RenderText {#text} at (0,0) size 493x18
          text run at (0,0) width 493: "Lucky affluent actor asks to feast on giant 10.34\" cheese-filled quiche in fjord."
      RenderBlock {DIV} at (0,7576) size 769x18
        RenderText {#text} at (0,0) size 493x18
          text run at (0,0) width 493: "Lucky affluent actor asks to feast on giant 10.34\" cheese-filled quiche in fjord."
      RenderBlock {DIV} at (0,7594) size 769x19
        RenderText {#text} at (0,0) size 636x19
          text run at (0,0) width 636: "Lucky affluent actor asks to feast on giant 10.34\" cheese-filled quiche in fjord."
      RenderBlock {DIV} at (0,7613) size 769x19
        RenderText {#text} at (0,0) size 636x19
          text run at (0,0) width 636: "Lucky affluent actor asks to feast on giant 10.34\" cheese-filled quiche in fjord."
      RenderBlock {DIV} at (0,7632) size 769x19
        RenderText {#text} at (0,0) size 636x19
          text run at (0,0) width 636: "Lucky affluent actor asks to feast on giant 10.34\" cheese-filled quiche in fjord."
      RenderBlock {DIV} at (0,7651) size 769x19
        RenderText {#text} at (0,0) size 636x19
          text run at (0,0) width 636: "Lucky affluent actor asks to feast on giant 10.34\" cheese-filled quiche in fjord."
      RenderBlock {DIV} at (0,7670) size 769x19
        RenderText {#text} at (0,0) size 636x19
          text run at (0,0) width 636: "Lucky affluent actor asks to feast on giant 10.34\" cheese-filled quiche in fjord."
      RenderBlock {DIV} at (0,7689) size 769x19
        RenderText {#text} at (0,0) size 636x19
          text run at (0,0) width 636: "Lucky affluent actor asks to feast on giant 10.34\" cheese-filled quiche in fjord."
      RenderBlock {DIV} at (0,7708) size 769x19
        RenderText {#text} at (0,0) size 636x19
          text run at (0,0) width 636: "Lucky affluent actor asks to feast on giant 10.34\" cheese-filled quiche in fjord."
      RenderBlock {DIV} at (0,7727) size 769x19
        RenderText {#text} at (0,0) size 636x19
          text run at (0,0) width 636: "Lucky affluent actor asks to feast on giant 10.34\" cheese-filled quiche in fjord."
      RenderBlock {DIV} at (0,7746) size 769x19
        RenderText {#text} at (0,0) size 636x19
          text run at (0,0) width 636: "Lucky affluent actor asks to feast on giant 10.34\" cheese-filled quiche in fjord."
      RenderBlock {DIV} at (0,7765) size 769x19
        RenderText {#text} at (0,0) size 636x19
          text run at (0,0) width 636: "Lucky affluent actor asks to feast on giant 10.34\" cheese-filled quiche in fjord."
      RenderBlock {DIV} at (0,7784) size 769x19
        RenderText {#text} at (0,0) size 636x19
          text run at (0,0) width 636: "Lucky affluent actor asks to feast on giant 10.34\" cheese-filled quiche in fjord."
      RenderBlock {DIV} at (0,7803) size 769x19
        RenderText {#text} at (0,0) size 636x19
          text run at (0,0) width 636: "Lucky affluent actor asks to feast on giant 10.34\" cheese-filled quiche in fjord."
      RenderBlock {DIV} at (0,7822) size 769x19
        RenderText {#text} at (0,0) size 636x19
          text run at (0,0) width 636: "Lucky affluent actor asks to feast on giant 10.34\" cheese-filled quiche in fjord."
      RenderBlock {DIV} at (0,7841) size 769x19
        RenderText {#text} at (0,0) size 636x19
          text run at (0,0) width 636: "Lucky affluent actor asks to feast on giant 10.34\" cheese-filled quiche in fjord."
      RenderBlock {DIV} at (0,7860) size 769x19
        RenderText {#text} at (0,0) size 636x19
          text run at (0,0) width 636: "Lucky affluent actor asks to feast on giant 10.34\" cheese-filled quiche in fjord."
      RenderBlock {DIV} at (0,7879) size 769x19
        RenderText {#text} at (0,0) size 636x19
          text run at (0,0) width 636: "Lucky affluent actor asks to feast on giant 10.34\" cheese-filled quiche in fjord."
      RenderBlock {DIV} at (0,7898) size 769x19
        RenderText {#text} at (0,0) size 636x19
          text run at (0,0) width 636: "Lucky affluent actor asks to feast on giant 10.34\" cheese-filled quiche in fjord."
      RenderBlock {DIV} at (0,7917) size 769x19
        RenderText {#text} at (0,0) size 636x19
          text run at (0,0) width 636: "Lucky affluent actor asks to feast on giant 10.34\" cheese-filled quiche in fjord."
      RenderBlock {DIV} at (0,7936) size 769x19
        RenderText {#text} at (0,0) size 636x19
          text run at (0,0) width 636: "Lucky affluent actor asks to feast on giant 10.34\" cheese-filled quiche in fjord."
      RenderBlock {DIV} at (0,7955) size 769x19
        RenderText {#text} at (0,0) size 636x19
          text run at (0,0) width 636: "Lucky affluent actor asks to feast on giant 10.34\" cheese-filled quiche in fjord."
      RenderBlock {DIV} at (0,7974) size 769x19
        RenderText {#text} at (0,0) size 636x19
          text run at (0,0) width 636: "Lucky affluent actor asks to feast on giant 10.34\" cheese-filled quiche in fjord."
      RenderBlock {DIV} at (0,7993) size 769x19
        RenderText {#text} at (0,0) size 636x19
          text run at (0,0) width 636: "Lucky affluent actor asks to feast on giant 10.34\" cheese-filled quiche in fjord."
      RenderBlock {DIV} at (0,8012) size 769x19
        RenderText {#text} at (0,0) size 636x19
          text run at (0,0) width 636: "Lucky affluent actor asks to feast on giant 10.34\" cheese-filled quiche in fjord."
      RenderBlock {DIV} at (0,8031) size 769x19
        RenderText {#text} at (0,0) size 636x19
          text run at (0,0) width 636: "Lucky affluent actor asks to feast on giant 10.34\" cheese-filled quiche in fjord."
      RenderBlock {DIV} at (0,8050) size 769x18
        RenderText {#text} at (0,0) size 493x18
          text run at (0,0) width 493: "Lucky affluent actor asks to feast on giant 10.34\" cheese-filled quiche in fjord."
      RenderBlock {DIV} at (0,8068) size 769x18
        RenderText {#text} at (0,0) size 493x18
          text run at (0,0) width 493: "Lucky affluent actor asks to feast on giant 10.34\" cheese-filled quiche in fjord."
      RenderBlock {DIV} at (0,8086) size 769x18
        RenderText {#text} at (0,0) size 493x18
          text run at (0,0) width 493: "Lucky affluent actor asks to feast on giant 10.34\" cheese-filled quiche in fjord."
      RenderBlock {DIV} at (0,8104) size 769x18
        RenderText {#text} at (0,0) size 493x18
          text run at (0,0) width 493: "Lucky affluent actor asks to feast on giant 10.34\" cheese-filled quiche in fjord."
      RenderBlock {DIV} at (0,8122) size 769x18
        RenderText {#text} at (0,0) size 493x18
          text run at (0,0) width 493: "Lucky affluent actor asks to feast on giant 10.34\" cheese-filled quiche in fjord."
      RenderBlock {DIV} at (0,8140) size 769x18
        RenderText {#text} at (0,0) size 493x18
          text run at (0,0) width 493: "Lucky affluent actor asks to feast on giant 10.34\" cheese-filled quiche in fjord."
      RenderBlock {DIV} at (0,8158) size 769x18
        RenderText {#text} at (0,0) size 493x18
          text run at (0,0) width 493: "Lucky affluent actor asks to feast on giant 10.34\" cheese-filled quiche in fjord."
      RenderBlock {DIV} at (0,8176) size 769x18
        RenderText {#text} at (0,0) size 493x18
          text run at (0,0) width 493: "Lucky affluent actor asks to feast on giant 10.34\" cheese-filled quiche in fjord."
      RenderBlock {DIV} at (0,8194) size 769x18
        RenderText {#text} at (0,0) size 493x18
          text run at (0,0) width 493: "Lucky affluent actor asks to feast on giant 10.34\" cheese-filled quiche in fjord."
      RenderBlock {DIV} at (0,8212) size 769x18
        RenderText {#text} at (0,0) size 493x18
          text run at (0,0) width 493: "Lucky affluent actor asks to feast on giant 10.34\" cheese-filled quiche in fjord."
      RenderBlock {DIV} at (0,8230) size 769x18
        RenderText {#text} at (0,0) size 493x18
          text run at (0,0) width 493: "Lucky affluent actor asks to feast on giant 10.34\" cheese-filled quiche in fjord."
      RenderBlock {DIV} at (0,8248) size 769x18
        RenderText {#text} at (0,0) size 493x18
          text run at (0,0) width 493: "Lucky affluent actor asks to feast on giant 10.34\" cheese-filled quiche in fjord."
      RenderBlock {DIV} at (0,8266) size 769x18
        RenderText {#text} at (0,0) size 493x18
          text run at (0,0) width 493: "Lucky affluent actor asks to feast on giant 10.34\" cheese-filled quiche in fjord."
      RenderBlock {DIV} at (0,8284) size 769x18
        RenderText {#text} at (0,0) size 493x18
          text run at (0,0) width 493: "Lucky affluent actor asks to feast on giant 10.34\" cheese-filled quiche in fjord."
      RenderBlock {DIV} at (0,8302) size 769x18
        RenderText {#text} at (0,0) size 493x18
          text run at (0,0) width 493: "Lucky affluent actor asks to feast on giant 10.34\" cheese-filled quiche in fjord."
      RenderBlock {DIV} at (0,8320) size 769x18
        RenderText {#text} at (0,0) size 493x18
          text run at (0,0) width 493: "Lucky affluent actor asks to feast on giant 10.34\" cheese-filled quiche in fjord."
      RenderBlock {DIV} at (0,8338) size 769x18
        RenderText {#text} at (0,0) size 493x18
          text run at (0,0) width 493: "Lucky affluent actor asks to feast on giant 10.34\" cheese-filled quiche in fjord."
      RenderBlock {DIV} at (0,8356) size 769x18
        RenderText {#text} at (0,0) size 493x18
          text run at (0,0) width 493: "Lucky affluent actor asks to feast on giant 10.34\" cheese-filled quiche in fjord."
      RenderBlock {DIV} at (0,8374) size 769x18
        RenderText {#text} at (0,0) size 493x18
          text run at (0,0) width 493: "Lucky affluent actor asks to feast on giant 10.34\" cheese-filled quiche in fjord."
      RenderBlock {DIV} at (0,8392) size 769x18
        RenderText {#text} at (0,0) size 493x18
          text run at (0,0) width 493: "Lucky affluent actor asks to feast on giant 10.34\" cheese-filled quiche in fjord."
      RenderBlock {DIV} at (0,8410) size 769x18
        RenderText {#text} at (0,0) size 493x18
          text run at (0,0) width 493: "Lucky affluent actor asks to feast on giant 10.34\" cheese-filled quiche in fjord."
      RenderBlock {DIV} at (0,8428) size 769x18
        RenderText {#text} at (0,0) size 493x18
          text run at (0,0) width 493: "Lucky affluent actor asks to feast on giant 10.34\" cheese-filled quiche in fjord."
      RenderBlock {DIV} at (0,8446) size 769x18
        RenderText {#text} at (0,0) size 493x18
          text run at (0,0) width 493: "Lucky affluent actor asks to feast on giant 10.34\" cheese-filled quiche in fjord."
      RenderBlock {DIV} at (0,8464) size 769x18
        RenderText {#text} at (0,0) size 493x18
          text run at (0,0) width 493: "Lucky affluent actor asks to feast on giant 10.34\" cheese-filled quiche in fjord."
