layer at (0,0) size 800x15458
  RenderView at (0,0) size 800x600
layer at (0,0) size 800x15458
  RenderBlock {HTML} at (0,0) size 800x15458
    RenderBody {BODY} at (8,8) size 784x15442
      RenderBlock (anonymous) at (0,0) size 784x160
        RenderText {#text} at (0,0) size 781x79
          text run at (0,0) width 781: "This test is designed to test the interaction between font-family and font-weight. In particular, our implementation of font-"
          text run at (0,20) width 728: "family accepts PostScript names, which may name a font with a particular weight. However, there is another CSS"
          text run at (0,40) width 769: "property, font-weight, in which the author may also name a particular weight. Our font selection algorithm takes both of"
          text run at (0,60) width 305: "these signals into account when choosing fonts."
        RenderBR {BR} at (304,60) size 1x19
        RenderBR {BR} at (0,80) size 0x19
        RenderText {#text} at (0,100) size 768x59
          text run at (0,100) width 768: "There is currently no good way in JavaScript to find the actual font chosen for some text. Therefore, the best way to test"
          text run at (0,120) width 732: "this aspect of the font selection algorithm is to dump the render tree, therefore testing glyph advances (which are a"
          text run at (0,140) width 159: "property of font weight)."
      RenderBlock {DIV} at (0,160) size 784x20
        RenderText {#text} at (0,0) size 267x19
          text run at (0,0) width 267: "Font: Heiti SC Weight: 100 Style: normal"
      RenderBlock {DIV} at (0,180) size 784x18
        RenderText {#text} at (0,0) size 144x17
          text run at (0,0) width 144: "\x{679C}\x{57CE}\x{7684}\x{7F8E}\x{8B7D}\x{3002}\x{4E2D}\x{56FD}\x{53E4}"
      RenderBlock {DIV} at (0,198) size 784x20
        RenderText {#text} at (0,0) size 267x19
          text run at (0,0) width 267: "Font: Heiti SC Weight: 200 Style: normal"
      RenderBlock {DIV} at (0,218) size 784x18
        RenderText {#text} at (0,0) size 144x17
          text run at (0,0) width 144: "\x{679C}\x{57CE}\x{7684}\x{7F8E}\x{8B7D}\x{3002}\x{4E2D}\x{56FD}\x{53E4}"
      RenderBlock {DIV} at (0,236) size 784x20
        RenderText {#text} at (0,0) size 267x19
          text run at (0,0) width 267: "Font: Heiti SC Weight: 300 Style: normal"
      RenderBlock {DIV} at (0,256) size 784x18
        RenderText {#text} at (0,0) size 144x17
          text run at (0,0) width 144: "\x{679C}\x{57CE}\x{7684}\x{7F8E}\x{8B7D}\x{3002}\x{4E2D}\x{56FD}\x{53E4}"
      RenderBlock {DIV} at (0,274) size 784x20
        RenderText {#text} at (0,0) size 267x19
          text run at (0,0) width 267: "Font: Heiti SC Weight: 400 Style: normal"
      RenderBlock {DIV} at (0,294) size 784x18
        RenderText {#text} at (0,0) size 144x17
          text run at (0,0) width 144: "\x{679C}\x{57CE}\x{7684}\x{7F8E}\x{8B7D}\x{3002}\x{4E2D}\x{56FD}\x{53E4}"
      RenderBlock {DIV} at (0,312) size 784x20
        RenderText {#text} at (0,0) size 267x19
          text run at (0,0) width 267: "Font: Heiti SC Weight: 500 Style: normal"
      RenderBlock {DIV} at (0,332) size 784x18
        RenderText {#text} at (0,0) size 144x17
          text run at (0,0) width 144: "\x{679C}\x{57CE}\x{7684}\x{7F8E}\x{8B7D}\x{3002}\x{4E2D}\x{56FD}\x{53E4}"
      RenderBlock {DIV} at (0,350) size 784x20
        RenderText {#text} at (0,0) size 267x19
          text run at (0,0) width 267: "Font: Heiti SC Weight: 600 Style: normal"
      RenderBlock {DIV} at (0,370) size 784x18
        RenderText {#text} at (0,0) size 144x17
          text run at (0,0) width 144: "\x{679C}\x{57CE}\x{7684}\x{7F8E}\x{8B7D}\x{3002}\x{4E2D}\x{56FD}\x{53E4}"
      RenderBlock {DIV} at (0,388) size 784x20
        RenderText {#text} at (0,0) size 267x19
          text run at (0,0) width 267: "Font: Heiti SC Weight: 700 Style: normal"
      RenderBlock {DIV} at (0,408) size 784x18
        RenderText {#text} at (0,0) size 144x17
          text run at (0,0) width 144: "\x{679C}\x{57CE}\x{7684}\x{7F8E}\x{8B7D}\x{3002}\x{4E2D}\x{56FD}\x{53E4}"
      RenderBlock {DIV} at (0,426) size 784x20
        RenderText {#text} at (0,0) size 267x19
          text run at (0,0) width 267: "Font: Heiti SC Weight: 800 Style: normal"
      RenderBlock {DIV} at (0,446) size 784x18
        RenderText {#text} at (0,0) size 144x17
          text run at (0,0) width 144: "\x{679C}\x{57CE}\x{7684}\x{7F8E}\x{8B7D}\x{3002}\x{4E2D}\x{56FD}\x{53E4}"
      RenderBlock {DIV} at (0,464) size 784x20
        RenderText {#text} at (0,0) size 267x19
          text run at (0,0) width 267: "Font: Heiti SC Weight: 900 Style: normal"
      RenderBlock {DIV} at (0,484) size 784x18
        RenderText {#text} at (0,0) size 144x17
          text run at (0,0) width 144: "\x{679C}\x{57CE}\x{7684}\x{7F8E}\x{8B7D}\x{3002}\x{4E2D}\x{56FD}\x{53E4}"
      RenderBlock {DIV} at (0,502) size 784x20
        RenderText {#text} at (0,0) size 321x19
          text run at (0,0) width 321: "Font: STHeitiSC-Light Weight: 100 Style: normal"
      RenderBlock {DIV} at (0,522) size 784x18
        RenderText {#text} at (0,0) size 144x17
          text run at (0,0) width 144: "\x{679C}\x{57CE}\x{7684}\x{7F8E}\x{8B7D}\x{3002}\x{4E2D}\x{56FD}\x{53E4}"
      RenderBlock {DIV} at (0,540) size 784x20
        RenderText {#text} at (0,0) size 321x19
          text run at (0,0) width 321: "Font: STHeitiSC-Light Weight: 200 Style: normal"
      RenderBlock {DIV} at (0,560) size 784x18
        RenderText {#text} at (0,0) size 144x17
          text run at (0,0) width 144: "\x{679C}\x{57CE}\x{7684}\x{7F8E}\x{8B7D}\x{3002}\x{4E2D}\x{56FD}\x{53E4}"
      RenderBlock {DIV} at (0,578) size 784x20
        RenderText {#text} at (0,0) size 321x19
          text run at (0,0) width 321: "Font: STHeitiSC-Light Weight: 300 Style: normal"
      RenderBlock {DIV} at (0,598) size 784x18
        RenderText {#text} at (0,0) size 144x17
          text run at (0,0) width 144: "\x{679C}\x{57CE}\x{7684}\x{7F8E}\x{8B7D}\x{3002}\x{4E2D}\x{56FD}\x{53E4}"
      RenderBlock {DIV} at (0,616) size 784x20
        RenderText {#text} at (0,0) size 321x19
          text run at (0,0) width 321: "Font: STHeitiSC-Light Weight: 400 Style: normal"
      RenderBlock {DIV} at (0,636) size 784x18
        RenderText {#text} at (0,0) size 144x17
          text run at (0,0) width 144: "\x{679C}\x{57CE}\x{7684}\x{7F8E}\x{8B7D}\x{3002}\x{4E2D}\x{56FD}\x{53E4}"
      RenderBlock {DIV} at (0,654) size 784x20
        RenderText {#text} at (0,0) size 321x19
          text run at (0,0) width 321: "Font: STHeitiSC-Light Weight: 500 Style: normal"
      RenderBlock {DIV} at (0,674) size 784x18
        RenderText {#text} at (0,0) size 144x17
          text run at (0,0) width 144: "\x{679C}\x{57CE}\x{7684}\x{7F8E}\x{8B7D}\x{3002}\x{4E2D}\x{56FD}\x{53E4}"
      RenderBlock {DIV} at (0,692) size 784x20
        RenderText {#text} at (0,0) size 321x19
          text run at (0,0) width 321: "Font: STHeitiSC-Light Weight: 600 Style: normal"
      RenderBlock {DIV} at (0,712) size 784x18
        RenderText {#text} at (0,0) size 144x17
          text run at (0,0) width 144: "\x{679C}\x{57CE}\x{7684}\x{7F8E}\x{8B7D}\x{3002}\x{4E2D}\x{56FD}\x{53E4}"
      RenderBlock {DIV} at (0,730) size 784x20
        RenderText {#text} at (0,0) size 321x19
          text run at (0,0) width 321: "Font: STHeitiSC-Light Weight: 700 Style: normal"
      RenderBlock {DIV} at (0,750) size 784x18
        RenderText {#text} at (0,0) size 144x17
          text run at (0,0) width 144: "\x{679C}\x{57CE}\x{7684}\x{7F8E}\x{8B7D}\x{3002}\x{4E2D}\x{56FD}\x{53E4}"
      RenderBlock {DIV} at (0,768) size 784x20
        RenderText {#text} at (0,0) size 321x19
          text run at (0,0) width 321: "Font: STHeitiSC-Light Weight: 800 Style: normal"
      RenderBlock {DIV} at (0,788) size 784x18
        RenderText {#text} at (0,0) size 144x17
          text run at (0,0) width 144: "\x{679C}\x{57CE}\x{7684}\x{7F8E}\x{8B7D}\x{3002}\x{4E2D}\x{56FD}\x{53E4}"
      RenderBlock {DIV} at (0,806) size 784x20
        RenderText {#text} at (0,0) size 321x19
          text run at (0,0) width 321: "Font: STHeitiSC-Light Weight: 900 Style: normal"
      RenderBlock {DIV} at (0,826) size 784x18
        RenderText {#text} at (0,0) size 153x17
          text run at (0,0) width 153: "\x{679C}\x{57CE}\x{7684}\x{7F8E}\x{8B7D}\x{3002}\x{4E2D}\x{56FD}\x{53E4}"
      RenderBlock {DIV} at (0,844) size 784x20
        RenderText {#text} at (0,0) size 341x19
          text run at (0,0) width 341: "Font: STHeitiSC-Medium Weight: 100 Style: normal"
      RenderBlock {DIV} at (0,864) size 784x18
        RenderText {#text} at (0,0) size 144x17
          text run at (0,0) width 144: "\x{679C}\x{57CE}\x{7684}\x{7F8E}\x{8B7D}\x{3002}\x{4E2D}\x{56FD}\x{53E4}"
      RenderBlock {DIV} at (0,882) size 784x20
        RenderText {#text} at (0,0) size 341x19
          text run at (0,0) width 341: "Font: STHeitiSC-Medium Weight: 200 Style: normal"
      RenderBlock {DIV} at (0,902) size 784x18
        RenderText {#text} at (0,0) size 144x17
          text run at (0,0) width 144: "\x{679C}\x{57CE}\x{7684}\x{7F8E}\x{8B7D}\x{3002}\x{4E2D}\x{56FD}\x{53E4}"
      RenderBlock {DIV} at (0,920) size 784x20
        RenderText {#text} at (0,0) size 341x19
          text run at (0,0) width 341: "Font: STHeitiSC-Medium Weight: 300 Style: normal"
      RenderBlock {DIV} at (0,940) size 784x18
        RenderText {#text} at (0,0) size 144x17
          text run at (0,0) width 144: "\x{679C}\x{57CE}\x{7684}\x{7F8E}\x{8B7D}\x{3002}\x{4E2D}\x{56FD}\x{53E4}"
      RenderBlock {DIV} at (0,958) size 784x20
        RenderText {#text} at (0,0) size 341x19
          text run at (0,0) width 341: "Font: STHeitiSC-Medium Weight: 400 Style: normal"
      RenderBlock {DIV} at (0,978) size 784x18
        RenderText {#text} at (0,0) size 144x17
          text run at (0,0) width 144: "\x{679C}\x{57CE}\x{7684}\x{7F8E}\x{8B7D}\x{3002}\x{4E2D}\x{56FD}\x{53E4}"
      RenderBlock {DIV} at (0,996) size 784x20
        RenderText {#text} at (0,0) size 341x19
          text run at (0,0) width 341: "Font: STHeitiSC-Medium Weight: 500 Style: normal"
      RenderBlock {DIV} at (0,1016) size 784x18
        RenderText {#text} at (0,0) size 144x17
          text run at (0,0) width 144: "\x{679C}\x{57CE}\x{7684}\x{7F8E}\x{8B7D}\x{3002}\x{4E2D}\x{56FD}\x{53E4}"
      RenderBlock {DIV} at (0,1034) size 784x20
        RenderText {#text} at (0,0) size 341x19
          text run at (0,0) width 341: "Font: STHeitiSC-Medium Weight: 600 Style: normal"
      RenderBlock {DIV} at (0,1054) size 784x18
        RenderText {#text} at (0,0) size 144x17
          text run at (0,0) width 144: "\x{679C}\x{57CE}\x{7684}\x{7F8E}\x{8B7D}\x{3002}\x{4E2D}\x{56FD}\x{53E4}"
      RenderBlock {DIV} at (0,1072) size 784x20
        RenderText {#text} at (0,0) size 341x19
          text run at (0,0) width 341: "Font: STHeitiSC-Medium Weight: 700 Style: normal"
      RenderBlock {DIV} at (0,1092) size 784x18
        RenderText {#text} at (0,0) size 144x17
          text run at (0,0) width 144: "\x{679C}\x{57CE}\x{7684}\x{7F8E}\x{8B7D}\x{3002}\x{4E2D}\x{56FD}\x{53E4}"
      RenderBlock {DIV} at (0,1110) size 784x20
        RenderText {#text} at (0,0) size 341x19
          text run at (0,0) width 341: "Font: STHeitiSC-Medium Weight: 800 Style: normal"
      RenderBlock {DIV} at (0,1130) size 784x18
        RenderText {#text} at (0,0) size 144x17
          text run at (0,0) width 144: "\x{679C}\x{57CE}\x{7684}\x{7F8E}\x{8B7D}\x{3002}\x{4E2D}\x{56FD}\x{53E4}"
      RenderBlock {DIV} at (0,1148) size 784x20
        RenderText {#text} at (0,0) size 341x19
          text run at (0,0) width 341: "Font: STHeitiSC-Medium Weight: 900 Style: normal"
      RenderBlock {DIV} at (0,1168) size 784x18
        RenderText {#text} at (0,0) size 144x17
          text run at (0,0) width 144: "\x{679C}\x{57CE}\x{7684}\x{7F8E}\x{8B7D}\x{3002}\x{4E2D}\x{56FD}\x{53E4}"
      RenderBlock {DIV} at (0,1186) size 784x20
        RenderText {#text} at (0,0) size 253x19
          text run at (0,0) width 253: "Font: Heiti SC Weight: 100 Style: italic"
      RenderBlock {DIV} at (0,1206) size 784x18
        RenderText {#text} at (0,0) size 144x17
          text run at (0,0) width 144: "\x{679C}\x{57CE}\x{7684}\x{7F8E}\x{8B7D}\x{3002}\x{4E2D}\x{56FD}\x{53E4}"
      RenderBlock {DIV} at (0,1224) size 784x20
        RenderText {#text} at (0,0) size 253x19
          text run at (0,0) width 253: "Font: Heiti SC Weight: 200 Style: italic"
      RenderBlock {DIV} at (0,1244) size 784x18
        RenderText {#text} at (0,0) size 144x17
          text run at (0,0) width 144: "\x{679C}\x{57CE}\x{7684}\x{7F8E}\x{8B7D}\x{3002}\x{4E2D}\x{56FD}\x{53E4}"
      RenderBlock {DIV} at (0,1262) size 784x20
        RenderText {#text} at (0,0) size 253x19
          text run at (0,0) width 253: "Font: Heiti SC Weight: 300 Style: italic"
      RenderBlock {DIV} at (0,1282) size 784x18
        RenderText {#text} at (0,0) size 144x17
          text run at (0,0) width 144: "\x{679C}\x{57CE}\x{7684}\x{7F8E}\x{8B7D}\x{3002}\x{4E2D}\x{56FD}\x{53E4}"
      RenderBlock {DIV} at (0,1300) size 784x20
        RenderText {#text} at (0,0) size 253x19
          text run at (0,0) width 253: "Font: Heiti SC Weight: 400 Style: italic"
      RenderBlock {DIV} at (0,1320) size 784x18
        RenderText {#text} at (0,0) size 144x17
          text run at (0,0) width 144: "\x{679C}\x{57CE}\x{7684}\x{7F8E}\x{8B7D}\x{3002}\x{4E2D}\x{56FD}\x{53E4}"
      RenderBlock {DIV} at (0,1338) size 784x20
        RenderText {#text} at (0,0) size 253x19
          text run at (0,0) width 253: "Font: Heiti SC Weight: 500 Style: italic"
      RenderBlock {DIV} at (0,1358) size 784x18
        RenderText {#text} at (0,0) size 144x17
          text run at (0,0) width 144: "\x{679C}\x{57CE}\x{7684}\x{7F8E}\x{8B7D}\x{3002}\x{4E2D}\x{56FD}\x{53E4}"
      RenderBlock {DIV} at (0,1376) size 784x20
        RenderText {#text} at (0,0) size 253x19
          text run at (0,0) width 253: "Font: Heiti SC Weight: 600 Style: italic"
      RenderBlock {DIV} at (0,1396) size 784x18
        RenderText {#text} at (0,0) size 144x17
          text run at (0,0) width 144: "\x{679C}\x{57CE}\x{7684}\x{7F8E}\x{8B7D}\x{3002}\x{4E2D}\x{56FD}\x{53E4}"
      RenderBlock {DIV} at (0,1414) size 784x20
        RenderText {#text} at (0,0) size 253x19
          text run at (0,0) width 253: "Font: Heiti SC Weight: 700 Style: italic"
      RenderBlock {DIV} at (0,1434) size 784x18
        RenderText {#text} at (0,0) size 144x17
          text run at (0,0) width 144: "\x{679C}\x{57CE}\x{7684}\x{7F8E}\x{8B7D}\x{3002}\x{4E2D}\x{56FD}\x{53E4}"
      RenderBlock {DIV} at (0,1452) size 784x20
        RenderText {#text} at (0,0) size 253x19
          text run at (0,0) width 253: "Font: Heiti SC Weight: 800 Style: italic"
      RenderBlock {DIV} at (0,1472) size 784x18
        RenderText {#text} at (0,0) size 144x17
          text run at (0,0) width 144: "\x{679C}\x{57CE}\x{7684}\x{7F8E}\x{8B7D}\x{3002}\x{4E2D}\x{56FD}\x{53E4}"
      RenderBlock {DIV} at (0,1490) size 784x20
        RenderText {#text} at (0,0) size 253x19
          text run at (0,0) width 253: "Font: Heiti SC Weight: 900 Style: italic"
      RenderBlock {DIV} at (0,1510) size 784x18
        RenderText {#text} at (0,0) size 144x17
          text run at (0,0) width 144: "\x{679C}\x{57CE}\x{7684}\x{7F8E}\x{8B7D}\x{3002}\x{4E2D}\x{56FD}\x{53E4}"
      RenderBlock {DIV} at (0,1528) size 784x20
        RenderText {#text} at (0,0) size 308x19
          text run at (0,0) width 308: "Font: STHeitiSC-Light Weight: 100 Style: italic"
      RenderBlock {DIV} at (0,1548) size 784x18
        RenderText {#text} at (0,0) size 144x17
          text run at (0,0) width 144: "\x{679C}\x{57CE}\x{7684}\x{7F8E}\x{8B7D}\x{3002}\x{4E2D}\x{56FD}\x{53E4}"
      RenderBlock {DIV} at (0,1566) size 784x20
        RenderText {#text} at (0,0) size 308x19
          text run at (0,0) width 308: "Font: STHeitiSC-Light Weight: 200 Style: italic"
      RenderBlock {DIV} at (0,1586) size 784x18
        RenderText {#text} at (0,0) size 144x17
          text run at (0,0) width 144: "\x{679C}\x{57CE}\x{7684}\x{7F8E}\x{8B7D}\x{3002}\x{4E2D}\x{56FD}\x{53E4}"
      RenderBlock {DIV} at (0,1604) size 784x20
        RenderText {#text} at (0,0) size 308x19
          text run at (0,0) width 308: "Font: STHeitiSC-Light Weight: 300 Style: italic"
      RenderBlock {DIV} at (0,1624) size 784x18
        RenderText {#text} at (0,0) size 144x17
          text run at (0,0) width 144: "\x{679C}\x{57CE}\x{7684}\x{7F8E}\x{8B7D}\x{3002}\x{4E2D}\x{56FD}\x{53E4}"
      RenderBlock {DIV} at (0,1642) size 784x20
        RenderText {#text} at (0,0) size 308x19
          text run at (0,0) width 308: "Font: STHeitiSC-Light Weight: 400 Style: italic"
      RenderBlock {DIV} at (0,1662) size 784x18
        RenderText {#text} at (0,0) size 144x17
          text run at (0,0) width 144: "\x{679C}\x{57CE}\x{7684}\x{7F8E}\x{8B7D}\x{3002}\x{4E2D}\x{56FD}\x{53E4}"
      RenderBlock {DIV} at (0,1680) size 784x20
        RenderText {#text} at (0,0) size 308x19
          text run at (0,0) width 308: "Font: STHeitiSC-Light Weight: 500 Style: italic"
      RenderBlock {DIV} at (0,1700) size 784x18
        RenderText {#text} at (0,0) size 144x17
          text run at (0,0) width 144: "\x{679C}\x{57CE}\x{7684}\x{7F8E}\x{8B7D}\x{3002}\x{4E2D}\x{56FD}\x{53E4}"
      RenderBlock {DIV} at (0,1718) size 784x20
        RenderText {#text} at (0,0) size 308x19
          text run at (0,0) width 308: "Font: STHeitiSC-Light Weight: 600 Style: italic"
      RenderBlock {DIV} at (0,1738) size 784x18
        RenderText {#text} at (0,0) size 153x17
          text run at (0,0) width 153: "\x{679C}\x{57CE}\x{7684}\x{7F8E}\x{8B7D}\x{3002}\x{4E2D}\x{56FD}\x{53E4}"
      RenderBlock {DIV} at (0,1756) size 784x20
        RenderText {#text} at (0,0) size 308x19
          text run at (0,0) width 308: "Font: STHeitiSC-Light Weight: 700 Style: italic"
      RenderBlock {DIV} at (0,1776) size 784x18
        RenderText {#text} at (0,0) size 153x17
          text run at (0,0) width 153: "\x{679C}\x{57CE}\x{7684}\x{7F8E}\x{8B7D}\x{3002}\x{4E2D}\x{56FD}\x{53E4}"
      RenderBlock {DIV} at (0,1794) size 784x20
        RenderText {#text} at (0,0) size 308x19
          text run at (0,0) width 308: "Font: STHeitiSC-Light Weight: 800 Style: italic"
      RenderBlock {DIV} at (0,1814) size 784x18
        RenderText {#text} at (0,0) size 153x17
          text run at (0,0) width 153: "\x{679C}\x{57CE}\x{7684}\x{7F8E}\x{8B7D}\x{3002}\x{4E2D}\x{56FD}\x{53E4}"
      RenderBlock {DIV} at (0,1832) size 784x20
        RenderText {#text} at (0,0) size 308x19
          text run at (0,0) width 308: "Font: STHeitiSC-Light Weight: 900 Style: italic"
      RenderBlock {DIV} at (0,1852) size 784x18
        RenderText {#text} at (0,0) size 153x17
          text run at (0,0) width 153: "\x{679C}\x{57CE}\x{7684}\x{7F8E}\x{8B7D}\x{3002}\x{4E2D}\x{56FD}\x{53E4}"
      RenderBlock {DIV} at (0,1870) size 784x20
        RenderText {#text} at (0,0) size 328x19
          text run at (0,0) width 328: "Font: STHeitiSC-Medium Weight: 100 Style: italic"
      RenderBlock {DIV} at (0,1890) size 784x18
        RenderText {#text} at (0,0) size 144x17
          text run at (0,0) width 144: "\x{679C}\x{57CE}\x{7684}\x{7F8E}\x{8B7D}\x{3002}\x{4E2D}\x{56FD}\x{53E4}"
      RenderBlock {DIV} at (0,1908) size 784x20
        RenderText {#text} at (0,0) size 328x19
          text run at (0,0) width 328: "Font: STHeitiSC-Medium Weight: 200 Style: italic"
      RenderBlock {DIV} at (0,1928) size 784x18
        RenderText {#text} at (0,0) size 144x17
          text run at (0,0) width 144: "\x{679C}\x{57CE}\x{7684}\x{7F8E}\x{8B7D}\x{3002}\x{4E2D}\x{56FD}\x{53E4}"
      RenderBlock {DIV} at (0,1946) size 784x20
        RenderText {#text} at (0,0) size 328x19
          text run at (0,0) width 328: "Font: STHeitiSC-Medium Weight: 300 Style: italic"
      RenderBlock {DIV} at (0,1966) size 784x18
        RenderText {#text} at (0,0) size 144x17
          text run at (0,0) width 144: "\x{679C}\x{57CE}\x{7684}\x{7F8E}\x{8B7D}\x{3002}\x{4E2D}\x{56FD}\x{53E4}"
      RenderBlock {DIV} at (0,1984) size 784x20
        RenderText {#text} at (0,0) size 328x19
          text run at (0,0) width 328: "Font: STHeitiSC-Medium Weight: 400 Style: italic"
      RenderBlock {DIV} at (0,2004) size 784x18
        RenderText {#text} at (0,0) size 144x17
          text run at (0,0) width 144: "\x{679C}\x{57CE}\x{7684}\x{7F8E}\x{8B7D}\x{3002}\x{4E2D}\x{56FD}\x{53E4}"
      RenderBlock {DIV} at (0,2022) size 784x20
        RenderText {#text} at (0,0) size 328x19
          text run at (0,0) width 328: "Font: STHeitiSC-Medium Weight: 500 Style: italic"
      RenderBlock {DIV} at (0,2042) size 784x18
        RenderText {#text} at (0,0) size 144x17
          text run at (0,0) width 144: "\x{679C}\x{57CE}\x{7684}\x{7F8E}\x{8B7D}\x{3002}\x{4E2D}\x{56FD}\x{53E4}"
      RenderBlock {DIV} at (0,2060) size 784x20
        RenderText {#text} at (0,0) size 328x19
          text run at (0,0) width 328: "Font: STHeitiSC-Medium Weight: 600 Style: italic"
      RenderBlock {DIV} at (0,2080) size 784x18
        RenderText {#text} at (0,0) size 144x17
          text run at (0,0) width 144: "\x{679C}\x{57CE}\x{7684}\x{7F8E}\x{8B7D}\x{3002}\x{4E2D}\x{56FD}\x{53E4}"
      RenderBlock {DIV} at (0,2098) size 784x20
        RenderText {#text} at (0,0) size 328x19
          text run at (0,0) width 328: "Font: STHeitiSC-Medium Weight: 700 Style: italic"
      RenderBlock {DIV} at (0,2118) size 784x18
        RenderText {#text} at (0,0) size 144x17
          text run at (0,0) width 144: "\x{679C}\x{57CE}\x{7684}\x{7F8E}\x{8B7D}\x{3002}\x{4E2D}\x{56FD}\x{53E4}"
      RenderBlock {DIV} at (0,2136) size 784x20
        RenderText {#text} at (0,0) size 328x19
          text run at (0,0) width 328: "Font: STHeitiSC-Medium Weight: 800 Style: italic"
      RenderBlock {DIV} at (0,2156) size 784x18
        RenderText {#text} at (0,0) size 144x17
          text run at (0,0) width 144: "\x{679C}\x{57CE}\x{7684}\x{7F8E}\x{8B7D}\x{3002}\x{4E2D}\x{56FD}\x{53E4}"
      RenderBlock {DIV} at (0,2174) size 784x20
        RenderText {#text} at (0,0) size 328x19
          text run at (0,0) width 328: "Font: STHeitiSC-Medium Weight: 900 Style: italic"
      RenderBlock {DIV} at (0,2194) size 784x18
        RenderText {#text} at (0,0) size 144x17
          text run at (0,0) width 144: "\x{679C}\x{57CE}\x{7684}\x{7F8E}\x{8B7D}\x{3002}\x{4E2D}\x{56FD}\x{53E4}"
      RenderBlock {DIV} at (0,2212) size 784x20
        RenderText {#text} at (0,0) size 277x19
          text run at (0,0) width 277: "Font: Songti SC Weight: 100 Style: normal"
      RenderBlock {DIV} at (0,2232) size 784x20
        RenderText {#text} at (0,0) size 144x19
          text run at (0,0) width 144: "\x{679C}\x{57CE}\x{7684}\x{7F8E}\x{8B7D}\x{3002}\x{4E2D}\x{56FD}\x{53E4}"
      RenderBlock {DIV} at (0,2252) size 784x20
        RenderText {#text} at (0,0) size 277x19
          text run at (0,0) width 277: "Font: Songti SC Weight: 200 Style: normal"
      RenderBlock {DIV} at (0,2272) size 784x20
        RenderText {#text} at (0,0) size 144x19
          text run at (0,0) width 144: "\x{679C}\x{57CE}\x{7684}\x{7F8E}\x{8B7D}\x{3002}\x{4E2D}\x{56FD}\x{53E4}"
      RenderBlock {DIV} at (0,2292) size 784x20
        RenderText {#text} at (0,0) size 277x19
          text run at (0,0) width 277: "Font: Songti SC Weight: 300 Style: normal"
      RenderBlock {DIV} at (0,2312) size 784x20
        RenderText {#text} at (0,0) size 144x19
          text run at (0,0) width 144: "\x{679C}\x{57CE}\x{7684}\x{7F8E}\x{8B7D}\x{3002}\x{4E2D}\x{56FD}\x{53E4}"
      RenderBlock {DIV} at (0,2332) size 784x20
        RenderText {#text} at (0,0) size 277x19
          text run at (0,0) width 277: "Font: Songti SC Weight: 400 Style: normal"
      RenderBlock {DIV} at (0,2352) size 784x20
        RenderText {#text} at (0,0) size 144x19
          text run at (0,0) width 144: "\x{679C}\x{57CE}\x{7684}\x{7F8E}\x{8B7D}\x{3002}\x{4E2D}\x{56FD}\x{53E4}"
      RenderBlock {DIV} at (0,2372) size 784x20
        RenderText {#text} at (0,0) size 277x19
          text run at (0,0) width 277: "Font: Songti SC Weight: 500 Style: normal"
      RenderBlock {DIV} at (0,2392) size 784x20
        RenderText {#text} at (0,0) size 144x19
          text run at (0,0) width 144: "\x{679C}\x{57CE}\x{7684}\x{7F8E}\x{8B7D}\x{3002}\x{4E2D}\x{56FD}\x{53E4}"
      RenderBlock {DIV} at (0,2412) size 784x20
        RenderText {#text} at (0,0) size 277x19
          text run at (0,0) width 277: "Font: Songti SC Weight: 600 Style: normal"
      RenderBlock {DIV} at (0,2432) size 784x20
        RenderText {#text} at (0,0) size 144x19
          text run at (0,0) width 144: "\x{679C}\x{57CE}\x{7684}\x{7F8E}\x{8B7D}\x{3002}\x{4E2D}\x{56FD}\x{53E4}"
      RenderBlock {DIV} at (0,2452) size 784x20
        RenderText {#text} at (0,0) size 277x19
          text run at (0,0) width 277: "Font: Songti SC Weight: 700 Style: normal"
      RenderBlock {DIV} at (0,2472) size 784x20
        RenderText {#text} at (0,0) size 144x19
          text run at (0,0) width 144: "\x{679C}\x{57CE}\x{7684}\x{7F8E}\x{8B7D}\x{3002}\x{4E2D}\x{56FD}\x{53E4}"
      RenderBlock {DIV} at (0,2492) size 784x20
        RenderText {#text} at (0,0) size 277x19
          text run at (0,0) width 277: "Font: Songti SC Weight: 800 Style: normal"
      RenderBlock {DIV} at (0,2512) size 784x20
        RenderText {#text} at (0,0) size 144x19
          text run at (0,0) width 144: "\x{679C}\x{57CE}\x{7684}\x{7F8E}\x{8B7D}\x{3002}\x{4E2D}\x{56FD}\x{53E4}"
      RenderBlock {DIV} at (0,2532) size 784x20
        RenderText {#text} at (0,0) size 277x19
          text run at (0,0) width 277: "Font: Songti SC Weight: 900 Style: normal"
      RenderBlock {DIV} at (0,2552) size 784x20
        RenderText {#text} at (0,0) size 144x19
          text run at (0,0) width 144: "\x{679C}\x{57CE}\x{7684}\x{7F8E}\x{8B7D}\x{3002}\x{4E2D}\x{56FD}\x{53E4}"
      RenderBlock {DIV} at (0,2572) size 784x20
        RenderText {#text} at (0,0) size 353x19
          text run at (0,0) width 353: "Font: STSongti-SC-Regular Weight: 100 Style: normal"
      RenderBlock {DIV} at (0,2592) size 784x20
        RenderText {#text} at (0,0) size 144x19
          text run at (0,0) width 144: "\x{679C}\x{57CE}\x{7684}\x{7F8E}\x{8B7D}\x{3002}\x{4E2D}\x{56FD}\x{53E4}"
      RenderBlock {DIV} at (0,2612) size 784x20
        RenderText {#text} at (0,0) size 353x19
          text run at (0,0) width 353: "Font: STSongti-SC-Regular Weight: 200 Style: normal"
      RenderBlock {DIV} at (0,2632) size 784x20
        RenderText {#text} at (0,0) size 144x19
          text run at (0,0) width 144: "\x{679C}\x{57CE}\x{7684}\x{7F8E}\x{8B7D}\x{3002}\x{4E2D}\x{56FD}\x{53E4}"
      RenderBlock {DIV} at (0,2652) size 784x20
        RenderText {#text} at (0,0) size 353x19
          text run at (0,0) width 353: "Font: STSongti-SC-Regular Weight: 300 Style: normal"
      RenderBlock {DIV} at (0,2672) size 784x20
        RenderText {#text} at (0,0) size 144x19
          text run at (0,0) width 144: "\x{679C}\x{57CE}\x{7684}\x{7F8E}\x{8B7D}\x{3002}\x{4E2D}\x{56FD}\x{53E4}"
      RenderBlock {DIV} at (0,2692) size 784x20
        RenderText {#text} at (0,0) size 353x19
          text run at (0,0) width 353: "Font: STSongti-SC-Regular Weight: 400 Style: normal"
      RenderBlock {DIV} at (0,2712) size 784x20
        RenderText {#text} at (0,0) size 144x19
          text run at (0,0) width 144: "\x{679C}\x{57CE}\x{7684}\x{7F8E}\x{8B7D}\x{3002}\x{4E2D}\x{56FD}\x{53E4}"
      RenderBlock {DIV} at (0,2732) size 784x20
        RenderText {#text} at (0,0) size 353x19
          text run at (0,0) width 353: "Font: STSongti-SC-Regular Weight: 500 Style: normal"
      RenderBlock {DIV} at (0,2752) size 784x20
        RenderText {#text} at (0,0) size 144x19
          text run at (0,0) width 144: "\x{679C}\x{57CE}\x{7684}\x{7F8E}\x{8B7D}\x{3002}\x{4E2D}\x{56FD}\x{53E4}"
      RenderBlock {DIV} at (0,2772) size 784x20
        RenderText {#text} at (0,0) size 353x19
          text run at (0,0) width 353: "Font: STSongti-SC-Regular Weight: 600 Style: normal"
      RenderBlock {DIV} at (0,2792) size 784x20
        RenderText {#text} at (0,0) size 144x19
          text run at (0,0) width 144: "\x{679C}\x{57CE}\x{7684}\x{7F8E}\x{8B7D}\x{3002}\x{4E2D}\x{56FD}\x{53E4}"
      RenderBlock {DIV} at (0,2812) size 784x20
        RenderText {#text} at (0,0) size 353x19
          text run at (0,0) width 353: "Font: STSongti-SC-Regular Weight: 700 Style: normal"
      RenderBlock {DIV} at (0,2832) size 784x20
        RenderText {#text} at (0,0) size 144x19
          text run at (0,0) width 144: "\x{679C}\x{57CE}\x{7684}\x{7F8E}\x{8B7D}\x{3002}\x{4E2D}\x{56FD}\x{53E4}"
      RenderBlock {DIV} at (0,2852) size 784x20
        RenderText {#text} at (0,0) size 353x19
          text run at (0,0) width 353: "Font: STSongti-SC-Regular Weight: 800 Style: normal"
      RenderBlock {DIV} at (0,2872) size 784x20
        RenderText {#text} at (0,0) size 144x19
          text run at (0,0) width 144: "\x{679C}\x{57CE}\x{7684}\x{7F8E}\x{8B7D}\x{3002}\x{4E2D}\x{56FD}\x{53E4}"
      RenderBlock {DIV} at (0,2892) size 784x20
        RenderText {#text} at (0,0) size 353x19
          text run at (0,0) width 353: "Font: STSongti-SC-Regular Weight: 900 Style: normal"
      RenderBlock {DIV} at (0,2912) size 784x20
        RenderText {#text} at (0,0) size 144x19
          text run at (0,0) width 144: "\x{679C}\x{57CE}\x{7684}\x{7F8E}\x{8B7D}\x{3002}\x{4E2D}\x{56FD}\x{53E4}"
      RenderBlock {DIV} at (0,2932) size 784x20
        RenderText {#text} at (0,0) size 337x19
          text run at (0,0) width 337: "Font: STSongti-SC-Light Weight: 100 Style: normal"
      RenderBlock {DIV} at (0,2952) size 784x20
        RenderText {#text} at (0,0) size 144x19
          text run at (0,0) width 144: "\x{679C}\x{57CE}\x{7684}\x{7F8E}\x{8B7D}\x{3002}\x{4E2D}\x{56FD}\x{53E4}"
      RenderBlock {DIV} at (0,2972) size 784x20
        RenderText {#text} at (0,0) size 337x19
          text run at (0,0) width 337: "Font: STSongti-SC-Light Weight: 200 Style: normal"
      RenderBlock {DIV} at (0,2992) size 784x20
        RenderText {#text} at (0,0) size 144x19
          text run at (0,0) width 144: "\x{679C}\x{57CE}\x{7684}\x{7F8E}\x{8B7D}\x{3002}\x{4E2D}\x{56FD}\x{53E4}"
      RenderBlock {DIV} at (0,3012) size 784x20
        RenderText {#text} at (0,0) size 337x19
          text run at (0,0) width 337: "Font: STSongti-SC-Light Weight: 300 Style: normal"
      RenderBlock {DIV} at (0,3032) size 784x20
        RenderText {#text} at (0,0) size 144x19
          text run at (0,0) width 144: "\x{679C}\x{57CE}\x{7684}\x{7F8E}\x{8B7D}\x{3002}\x{4E2D}\x{56FD}\x{53E4}"
      RenderBlock {DIV} at (0,3052) size 784x20
        RenderText {#text} at (0,0) size 337x19
          text run at (0,0) width 337: "Font: STSongti-SC-Light Weight: 400 Style: normal"
      RenderBlock {DIV} at (0,3072) size 784x20
        RenderText {#text} at (0,0) size 144x19
          text run at (0,0) width 144: "\x{679C}\x{57CE}\x{7684}\x{7F8E}\x{8B7D}\x{3002}\x{4E2D}\x{56FD}\x{53E4}"
      RenderBlock {DIV} at (0,3092) size 784x20
        RenderText {#text} at (0,0) size 337x19
          text run at (0,0) width 337: "Font: STSongti-SC-Light Weight: 500 Style: normal"
      RenderBlock {DIV} at (0,3112) size 784x20
        RenderText {#text} at (0,0) size 144x19
          text run at (0,0) width 144: "\x{679C}\x{57CE}\x{7684}\x{7F8E}\x{8B7D}\x{3002}\x{4E2D}\x{56FD}\x{53E4}"
      RenderBlock {DIV} at (0,3132) size 784x20
        RenderText {#text} at (0,0) size 337x19
          text run at (0,0) width 337: "Font: STSongti-SC-Light Weight: 600 Style: normal"
      RenderBlock {DIV} at (0,3152) size 784x20
        RenderText {#text} at (0,0) size 144x19
          text run at (0,0) width 144: "\x{679C}\x{57CE}\x{7684}\x{7F8E}\x{8B7D}\x{3002}\x{4E2D}\x{56FD}\x{53E4}"
      RenderBlock {DIV} at (0,3172) size 784x20
        RenderText {#text} at (0,0) size 337x19
          text run at (0,0) width 337: "Font: STSongti-SC-Light Weight: 700 Style: normal"
      RenderBlock {DIV} at (0,3192) size 784x20
        RenderText {#text} at (0,0) size 144x19
          text run at (0,0) width 144: "\x{679C}\x{57CE}\x{7684}\x{7F8E}\x{8B7D}\x{3002}\x{4E2D}\x{56FD}\x{53E4}"
      RenderBlock {DIV} at (0,3212) size 784x20
        RenderText {#text} at (0,0) size 337x19
          text run at (0,0) width 337: "Font: STSongti-SC-Light Weight: 800 Style: normal"
      RenderBlock {DIV} at (0,3232) size 784x20
        RenderText {#text} at (0,0) size 144x19
          text run at (0,0) width 144: "\x{679C}\x{57CE}\x{7684}\x{7F8E}\x{8B7D}\x{3002}\x{4E2D}\x{56FD}\x{53E4}"
      RenderBlock {DIV} at (0,3252) size 784x20
        RenderText {#text} at (0,0) size 337x19
          text run at (0,0) width 337: "Font: STSongti-SC-Light Weight: 900 Style: normal"
      RenderBlock {DIV} at (0,3272) size 784x20
        RenderText {#text} at (0,0) size 144x19
          text run at (0,0) width 144: "\x{679C}\x{57CE}\x{7684}\x{7F8E}\x{8B7D}\x{3002}\x{4E2D}\x{56FD}\x{53E4}"
      RenderBlock {DIV} at (0,3292) size 784x20
        RenderText {#text} at (0,0) size 333x19
          text run at (0,0) width 333: "Font: STSongti-SC-Bold Weight: 100 Style: normal"
      RenderBlock {DIV} at (0,3312) size 784x20
        RenderText {#text} at (0,0) size 144x19
          text run at (0,0) width 144: "\x{679C}\x{57CE}\x{7684}\x{7F8E}\x{8B7D}\x{3002}\x{4E2D}\x{56FD}\x{53E4}"
      RenderBlock {DIV} at (0,3332) size 784x20
        RenderText {#text} at (0,0) size 333x19
          text run at (0,0) width 333: "Font: STSongti-SC-Bold Weight: 200 Style: normal"
      RenderBlock {DIV} at (0,3352) size 784x20
        RenderText {#text} at (0,0) size 144x19
          text run at (0,0) width 144: "\x{679C}\x{57CE}\x{7684}\x{7F8E}\x{8B7D}\x{3002}\x{4E2D}\x{56FD}\x{53E4}"
      RenderBlock {DIV} at (0,3372) size 784x20
        RenderText {#text} at (0,0) size 333x19
          text run at (0,0) width 333: "Font: STSongti-SC-Bold Weight: 300 Style: normal"
      RenderBlock {DIV} at (0,3392) size 784x20
        RenderText {#text} at (0,0) size 144x19
          text run at (0,0) width 144: "\x{679C}\x{57CE}\x{7684}\x{7F8E}\x{8B7D}\x{3002}\x{4E2D}\x{56FD}\x{53E4}"
      RenderBlock {DIV} at (0,3412) size 784x20
        RenderText {#text} at (0,0) size 333x19
          text run at (0,0) width 333: "Font: STSongti-SC-Bold Weight: 400 Style: normal"
      RenderBlock {DIV} at (0,3432) size 784x20
        RenderText {#text} at (0,0) size 144x19
          text run at (0,0) width 144: "\x{679C}\x{57CE}\x{7684}\x{7F8E}\x{8B7D}\x{3002}\x{4E2D}\x{56FD}\x{53E4}"
      RenderBlock {DIV} at (0,3452) size 784x20
        RenderText {#text} at (0,0) size 333x19
          text run at (0,0) width 333: "Font: STSongti-SC-Bold Weight: 500 Style: normal"
      RenderBlock {DIV} at (0,3472) size 784x20
        RenderText {#text} at (0,0) size 144x19
          text run at (0,0) width 144: "\x{679C}\x{57CE}\x{7684}\x{7F8E}\x{8B7D}\x{3002}\x{4E2D}\x{56FD}\x{53E4}"
      RenderBlock {DIV} at (0,3492) size 784x20
        RenderText {#text} at (0,0) size 333x19
          text run at (0,0) width 333: "Font: STSongti-SC-Bold Weight: 600 Style: normal"
      RenderBlock {DIV} at (0,3512) size 784x20
        RenderText {#text} at (0,0) size 144x19
          text run at (0,0) width 144: "\x{679C}\x{57CE}\x{7684}\x{7F8E}\x{8B7D}\x{3002}\x{4E2D}\x{56FD}\x{53E4}"
      RenderBlock {DIV} at (0,3532) size 784x20
        RenderText {#text} at (0,0) size 333x19
          text run at (0,0) width 333: "Font: STSongti-SC-Bold Weight: 700 Style: normal"
      RenderBlock {DIV} at (0,3552) size 784x20
        RenderText {#text} at (0,0) size 144x19
          text run at (0,0) width 144: "\x{679C}\x{57CE}\x{7684}\x{7F8E}\x{8B7D}\x{3002}\x{4E2D}\x{56FD}\x{53E4}"
      RenderBlock {DIV} at (0,3572) size 784x20
        RenderText {#text} at (0,0) size 333x19
          text run at (0,0) width 333: "Font: STSongti-SC-Bold Weight: 800 Style: normal"
      RenderBlock {DIV} at (0,3592) size 784x20
        RenderText {#text} at (0,0) size 144x19
          text run at (0,0) width 144: "\x{679C}\x{57CE}\x{7684}\x{7F8E}\x{8B7D}\x{3002}\x{4E2D}\x{56FD}\x{53E4}"
      RenderBlock {DIV} at (0,3612) size 784x20
        RenderText {#text} at (0,0) size 333x19
          text run at (0,0) width 333: "Font: STSongti-SC-Bold Weight: 900 Style: normal"
      RenderBlock {DIV} at (0,3632) size 784x20
        RenderText {#text} at (0,0) size 144x19
          text run at (0,0) width 144: "\x{679C}\x{57CE}\x{7684}\x{7F8E}\x{8B7D}\x{3002}\x{4E2D}\x{56FD}\x{53E4}"
      RenderBlock {DIV} at (0,3652) size 784x20
        RenderText {#text} at (0,0) size 339x19
          text run at (0,0) width 339: "Font: STSongti-SC-Black Weight: 100 Style: normal"
      RenderBlock {DIV} at (0,3672) size 784x20
        RenderText {#text} at (0,0) size 144x19
          text run at (0,0) width 144: "\x{679C}\x{57CE}\x{7684}\x{7F8E}\x{8B7D}\x{3002}\x{4E2D}\x{56FD}\x{53E4}"
      RenderBlock {DIV} at (0,3692) size 784x20
        RenderText {#text} at (0,0) size 339x19
          text run at (0,0) width 339: "Font: STSongti-SC-Black Weight: 200 Style: normal"
      RenderBlock {DIV} at (0,3712) size 784x20
        RenderText {#text} at (0,0) size 144x19
          text run at (0,0) width 144: "\x{679C}\x{57CE}\x{7684}\x{7F8E}\x{8B7D}\x{3002}\x{4E2D}\x{56FD}\x{53E4}"
      RenderBlock {DIV} at (0,3732) size 784x20
        RenderText {#text} at (0,0) size 339x19
          text run at (0,0) width 339: "Font: STSongti-SC-Black Weight: 300 Style: normal"
      RenderBlock {DIV} at (0,3752) size 784x20
        RenderText {#text} at (0,0) size 144x19
          text run at (0,0) width 144: "\x{679C}\x{57CE}\x{7684}\x{7F8E}\x{8B7D}\x{3002}\x{4E2D}\x{56FD}\x{53E4}"
      RenderBlock {DIV} at (0,3772) size 784x20
        RenderText {#text} at (0,0) size 339x19
          text run at (0,0) width 339: "Font: STSongti-SC-Black Weight: 400 Style: normal"
      RenderBlock {DIV} at (0,3792) size 784x20
        RenderText {#text} at (0,0) size 144x19
          text run at (0,0) width 144: "\x{679C}\x{57CE}\x{7684}\x{7F8E}\x{8B7D}\x{3002}\x{4E2D}\x{56FD}\x{53E4}"
      RenderBlock {DIV} at (0,3812) size 784x20
        RenderText {#text} at (0,0) size 339x19
          text run at (0,0) width 339: "Font: STSongti-SC-Black Weight: 500 Style: normal"
      RenderBlock {DIV} at (0,3832) size 784x20
        RenderText {#text} at (0,0) size 144x19
          text run at (0,0) width 144: "\x{679C}\x{57CE}\x{7684}\x{7F8E}\x{8B7D}\x{3002}\x{4E2D}\x{56FD}\x{53E4}"
      RenderBlock {DIV} at (0,3852) size 784x20
        RenderText {#text} at (0,0) size 339x19
          text run at (0,0) width 339: "Font: STSongti-SC-Black Weight: 600 Style: normal"
      RenderBlock {DIV} at (0,3872) size 784x20
        RenderText {#text} at (0,0) size 144x19
          text run at (0,0) width 144: "\x{679C}\x{57CE}\x{7684}\x{7F8E}\x{8B7D}\x{3002}\x{4E2D}\x{56FD}\x{53E4}"
      RenderBlock {DIV} at (0,3892) size 784x20
        RenderText {#text} at (0,0) size 339x19
          text run at (0,0) width 339: "Font: STSongti-SC-Black Weight: 700 Style: normal"
      RenderBlock {DIV} at (0,3912) size 784x20
        RenderText {#text} at (0,0) size 144x19
          text run at (0,0) width 144: "\x{679C}\x{57CE}\x{7684}\x{7F8E}\x{8B7D}\x{3002}\x{4E2D}\x{56FD}\x{53E4}"
      RenderBlock {DIV} at (0,3932) size 784x20
        RenderText {#text} at (0,0) size 339x19
          text run at (0,0) width 339: "Font: STSongti-SC-Black Weight: 800 Style: normal"
      RenderBlock {DIV} at (0,3952) size 784x20
        RenderText {#text} at (0,0) size 144x19
          text run at (0,0) width 144: "\x{679C}\x{57CE}\x{7684}\x{7F8E}\x{8B7D}\x{3002}\x{4E2D}\x{56FD}\x{53E4}"
      RenderBlock {DIV} at (0,3972) size 784x20
        RenderText {#text} at (0,0) size 339x19
          text run at (0,0) width 339: "Font: STSongti-SC-Black Weight: 900 Style: normal"
      RenderBlock {DIV} at (0,3992) size 784x20
        RenderText {#text} at (0,0) size 144x19
          text run at (0,0) width 144: "\x{679C}\x{57CE}\x{7684}\x{7F8E}\x{8B7D}\x{3002}\x{4E2D}\x{56FD}\x{53E4}"
      RenderBlock {DIV} at (0,4012) size 784x20
        RenderText {#text} at (0,0) size 263x19
          text run at (0,0) width 263: "Font: Songti SC Weight: 100 Style: italic"
      RenderBlock {DIV} at (0,4032) size 784x20
        RenderText {#text} at (0,0) size 144x19
          text run at (0,0) width 144: "\x{679C}\x{57CE}\x{7684}\x{7F8E}\x{8B7D}\x{3002}\x{4E2D}\x{56FD}\x{53E4}"
      RenderBlock {DIV} at (0,4052) size 784x20
        RenderText {#text} at (0,0) size 263x19
          text run at (0,0) width 263: "Font: Songti SC Weight: 200 Style: italic"
      RenderBlock {DIV} at (0,4072) size 784x20
        RenderText {#text} at (0,0) size 144x19
          text run at (0,0) width 144: "\x{679C}\x{57CE}\x{7684}\x{7F8E}\x{8B7D}\x{3002}\x{4E2D}\x{56FD}\x{53E4}"
      RenderBlock {DIV} at (0,4092) size 784x20
        RenderText {#text} at (0,0) size 263x19
          text run at (0,0) width 263: "Font: Songti SC Weight: 300 Style: italic"
      RenderBlock {DIV} at (0,4112) size 784x20
        RenderText {#text} at (0,0) size 144x19
          text run at (0,0) width 144: "\x{679C}\x{57CE}\x{7684}\x{7F8E}\x{8B7D}\x{3002}\x{4E2D}\x{56FD}\x{53E4}"
      RenderBlock {DIV} at (0,4132) size 784x20
        RenderText {#text} at (0,0) size 263x19
          text run at (0,0) width 263: "Font: Songti SC Weight: 400 Style: italic"
      RenderBlock {DIV} at (0,4152) size 784x20
        RenderText {#text} at (0,0) size 144x19
          text run at (0,0) width 144: "\x{679C}\x{57CE}\x{7684}\x{7F8E}\x{8B7D}\x{3002}\x{4E2D}\x{56FD}\x{53E4}"
      RenderBlock {DIV} at (0,4172) size 784x20
        RenderText {#text} at (0,0) size 263x19
          text run at (0,0) width 263: "Font: Songti SC Weight: 500 Style: italic"
      RenderBlock {DIV} at (0,4192) size 784x20
        RenderText {#text} at (0,0) size 144x19
          text run at (0,0) width 144: "\x{679C}\x{57CE}\x{7684}\x{7F8E}\x{8B7D}\x{3002}\x{4E2D}\x{56FD}\x{53E4}"
      RenderBlock {DIV} at (0,4212) size 784x20
        RenderText {#text} at (0,0) size 263x19
          text run at (0,0) width 263: "Font: Songti SC Weight: 600 Style: italic"
      RenderBlock {DIV} at (0,4232) size 784x20
        RenderText {#text} at (0,0) size 144x19
          text run at (0,0) width 144: "\x{679C}\x{57CE}\x{7684}\x{7F8E}\x{8B7D}\x{3002}\x{4E2D}\x{56FD}\x{53E4}"
      RenderBlock {DIV} at (0,4252) size 784x20
        RenderText {#text} at (0,0) size 263x19
          text run at (0,0) width 263: "Font: Songti SC Weight: 700 Style: italic"
      RenderBlock {DIV} at (0,4272) size 784x20
        RenderText {#text} at (0,0) size 144x19
          text run at (0,0) width 144: "\x{679C}\x{57CE}\x{7684}\x{7F8E}\x{8B7D}\x{3002}\x{4E2D}\x{56FD}\x{53E4}"
      RenderBlock {DIV} at (0,4292) size 784x20
        RenderText {#text} at (0,0) size 263x19
          text run at (0,0) width 263: "Font: Songti SC Weight: 800 Style: italic"
      RenderBlock {DIV} at (0,4312) size 784x20
        RenderText {#text} at (0,0) size 144x19
          text run at (0,0) width 144: "\x{679C}\x{57CE}\x{7684}\x{7F8E}\x{8B7D}\x{3002}\x{4E2D}\x{56FD}\x{53E4}"
      RenderBlock {DIV} at (0,4332) size 784x20
        RenderText {#text} at (0,0) size 263x19
          text run at (0,0) width 263: "Font: Songti SC Weight: 900 Style: italic"
      RenderBlock {DIV} at (0,4352) size 784x20
        RenderText {#text} at (0,0) size 144x19
          text run at (0,0) width 144: "\x{679C}\x{57CE}\x{7684}\x{7F8E}\x{8B7D}\x{3002}\x{4E2D}\x{56FD}\x{53E4}"
      RenderBlock {DIV} at (0,4372) size 784x20
        RenderText {#text} at (0,0) size 339x19
          text run at (0,0) width 339: "Font: STSongti-SC-Regular Weight: 100 Style: italic"
      RenderBlock {DIV} at (0,4392) size 784x20
        RenderText {#text} at (0,0) size 144x19
          text run at (0,0) width 144: "\x{679C}\x{57CE}\x{7684}\x{7F8E}\x{8B7D}\x{3002}\x{4E2D}\x{56FD}\x{53E4}"
      RenderBlock {DIV} at (0,4412) size 784x20
        RenderText {#text} at (0,0) size 339x19
          text run at (0,0) width 339: "Font: STSongti-SC-Regular Weight: 200 Style: italic"
      RenderBlock {DIV} at (0,4432) size 784x20
        RenderText {#text} at (0,0) size 144x19
          text run at (0,0) width 144: "\x{679C}\x{57CE}\x{7684}\x{7F8E}\x{8B7D}\x{3002}\x{4E2D}\x{56FD}\x{53E4}"
      RenderBlock {DIV} at (0,4452) size 784x20
        RenderText {#text} at (0,0) size 339x19
          text run at (0,0) width 339: "Font: STSongti-SC-Regular Weight: 300 Style: italic"
      RenderBlock {DIV} at (0,4472) size 784x20
        RenderText {#text} at (0,0) size 144x19
          text run at (0,0) width 144: "\x{679C}\x{57CE}\x{7684}\x{7F8E}\x{8B7D}\x{3002}\x{4E2D}\x{56FD}\x{53E4}"
      RenderBlock {DIV} at (0,4492) size 784x20
        RenderText {#text} at (0,0) size 339x19
          text run at (0,0) width 339: "Font: STSongti-SC-Regular Weight: 400 Style: italic"
      RenderBlock {DIV} at (0,4512) size 784x20
        RenderText {#text} at (0,0) size 144x19
          text run at (0,0) width 144: "\x{679C}\x{57CE}\x{7684}\x{7F8E}\x{8B7D}\x{3002}\x{4E2D}\x{56FD}\x{53E4}"
      RenderBlock {DIV} at (0,4532) size 784x20
        RenderText {#text} at (0,0) size 339x19
          text run at (0,0) width 339: "Font: STSongti-SC-Regular Weight: 500 Style: italic"
      RenderBlock {DIV} at (0,4552) size 784x20
        RenderText {#text} at (0,0) size 144x19
          text run at (0,0) width 144: "\x{679C}\x{57CE}\x{7684}\x{7F8E}\x{8B7D}\x{3002}\x{4E2D}\x{56FD}\x{53E4}"
      RenderBlock {DIV} at (0,4572) size 784x20
        RenderText {#text} at (0,0) size 339x19
          text run at (0,0) width 339: "Font: STSongti-SC-Regular Weight: 600 Style: italic"
      RenderBlock {DIV} at (0,4592) size 784x20
        RenderText {#text} at (0,0) size 144x19
          text run at (0,0) width 144: "\x{679C}\x{57CE}\x{7684}\x{7F8E}\x{8B7D}\x{3002}\x{4E2D}\x{56FD}\x{53E4}"
      RenderBlock {DIV} at (0,4612) size 784x20
        RenderText {#text} at (0,0) size 339x19
          text run at (0,0) width 339: "Font: STSongti-SC-Regular Weight: 700 Style: italic"
      RenderBlock {DIV} at (0,4632) size 784x20
        RenderText {#text} at (0,0) size 144x19
          text run at (0,0) width 144: "\x{679C}\x{57CE}\x{7684}\x{7F8E}\x{8B7D}\x{3002}\x{4E2D}\x{56FD}\x{53E4}"
      RenderBlock {DIV} at (0,4652) size 784x20
        RenderText {#text} at (0,0) size 339x19
          text run at (0,0) width 339: "Font: STSongti-SC-Regular Weight: 800 Style: italic"
      RenderBlock {DIV} at (0,4672) size 784x20
        RenderText {#text} at (0,0) size 144x19
          text run at (0,0) width 144: "\x{679C}\x{57CE}\x{7684}\x{7F8E}\x{8B7D}\x{3002}\x{4E2D}\x{56FD}\x{53E4}"
      RenderBlock {DIV} at (0,4692) size 784x20
        RenderText {#text} at (0,0) size 339x19
          text run at (0,0) width 339: "Font: STSongti-SC-Regular Weight: 900 Style: italic"
      RenderBlock {DIV} at (0,4712) size 784x20
        RenderText {#text} at (0,0) size 144x19
          text run at (0,0) width 144: "\x{679C}\x{57CE}\x{7684}\x{7F8E}\x{8B7D}\x{3002}\x{4E2D}\x{56FD}\x{53E4}"
      RenderBlock {DIV} at (0,4732) size 784x20
        RenderText {#text} at (0,0) size 323x19
          text run at (0,0) width 323: "Font: STSongti-SC-Light Weight: 100 Style: italic"
      RenderBlock {DIV} at (0,4752) size 784x20
        RenderText {#text} at (0,0) size 144x19
          text run at (0,0) width 144: "\x{679C}\x{57CE}\x{7684}\x{7F8E}\x{8B7D}\x{3002}\x{4E2D}\x{56FD}\x{53E4}"
      RenderBlock {DIV} at (0,4772) size 784x20
        RenderText {#text} at (0,0) size 323x19
          text run at (0,0) width 323: "Font: STSongti-SC-Light Weight: 200 Style: italic"
      RenderBlock {DIV} at (0,4792) size 784x20
        RenderText {#text} at (0,0) size 144x19
          text run at (0,0) width 144: "\x{679C}\x{57CE}\x{7684}\x{7F8E}\x{8B7D}\x{3002}\x{4E2D}\x{56FD}\x{53E4}"
      RenderBlock {DIV} at (0,4812) size 784x20
        RenderText {#text} at (0,0) size 323x19
          text run at (0,0) width 323: "Font: STSongti-SC-Light Weight: 300 Style: italic"
      RenderBlock {DIV} at (0,4832) size 784x20
        RenderText {#text} at (0,0) size 144x19
          text run at (0,0) width 144: "\x{679C}\x{57CE}\x{7684}\x{7F8E}\x{8B7D}\x{3002}\x{4E2D}\x{56FD}\x{53E4}"
      RenderBlock {DIV} at (0,4852) size 784x20
        RenderText {#text} at (0,0) size 323x19
          text run at (0,0) width 323: "Font: STSongti-SC-Light Weight: 400 Style: italic"
      RenderBlock {DIV} at (0,4872) size 784x20
        RenderText {#text} at (0,0) size 144x19
          text run at (0,0) width 144: "\x{679C}\x{57CE}\x{7684}\x{7F8E}\x{8B7D}\x{3002}\x{4E2D}\x{56FD}\x{53E4}"
      RenderBlock {DIV} at (0,4892) size 784x20
        RenderText {#text} at (0,0) size 323x19
          text run at (0,0) width 323: "Font: STSongti-SC-Light Weight: 500 Style: italic"
      RenderBlock {DIV} at (0,4912) size 784x20
        RenderText {#text} at (0,0) size 144x19
          text run at (0,0) width 144: "\x{679C}\x{57CE}\x{7684}\x{7F8E}\x{8B7D}\x{3002}\x{4E2D}\x{56FD}\x{53E4}"
      RenderBlock {DIV} at (0,4932) size 784x20
        RenderText {#text} at (0,0) size 323x19
          text run at (0,0) width 323: "Font: STSongti-SC-Light Weight: 600 Style: italic"
      RenderBlock {DIV} at (0,4952) size 784x20
        RenderText {#text} at (0,0) size 144x19
          text run at (0,0) width 144: "\x{679C}\x{57CE}\x{7684}\x{7F8E}\x{8B7D}\x{3002}\x{4E2D}\x{56FD}\x{53E4}"
      RenderBlock {DIV} at (0,4972) size 784x20
        RenderText {#text} at (0,0) size 323x19
          text run at (0,0) width 323: "Font: STSongti-SC-Light Weight: 700 Style: italic"
      RenderBlock {DIV} at (0,4992) size 784x20
        RenderText {#text} at (0,0) size 144x19
          text run at (0,0) width 144: "\x{679C}\x{57CE}\x{7684}\x{7F8E}\x{8B7D}\x{3002}\x{4E2D}\x{56FD}\x{53E4}"
      RenderBlock {DIV} at (0,5012) size 784x20
        RenderText {#text} at (0,0) size 323x19
          text run at (0,0) width 323: "Font: STSongti-SC-Light Weight: 800 Style: italic"
      RenderBlock {DIV} at (0,5032) size 784x20
        RenderText {#text} at (0,0) size 144x19
          text run at (0,0) width 144: "\x{679C}\x{57CE}\x{7684}\x{7F8E}\x{8B7D}\x{3002}\x{4E2D}\x{56FD}\x{53E4}"
      RenderBlock {DIV} at (0,5052) size 784x20
        RenderText {#text} at (0,0) size 323x19
          text run at (0,0) width 323: "Font: STSongti-SC-Light Weight: 900 Style: italic"
      RenderBlock {DIV} at (0,5072) size 784x20
        RenderText {#text} at (0,0) size 144x19
          text run at (0,0) width 144: "\x{679C}\x{57CE}\x{7684}\x{7F8E}\x{8B7D}\x{3002}\x{4E2D}\x{56FD}\x{53E4}"
      RenderBlock {DIV} at (0,5092) size 784x20
        RenderText {#text} at (0,0) size 320x19
          text run at (0,0) width 320: "Font: STSongti-SC-Bold Weight: 100 Style: italic"
      RenderBlock {DIV} at (0,5112) size 784x20
        RenderText {#text} at (0,0) size 144x19
          text run at (0,0) width 144: "\x{679C}\x{57CE}\x{7684}\x{7F8E}\x{8B7D}\x{3002}\x{4E2D}\x{56FD}\x{53E4}"
      RenderBlock {DIV} at (0,5132) size 784x20
        RenderText {#text} at (0,0) size 320x19
          text run at (0,0) width 320: "Font: STSongti-SC-Bold Weight: 200 Style: italic"
      RenderBlock {DIV} at (0,5152) size 784x20
        RenderText {#text} at (0,0) size 144x19
          text run at (0,0) width 144: "\x{679C}\x{57CE}\x{7684}\x{7F8E}\x{8B7D}\x{3002}\x{4E2D}\x{56FD}\x{53E4}"
      RenderBlock {DIV} at (0,5172) size 784x20
        RenderText {#text} at (0,0) size 320x19
          text run at (0,0) width 320: "Font: STSongti-SC-Bold Weight: 300 Style: italic"
      RenderBlock {DIV} at (0,5192) size 784x20
        RenderText {#text} at (0,0) size 144x19
          text run at (0,0) width 144: "\x{679C}\x{57CE}\x{7684}\x{7F8E}\x{8B7D}\x{3002}\x{4E2D}\x{56FD}\x{53E4}"
      RenderBlock {DIV} at (0,5212) size 784x20
        RenderText {#text} at (0,0) size 320x19
          text run at (0,0) width 320: "Font: STSongti-SC-Bold Weight: 400 Style: italic"
      RenderBlock {DIV} at (0,5232) size 784x20
        RenderText {#text} at (0,0) size 144x19
          text run at (0,0) width 144: "\x{679C}\x{57CE}\x{7684}\x{7F8E}\x{8B7D}\x{3002}\x{4E2D}\x{56FD}\x{53E4}"
      RenderBlock {DIV} at (0,5252) size 784x20
        RenderText {#text} at (0,0) size 320x19
          text run at (0,0) width 320: "Font: STSongti-SC-Bold Weight: 500 Style: italic"
      RenderBlock {DIV} at (0,5272) size 784x20
        RenderText {#text} at (0,0) size 144x19
          text run at (0,0) width 144: "\x{679C}\x{57CE}\x{7684}\x{7F8E}\x{8B7D}\x{3002}\x{4E2D}\x{56FD}\x{53E4}"
      RenderBlock {DIV} at (0,5292) size 784x20
        RenderText {#text} at (0,0) size 320x19
          text run at (0,0) width 320: "Font: STSongti-SC-Bold Weight: 600 Style: italic"
      RenderBlock {DIV} at (0,5312) size 784x20
        RenderText {#text} at (0,0) size 144x19
          text run at (0,0) width 144: "\x{679C}\x{57CE}\x{7684}\x{7F8E}\x{8B7D}\x{3002}\x{4E2D}\x{56FD}\x{53E4}"
      RenderBlock {DIV} at (0,5332) size 784x20
        RenderText {#text} at (0,0) size 320x19
          text run at (0,0) width 320: "Font: STSongti-SC-Bold Weight: 700 Style: italic"
      RenderBlock {DIV} at (0,5352) size 784x20
        RenderText {#text} at (0,0) size 144x19
          text run at (0,0) width 144: "\x{679C}\x{57CE}\x{7684}\x{7F8E}\x{8B7D}\x{3002}\x{4E2D}\x{56FD}\x{53E4}"
      RenderBlock {DIV} at (0,5372) size 784x20
        RenderText {#text} at (0,0) size 320x19
          text run at (0,0) width 320: "Font: STSongti-SC-Bold Weight: 800 Style: italic"
      RenderBlock {DIV} at (0,5392) size 784x20
        RenderText {#text} at (0,0) size 144x19
          text run at (0,0) width 144: "\x{679C}\x{57CE}\x{7684}\x{7F8E}\x{8B7D}\x{3002}\x{4E2D}\x{56FD}\x{53E4}"
      RenderBlock {DIV} at (0,5412) size 784x20
        RenderText {#text} at (0,0) size 320x19
          text run at (0,0) width 320: "Font: STSongti-SC-Bold Weight: 900 Style: italic"
      RenderBlock {DIV} at (0,5432) size 784x20
        RenderText {#text} at (0,0) size 144x19
          text run at (0,0) width 144: "\x{679C}\x{57CE}\x{7684}\x{7F8E}\x{8B7D}\x{3002}\x{4E2D}\x{56FD}\x{53E4}"
      RenderBlock {DIV} at (0,5452) size 784x20
        RenderText {#text} at (0,0) size 326x19
          text run at (0,0) width 326: "Font: STSongti-SC-Black Weight: 100 Style: italic"
      RenderBlock {DIV} at (0,5472) size 784x20
        RenderText {#text} at (0,0) size 144x19
          text run at (0,0) width 144: "\x{679C}\x{57CE}\x{7684}\x{7F8E}\x{8B7D}\x{3002}\x{4E2D}\x{56FD}\x{53E4}"
      RenderBlock {DIV} at (0,5492) size 784x20
        RenderText {#text} at (0,0) size 326x19
          text run at (0,0) width 326: "Font: STSongti-SC-Black Weight: 200 Style: italic"
      RenderBlock {DIV} at (0,5512) size 784x20
        RenderText {#text} at (0,0) size 144x19
          text run at (0,0) width 144: "\x{679C}\x{57CE}\x{7684}\x{7F8E}\x{8B7D}\x{3002}\x{4E2D}\x{56FD}\x{53E4}"
      RenderBlock {DIV} at (0,5532) size 784x20
        RenderText {#text} at (0,0) size 326x19
          text run at (0,0) width 326: "Font: STSongti-SC-Black Weight: 300 Style: italic"
      RenderBlock {DIV} at (0,5552) size 784x20
        RenderText {#text} at (0,0) size 144x19
          text run at (0,0) width 144: "\x{679C}\x{57CE}\x{7684}\x{7F8E}\x{8B7D}\x{3002}\x{4E2D}\x{56FD}\x{53E4}"
      RenderBlock {DIV} at (0,5572) size 784x20
        RenderText {#text} at (0,0) size 326x19
          text run at (0,0) width 326: "Font: STSongti-SC-Black Weight: 400 Style: italic"
      RenderBlock {DIV} at (0,5592) size 784x20
        RenderText {#text} at (0,0) size 144x19
          text run at (0,0) width 144: "\x{679C}\x{57CE}\x{7684}\x{7F8E}\x{8B7D}\x{3002}\x{4E2D}\x{56FD}\x{53E4}"
      RenderBlock {DIV} at (0,5612) size 784x20
        RenderText {#text} at (0,0) size 326x19
          text run at (0,0) width 326: "Font: STSongti-SC-Black Weight: 500 Style: italic"
      RenderBlock {DIV} at (0,5632) size 784x20
        RenderText {#text} at (0,0) size 144x19
          text run at (0,0) width 144: "\x{679C}\x{57CE}\x{7684}\x{7F8E}\x{8B7D}\x{3002}\x{4E2D}\x{56FD}\x{53E4}"
      RenderBlock {DIV} at (0,5652) size 784x20
        RenderText {#text} at (0,0) size 326x19
          text run at (0,0) width 326: "Font: STSongti-SC-Black Weight: 600 Style: italic"
      RenderBlock {DIV} at (0,5672) size 784x20
        RenderText {#text} at (0,0) size 144x19
          text run at (0,0) width 144: "\x{679C}\x{57CE}\x{7684}\x{7F8E}\x{8B7D}\x{3002}\x{4E2D}\x{56FD}\x{53E4}"
      RenderBlock {DIV} at (0,5692) size 784x20
        RenderText {#text} at (0,0) size 326x19
          text run at (0,0) width 326: "Font: STSongti-SC-Black Weight: 700 Style: italic"
      RenderBlock {DIV} at (0,5712) size 784x20
        RenderText {#text} at (0,0) size 144x19
          text run at (0,0) width 144: "\x{679C}\x{57CE}\x{7684}\x{7F8E}\x{8B7D}\x{3002}\x{4E2D}\x{56FD}\x{53E4}"
      RenderBlock {DIV} at (0,5732) size 784x20
        RenderText {#text} at (0,0) size 326x19
          text run at (0,0) width 326: "Font: STSongti-SC-Black Weight: 800 Style: italic"
      RenderBlock {DIV} at (0,5752) size 784x20
        RenderText {#text} at (0,0) size 144x19
          text run at (0,0) width 144: "\x{679C}\x{57CE}\x{7684}\x{7F8E}\x{8B7D}\x{3002}\x{4E2D}\x{56FD}\x{53E4}"
      RenderBlock {DIV} at (0,5772) size 784x20
        RenderText {#text} at (0,0) size 326x19
          text run at (0,0) width 326: "Font: STSongti-SC-Black Weight: 900 Style: italic"
      RenderBlock {DIV} at (0,5792) size 784x20
        RenderText {#text} at (0,0) size 144x19
          text run at (0,0) width 144: "\x{679C}\x{57CE}\x{7684}\x{7F8E}\x{8B7D}\x{3002}\x{4E2D}\x{56FD}\x{53E4}"
      RenderBlock {DIV} at (0,5812) size 784x20
        RenderText {#text} at (0,0) size 392x19
          text run at (0,0) width 392: "Font: Hiragino Kaku Gothic ProN Weight: 100 Style: normal"
      RenderBlock {DIV} at (0,5832) size 784x25
        RenderText {#text} at (0,4) size 144x17
          text run at (0,4) width 144: "\x{679C}\x{57CE}\x{7684}\x{7F8E}\x{8B7D}\x{3002}\x{4E2D}\x{56FD}\x{53E4}"
      RenderBlock {DIV} at (0,5857) size 784x20
        RenderText {#text} at (0,0) size 392x19
          text run at (0,0) width 392: "Font: Hiragino Kaku Gothic ProN Weight: 200 Style: normal"
      RenderBlock {DIV} at (0,5877) size 784x25
        RenderText {#text} at (0,4) size 144x17
          text run at (0,4) width 144: "\x{679C}\x{57CE}\x{7684}\x{7F8E}\x{8B7D}\x{3002}\x{4E2D}\x{56FD}\x{53E4}"
      RenderBlock {DIV} at (0,5902) size 784x20
        RenderText {#text} at (0,0) size 392x19
          text run at (0,0) width 392: "Font: Hiragino Kaku Gothic ProN Weight: 300 Style: normal"
      RenderBlock {DIV} at (0,5922) size 784x25
        RenderText {#text} at (0,4) size 144x17
          text run at (0,4) width 144: "\x{679C}\x{57CE}\x{7684}\x{7F8E}\x{8B7D}\x{3002}\x{4E2D}\x{56FD}\x{53E4}"
      RenderBlock {DIV} at (0,5947) size 784x20
        RenderText {#text} at (0,0) size 392x19
          text run at (0,0) width 392: "Font: Hiragino Kaku Gothic ProN Weight: 400 Style: normal"
      RenderBlock {DIV} at (0,5967) size 784x25
        RenderText {#text} at (0,4) size 144x17
          text run at (0,4) width 144: "\x{679C}\x{57CE}\x{7684}\x{7F8E}\x{8B7D}\x{3002}\x{4E2D}\x{56FD}\x{53E4}"
      RenderBlock {DIV} at (0,5992) size 784x20
        RenderText {#text} at (0,0) size 392x19
          text run at (0,0) width 392: "Font: Hiragino Kaku Gothic ProN Weight: 500 Style: normal"
      RenderBlock {DIV} at (0,6012) size 784x25
        RenderText {#text} at (0,4) size 144x17
          text run at (0,4) width 144: "\x{679C}\x{57CE}\x{7684}\x{7F8E}\x{8B7D}\x{3002}\x{4E2D}\x{56FD}\x{53E4}"
      RenderBlock {DIV} at (0,6037) size 784x20
        RenderText {#text} at (0,0) size 392x19
          text run at (0,0) width 392: "Font: Hiragino Kaku Gothic ProN Weight: 600 Style: normal"
      RenderBlock {DIV} at (0,6057) size 784x25
        RenderText {#text} at (0,4) size 144x17
          text run at (0,4) width 144: "\x{679C}\x{57CE}\x{7684}\x{7F8E}\x{8B7D}\x{3002}\x{4E2D}\x{56FD}\x{53E4}"
      RenderBlock {DIV} at (0,6082) size 784x20
        RenderText {#text} at (0,0) size 392x19
          text run at (0,0) width 392: "Font: Hiragino Kaku Gothic ProN Weight: 700 Style: normal"
      RenderBlock {DIV} at (0,6102) size 784x25
        RenderText {#text} at (0,4) size 144x17
          text run at (0,4) width 144: "\x{679C}\x{57CE}\x{7684}\x{7F8E}\x{8B7D}\x{3002}\x{4E2D}\x{56FD}\x{53E4}"
      RenderBlock {DIV} at (0,6127) size 784x20
        RenderText {#text} at (0,0) size 392x19
          text run at (0,0) width 392: "Font: Hiragino Kaku Gothic ProN Weight: 800 Style: normal"
      RenderBlock {DIV} at (0,6147) size 784x25
        RenderText {#text} at (0,4) size 144x17
          text run at (0,4) width 144: "\x{679C}\x{57CE}\x{7684}\x{7F8E}\x{8B7D}\x{3002}\x{4E2D}\x{56FD}\x{53E4}"
      RenderBlock {DIV} at (0,6172) size 784x20
        RenderText {#text} at (0,0) size 392x19
          text run at (0,0) width 392: "Font: Hiragino Kaku Gothic ProN Weight: 900 Style: normal"
      RenderBlock {DIV} at (0,6192) size 784x25
        RenderText {#text} at (0,4) size 144x17
          text run at (0,4) width 144: "\x{679C}\x{57CE}\x{7684}\x{7F8E}\x{8B7D}\x{3002}\x{4E2D}\x{56FD}\x{53E4}"
      RenderBlock {DIV} at (0,6217) size 784x20
        RenderText {#text} at (0,0) size 336x19
          text run at (0,0) width 336: "Font: HiraKakuProN-W3 Weight: 100 Style: normal"
      RenderBlock {DIV} at (0,6237) size 784x25
        RenderText {#text} at (0,4) size 144x17
          text run at (0,4) width 144: "\x{679C}\x{57CE}\x{7684}\x{7F8E}\x{8B7D}\x{3002}\x{4E2D}\x{56FD}\x{53E4}"
      RenderBlock {DIV} at (0,6262) size 784x20
        RenderText {#text} at (0,0) size 336x19
          text run at (0,0) width 336: "Font: HiraKakuProN-W3 Weight: 200 Style: normal"
      RenderBlock {DIV} at (0,6282) size 784x25
        RenderText {#text} at (0,4) size 144x17
          text run at (0,4) width 144: "\x{679C}\x{57CE}\x{7684}\x{7F8E}\x{8B7D}\x{3002}\x{4E2D}\x{56FD}\x{53E4}"
      RenderBlock {DIV} at (0,6307) size 784x20
        RenderText {#text} at (0,0) size 336x19
          text run at (0,0) width 336: "Font: HiraKakuProN-W3 Weight: 300 Style: normal"
      RenderBlock {DIV} at (0,6327) size 784x25
        RenderText {#text} at (0,4) size 144x17
          text run at (0,4) width 144: "\x{679C}\x{57CE}\x{7684}\x{7F8E}\x{8B7D}\x{3002}\x{4E2D}\x{56FD}\x{53E4}"
      RenderBlock {DIV} at (0,6352) size 784x20
        RenderText {#text} at (0,0) size 336x19
          text run at (0,0) width 336: "Font: HiraKakuProN-W3 Weight: 400 Style: normal"
      RenderBlock {DIV} at (0,6372) size 784x25
        RenderText {#text} at (0,4) size 144x17
          text run at (0,4) width 144: "\x{679C}\x{57CE}\x{7684}\x{7F8E}\x{8B7D}\x{3002}\x{4E2D}\x{56FD}\x{53E4}"
      RenderBlock {DIV} at (0,6397) size 784x20
        RenderText {#text} at (0,0) size 336x19
          text run at (0,0) width 336: "Font: HiraKakuProN-W3 Weight: 500 Style: normal"
      RenderBlock {DIV} at (0,6417) size 784x25
        RenderText {#text} at (0,4) size 144x17
          text run at (0,4) width 144: "\x{679C}\x{57CE}\x{7684}\x{7F8E}\x{8B7D}\x{3002}\x{4E2D}\x{56FD}\x{53E4}"
      RenderBlock {DIV} at (0,6442) size 784x20
        RenderText {#text} at (0,0) size 336x19
          text run at (0,0) width 336: "Font: HiraKakuProN-W3 Weight: 600 Style: normal"
      RenderBlock {DIV} at (0,6462) size 784x25
        RenderText {#text} at (0,4) size 144x17
          text run at (0,4) width 144: "\x{679C}\x{57CE}\x{7684}\x{7F8E}\x{8B7D}\x{3002}\x{4E2D}\x{56FD}\x{53E4}"
      RenderBlock {DIV} at (0,6487) size 784x20
        RenderText {#text} at (0,0) size 336x19
          text run at (0,0) width 336: "Font: HiraKakuProN-W3 Weight: 700 Style: normal"
      RenderBlock {DIV} at (0,6507) size 784x25
        RenderText {#text} at (0,4) size 144x17
          text run at (0,4) width 144: "\x{679C}\x{57CE}\x{7684}\x{7F8E}\x{8B7D}\x{3002}\x{4E2D}\x{56FD}\x{53E4}"
      RenderBlock {DIV} at (0,6532) size 784x20
        RenderText {#text} at (0,0) size 336x19
          text run at (0,0) width 336: "Font: HiraKakuProN-W3 Weight: 800 Style: normal"
      RenderBlock {DIV} at (0,6552) size 784x25
        RenderText {#text} at (0,4) size 144x17
          text run at (0,4) width 144: "\x{679C}\x{57CE}\x{7684}\x{7F8E}\x{8B7D}\x{3002}\x{4E2D}\x{56FD}\x{53E4}"
      RenderBlock {DIV} at (0,6577) size 784x20
        RenderText {#text} at (0,0) size 336x19
          text run at (0,0) width 336: "Font: HiraKakuProN-W3 Weight: 900 Style: normal"
      RenderBlock {DIV} at (0,6597) size 784x25
        RenderText {#text} at (0,4) size 144x17
          text run at (0,4) width 144: "\x{679C}\x{57CE}\x{7684}\x{7F8E}\x{8B7D}\x{3002}\x{4E2D}\x{56FD}\x{53E4}"
      RenderBlock {DIV} at (0,6622) size 784x20
        RenderText {#text} at (0,0) size 336x19
          text run at (0,0) width 336: "Font: HiraKakuProN-W6 Weight: 100 Style: normal"
      RenderBlock {DIV} at (0,6642) size 784x25
        RenderText {#text} at (0,4) size 144x17
          text run at (0,4) width 144: "\x{679C}\x{57CE}\x{7684}\x{7F8E}\x{8B7D}\x{3002}\x{4E2D}\x{56FD}\x{53E4}"
      RenderBlock {DIV} at (0,6667) size 784x20
        RenderText {#text} at (0,0) size 336x19
          text run at (0,0) width 336: "Font: HiraKakuProN-W6 Weight: 200 Style: normal"
      RenderBlock {DIV} at (0,6687) size 784x25
        RenderText {#text} at (0,4) size 144x17
          text run at (0,4) width 144: "\x{679C}\x{57CE}\x{7684}\x{7F8E}\x{8B7D}\x{3002}\x{4E2D}\x{56FD}\x{53E4}"
      RenderBlock {DIV} at (0,6712) size 784x20
        RenderText {#text} at (0,0) size 336x19
          text run at (0,0) width 336: "Font: HiraKakuProN-W6 Weight: 300 Style: normal"
      RenderBlock {DIV} at (0,6732) size 784x25
        RenderText {#text} at (0,4) size 144x17
          text run at (0,4) width 144: "\x{679C}\x{57CE}\x{7684}\x{7F8E}\x{8B7D}\x{3002}\x{4E2D}\x{56FD}\x{53E4}"
      RenderBlock {DIV} at (0,6757) size 784x20
        RenderText {#text} at (0,0) size 336x19
          text run at (0,0) width 336: "Font: HiraKakuProN-W6 Weight: 400 Style: normal"
      RenderBlock {DIV} at (0,6777) size 784x25
        RenderText {#text} at (0,4) size 144x17
          text run at (0,4) width 144: "\x{679C}\x{57CE}\x{7684}\x{7F8E}\x{8B7D}\x{3002}\x{4E2D}\x{56FD}\x{53E4}"
      RenderBlock {DIV} at (0,6802) size 784x20
        RenderText {#text} at (0,0) size 336x19
          text run at (0,0) width 336: "Font: HiraKakuProN-W6 Weight: 500 Style: normal"
      RenderBlock {DIV} at (0,6822) size 784x25
        RenderText {#text} at (0,4) size 144x17
          text run at (0,4) width 144: "\x{679C}\x{57CE}\x{7684}\x{7F8E}\x{8B7D}\x{3002}\x{4E2D}\x{56FD}\x{53E4}"
      RenderBlock {DIV} at (0,6847) size 784x20
        RenderText {#text} at (0,0) size 336x19
          text run at (0,0) width 336: "Font: HiraKakuProN-W6 Weight: 600 Style: normal"
      RenderBlock {DIV} at (0,6867) size 784x25
        RenderText {#text} at (0,4) size 144x17
          text run at (0,4) width 144: "\x{679C}\x{57CE}\x{7684}\x{7F8E}\x{8B7D}\x{3002}\x{4E2D}\x{56FD}\x{53E4}"
      RenderBlock {DIV} at (0,6892) size 784x20
        RenderText {#text} at (0,0) size 336x19
          text run at (0,0) width 336: "Font: HiraKakuProN-W6 Weight: 700 Style: normal"
      RenderBlock {DIV} at (0,6912) size 784x25
        RenderText {#text} at (0,4) size 144x17
          text run at (0,4) width 144: "\x{679C}\x{57CE}\x{7684}\x{7F8E}\x{8B7D}\x{3002}\x{4E2D}\x{56FD}\x{53E4}"
      RenderBlock {DIV} at (0,6937) size 784x20
        RenderText {#text} at (0,0) size 336x19
          text run at (0,0) width 336: "Font: HiraKakuProN-W6 Weight: 800 Style: normal"
      RenderBlock {DIV} at (0,6957) size 784x25
        RenderText {#text} at (0,4) size 144x17
          text run at (0,4) width 144: "\x{679C}\x{57CE}\x{7684}\x{7F8E}\x{8B7D}\x{3002}\x{4E2D}\x{56FD}\x{53E4}"
      RenderBlock {DIV} at (0,6982) size 784x20
        RenderText {#text} at (0,0) size 336x19
          text run at (0,0) width 336: "Font: HiraKakuProN-W6 Weight: 900 Style: normal"
      RenderBlock {DIV} at (0,7002) size 784x25
        RenderText {#text} at (0,4) size 144x17
          text run at (0,4) width 144: "\x{679C}\x{57CE}\x{7684}\x{7F8E}\x{8B7D}\x{3002}\x{4E2D}\x{56FD}\x{53E4}"
      RenderBlock {DIV} at (0,7027) size 784x20
        RenderText {#text} at (0,0) size 379x19
          text run at (0,0) width 379: "Font: Hiragino Kaku Gothic ProN Weight: 100 Style: italic"
      RenderBlock {DIV} at (0,7047) size 784x25
        RenderText {#text} at (0,4) size 144x17
          text run at (0,4) width 144: "\x{679C}\x{57CE}\x{7684}\x{7F8E}\x{8B7D}\x{3002}\x{4E2D}\x{56FD}\x{53E4}"
      RenderBlock {DIV} at (0,7072) size 784x20
        RenderText {#text} at (0,0) size 379x19
          text run at (0,0) width 379: "Font: Hiragino Kaku Gothic ProN Weight: 200 Style: italic"
      RenderBlock {DIV} at (0,7092) size 784x25
        RenderText {#text} at (0,4) size 144x17
          text run at (0,4) width 144: "\x{679C}\x{57CE}\x{7684}\x{7F8E}\x{8B7D}\x{3002}\x{4E2D}\x{56FD}\x{53E4}"
      RenderBlock {DIV} at (0,7117) size 784x20
        RenderText {#text} at (0,0) size 379x19
          text run at (0,0) width 379: "Font: Hiragino Kaku Gothic ProN Weight: 300 Style: italic"
      RenderBlock {DIV} at (0,7137) size 784x25
        RenderText {#text} at (0,4) size 144x17
          text run at (0,4) width 144: "\x{679C}\x{57CE}\x{7684}\x{7F8E}\x{8B7D}\x{3002}\x{4E2D}\x{56FD}\x{53E4}"
      RenderBlock {DIV} at (0,7162) size 784x20
        RenderText {#text} at (0,0) size 379x19
          text run at (0,0) width 379: "Font: Hiragino Kaku Gothic ProN Weight: 400 Style: italic"
      RenderBlock {DIV} at (0,7182) size 784x25
        RenderText {#text} at (0,4) size 144x17
          text run at (0,4) width 144: "\x{679C}\x{57CE}\x{7684}\x{7F8E}\x{8B7D}\x{3002}\x{4E2D}\x{56FD}\x{53E4}"
      RenderBlock {DIV} at (0,7207) size 784x20
        RenderText {#text} at (0,0) size 379x19
          text run at (0,0) width 379: "Font: Hiragino Kaku Gothic ProN Weight: 500 Style: italic"
      RenderBlock {DIV} at (0,7227) size 784x25
        RenderText {#text} at (0,4) size 144x17
          text run at (0,4) width 144: "\x{679C}\x{57CE}\x{7684}\x{7F8E}\x{8B7D}\x{3002}\x{4E2D}\x{56FD}\x{53E4}"
      RenderBlock {DIV} at (0,7252) size 784x20
        RenderText {#text} at (0,0) size 379x19
          text run at (0,0) width 379: "Font: Hiragino Kaku Gothic ProN Weight: 600 Style: italic"
      RenderBlock {DIV} at (0,7272) size 784x25
        RenderText {#text} at (0,4) size 144x17
          text run at (0,4) width 144: "\x{679C}\x{57CE}\x{7684}\x{7F8E}\x{8B7D}\x{3002}\x{4E2D}\x{56FD}\x{53E4}"
      RenderBlock {DIV} at (0,7297) size 784x20
        RenderText {#text} at (0,0) size 379x19
          text run at (0,0) width 379: "Font: Hiragino Kaku Gothic ProN Weight: 700 Style: italic"
      RenderBlock {DIV} at (0,7317) size 784x25
        RenderText {#text} at (0,4) size 144x17
          text run at (0,4) width 144: "\x{679C}\x{57CE}\x{7684}\x{7F8E}\x{8B7D}\x{3002}\x{4E2D}\x{56FD}\x{53E4}"
      RenderBlock {DIV} at (0,7342) size 784x20
        RenderText {#text} at (0,0) size 379x19
          text run at (0,0) width 379: "Font: Hiragino Kaku Gothic ProN Weight: 800 Style: italic"
      RenderBlock {DIV} at (0,7362) size 784x25
        RenderText {#text} at (0,4) size 144x17
          text run at (0,4) width 144: "\x{679C}\x{57CE}\x{7684}\x{7F8E}\x{8B7D}\x{3002}\x{4E2D}\x{56FD}\x{53E4}"
      RenderBlock {DIV} at (0,7387) size 784x20
        RenderText {#text} at (0,0) size 379x19
          text run at (0,0) width 379: "Font: Hiragino Kaku Gothic ProN Weight: 900 Style: italic"
      RenderBlock {DIV} at (0,7407) size 784x25
        RenderText {#text} at (0,4) size 144x17
          text run at (0,4) width 144: "\x{679C}\x{57CE}\x{7684}\x{7F8E}\x{8B7D}\x{3002}\x{4E2D}\x{56FD}\x{53E4}"
      RenderBlock {DIV} at (0,7432) size 784x20
        RenderText {#text} at (0,0) size 323x19
          text run at (0,0) width 323: "Font: HiraKakuProN-W3 Weight: 100 Style: italic"
      RenderBlock {DIV} at (0,7452) size 784x25
        RenderText {#text} at (0,4) size 144x17
          text run at (0,4) width 144: "\x{679C}\x{57CE}\x{7684}\x{7F8E}\x{8B7D}\x{3002}\x{4E2D}\x{56FD}\x{53E4}"
      RenderBlock {DIV} at (0,7477) size 784x20
        RenderText {#text} at (0,0) size 323x19
          text run at (0,0) width 323: "Font: HiraKakuProN-W3 Weight: 200 Style: italic"
      RenderBlock {DIV} at (0,7497) size 784x25
        RenderText {#text} at (0,4) size 144x17
          text run at (0,4) width 144: "\x{679C}\x{57CE}\x{7684}\x{7F8E}\x{8B7D}\x{3002}\x{4E2D}\x{56FD}\x{53E4}"
      RenderBlock {DIV} at (0,7522) size 784x20
        RenderText {#text} at (0,0) size 323x19
          text run at (0,0) width 323: "Font: HiraKakuProN-W3 Weight: 300 Style: italic"
      RenderBlock {DIV} at (0,7542) size 784x25
        RenderText {#text} at (0,4) size 144x17
          text run at (0,4) width 144: "\x{679C}\x{57CE}\x{7684}\x{7F8E}\x{8B7D}\x{3002}\x{4E2D}\x{56FD}\x{53E4}"
      RenderBlock {DIV} at (0,7567) size 784x20
        RenderText {#text} at (0,0) size 323x19
          text run at (0,0) width 323: "Font: HiraKakuProN-W3 Weight: 400 Style: italic"
      RenderBlock {DIV} at (0,7587) size 784x25
        RenderText {#text} at (0,4) size 144x17
          text run at (0,4) width 144: "\x{679C}\x{57CE}\x{7684}\x{7F8E}\x{8B7D}\x{3002}\x{4E2D}\x{56FD}\x{53E4}"
      RenderBlock {DIV} at (0,7612) size 784x20
        RenderText {#text} at (0,0) size 323x19
          text run at (0,0) width 323: "Font: HiraKakuProN-W3 Weight: 500 Style: italic"
      RenderBlock {DIV} at (0,7632) size 784x25
        RenderText {#text} at (0,4) size 144x17
          text run at (0,4) width 144: "\x{679C}\x{57CE}\x{7684}\x{7F8E}\x{8B7D}\x{3002}\x{4E2D}\x{56FD}\x{53E4}"
      RenderBlock {DIV} at (0,7657) size 784x20
        RenderText {#text} at (0,0) size 323x19
          text run at (0,0) width 323: "Font: HiraKakuProN-W3 Weight: 600 Style: italic"
      RenderBlock {DIV} at (0,7677) size 784x25
        RenderText {#text} at (0,4) size 153x17
          text run at (0,4) width 153: "\x{679C}\x{57CE}\x{7684}\x{7F8E}\x{8B7D}\x{3002}\x{4E2D}\x{56FD}\x{53E4}"
      RenderBlock {DIV} at (0,7702) size 784x20
        RenderText {#text} at (0,0) size 323x19
          text run at (0,0) width 323: "Font: HiraKakuProN-W3 Weight: 700 Style: italic"
      RenderBlock {DIV} at (0,7722) size 784x25
        RenderText {#text} at (0,4) size 153x17
          text run at (0,4) width 153: "\x{679C}\x{57CE}\x{7684}\x{7F8E}\x{8B7D}\x{3002}\x{4E2D}\x{56FD}\x{53E4}"
      RenderBlock {DIV} at (0,7747) size 784x20
        RenderText {#text} at (0,0) size 323x19
          text run at (0,0) width 323: "Font: HiraKakuProN-W3 Weight: 800 Style: italic"
      RenderBlock {DIV} at (0,7767) size 784x25
        RenderText {#text} at (0,4) size 153x17
          text run at (0,4) width 153: "\x{679C}\x{57CE}\x{7684}\x{7F8E}\x{8B7D}\x{3002}\x{4E2D}\x{56FD}\x{53E4}"
      RenderBlock {DIV} at (0,7792) size 784x20
        RenderText {#text} at (0,0) size 323x19
          text run at (0,0) width 323: "Font: HiraKakuProN-W3 Weight: 900 Style: italic"
      RenderBlock {DIV} at (0,7812) size 784x25
        RenderText {#text} at (0,4) size 153x17
          text run at (0,4) width 153: "\x{679C}\x{57CE}\x{7684}\x{7F8E}\x{8B7D}\x{3002}\x{4E2D}\x{56FD}\x{53E4}"
      RenderBlock {DIV} at (0,7837) size 784x20
        RenderText {#text} at (0,0) size 323x19
          text run at (0,0) width 323: "Font: HiraKakuProN-W6 Weight: 100 Style: italic"
      RenderBlock {DIV} at (0,7857) size 784x25
        RenderText {#text} at (0,4) size 144x17
          text run at (0,4) width 144: "\x{679C}\x{57CE}\x{7684}\x{7F8E}\x{8B7D}\x{3002}\x{4E2D}\x{56FD}\x{53E4}"
      RenderBlock {DIV} at (0,7882) size 784x20
        RenderText {#text} at (0,0) size 323x19
          text run at (0,0) width 323: "Font: HiraKakuProN-W6 Weight: 200 Style: italic"
      RenderBlock {DIV} at (0,7902) size 784x25
        RenderText {#text} at (0,4) size 144x17
          text run at (0,4) width 144: "\x{679C}\x{57CE}\x{7684}\x{7F8E}\x{8B7D}\x{3002}\x{4E2D}\x{56FD}\x{53E4}"
      RenderBlock {DIV} at (0,7927) size 784x20
        RenderText {#text} at (0,0) size 323x19
          text run at (0,0) width 323: "Font: HiraKakuProN-W6 Weight: 300 Style: italic"
      RenderBlock {DIV} at (0,7947) size 784x25
        RenderText {#text} at (0,4) size 144x17
          text run at (0,4) width 144: "\x{679C}\x{57CE}\x{7684}\x{7F8E}\x{8B7D}\x{3002}\x{4E2D}\x{56FD}\x{53E4}"
      RenderBlock {DIV} at (0,7972) size 784x20
        RenderText {#text} at (0,0) size 323x19
          text run at (0,0) width 323: "Font: HiraKakuProN-W6 Weight: 400 Style: italic"
      RenderBlock {DIV} at (0,7992) size 784x25
        RenderText {#text} at (0,4) size 144x17
          text run at (0,4) width 144: "\x{679C}\x{57CE}\x{7684}\x{7F8E}\x{8B7D}\x{3002}\x{4E2D}\x{56FD}\x{53E4}"
      RenderBlock {DIV} at (0,8017) size 784x20
        RenderText {#text} at (0,0) size 323x19
          text run at (0,0) width 323: "Font: HiraKakuProN-W6 Weight: 500 Style: italic"
      RenderBlock {DIV} at (0,8037) size 784x25
        RenderText {#text} at (0,4) size 144x17
          text run at (0,4) width 144: "\x{679C}\x{57CE}\x{7684}\x{7F8E}\x{8B7D}\x{3002}\x{4E2D}\x{56FD}\x{53E4}"
      RenderBlock {DIV} at (0,8062) size 784x20
        RenderText {#text} at (0,0) size 323x19
          text run at (0,0) width 323: "Font: HiraKakuProN-W6 Weight: 600 Style: italic"
      RenderBlock {DIV} at (0,8082) size 784x25
        RenderText {#text} at (0,4) size 144x17
          text run at (0,4) width 144: "\x{679C}\x{57CE}\x{7684}\x{7F8E}\x{8B7D}\x{3002}\x{4E2D}\x{56FD}\x{53E4}"
      RenderBlock {DIV} at (0,8107) size 784x20
        RenderText {#text} at (0,0) size 323x19
          text run at (0,0) width 323: "Font: HiraKakuProN-W6 Weight: 700 Style: italic"
      RenderBlock {DIV} at (0,8127) size 784x25
        RenderText {#text} at (0,4) size 144x17
          text run at (0,4) width 144: "\x{679C}\x{57CE}\x{7684}\x{7F8E}\x{8B7D}\x{3002}\x{4E2D}\x{56FD}\x{53E4}"
      RenderBlock {DIV} at (0,8152) size 784x20
        RenderText {#text} at (0,0) size 323x19
          text run at (0,0) width 323: "Font: HiraKakuProN-W6 Weight: 800 Style: italic"
      RenderBlock {DIV} at (0,8172) size 784x25
        RenderText {#text} at (0,4) size 144x17
          text run at (0,4) width 144: "\x{679C}\x{57CE}\x{7684}\x{7F8E}\x{8B7D}\x{3002}\x{4E2D}\x{56FD}\x{53E4}"
      RenderBlock {DIV} at (0,8197) size 784x20
        RenderText {#text} at (0,0) size 323x19
          text run at (0,0) width 323: "Font: HiraKakuProN-W6 Weight: 900 Style: italic"
      RenderBlock {DIV} at (0,8217) size 784x25
        RenderText {#text} at (0,4) size 144x17
          text run at (0,4) width 144: "\x{679C}\x{57CE}\x{7684}\x{7F8E}\x{8B7D}\x{3002}\x{4E2D}\x{56FD}\x{53E4}"
      RenderBlock {DIV} at (0,8242) size 784x20
        RenderText {#text} at (0,0) size 353x19
          text run at (0,0) width 353: "Font: Apple SD Gothic Neo Weight: 100 Style: normal"
      RenderBlock {DIV} at (0,8262) size 784x20
        RenderText {#text} at (0,0) size 126x20
          text run at (0,0) width 126: "\x{679C}\x{57CE}\x{7684}\x{7F8E}\x{8B7D}\x{3002}\x{4E2D}\x{56FD}\x{53E4}"
      RenderBlock {DIV} at (0,8282) size 784x20
        RenderText {#text} at (0,0) size 353x19
          text run at (0,0) width 353: "Font: Apple SD Gothic Neo Weight: 200 Style: normal"
      RenderBlock {DIV} at (0,8302) size 784x20
        RenderText {#text} at (0,0) size 126x20
          text run at (0,0) width 126: "\x{679C}\x{57CE}\x{7684}\x{7F8E}\x{8B7D}\x{3002}\x{4E2D}\x{56FD}\x{53E4}"
      RenderBlock {DIV} at (0,8322) size 784x20
        RenderText {#text} at (0,0) size 353x19
          text run at (0,0) width 353: "Font: Apple SD Gothic Neo Weight: 300 Style: normal"
      RenderBlock {DIV} at (0,8342) size 784x20
        RenderText {#text} at (0,0) size 126x20
          text run at (0,0) width 126: "\x{679C}\x{57CE}\x{7684}\x{7F8E}\x{8B7D}\x{3002}\x{4E2D}\x{56FD}\x{53E4}"
      RenderBlock {DIV} at (0,8362) size 784x20
        RenderText {#text} at (0,0) size 353x19
          text run at (0,0) width 353: "Font: Apple SD Gothic Neo Weight: 400 Style: normal"
      RenderBlock {DIV} at (0,8382) size 784x20
        RenderText {#text} at (0,0) size 126x20
          text run at (0,0) width 126: "\x{679C}\x{57CE}\x{7684}\x{7F8E}\x{8B7D}\x{3002}\x{4E2D}\x{56FD}\x{53E4}"
      RenderBlock {DIV} at (0,8402) size 784x20
        RenderText {#text} at (0,0) size 353x19
          text run at (0,0) width 353: "Font: Apple SD Gothic Neo Weight: 500 Style: normal"
      RenderBlock {DIV} at (0,8422) size 784x20
        RenderText {#text} at (0,0) size 126x20
          text run at (0,0) width 126: "\x{679C}\x{57CE}\x{7684}\x{7F8E}\x{8B7D}\x{3002}\x{4E2D}\x{56FD}\x{53E4}"
      RenderBlock {DIV} at (0,8442) size 784x20
        RenderText {#text} at (0,0) size 353x19
          text run at (0,0) width 353: "Font: Apple SD Gothic Neo Weight: 600 Style: normal"
      RenderBlock {DIV} at (0,8462) size 784x20
        RenderText {#text} at (0,0) size 126x20
          text run at (0,0) width 126: "\x{679C}\x{57CE}\x{7684}\x{7F8E}\x{8B7D}\x{3002}\x{4E2D}\x{56FD}\x{53E4}"
      RenderBlock {DIV} at (0,8482) size 784x20
        RenderText {#text} at (0,0) size 353x19
          text run at (0,0) width 353: "Font: Apple SD Gothic Neo Weight: 700 Style: normal"
      RenderBlock {DIV} at (0,8502) size 784x20
        RenderText {#text} at (0,0) size 126x20
          text run at (0,0) width 126: "\x{679C}\x{57CE}\x{7684}\x{7F8E}\x{8B7D}\x{3002}\x{4E2D}\x{56FD}\x{53E4}"
      RenderBlock {DIV} at (0,8522) size 784x20
        RenderText {#text} at (0,0) size 353x19
          text run at (0,0) width 353: "Font: Apple SD Gothic Neo Weight: 800 Style: normal"
      RenderBlock {DIV} at (0,8542) size 784x20
        RenderText {#text} at (0,0) size 126x20
          text run at (0,0) width 126: "\x{679C}\x{57CE}\x{7684}\x{7F8E}\x{8B7D}\x{3002}\x{4E2D}\x{56FD}\x{53E4}"
      RenderBlock {DIV} at (0,8562) size 784x20
        RenderText {#text} at (0,0) size 353x19
          text run at (0,0) width 353: "Font: Apple SD Gothic Neo Weight: 900 Style: normal"
      RenderBlock {DIV} at (0,8582) size 784x20
        RenderText {#text} at (0,0) size 126x20
          text run at (0,0) width 126: "\x{679C}\x{57CE}\x{7684}\x{7F8E}\x{8B7D}\x{3002}\x{4E2D}\x{56FD}\x{53E4}"
      RenderBlock {DIV} at (0,8602) size 784x20
        RenderText {#text} at (0,0) size 397x19
          text run at (0,0) width 397: "Font: AppleSDGothicNeo-Regular Weight: 100 Style: normal"
      RenderBlock {DIV} at (0,8622) size 784x20
        RenderText {#text} at (0,0) size 126x20
          text run at (0,0) width 126: "\x{679C}\x{57CE}\x{7684}\x{7F8E}\x{8B7D}\x{3002}\x{4E2D}\x{56FD}\x{53E4}"
      RenderBlock {DIV} at (0,8642) size 784x20
        RenderText {#text} at (0,0) size 397x19
          text run at (0,0) width 397: "Font: AppleSDGothicNeo-Regular Weight: 200 Style: normal"
      RenderBlock {DIV} at (0,8662) size 784x20
        RenderText {#text} at (0,0) size 126x20
          text run at (0,0) width 126: "\x{679C}\x{57CE}\x{7684}\x{7F8E}\x{8B7D}\x{3002}\x{4E2D}\x{56FD}\x{53E4}"
      RenderBlock {DIV} at (0,8682) size 784x20
        RenderText {#text} at (0,0) size 397x19
          text run at (0,0) width 397: "Font: AppleSDGothicNeo-Regular Weight: 300 Style: normal"
      RenderBlock {DIV} at (0,8702) size 784x20
        RenderText {#text} at (0,0) size 126x20
          text run at (0,0) width 126: "\x{679C}\x{57CE}\x{7684}\x{7F8E}\x{8B7D}\x{3002}\x{4E2D}\x{56FD}\x{53E4}"
      RenderBlock {DIV} at (0,8722) size 784x20
        RenderText {#text} at (0,0) size 397x19
          text run at (0,0) width 397: "Font: AppleSDGothicNeo-Regular Weight: 400 Style: normal"
      RenderBlock {DIV} at (0,8742) size 784x20
        RenderText {#text} at (0,0) size 126x20
          text run at (0,0) width 126: "\x{679C}\x{57CE}\x{7684}\x{7F8E}\x{8B7D}\x{3002}\x{4E2D}\x{56FD}\x{53E4}"
      RenderBlock {DIV} at (0,8762) size 784x20
        RenderText {#text} at (0,0) size 397x19
          text run at (0,0) width 397: "Font: AppleSDGothicNeo-Regular Weight: 500 Style: normal"
      RenderBlock {DIV} at (0,8782) size 784x20
        RenderText {#text} at (0,0) size 126x20
          text run at (0,0) width 126: "\x{679C}\x{57CE}\x{7684}\x{7F8E}\x{8B7D}\x{3002}\x{4E2D}\x{56FD}\x{53E4}"
      RenderBlock {DIV} at (0,8802) size 784x20
        RenderText {#text} at (0,0) size 397x19
          text run at (0,0) width 397: "Font: AppleSDGothicNeo-Regular Weight: 600 Style: normal"
      RenderBlock {DIV} at (0,8822) size 784x20
        RenderText {#text} at (0,0) size 126x20
          text run at (0,0) width 126: "\x{679C}\x{57CE}\x{7684}\x{7F8E}\x{8B7D}\x{3002}\x{4E2D}\x{56FD}\x{53E4}"
      RenderBlock {DIV} at (0,8842) size 784x20
        RenderText {#text} at (0,0) size 397x19
          text run at (0,0) width 397: "Font: AppleSDGothicNeo-Regular Weight: 700 Style: normal"
      RenderBlock {DIV} at (0,8862) size 784x20
        RenderText {#text} at (0,0) size 126x20
          text run at (0,0) width 126: "\x{679C}\x{57CE}\x{7684}\x{7F8E}\x{8B7D}\x{3002}\x{4E2D}\x{56FD}\x{53E4}"
      RenderBlock {DIV} at (0,8882) size 784x20
        RenderText {#text} at (0,0) size 397x19
          text run at (0,0) width 397: "Font: AppleSDGothicNeo-Regular Weight: 800 Style: normal"
      RenderBlock {DIV} at (0,8902) size 784x20
        RenderText {#text} at (0,0) size 126x20
          text run at (0,0) width 126: "\x{679C}\x{57CE}\x{7684}\x{7F8E}\x{8B7D}\x{3002}\x{4E2D}\x{56FD}\x{53E4}"
      RenderBlock {DIV} at (0,8922) size 784x20
        RenderText {#text} at (0,0) size 397x19
          text run at (0,0) width 397: "Font: AppleSDGothicNeo-Regular Weight: 900 Style: normal"
      RenderBlock {DIV} at (0,8942) size 784x20
        RenderText {#text} at (0,0) size 126x20
          text run at (0,0) width 126: "\x{679C}\x{57CE}\x{7684}\x{7F8E}\x{8B7D}\x{3002}\x{4E2D}\x{56FD}\x{53E4}"
      RenderBlock {DIV} at (0,8962) size 784x20
        RenderText {#text} at (0,0) size 401x19
          text run at (0,0) width 401: "Font: AppleSDGothicNeo-Medium Weight: 100 Style: normal"
      RenderBlock {DIV} at (0,8982) size 784x20
        RenderText {#text} at (0,0) size 126x20
          text run at (0,0) width 126: "\x{679C}\x{57CE}\x{7684}\x{7F8E}\x{8B7D}\x{3002}\x{4E2D}\x{56FD}\x{53E4}"
      RenderBlock {DIV} at (0,9002) size 784x20
        RenderText {#text} at (0,0) size 401x19
          text run at (0,0) width 401: "Font: AppleSDGothicNeo-Medium Weight: 200 Style: normal"
      RenderBlock {DIV} at (0,9022) size 784x20
        RenderText {#text} at (0,0) size 126x20
          text run at (0,0) width 126: "\x{679C}\x{57CE}\x{7684}\x{7F8E}\x{8B7D}\x{3002}\x{4E2D}\x{56FD}\x{53E4}"
      RenderBlock {DIV} at (0,9042) size 784x20
        RenderText {#text} at (0,0) size 401x19
          text run at (0,0) width 401: "Font: AppleSDGothicNeo-Medium Weight: 300 Style: normal"
      RenderBlock {DIV} at (0,9062) size 784x20
        RenderText {#text} at (0,0) size 126x20
          text run at (0,0) width 126: "\x{679C}\x{57CE}\x{7684}\x{7F8E}\x{8B7D}\x{3002}\x{4E2D}\x{56FD}\x{53E4}"
      RenderBlock {DIV} at (0,9082) size 784x20
        RenderText {#text} at (0,0) size 401x19
          text run at (0,0) width 401: "Font: AppleSDGothicNeo-Medium Weight: 400 Style: normal"
      RenderBlock {DIV} at (0,9102) size 784x20
        RenderText {#text} at (0,0) size 126x20
          text run at (0,0) width 126: "\x{679C}\x{57CE}\x{7684}\x{7F8E}\x{8B7D}\x{3002}\x{4E2D}\x{56FD}\x{53E4}"
      RenderBlock {DIV} at (0,9122) size 784x20
        RenderText {#text} at (0,0) size 401x19
          text run at (0,0) width 401: "Font: AppleSDGothicNeo-Medium Weight: 500 Style: normal"
      RenderBlock {DIV} at (0,9142) size 784x20
        RenderText {#text} at (0,0) size 126x20
          text run at (0,0) width 126: "\x{679C}\x{57CE}\x{7684}\x{7F8E}\x{8B7D}\x{3002}\x{4E2D}\x{56FD}\x{53E4}"
      RenderBlock {DIV} at (0,9162) size 784x20
        RenderText {#text} at (0,0) size 401x19
          text run at (0,0) width 401: "Font: AppleSDGothicNeo-Medium Weight: 600 Style: normal"
      RenderBlock {DIV} at (0,9182) size 784x20
        RenderText {#text} at (0,0) size 126x20
          text run at (0,0) width 126: "\x{679C}\x{57CE}\x{7684}\x{7F8E}\x{8B7D}\x{3002}\x{4E2D}\x{56FD}\x{53E4}"
      RenderBlock {DIV} at (0,9202) size 784x20
        RenderText {#text} at (0,0) size 401x19
          text run at (0,0) width 401: "Font: AppleSDGothicNeo-Medium Weight: 700 Style: normal"
      RenderBlock {DIV} at (0,9222) size 784x20
        RenderText {#text} at (0,0) size 126x20
          text run at (0,0) width 126: "\x{679C}\x{57CE}\x{7684}\x{7F8E}\x{8B7D}\x{3002}\x{4E2D}\x{56FD}\x{53E4}"
      RenderBlock {DIV} at (0,9242) size 784x20
        RenderText {#text} at (0,0) size 401x19
          text run at (0,0) width 401: "Font: AppleSDGothicNeo-Medium Weight: 800 Style: normal"
      RenderBlock {DIV} at (0,9262) size 784x20
        RenderText {#text} at (0,0) size 126x20
          text run at (0,0) width 126: "\x{679C}\x{57CE}\x{7684}\x{7F8E}\x{8B7D}\x{3002}\x{4E2D}\x{56FD}\x{53E4}"
      RenderBlock {DIV} at (0,9282) size 784x20
        RenderText {#text} at (0,0) size 401x19
          text run at (0,0) width 401: "Font: AppleSDGothicNeo-Medium Weight: 900 Style: normal"
      RenderBlock {DIV} at (0,9302) size 784x20
        RenderText {#text} at (0,0) size 126x20
          text run at (0,0) width 126: "\x{679C}\x{57CE}\x{7684}\x{7F8E}\x{8B7D}\x{3002}\x{4E2D}\x{56FD}\x{53E4}"
      RenderBlock {DIV} at (0,9322) size 784x20
        RenderText {#text} at (0,0) size 381x19
          text run at (0,0) width 381: "Font: AppleSDGothicNeo-Light Weight: 100 Style: normal"
      RenderBlock {DIV} at (0,9342) size 784x20
        RenderText {#text} at (0,0) size 126x20
          text run at (0,0) width 126: "\x{679C}\x{57CE}\x{7684}\x{7F8E}\x{8B7D}\x{3002}\x{4E2D}\x{56FD}\x{53E4}"
      RenderBlock {DIV} at (0,9362) size 784x20
        RenderText {#text} at (0,0) size 381x19
          text run at (0,0) width 381: "Font: AppleSDGothicNeo-Light Weight: 200 Style: normal"
      RenderBlock {DIV} at (0,9382) size 784x20
        RenderText {#text} at (0,0) size 126x20
          text run at (0,0) width 126: "\x{679C}\x{57CE}\x{7684}\x{7F8E}\x{8B7D}\x{3002}\x{4E2D}\x{56FD}\x{53E4}"
      RenderBlock {DIV} at (0,9402) size 784x20
        RenderText {#text} at (0,0) size 381x19
          text run at (0,0) width 381: "Font: AppleSDGothicNeo-Light Weight: 300 Style: normal"
      RenderBlock {DIV} at (0,9422) size 784x20
        RenderText {#text} at (0,0) size 126x20
          text run at (0,0) width 126: "\x{679C}\x{57CE}\x{7684}\x{7F8E}\x{8B7D}\x{3002}\x{4E2D}\x{56FD}\x{53E4}"
      RenderBlock {DIV} at (0,9442) size 784x20
        RenderText {#text} at (0,0) size 381x19
          text run at (0,0) width 381: "Font: AppleSDGothicNeo-Light Weight: 400 Style: normal"
      RenderBlock {DIV} at (0,9462) size 784x20
        RenderText {#text} at (0,0) size 126x20
          text run at (0,0) width 126: "\x{679C}\x{57CE}\x{7684}\x{7F8E}\x{8B7D}\x{3002}\x{4E2D}\x{56FD}\x{53E4}"
      RenderBlock {DIV} at (0,9482) size 784x20
        RenderText {#text} at (0,0) size 381x19
          text run at (0,0) width 381: "Font: AppleSDGothicNeo-Light Weight: 500 Style: normal"
      RenderBlock {DIV} at (0,9502) size 784x20
        RenderText {#text} at (0,0) size 126x20
          text run at (0,0) width 126: "\x{679C}\x{57CE}\x{7684}\x{7F8E}\x{8B7D}\x{3002}\x{4E2D}\x{56FD}\x{53E4}"
      RenderBlock {DIV} at (0,9522) size 784x20
        RenderText {#text} at (0,0) size 381x19
          text run at (0,0) width 381: "Font: AppleSDGothicNeo-Light Weight: 600 Style: normal"
      RenderBlock {DIV} at (0,9542) size 784x20
        RenderText {#text} at (0,0) size 126x20
          text run at (0,0) width 126: "\x{679C}\x{57CE}\x{7684}\x{7F8E}\x{8B7D}\x{3002}\x{4E2D}\x{56FD}\x{53E4}"
      RenderBlock {DIV} at (0,9562) size 784x20
        RenderText {#text} at (0,0) size 381x19
          text run at (0,0) width 381: "Font: AppleSDGothicNeo-Light Weight: 700 Style: normal"
      RenderBlock {DIV} at (0,9582) size 784x20
        RenderText {#text} at (0,0) size 126x20
          text run at (0,0) width 126: "\x{679C}\x{57CE}\x{7684}\x{7F8E}\x{8B7D}\x{3002}\x{4E2D}\x{56FD}\x{53E4}"
      RenderBlock {DIV} at (0,9602) size 784x20
        RenderText {#text} at (0,0) size 381x19
          text run at (0,0) width 381: "Font: AppleSDGothicNeo-Light Weight: 800 Style: normal"
      RenderBlock {DIV} at (0,9622) size 784x20
        RenderText {#text} at (0,0) size 126x20
          text run at (0,0) width 126: "\x{679C}\x{57CE}\x{7684}\x{7F8E}\x{8B7D}\x{3002}\x{4E2D}\x{56FD}\x{53E4}"
      RenderBlock {DIV} at (0,9642) size 784x20
        RenderText {#text} at (0,0) size 381x19
          text run at (0,0) width 381: "Font: AppleSDGothicNeo-Light Weight: 900 Style: normal"
      RenderBlock {DIV} at (0,9662) size 784x20
        RenderText {#text} at (0,0) size 126x20
          text run at (0,0) width 126: "\x{679C}\x{57CE}\x{7684}\x{7F8E}\x{8B7D}\x{3002}\x{4E2D}\x{56FD}\x{53E4}"
      RenderBlock {DIV} at (0,9682) size 784x20
        RenderText {#text} at (0,0) size 414x19
          text run at (0,0) width 414: "Font: AppleSDGothicNeo-UltraLight Weight: 100 Style: normal"
      RenderBlock {DIV} at (0,9702) size 784x20
        RenderText {#text} at (0,0) size 126x20
          text run at (0,0) width 126: "\x{679C}\x{57CE}\x{7684}\x{7F8E}\x{8B7D}\x{3002}\x{4E2D}\x{56FD}\x{53E4}"
      RenderBlock {DIV} at (0,9722) size 784x20
        RenderText {#text} at (0,0) size 414x19
          text run at (0,0) width 414: "Font: AppleSDGothicNeo-UltraLight Weight: 200 Style: normal"
      RenderBlock {DIV} at (0,9742) size 784x20
        RenderText {#text} at (0,0) size 126x20
          text run at (0,0) width 126: "\x{679C}\x{57CE}\x{7684}\x{7F8E}\x{8B7D}\x{3002}\x{4E2D}\x{56FD}\x{53E4}"
      RenderBlock {DIV} at (0,9762) size 784x20
        RenderText {#text} at (0,0) size 414x19
          text run at (0,0) width 414: "Font: AppleSDGothicNeo-UltraLight Weight: 300 Style: normal"
      RenderBlock {DIV} at (0,9782) size 784x20
        RenderText {#text} at (0,0) size 126x20
          text run at (0,0) width 126: "\x{679C}\x{57CE}\x{7684}\x{7F8E}\x{8B7D}\x{3002}\x{4E2D}\x{56FD}\x{53E4}"
      RenderBlock {DIV} at (0,9802) size 784x20
        RenderText {#text} at (0,0) size 414x19
          text run at (0,0) width 414: "Font: AppleSDGothicNeo-UltraLight Weight: 400 Style: normal"
      RenderBlock {DIV} at (0,9822) size 784x20
        RenderText {#text} at (0,0) size 126x20
          text run at (0,0) width 126: "\x{679C}\x{57CE}\x{7684}\x{7F8E}\x{8B7D}\x{3002}\x{4E2D}\x{56FD}\x{53E4}"
      RenderBlock {DIV} at (0,9842) size 784x20
        RenderText {#text} at (0,0) size 414x19
          text run at (0,0) width 414: "Font: AppleSDGothicNeo-UltraLight Weight: 500 Style: normal"
      RenderBlock {DIV} at (0,9862) size 784x20
        RenderText {#text} at (0,0) size 126x20
          text run at (0,0) width 126: "\x{679C}\x{57CE}\x{7684}\x{7F8E}\x{8B7D}\x{3002}\x{4E2D}\x{56FD}\x{53E4}"
      RenderBlock {DIV} at (0,9882) size 784x20
        RenderText {#text} at (0,0) size 414x19
          text run at (0,0) width 414: "Font: AppleSDGothicNeo-UltraLight Weight: 600 Style: normal"
      RenderBlock {DIV} at (0,9902) size 784x20
        RenderText {#text} at (0,0) size 126x20
          text run at (0,0) width 126: "\x{679C}\x{57CE}\x{7684}\x{7F8E}\x{8B7D}\x{3002}\x{4E2D}\x{56FD}\x{53E4}"
      RenderBlock {DIV} at (0,9922) size 784x20
        RenderText {#text} at (0,0) size 414x19
          text run at (0,0) width 414: "Font: AppleSDGothicNeo-UltraLight Weight: 700 Style: normal"
      RenderBlock {DIV} at (0,9942) size 784x20
        RenderText {#text} at (0,0) size 126x20
          text run at (0,0) width 126: "\x{679C}\x{57CE}\x{7684}\x{7F8E}\x{8B7D}\x{3002}\x{4E2D}\x{56FD}\x{53E4}"
      RenderBlock {DIV} at (0,9962) size 784x20
        RenderText {#text} at (0,0) size 414x19
          text run at (0,0) width 414: "Font: AppleSDGothicNeo-UltraLight Weight: 800 Style: normal"
      RenderBlock {DIV} at (0,9982) size 784x20
        RenderText {#text} at (0,0) size 126x20
          text run at (0,0) width 126: "\x{679C}\x{57CE}\x{7684}\x{7F8E}\x{8B7D}\x{3002}\x{4E2D}\x{56FD}\x{53E4}"
      RenderBlock {DIV} at (0,10002) size 784x20
        RenderText {#text} at (0,0) size 414x19
          text run at (0,0) width 414: "Font: AppleSDGothicNeo-UltraLight Weight: 900 Style: normal"
      RenderBlock {DIV} at (0,10022) size 784x20
        RenderText {#text} at (0,0) size 126x20
          text run at (0,0) width 126: "\x{679C}\x{57CE}\x{7684}\x{7F8E}\x{8B7D}\x{3002}\x{4E2D}\x{56FD}\x{53E4}"
      RenderBlock {DIV} at (0,10042) size 784x20
        RenderText {#text} at (0,0) size 377x19
          text run at (0,0) width 377: "Font: AppleSDGothicNeo-Thin Weight: 100 Style: normal"
      RenderBlock {DIV} at (0,10062) size 784x20
        RenderText {#text} at (0,0) size 126x20
          text run at (0,0) width 126: "\x{679C}\x{57CE}\x{7684}\x{7F8E}\x{8B7D}\x{3002}\x{4E2D}\x{56FD}\x{53E4}"
      RenderBlock {DIV} at (0,10082) size 784x20
        RenderText {#text} at (0,0) size 377x19
          text run at (0,0) width 377: "Font: AppleSDGothicNeo-Thin Weight: 200 Style: normal"
      RenderBlock {DIV} at (0,10102) size 784x20
        RenderText {#text} at (0,0) size 126x20
          text run at (0,0) width 126: "\x{679C}\x{57CE}\x{7684}\x{7F8E}\x{8B7D}\x{3002}\x{4E2D}\x{56FD}\x{53E4}"
      RenderBlock {DIV} at (0,10122) size 784x20
        RenderText {#text} at (0,0) size 377x19
          text run at (0,0) width 377: "Font: AppleSDGothicNeo-Thin Weight: 300 Style: normal"
      RenderBlock {DIV} at (0,10142) size 784x20
        RenderText {#text} at (0,0) size 126x20
          text run at (0,0) width 126: "\x{679C}\x{57CE}\x{7684}\x{7F8E}\x{8B7D}\x{3002}\x{4E2D}\x{56FD}\x{53E4}"
      RenderBlock {DIV} at (0,10162) size 784x20
        RenderText {#text} at (0,0) size 377x19
          text run at (0,0) width 377: "Font: AppleSDGothicNeo-Thin Weight: 400 Style: normal"
      RenderBlock {DIV} at (0,10182) size 784x20
        RenderText {#text} at (0,0) size 126x20
          text run at (0,0) width 126: "\x{679C}\x{57CE}\x{7684}\x{7F8E}\x{8B7D}\x{3002}\x{4E2D}\x{56FD}\x{53E4}"
      RenderBlock {DIV} at (0,10202) size 784x20
        RenderText {#text} at (0,0) size 377x19
          text run at (0,0) width 377: "Font: AppleSDGothicNeo-Thin Weight: 500 Style: normal"
      RenderBlock {DIV} at (0,10222) size 784x20
        RenderText {#text} at (0,0) size 126x20
          text run at (0,0) width 126: "\x{679C}\x{57CE}\x{7684}\x{7F8E}\x{8B7D}\x{3002}\x{4E2D}\x{56FD}\x{53E4}"
      RenderBlock {DIV} at (0,10242) size 784x20
        RenderText {#text} at (0,0) size 377x19
          text run at (0,0) width 377: "Font: AppleSDGothicNeo-Thin Weight: 600 Style: normal"
      RenderBlock {DIV} at (0,10262) size 784x20
        RenderText {#text} at (0,0) size 126x20
          text run at (0,0) width 126: "\x{679C}\x{57CE}\x{7684}\x{7F8E}\x{8B7D}\x{3002}\x{4E2D}\x{56FD}\x{53E4}"
      RenderBlock {DIV} at (0,10282) size 784x20
        RenderText {#text} at (0,0) size 377x19
          text run at (0,0) width 377: "Font: AppleSDGothicNeo-Thin Weight: 700 Style: normal"
      RenderBlock {DIV} at (0,10302) size 784x20
        RenderText {#text} at (0,0) size 126x20
          text run at (0,0) width 126: "\x{679C}\x{57CE}\x{7684}\x{7F8E}\x{8B7D}\x{3002}\x{4E2D}\x{56FD}\x{53E4}"
      RenderBlock {DIV} at (0,10322) size 784x20
        RenderText {#text} at (0,0) size 377x19
          text run at (0,0) width 377: "Font: AppleSDGothicNeo-Thin Weight: 800 Style: normal"
      RenderBlock {DIV} at (0,10342) size 784x20
        RenderText {#text} at (0,0) size 126x20
          text run at (0,0) width 126: "\x{679C}\x{57CE}\x{7684}\x{7F8E}\x{8B7D}\x{3002}\x{4E2D}\x{56FD}\x{53E4}"
      RenderBlock {DIV} at (0,10362) size 784x20
        RenderText {#text} at (0,0) size 377x19
          text run at (0,0) width 377: "Font: AppleSDGothicNeo-Thin Weight: 900 Style: normal"
      RenderBlock {DIV} at (0,10382) size 784x20
        RenderText {#text} at (0,0) size 126x20
          text run at (0,0) width 126: "\x{679C}\x{57CE}\x{7684}\x{7F8E}\x{8B7D}\x{3002}\x{4E2D}\x{56FD}\x{53E4}"
      RenderBlock {DIV} at (0,10402) size 784x20
        RenderText {#text} at (0,0) size 410x19
          text run at (0,0) width 410: "Font: AppleSDGothicNeo-SemiBold Weight: 100 Style: normal"
      RenderBlock {DIV} at (0,10422) size 784x20
        RenderText {#text} at (0,0) size 126x20
          text run at (0,0) width 126: "\x{679C}\x{57CE}\x{7684}\x{7F8E}\x{8B7D}\x{3002}\x{4E2D}\x{56FD}\x{53E4}"
      RenderBlock {DIV} at (0,10442) size 784x20
        RenderText {#text} at (0,0) size 410x19
          text run at (0,0) width 410: "Font: AppleSDGothicNeo-SemiBold Weight: 200 Style: normal"
      RenderBlock {DIV} at (0,10462) size 784x20
        RenderText {#text} at (0,0) size 126x20
          text run at (0,0) width 126: "\x{679C}\x{57CE}\x{7684}\x{7F8E}\x{8B7D}\x{3002}\x{4E2D}\x{56FD}\x{53E4}"
      RenderBlock {DIV} at (0,10482) size 784x20
        RenderText {#text} at (0,0) size 410x19
          text run at (0,0) width 410: "Font: AppleSDGothicNeo-SemiBold Weight: 300 Style: normal"
      RenderBlock {DIV} at (0,10502) size 784x20
        RenderText {#text} at (0,0) size 126x20
          text run at (0,0) width 126: "\x{679C}\x{57CE}\x{7684}\x{7F8E}\x{8B7D}\x{3002}\x{4E2D}\x{56FD}\x{53E4}"
      RenderBlock {DIV} at (0,10522) size 784x20
        RenderText {#text} at (0,0) size 410x19
          text run at (0,0) width 410: "Font: AppleSDGothicNeo-SemiBold Weight: 400 Style: normal"
      RenderBlock {DIV} at (0,10542) size 784x20
        RenderText {#text} at (0,0) size 126x20
          text run at (0,0) width 126: "\x{679C}\x{57CE}\x{7684}\x{7F8E}\x{8B7D}\x{3002}\x{4E2D}\x{56FD}\x{53E4}"
      RenderBlock {DIV} at (0,10562) size 784x20
        RenderText {#text} at (0,0) size 410x19
          text run at (0,0) width 410: "Font: AppleSDGothicNeo-SemiBold Weight: 500 Style: normal"
      RenderBlock {DIV} at (0,10582) size 784x20
        RenderText {#text} at (0,0) size 126x20
          text run at (0,0) width 126: "\x{679C}\x{57CE}\x{7684}\x{7F8E}\x{8B7D}\x{3002}\x{4E2D}\x{56FD}\x{53E4}"
      RenderBlock {DIV} at (0,10602) size 784x20
        RenderText {#text} at (0,0) size 410x19
          text run at (0,0) width 410: "Font: AppleSDGothicNeo-SemiBold Weight: 600 Style: normal"
      RenderBlock {DIV} at (0,10622) size 784x20
        RenderText {#text} at (0,0) size 126x20
          text run at (0,0) width 126: "\x{679C}\x{57CE}\x{7684}\x{7F8E}\x{8B7D}\x{3002}\x{4E2D}\x{56FD}\x{53E4}"
      RenderBlock {DIV} at (0,10642) size 784x20
        RenderText {#text} at (0,0) size 410x19
          text run at (0,0) width 410: "Font: AppleSDGothicNeo-SemiBold Weight: 700 Style: normal"
      RenderBlock {DIV} at (0,10662) size 784x20
        RenderText {#text} at (0,0) size 126x20
          text run at (0,0) width 126: "\x{679C}\x{57CE}\x{7684}\x{7F8E}\x{8B7D}\x{3002}\x{4E2D}\x{56FD}\x{53E4}"
      RenderBlock {DIV} at (0,10682) size 784x20
        RenderText {#text} at (0,0) size 410x19
          text run at (0,0) width 410: "Font: AppleSDGothicNeo-SemiBold Weight: 800 Style: normal"
      RenderBlock {DIV} at (0,10702) size 784x20
        RenderText {#text} at (0,0) size 126x20
          text run at (0,0) width 126: "\x{679C}\x{57CE}\x{7684}\x{7F8E}\x{8B7D}\x{3002}\x{4E2D}\x{56FD}\x{53E4}"
      RenderBlock {DIV} at (0,10722) size 784x20
        RenderText {#text} at (0,0) size 410x19
          text run at (0,0) width 410: "Font: AppleSDGothicNeo-SemiBold Weight: 900 Style: normal"
      RenderBlock {DIV} at (0,10742) size 784x20
        RenderText {#text} at (0,0) size 126x20
          text run at (0,0) width 126: "\x{679C}\x{57CE}\x{7684}\x{7F8E}\x{8B7D}\x{3002}\x{4E2D}\x{56FD}\x{53E4}"
      RenderBlock {DIV} at (0,10762) size 784x20
        RenderText {#text} at (0,0) size 377x19
          text run at (0,0) width 377: "Font: AppleSDGothicNeo-Bold Weight: 100 Style: normal"
      RenderBlock {DIV} at (0,10782) size 784x20
        RenderText {#text} at (0,0) size 126x20
          text run at (0,0) width 126: "\x{679C}\x{57CE}\x{7684}\x{7F8E}\x{8B7D}\x{3002}\x{4E2D}\x{56FD}\x{53E4}"
      RenderBlock {DIV} at (0,10802) size 784x20
        RenderText {#text} at (0,0) size 377x19
          text run at (0,0) width 377: "Font: AppleSDGothicNeo-Bold Weight: 200 Style: normal"
      RenderBlock {DIV} at (0,10822) size 784x20
        RenderText {#text} at (0,0) size 126x20
          text run at (0,0) width 126: "\x{679C}\x{57CE}\x{7684}\x{7F8E}\x{8B7D}\x{3002}\x{4E2D}\x{56FD}\x{53E4}"
      RenderBlock {DIV} at (0,10842) size 784x20
        RenderText {#text} at (0,0) size 377x19
          text run at (0,0) width 377: "Font: AppleSDGothicNeo-Bold Weight: 300 Style: normal"
      RenderBlock {DIV} at (0,10862) size 784x20
        RenderText {#text} at (0,0) size 126x20
          text run at (0,0) width 126: "\x{679C}\x{57CE}\x{7684}\x{7F8E}\x{8B7D}\x{3002}\x{4E2D}\x{56FD}\x{53E4}"
      RenderBlock {DIV} at (0,10882) size 784x20
        RenderText {#text} at (0,0) size 377x19
          text run at (0,0) width 377: "Font: AppleSDGothicNeo-Bold Weight: 400 Style: normal"
      RenderBlock {DIV} at (0,10902) size 784x20
        RenderText {#text} at (0,0) size 126x20
          text run at (0,0) width 126: "\x{679C}\x{57CE}\x{7684}\x{7F8E}\x{8B7D}\x{3002}\x{4E2D}\x{56FD}\x{53E4}"
      RenderBlock {DIV} at (0,10922) size 784x20
        RenderText {#text} at (0,0) size 377x19
          text run at (0,0) width 377: "Font: AppleSDGothicNeo-Bold Weight: 500 Style: normal"
      RenderBlock {DIV} at (0,10942) size 784x20
        RenderText {#text} at (0,0) size 126x20
          text run at (0,0) width 126: "\x{679C}\x{57CE}\x{7684}\x{7F8E}\x{8B7D}\x{3002}\x{4E2D}\x{56FD}\x{53E4}"
      RenderBlock {DIV} at (0,10962) size 784x20
        RenderText {#text} at (0,0) size 377x19
          text run at (0,0) width 377: "Font: AppleSDGothicNeo-Bold Weight: 600 Style: normal"
      RenderBlock {DIV} at (0,10982) size 784x20
        RenderText {#text} at (0,0) size 126x20
          text run at (0,0) width 126: "\x{679C}\x{57CE}\x{7684}\x{7F8E}\x{8B7D}\x{3002}\x{4E2D}\x{56FD}\x{53E4}"
      RenderBlock {DIV} at (0,11002) size 784x20
        RenderText {#text} at (0,0) size 377x19
          text run at (0,0) width 377: "Font: AppleSDGothicNeo-Bold Weight: 700 Style: normal"
      RenderBlock {DIV} at (0,11022) size 784x20
        RenderText {#text} at (0,0) size 126x20
          text run at (0,0) width 126: "\x{679C}\x{57CE}\x{7684}\x{7F8E}\x{8B7D}\x{3002}\x{4E2D}\x{56FD}\x{53E4}"
      RenderBlock {DIV} at (0,11042) size 784x20
        RenderText {#text} at (0,0) size 377x19
          text run at (0,0) width 377: "Font: AppleSDGothicNeo-Bold Weight: 800 Style: normal"
      RenderBlock {DIV} at (0,11062) size 784x20
        RenderText {#text} at (0,0) size 126x20
          text run at (0,0) width 126: "\x{679C}\x{57CE}\x{7684}\x{7F8E}\x{8B7D}\x{3002}\x{4E2D}\x{56FD}\x{53E4}"
      RenderBlock {DIV} at (0,11082) size 784x20
        RenderText {#text} at (0,0) size 377x19
          text run at (0,0) width 377: "Font: AppleSDGothicNeo-Bold Weight: 900 Style: normal"
      RenderBlock {DIV} at (0,11102) size 784x20
        RenderText {#text} at (0,0) size 126x20
          text run at (0,0) width 126: "\x{679C}\x{57CE}\x{7684}\x{7F8E}\x{8B7D}\x{3002}\x{4E2D}\x{56FD}\x{53E4}"
      RenderBlock {DIV} at (0,11122) size 784x20
        RenderText {#text} at (0,0) size 412x19
          text run at (0,0) width 412: "Font: AppleSDGothicNeo-ExtraBold Weight: 100 Style: normal"
      RenderBlock {DIV} at (0,11142) size 784x20
        RenderText {#text} at (0,0) size 144x19
          text run at (0,0) width 144: "\x{679C}\x{57CE}\x{7684}\x{7F8E}\x{8B7D}\x{3002}\x{4E2D}\x{56FD}\x{53E4}"
      RenderBlock {DIV} at (0,11162) size 784x20
        RenderText {#text} at (0,0) size 412x19
          text run at (0,0) width 412: "Font: AppleSDGothicNeo-ExtraBold Weight: 200 Style: normal"
      RenderBlock {DIV} at (0,11182) size 784x20
        RenderText {#text} at (0,0) size 144x19
          text run at (0,0) width 144: "\x{679C}\x{57CE}\x{7684}\x{7F8E}\x{8B7D}\x{3002}\x{4E2D}\x{56FD}\x{53E4}"
      RenderBlock {DIV} at (0,11202) size 784x20
        RenderText {#text} at (0,0) size 412x19
          text run at (0,0) width 412: "Font: AppleSDGothicNeo-ExtraBold Weight: 300 Style: normal"
      RenderBlock {DIV} at (0,11222) size 784x20
        RenderText {#text} at (0,0) size 144x19
          text run at (0,0) width 144: "\x{679C}\x{57CE}\x{7684}\x{7F8E}\x{8B7D}\x{3002}\x{4E2D}\x{56FD}\x{53E4}"
      RenderBlock {DIV} at (0,11242) size 784x20
        RenderText {#text} at (0,0) size 412x19
          text run at (0,0) width 412: "Font: AppleSDGothicNeo-ExtraBold Weight: 400 Style: normal"
      RenderBlock {DIV} at (0,11262) size 784x20
        RenderText {#text} at (0,0) size 144x19
          text run at (0,0) width 144: "\x{679C}\x{57CE}\x{7684}\x{7F8E}\x{8B7D}\x{3002}\x{4E2D}\x{56FD}\x{53E4}"
      RenderBlock {DIV} at (0,11282) size 784x20
        RenderText {#text} at (0,0) size 412x19
          text run at (0,0) width 412: "Font: AppleSDGothicNeo-ExtraBold Weight: 500 Style: normal"
      RenderBlock {DIV} at (0,11302) size 784x20
        RenderText {#text} at (0,0) size 144x19
          text run at (0,0) width 144: "\x{679C}\x{57CE}\x{7684}\x{7F8E}\x{8B7D}\x{3002}\x{4E2D}\x{56FD}\x{53E4}"
      RenderBlock {DIV} at (0,11322) size 784x20
        RenderText {#text} at (0,0) size 412x19
          text run at (0,0) width 412: "Font: AppleSDGothicNeo-ExtraBold Weight: 600 Style: normal"
      RenderBlock {DIV} at (0,11342) size 784x20
        RenderText {#text} at (0,0) size 144x19
          text run at (0,0) width 144: "\x{679C}\x{57CE}\x{7684}\x{7F8E}\x{8B7D}\x{3002}\x{4E2D}\x{56FD}\x{53E4}"
      RenderBlock {DIV} at (0,11362) size 784x20
        RenderText {#text} at (0,0) size 412x19
          text run at (0,0) width 412: "Font: AppleSDGothicNeo-ExtraBold Weight: 700 Style: normal"
      RenderBlock {DIV} at (0,11382) size 784x20
        RenderText {#text} at (0,0) size 144x19
          text run at (0,0) width 144: "\x{679C}\x{57CE}\x{7684}\x{7F8E}\x{8B7D}\x{3002}\x{4E2D}\x{56FD}\x{53E4}"
      RenderBlock {DIV} at (0,11402) size 784x20
        RenderText {#text} at (0,0) size 412x19
          text run at (0,0) width 412: "Font: AppleSDGothicNeo-ExtraBold Weight: 800 Style: normal"
      RenderBlock {DIV} at (0,11422) size 784x20
        RenderText {#text} at (0,0) size 144x19
          text run at (0,0) width 144: "\x{679C}\x{57CE}\x{7684}\x{7F8E}\x{8B7D}\x{3002}\x{4E2D}\x{56FD}\x{53E4}"
      RenderBlock {DIV} at (0,11442) size 784x20
        RenderText {#text} at (0,0) size 412x19
          text run at (0,0) width 412: "Font: AppleSDGothicNeo-ExtraBold Weight: 900 Style: normal"
      RenderBlock {DIV} at (0,11462) size 784x20
        RenderText {#text} at (0,0) size 144x19
          text run at (0,0) width 144: "\x{679C}\x{57CE}\x{7684}\x{7F8E}\x{8B7D}\x{3002}\x{4E2D}\x{56FD}\x{53E4}"
      RenderBlock {DIV} at (0,11482) size 784x20
        RenderText {#text} at (0,0) size 388x19
          text run at (0,0) width 388: "Font: AppleSDGothicNeo-Heavy Weight: 100 Style: normal"
      RenderBlock {DIV} at (0,11502) size 784x20
        RenderText {#text} at (0,0) size 144x19
          text run at (0,0) width 144: "\x{679C}\x{57CE}\x{7684}\x{7F8E}\x{8B7D}\x{3002}\x{4E2D}\x{56FD}\x{53E4}"
      RenderBlock {DIV} at (0,11522) size 784x20
        RenderText {#text} at (0,0) size 388x19
          text run at (0,0) width 388: "Font: AppleSDGothicNeo-Heavy Weight: 200 Style: normal"
      RenderBlock {DIV} at (0,11542) size 784x20
        RenderText {#text} at (0,0) size 144x19
          text run at (0,0) width 144: "\x{679C}\x{57CE}\x{7684}\x{7F8E}\x{8B7D}\x{3002}\x{4E2D}\x{56FD}\x{53E4}"
      RenderBlock {DIV} at (0,11562) size 784x20
        RenderText {#text} at (0,0) size 388x19
          text run at (0,0) width 388: "Font: AppleSDGothicNeo-Heavy Weight: 300 Style: normal"
      RenderBlock {DIV} at (0,11582) size 784x20
        RenderText {#text} at (0,0) size 144x19
          text run at (0,0) width 144: "\x{679C}\x{57CE}\x{7684}\x{7F8E}\x{8B7D}\x{3002}\x{4E2D}\x{56FD}\x{53E4}"
      RenderBlock {DIV} at (0,11602) size 784x20
        RenderText {#text} at (0,0) size 388x19
          text run at (0,0) width 388: "Font: AppleSDGothicNeo-Heavy Weight: 400 Style: normal"
      RenderBlock {DIV} at (0,11622) size 784x20
        RenderText {#text} at (0,0) size 144x19
          text run at (0,0) width 144: "\x{679C}\x{57CE}\x{7684}\x{7F8E}\x{8B7D}\x{3002}\x{4E2D}\x{56FD}\x{53E4}"
      RenderBlock {DIV} at (0,11642) size 784x20
        RenderText {#text} at (0,0) size 388x19
          text run at (0,0) width 388: "Font: AppleSDGothicNeo-Heavy Weight: 500 Style: normal"
      RenderBlock {DIV} at (0,11662) size 784x20
        RenderText {#text} at (0,0) size 144x19
          text run at (0,0) width 144: "\x{679C}\x{57CE}\x{7684}\x{7F8E}\x{8B7D}\x{3002}\x{4E2D}\x{56FD}\x{53E4}"
      RenderBlock {DIV} at (0,11682) size 784x20
        RenderText {#text} at (0,0) size 388x19
          text run at (0,0) width 388: "Font: AppleSDGothicNeo-Heavy Weight: 600 Style: normal"
      RenderBlock {DIV} at (0,11702) size 784x20
        RenderText {#text} at (0,0) size 144x19
          text run at (0,0) width 144: "\x{679C}\x{57CE}\x{7684}\x{7F8E}\x{8B7D}\x{3002}\x{4E2D}\x{56FD}\x{53E4}"
      RenderBlock {DIV} at (0,11722) size 784x20
        RenderText {#text} at (0,0) size 388x19
          text run at (0,0) width 388: "Font: AppleSDGothicNeo-Heavy Weight: 700 Style: normal"
      RenderBlock {DIV} at (0,11742) size 784x20
        RenderText {#text} at (0,0) size 144x19
          text run at (0,0) width 144: "\x{679C}\x{57CE}\x{7684}\x{7F8E}\x{8B7D}\x{3002}\x{4E2D}\x{56FD}\x{53E4}"
      RenderBlock {DIV} at (0,11762) size 784x20
        RenderText {#text} at (0,0) size 388x19
          text run at (0,0) width 388: "Font: AppleSDGothicNeo-Heavy Weight: 800 Style: normal"
      RenderBlock {DIV} at (0,11782) size 784x20
        RenderText {#text} at (0,0) size 144x19
          text run at (0,0) width 144: "\x{679C}\x{57CE}\x{7684}\x{7F8E}\x{8B7D}\x{3002}\x{4E2D}\x{56FD}\x{53E4}"
      RenderBlock {DIV} at (0,11802) size 784x20
        RenderText {#text} at (0,0) size 388x19
          text run at (0,0) width 388: "Font: AppleSDGothicNeo-Heavy Weight: 900 Style: normal"
      RenderBlock {DIV} at (0,11822) size 784x20
        RenderText {#text} at (0,0) size 144x19
          text run at (0,0) width 144: "\x{679C}\x{57CE}\x{7684}\x{7F8E}\x{8B7D}\x{3002}\x{4E2D}\x{56FD}\x{53E4}"
      RenderBlock {DIV} at (0,11842) size 784x20
        RenderText {#text} at (0,0) size 340x19
          text run at (0,0) width 340: "Font: Apple SD Gothic Neo Weight: 100 Style: italic"
      RenderBlock {DIV} at (0,11862) size 784x20
        RenderText {#text} at (0,0) size 126x20
          text run at (0,0) width 126: "\x{679C}\x{57CE}\x{7684}\x{7F8E}\x{8B7D}\x{3002}\x{4E2D}\x{56FD}\x{53E4}"
      RenderBlock {DIV} at (0,11882) size 784x20
        RenderText {#text} at (0,0) size 340x19
          text run at (0,0) width 340: "Font: Apple SD Gothic Neo Weight: 200 Style: italic"
      RenderBlock {DIV} at (0,11902) size 784x20
        RenderText {#text} at (0,0) size 126x20
          text run at (0,0) width 126: "\x{679C}\x{57CE}\x{7684}\x{7F8E}\x{8B7D}\x{3002}\x{4E2D}\x{56FD}\x{53E4}"
      RenderBlock {DIV} at (0,11922) size 784x20
        RenderText {#text} at (0,0) size 340x19
          text run at (0,0) width 340: "Font: Apple SD Gothic Neo Weight: 300 Style: italic"
      RenderBlock {DIV} at (0,11942) size 784x20
        RenderText {#text} at (0,0) size 126x20
          text run at (0,0) width 126: "\x{679C}\x{57CE}\x{7684}\x{7F8E}\x{8B7D}\x{3002}\x{4E2D}\x{56FD}\x{53E4}"
      RenderBlock {DIV} at (0,11962) size 784x20
        RenderText {#text} at (0,0) size 340x19
          text run at (0,0) width 340: "Font: Apple SD Gothic Neo Weight: 400 Style: italic"
      RenderBlock {DIV} at (0,11982) size 784x20
        RenderText {#text} at (0,0) size 126x20
          text run at (0,0) width 126: "\x{679C}\x{57CE}\x{7684}\x{7F8E}\x{8B7D}\x{3002}\x{4E2D}\x{56FD}\x{53E4}"
      RenderBlock {DIV} at (0,12002) size 784x20
        RenderText {#text} at (0,0) size 340x19
          text run at (0,0) width 340: "Font: Apple SD Gothic Neo Weight: 500 Style: italic"
      RenderBlock {DIV} at (0,12022) size 784x20
        RenderText {#text} at (0,0) size 126x20
          text run at (0,0) width 126: "\x{679C}\x{57CE}\x{7684}\x{7F8E}\x{8B7D}\x{3002}\x{4E2D}\x{56FD}\x{53E4}"
      RenderBlock {DIV} at (0,12042) size 784x20
        RenderText {#text} at (0,0) size 340x19
          text run at (0,0) width 340: "Font: Apple SD Gothic Neo Weight: 600 Style: italic"
      RenderBlock {DIV} at (0,12062) size 784x20
        RenderText {#text} at (0,0) size 126x20
          text run at (0,0) width 126: "\x{679C}\x{57CE}\x{7684}\x{7F8E}\x{8B7D}\x{3002}\x{4E2D}\x{56FD}\x{53E4}"
      RenderBlock {DIV} at (0,12082) size 784x20
        RenderText {#text} at (0,0) size 340x19
          text run at (0,0) width 340: "Font: Apple SD Gothic Neo Weight: 700 Style: italic"
      RenderBlock {DIV} at (0,12102) size 784x20
        RenderText {#text} at (0,0) size 126x20
          text run at (0,0) width 126: "\x{679C}\x{57CE}\x{7684}\x{7F8E}\x{8B7D}\x{3002}\x{4E2D}\x{56FD}\x{53E4}"
      RenderBlock {DIV} at (0,12122) size 784x20
        RenderText {#text} at (0,0) size 340x19
          text run at (0,0) width 340: "Font: Apple SD Gothic Neo Weight: 800 Style: italic"
      RenderBlock {DIV} at (0,12142) size 784x20
        RenderText {#text} at (0,0) size 126x20
          text run at (0,0) width 126: "\x{679C}\x{57CE}\x{7684}\x{7F8E}\x{8B7D}\x{3002}\x{4E2D}\x{56FD}\x{53E4}"
      RenderBlock {DIV} at (0,12162) size 784x20
        RenderText {#text} at (0,0) size 340x19
          text run at (0,0) width 340: "Font: Apple SD Gothic Neo Weight: 900 Style: italic"
      RenderBlock {DIV} at (0,12182) size 784x20
        RenderText {#text} at (0,0) size 126x20
          text run at (0,0) width 126: "\x{679C}\x{57CE}\x{7684}\x{7F8E}\x{8B7D}\x{3002}\x{4E2D}\x{56FD}\x{53E4}"
      RenderBlock {DIV} at (0,12202) size 784x20
        RenderText {#text} at (0,0) size 384x19
          text run at (0,0) width 384: "Font: AppleSDGothicNeo-Regular Weight: 100 Style: italic"
      RenderBlock {DIV} at (0,12222) size 784x20
        RenderText {#text} at (0,0) size 126x20
          text run at (0,0) width 126: "\x{679C}\x{57CE}\x{7684}\x{7F8E}\x{8B7D}\x{3002}\x{4E2D}\x{56FD}\x{53E4}"
      RenderBlock {DIV} at (0,12242) size 784x20
        RenderText {#text} at (0,0) size 384x19
          text run at (0,0) width 384: "Font: AppleSDGothicNeo-Regular Weight: 200 Style: italic"
      RenderBlock {DIV} at (0,12262) size 784x20
        RenderText {#text} at (0,0) size 126x20
          text run at (0,0) width 126: "\x{679C}\x{57CE}\x{7684}\x{7F8E}\x{8B7D}\x{3002}\x{4E2D}\x{56FD}\x{53E4}"
      RenderBlock {DIV} at (0,12282) size 784x20
        RenderText {#text} at (0,0) size 384x19
          text run at (0,0) width 384: "Font: AppleSDGothicNeo-Regular Weight: 300 Style: italic"
      RenderBlock {DIV} at (0,12302) size 784x20
        RenderText {#text} at (0,0) size 126x20
          text run at (0,0) width 126: "\x{679C}\x{57CE}\x{7684}\x{7F8E}\x{8B7D}\x{3002}\x{4E2D}\x{56FD}\x{53E4}"
      RenderBlock {DIV} at (0,12322) size 784x20
        RenderText {#text} at (0,0) size 384x19
          text run at (0,0) width 384: "Font: AppleSDGothicNeo-Regular Weight: 400 Style: italic"
      RenderBlock {DIV} at (0,12342) size 784x20
        RenderText {#text} at (0,0) size 126x20
          text run at (0,0) width 126: "\x{679C}\x{57CE}\x{7684}\x{7F8E}\x{8B7D}\x{3002}\x{4E2D}\x{56FD}\x{53E4}"
      RenderBlock {DIV} at (0,12362) size 784x20
        RenderText {#text} at (0,0) size 384x19
          text run at (0,0) width 384: "Font: AppleSDGothicNeo-Regular Weight: 500 Style: italic"
      RenderBlock {DIV} at (0,12382) size 784x20
        RenderText {#text} at (0,0) size 126x20
          text run at (0,0) width 126: "\x{679C}\x{57CE}\x{7684}\x{7F8E}\x{8B7D}\x{3002}\x{4E2D}\x{56FD}\x{53E4}"
      RenderBlock {DIV} at (0,12402) size 784x20
        RenderText {#text} at (0,0) size 384x19
          text run at (0,0) width 384: "Font: AppleSDGothicNeo-Regular Weight: 600 Style: italic"
      RenderBlock {DIV} at (0,12422) size 784x20
        RenderText {#text} at (0,0) size 135x20
          text run at (0,0) width 135: "\x{679C}\x{57CE}\x{7684}\x{7F8E}\x{8B7D}\x{3002}\x{4E2D}\x{56FD}\x{53E4}"
      RenderBlock {DIV} at (0,12442) size 784x20
        RenderText {#text} at (0,0) size 384x19
          text run at (0,0) width 384: "Font: AppleSDGothicNeo-Regular Weight: 700 Style: italic"
      RenderBlock {DIV} at (0,12462) size 784x20
        RenderText {#text} at (0,0) size 135x20
          text run at (0,0) width 135: "\x{679C}\x{57CE}\x{7684}\x{7F8E}\x{8B7D}\x{3002}\x{4E2D}\x{56FD}\x{53E4}"
      RenderBlock {DIV} at (0,12482) size 784x20
        RenderText {#text} at (0,0) size 384x19
          text run at (0,0) width 384: "Font: AppleSDGothicNeo-Regular Weight: 800 Style: italic"
      RenderBlock {DIV} at (0,12502) size 784x20
        RenderText {#text} at (0,0) size 135x20
          text run at (0,0) width 135: "\x{679C}\x{57CE}\x{7684}\x{7F8E}\x{8B7D}\x{3002}\x{4E2D}\x{56FD}\x{53E4}"
      RenderBlock {DIV} at (0,12522) size 784x20
        RenderText {#text} at (0,0) size 384x19
          text run at (0,0) width 384: "Font: AppleSDGothicNeo-Regular Weight: 900 Style: italic"
      RenderBlock {DIV} at (0,12542) size 784x20
        RenderText {#text} at (0,0) size 135x20
          text run at (0,0) width 135: "\x{679C}\x{57CE}\x{7684}\x{7F8E}\x{8B7D}\x{3002}\x{4E2D}\x{56FD}\x{53E4}"
      RenderBlock {DIV} at (0,12562) size 784x20
        RenderText {#text} at (0,0) size 387x19
          text run at (0,0) width 387: "Font: AppleSDGothicNeo-Medium Weight: 100 Style: italic"
      RenderBlock {DIV} at (0,12582) size 784x20
        RenderText {#text} at (0,0) size 126x20
          text run at (0,0) width 126: "\x{679C}\x{57CE}\x{7684}\x{7F8E}\x{8B7D}\x{3002}\x{4E2D}\x{56FD}\x{53E4}"
      RenderBlock {DIV} at (0,12602) size 784x20
        RenderText {#text} at (0,0) size 387x19
          text run at (0,0) width 387: "Font: AppleSDGothicNeo-Medium Weight: 200 Style: italic"
      RenderBlock {DIV} at (0,12622) size 784x20
        RenderText {#text} at (0,0) size 126x20
          text run at (0,0) width 126: "\x{679C}\x{57CE}\x{7684}\x{7F8E}\x{8B7D}\x{3002}\x{4E2D}\x{56FD}\x{53E4}"
      RenderBlock {DIV} at (0,12642) size 784x20
        RenderText {#text} at (0,0) size 387x19
          text run at (0,0) width 387: "Font: AppleSDGothicNeo-Medium Weight: 300 Style: italic"
      RenderBlock {DIV} at (0,12662) size 784x20
        RenderText {#text} at (0,0) size 126x20
          text run at (0,0) width 126: "\x{679C}\x{57CE}\x{7684}\x{7F8E}\x{8B7D}\x{3002}\x{4E2D}\x{56FD}\x{53E4}"
      RenderBlock {DIV} at (0,12682) size 784x20
        RenderText {#text} at (0,0) size 387x19
          text run at (0,0) width 387: "Font: AppleSDGothicNeo-Medium Weight: 400 Style: italic"
      RenderBlock {DIV} at (0,12702) size 784x20
        RenderText {#text} at (0,0) size 126x20
          text run at (0,0) width 126: "\x{679C}\x{57CE}\x{7684}\x{7F8E}\x{8B7D}\x{3002}\x{4E2D}\x{56FD}\x{53E4}"
      RenderBlock {DIV} at (0,12722) size 784x20
        RenderText {#text} at (0,0) size 387x19
          text run at (0,0) width 387: "Font: AppleSDGothicNeo-Medium Weight: 500 Style: italic"
      RenderBlock {DIV} at (0,12742) size 784x20
        RenderText {#text} at (0,0) size 126x20
          text run at (0,0) width 126: "\x{679C}\x{57CE}\x{7684}\x{7F8E}\x{8B7D}\x{3002}\x{4E2D}\x{56FD}\x{53E4}"
      RenderBlock {DIV} at (0,12762) size 784x20
        RenderText {#text} at (0,0) size 387x19
          text run at (0,0) width 387: "Font: AppleSDGothicNeo-Medium Weight: 600 Style: italic"
      RenderBlock {DIV} at (0,12782) size 784x20
        RenderText {#text} at (0,0) size 135x20
          text run at (0,0) width 135: "\x{679C}\x{57CE}\x{7684}\x{7F8E}\x{8B7D}\x{3002}\x{4E2D}\x{56FD}\x{53E4}"
      RenderBlock {DIV} at (0,12802) size 784x20
        RenderText {#text} at (0,0) size 387x19
          text run at (0,0) width 387: "Font: AppleSDGothicNeo-Medium Weight: 700 Style: italic"
      RenderBlock {DIV} at (0,12822) size 784x20
        RenderText {#text} at (0,0) size 135x20
          text run at (0,0) width 135: "\x{679C}\x{57CE}\x{7684}\x{7F8E}\x{8B7D}\x{3002}\x{4E2D}\x{56FD}\x{53E4}"
      RenderBlock {DIV} at (0,12842) size 784x20
        RenderText {#text} at (0,0) size 387x19
          text run at (0,0) width 387: "Font: AppleSDGothicNeo-Medium Weight: 800 Style: italic"
      RenderBlock {DIV} at (0,12862) size 784x20
        RenderText {#text} at (0,0) size 135x20
          text run at (0,0) width 135: "\x{679C}\x{57CE}\x{7684}\x{7F8E}\x{8B7D}\x{3002}\x{4E2D}\x{56FD}\x{53E4}"
      RenderBlock {DIV} at (0,12882) size 784x20
        RenderText {#text} at (0,0) size 387x19
          text run at (0,0) width 387: "Font: AppleSDGothicNeo-Medium Weight: 900 Style: italic"
      RenderBlock {DIV} at (0,12902) size 784x20
        RenderText {#text} at (0,0) size 135x20
          text run at (0,0) width 135: "\x{679C}\x{57CE}\x{7684}\x{7F8E}\x{8B7D}\x{3002}\x{4E2D}\x{56FD}\x{53E4}"
      RenderBlock {DIV} at (0,12922) size 784x20
        RenderText {#text} at (0,0) size 368x19
          text run at (0,0) width 368: "Font: AppleSDGothicNeo-Light Weight: 100 Style: italic"
      RenderBlock {DIV} at (0,12942) size 784x20
        RenderText {#text} at (0,0) size 126x20
          text run at (0,0) width 126: "\x{679C}\x{57CE}\x{7684}\x{7F8E}\x{8B7D}\x{3002}\x{4E2D}\x{56FD}\x{53E4}"
      RenderBlock {DIV} at (0,12962) size 784x20
        RenderText {#text} at (0,0) size 368x19
          text run at (0,0) width 368: "Font: AppleSDGothicNeo-Light Weight: 200 Style: italic"
      RenderBlock {DIV} at (0,12982) size 784x20
        RenderText {#text} at (0,0) size 126x20
          text run at (0,0) width 126: "\x{679C}\x{57CE}\x{7684}\x{7F8E}\x{8B7D}\x{3002}\x{4E2D}\x{56FD}\x{53E4}"
      RenderBlock {DIV} at (0,13002) size 784x20
        RenderText {#text} at (0,0) size 368x19
          text run at (0,0) width 368: "Font: AppleSDGothicNeo-Light Weight: 300 Style: italic"
      RenderBlock {DIV} at (0,13022) size 784x20
        RenderText {#text} at (0,0) size 126x20
          text run at (0,0) width 126: "\x{679C}\x{57CE}\x{7684}\x{7F8E}\x{8B7D}\x{3002}\x{4E2D}\x{56FD}\x{53E4}"
      RenderBlock {DIV} at (0,13042) size 784x20
        RenderText {#text} at (0,0) size 368x19
          text run at (0,0) width 368: "Font: AppleSDGothicNeo-Light Weight: 400 Style: italic"
      RenderBlock {DIV} at (0,13062) size 784x20
        RenderText {#text} at (0,0) size 126x20
          text run at (0,0) width 126: "\x{679C}\x{57CE}\x{7684}\x{7F8E}\x{8B7D}\x{3002}\x{4E2D}\x{56FD}\x{53E4}"
      RenderBlock {DIV} at (0,13082) size 784x20
        RenderText {#text} at (0,0) size 368x19
          text run at (0,0) width 368: "Font: AppleSDGothicNeo-Light Weight: 500 Style: italic"
      RenderBlock {DIV} at (0,13102) size 784x20
        RenderText {#text} at (0,0) size 126x20
          text run at (0,0) width 126: "\x{679C}\x{57CE}\x{7684}\x{7F8E}\x{8B7D}\x{3002}\x{4E2D}\x{56FD}\x{53E4}"
      RenderBlock {DIV} at (0,13122) size 784x20
        RenderText {#text} at (0,0) size 368x19
          text run at (0,0) width 368: "Font: AppleSDGothicNeo-Light Weight: 600 Style: italic"
      RenderBlock {DIV} at (0,13142) size 784x20
        RenderText {#text} at (0,0) size 135x20
          text run at (0,0) width 135: "\x{679C}\x{57CE}\x{7684}\x{7F8E}\x{8B7D}\x{3002}\x{4E2D}\x{56FD}\x{53E4}"
      RenderBlock {DIV} at (0,13162) size 784x20
        RenderText {#text} at (0,0) size 368x19
          text run at (0,0) width 368: "Font: AppleSDGothicNeo-Light Weight: 700 Style: italic"
      RenderBlock {DIV} at (0,13182) size 784x20
        RenderText {#text} at (0,0) size 135x20
          text run at (0,0) width 135: "\x{679C}\x{57CE}\x{7684}\x{7F8E}\x{8B7D}\x{3002}\x{4E2D}\x{56FD}\x{53E4}"
      RenderBlock {DIV} at (0,13202) size 784x20
        RenderText {#text} at (0,0) size 368x19
          text run at (0,0) width 368: "Font: AppleSDGothicNeo-Light Weight: 800 Style: italic"
      RenderBlock {DIV} at (0,13222) size 784x20
        RenderText {#text} at (0,0) size 135x20
          text run at (0,0) width 135: "\x{679C}\x{57CE}\x{7684}\x{7F8E}\x{8B7D}\x{3002}\x{4E2D}\x{56FD}\x{53E4}"
      RenderBlock {DIV} at (0,13242) size 784x20
        RenderText {#text} at (0,0) size 368x19
          text run at (0,0) width 368: "Font: AppleSDGothicNeo-Light Weight: 900 Style: italic"
      RenderBlock {DIV} at (0,13262) size 784x20
        RenderText {#text} at (0,0) size 135x20
          text run at (0,0) width 135: "\x{679C}\x{57CE}\x{7684}\x{7F8E}\x{8B7D}\x{3002}\x{4E2D}\x{56FD}\x{53E4}"
      RenderBlock {DIV} at (0,13282) size 784x20
        RenderText {#text} at (0,0) size 400x19
          text run at (0,0) width 400: "Font: AppleSDGothicNeo-UltraLight Weight: 100 Style: italic"
      RenderBlock {DIV} at (0,13302) size 784x20
        RenderText {#text} at (0,0) size 126x20
          text run at (0,0) width 126: "\x{679C}\x{57CE}\x{7684}\x{7F8E}\x{8B7D}\x{3002}\x{4E2D}\x{56FD}\x{53E4}"
      RenderBlock {DIV} at (0,13322) size 784x20
        RenderText {#text} at (0,0) size 400x19
          text run at (0,0) width 400: "Font: AppleSDGothicNeo-UltraLight Weight: 200 Style: italic"
      RenderBlock {DIV} at (0,13342) size 784x20
        RenderText {#text} at (0,0) size 126x20
          text run at (0,0) width 126: "\x{679C}\x{57CE}\x{7684}\x{7F8E}\x{8B7D}\x{3002}\x{4E2D}\x{56FD}\x{53E4}"
      RenderBlock {DIV} at (0,13362) size 784x20
        RenderText {#text} at (0,0) size 400x19
          text run at (0,0) width 400: "Font: AppleSDGothicNeo-UltraLight Weight: 300 Style: italic"
      RenderBlock {DIV} at (0,13382) size 784x20
        RenderText {#text} at (0,0) size 126x20
          text run at (0,0) width 126: "\x{679C}\x{57CE}\x{7684}\x{7F8E}\x{8B7D}\x{3002}\x{4E2D}\x{56FD}\x{53E4}"
      RenderBlock {DIV} at (0,13402) size 784x20
        RenderText {#text} at (0,0) size 400x19
          text run at (0,0) width 400: "Font: AppleSDGothicNeo-UltraLight Weight: 400 Style: italic"
      RenderBlock {DIV} at (0,13422) size 784x20
        RenderText {#text} at (0,0) size 126x20
          text run at (0,0) width 126: "\x{679C}\x{57CE}\x{7684}\x{7F8E}\x{8B7D}\x{3002}\x{4E2D}\x{56FD}\x{53E4}"
      RenderBlock {DIV} at (0,13442) size 784x20
        RenderText {#text} at (0,0) size 400x19
          text run at (0,0) width 400: "Font: AppleSDGothicNeo-UltraLight Weight: 500 Style: italic"
      RenderBlock {DIV} at (0,13462) size 784x20
        RenderText {#text} at (0,0) size 126x20
          text run at (0,0) width 126: "\x{679C}\x{57CE}\x{7684}\x{7F8E}\x{8B7D}\x{3002}\x{4E2D}\x{56FD}\x{53E4}"
      RenderBlock {DIV} at (0,13482) size 784x20
        RenderText {#text} at (0,0) size 400x19
          text run at (0,0) width 400: "Font: AppleSDGothicNeo-UltraLight Weight: 600 Style: italic"
      RenderBlock {DIV} at (0,13502) size 784x20
        RenderText {#text} at (0,0) size 135x20
          text run at (0,0) width 135: "\x{679C}\x{57CE}\x{7684}\x{7F8E}\x{8B7D}\x{3002}\x{4E2D}\x{56FD}\x{53E4}"
      RenderBlock {DIV} at (0,13522) size 784x20
        RenderText {#text} at (0,0) size 400x19
          text run at (0,0) width 400: "Font: AppleSDGothicNeo-UltraLight Weight: 700 Style: italic"
      RenderBlock {DIV} at (0,13542) size 784x20
        RenderText {#text} at (0,0) size 135x20
          text run at (0,0) width 135: "\x{679C}\x{57CE}\x{7684}\x{7F8E}\x{8B7D}\x{3002}\x{4E2D}\x{56FD}\x{53E4}"
      RenderBlock {DIV} at (0,13562) size 784x20
        RenderText {#text} at (0,0) size 400x19
          text run at (0,0) width 400: "Font: AppleSDGothicNeo-UltraLight Weight: 800 Style: italic"
      RenderBlock {DIV} at (0,13582) size 784x20
        RenderText {#text} at (0,0) size 135x20
          text run at (0,0) width 135: "\x{679C}\x{57CE}\x{7684}\x{7F8E}\x{8B7D}\x{3002}\x{4E2D}\x{56FD}\x{53E4}"
      RenderBlock {DIV} at (0,13602) size 784x20
        RenderText {#text} at (0,0) size 400x19
          text run at (0,0) width 400: "Font: AppleSDGothicNeo-UltraLight Weight: 900 Style: italic"
      RenderBlock {DIV} at (0,13622) size 784x20
        RenderText {#text} at (0,0) size 135x20
          text run at (0,0) width 135: "\x{679C}\x{57CE}\x{7684}\x{7F8E}\x{8B7D}\x{3002}\x{4E2D}\x{56FD}\x{53E4}"
      RenderBlock {DIV} at (0,13642) size 784x20
        RenderText {#text} at (0,0) size 363x19
          text run at (0,0) width 363: "Font: AppleSDGothicNeo-Thin Weight: 100 Style: italic"
      RenderBlock {DIV} at (0,13662) size 784x20
        RenderText {#text} at (0,0) size 126x20
          text run at (0,0) width 126: "\x{679C}\x{57CE}\x{7684}\x{7F8E}\x{8B7D}\x{3002}\x{4E2D}\x{56FD}\x{53E4}"
      RenderBlock {DIV} at (0,13682) size 784x20
        RenderText {#text} at (0,0) size 363x19
          text run at (0,0) width 363: "Font: AppleSDGothicNeo-Thin Weight: 200 Style: italic"
      RenderBlock {DIV} at (0,13702) size 784x20
        RenderText {#text} at (0,0) size 126x20
          text run at (0,0) width 126: "\x{679C}\x{57CE}\x{7684}\x{7F8E}\x{8B7D}\x{3002}\x{4E2D}\x{56FD}\x{53E4}"
      RenderBlock {DIV} at (0,13722) size 784x20
        RenderText {#text} at (0,0) size 363x19
          text run at (0,0) width 363: "Font: AppleSDGothicNeo-Thin Weight: 300 Style: italic"
      RenderBlock {DIV} at (0,13742) size 784x20
        RenderText {#text} at (0,0) size 126x20
          text run at (0,0) width 126: "\x{679C}\x{57CE}\x{7684}\x{7F8E}\x{8B7D}\x{3002}\x{4E2D}\x{56FD}\x{53E4}"
      RenderBlock {DIV} at (0,13762) size 784x20
        RenderText {#text} at (0,0) size 363x19
          text run at (0,0) width 363: "Font: AppleSDGothicNeo-Thin Weight: 400 Style: italic"
      RenderBlock {DIV} at (0,13782) size 784x20
        RenderText {#text} at (0,0) size 126x20
          text run at (0,0) width 126: "\x{679C}\x{57CE}\x{7684}\x{7F8E}\x{8B7D}\x{3002}\x{4E2D}\x{56FD}\x{53E4}"
      RenderBlock {DIV} at (0,13802) size 784x20
        RenderText {#text} at (0,0) size 363x19
          text run at (0,0) width 363: "Font: AppleSDGothicNeo-Thin Weight: 500 Style: italic"
      RenderBlock {DIV} at (0,13822) size 784x20
        RenderText {#text} at (0,0) size 126x20
          text run at (0,0) width 126: "\x{679C}\x{57CE}\x{7684}\x{7F8E}\x{8B7D}\x{3002}\x{4E2D}\x{56FD}\x{53E4}"
      RenderBlock {DIV} at (0,13842) size 784x20
        RenderText {#text} at (0,0) size 363x19
          text run at (0,0) width 363: "Font: AppleSDGothicNeo-Thin Weight: 600 Style: italic"
      RenderBlock {DIV} at (0,13862) size 784x20
        RenderText {#text} at (0,0) size 135x20
          text run at (0,0) width 135: "\x{679C}\x{57CE}\x{7684}\x{7F8E}\x{8B7D}\x{3002}\x{4E2D}\x{56FD}\x{53E4}"
      RenderBlock {DIV} at (0,13882) size 784x20
        RenderText {#text} at (0,0) size 363x19
          text run at (0,0) width 363: "Font: AppleSDGothicNeo-Thin Weight: 700 Style: italic"
      RenderBlock {DIV} at (0,13902) size 784x20
        RenderText {#text} at (0,0) size 135x20
          text run at (0,0) width 135: "\x{679C}\x{57CE}\x{7684}\x{7F8E}\x{8B7D}\x{3002}\x{4E2D}\x{56FD}\x{53E4}"
      RenderBlock {DIV} at (0,13922) size 784x20
        RenderText {#text} at (0,0) size 363x19
          text run at (0,0) width 363: "Font: AppleSDGothicNeo-Thin Weight: 800 Style: italic"
      RenderBlock {DIV} at (0,13942) size 784x20
        RenderText {#text} at (0,0) size 135x20
          text run at (0,0) width 135: "\x{679C}\x{57CE}\x{7684}\x{7F8E}\x{8B7D}\x{3002}\x{4E2D}\x{56FD}\x{53E4}"
      RenderBlock {DIV} at (0,13962) size 784x20
        RenderText {#text} at (0,0) size 363x19
          text run at (0,0) width 363: "Font: AppleSDGothicNeo-Thin Weight: 900 Style: italic"
      RenderBlock {DIV} at (0,13982) size 784x20
        RenderText {#text} at (0,0) size 135x20
          text run at (0,0) width 135: "\x{679C}\x{57CE}\x{7684}\x{7F8E}\x{8B7D}\x{3002}\x{4E2D}\x{56FD}\x{53E4}"
      RenderBlock {DIV} at (0,14002) size 784x20
        RenderText {#text} at (0,0) size 397x19
          text run at (0,0) width 397: "Font: AppleSDGothicNeo-SemiBold Weight: 100 Style: italic"
      RenderBlock {DIV} at (0,14022) size 784x20
        RenderText {#text} at (0,0) size 126x20
          text run at (0,0) width 126: "\x{679C}\x{57CE}\x{7684}\x{7F8E}\x{8B7D}\x{3002}\x{4E2D}\x{56FD}\x{53E4}"
      RenderBlock {DIV} at (0,14042) size 784x20
        RenderText {#text} at (0,0) size 397x19
          text run at (0,0) width 397: "Font: AppleSDGothicNeo-SemiBold Weight: 200 Style: italic"
      RenderBlock {DIV} at (0,14062) size 784x20
        RenderText {#text} at (0,0) size 126x20
          text run at (0,0) width 126: "\x{679C}\x{57CE}\x{7684}\x{7F8E}\x{8B7D}\x{3002}\x{4E2D}\x{56FD}\x{53E4}"
      RenderBlock {DIV} at (0,14082) size 784x20
        RenderText {#text} at (0,0) size 397x19
          text run at (0,0) width 397: "Font: AppleSDGothicNeo-SemiBold Weight: 300 Style: italic"
      RenderBlock {DIV} at (0,14102) size 784x20
        RenderText {#text} at (0,0) size 126x20
          text run at (0,0) width 126: "\x{679C}\x{57CE}\x{7684}\x{7F8E}\x{8B7D}\x{3002}\x{4E2D}\x{56FD}\x{53E4}"
      RenderBlock {DIV} at (0,14122) size 784x20
        RenderText {#text} at (0,0) size 397x19
          text run at (0,0) width 397: "Font: AppleSDGothicNeo-SemiBold Weight: 400 Style: italic"
      RenderBlock {DIV} at (0,14142) size 784x20
        RenderText {#text} at (0,0) size 126x20
          text run at (0,0) width 126: "\x{679C}\x{57CE}\x{7684}\x{7F8E}\x{8B7D}\x{3002}\x{4E2D}\x{56FD}\x{53E4}"
      RenderBlock {DIV} at (0,14162) size 784x20
        RenderText {#text} at (0,0) size 397x19
          text run at (0,0) width 397: "Font: AppleSDGothicNeo-SemiBold Weight: 500 Style: italic"
      RenderBlock {DIV} at (0,14182) size 784x20
        RenderText {#text} at (0,0) size 126x20
          text run at (0,0) width 126: "\x{679C}\x{57CE}\x{7684}\x{7F8E}\x{8B7D}\x{3002}\x{4E2D}\x{56FD}\x{53E4}"
      RenderBlock {DIV} at (0,14202) size 784x20
        RenderText {#text} at (0,0) size 397x19
          text run at (0,0) width 397: "Font: AppleSDGothicNeo-SemiBold Weight: 600 Style: italic"
      RenderBlock {DIV} at (0,14222) size 784x20
        RenderText {#text} at (0,0) size 126x20
          text run at (0,0) width 126: "\x{679C}\x{57CE}\x{7684}\x{7F8E}\x{8B7D}\x{3002}\x{4E2D}\x{56FD}\x{53E4}"
      RenderBlock {DIV} at (0,14242) size 784x20
        RenderText {#text} at (0,0) size 397x19
          text run at (0,0) width 397: "Font: AppleSDGothicNeo-SemiBold Weight: 700 Style: italic"
      RenderBlock {DIV} at (0,14262) size 784x20
        RenderText {#text} at (0,0) size 126x20
          text run at (0,0) width 126: "\x{679C}\x{57CE}\x{7684}\x{7F8E}\x{8B7D}\x{3002}\x{4E2D}\x{56FD}\x{53E4}"
      RenderBlock {DIV} at (0,14282) size 784x20
        RenderText {#text} at (0,0) size 397x19
          text run at (0,0) width 397: "Font: AppleSDGothicNeo-SemiBold Weight: 800 Style: italic"
      RenderBlock {DIV} at (0,14302) size 784x20
        RenderText {#text} at (0,0) size 126x20
          text run at (0,0) width 126: "\x{679C}\x{57CE}\x{7684}\x{7F8E}\x{8B7D}\x{3002}\x{4E2D}\x{56FD}\x{53E4}"
      RenderBlock {DIV} at (0,14322) size 784x20
        RenderText {#text} at (0,0) size 397x19
          text run at (0,0) width 397: "Font: AppleSDGothicNeo-SemiBold Weight: 900 Style: italic"
      RenderBlock {DIV} at (0,14342) size 784x20
        RenderText {#text} at (0,0) size 126x20
          text run at (0,0) width 126: "\x{679C}\x{57CE}\x{7684}\x{7F8E}\x{8B7D}\x{3002}\x{4E2D}\x{56FD}\x{53E4}"
      RenderBlock {DIV} at (0,14362) size 784x20
        RenderText {#text} at (0,0) size 364x19
          text run at (0,0) width 364: "Font: AppleSDGothicNeo-Bold Weight: 100 Style: italic"
      RenderBlock {DIV} at (0,14382) size 784x20
        RenderText {#text} at (0,0) size 126x20
          text run at (0,0) width 126: "\x{679C}\x{57CE}\x{7684}\x{7F8E}\x{8B7D}\x{3002}\x{4E2D}\x{56FD}\x{53E4}"
      RenderBlock {DIV} at (0,14402) size 784x20
        RenderText {#text} at (0,0) size 364x19
          text run at (0,0) width 364: "Font: AppleSDGothicNeo-Bold Weight: 200 Style: italic"
      RenderBlock {DIV} at (0,14422) size 784x20
        RenderText {#text} at (0,0) size 126x20
          text run at (0,0) width 126: "\x{679C}\x{57CE}\x{7684}\x{7F8E}\x{8B7D}\x{3002}\x{4E2D}\x{56FD}\x{53E4}"
      RenderBlock {DIV} at (0,14442) size 784x20
        RenderText {#text} at (0,0) size 364x19
          text run at (0,0) width 364: "Font: AppleSDGothicNeo-Bold Weight: 300 Style: italic"
      RenderBlock {DIV} at (0,14462) size 784x20
        RenderText {#text} at (0,0) size 126x20
          text run at (0,0) width 126: "\x{679C}\x{57CE}\x{7684}\x{7F8E}\x{8B7D}\x{3002}\x{4E2D}\x{56FD}\x{53E4}"
      RenderBlock {DIV} at (0,14482) size 784x20
        RenderText {#text} at (0,0) size 364x19
          text run at (0,0) width 364: "Font: AppleSDGothicNeo-Bold Weight: 400 Style: italic"
      RenderBlock {DIV} at (0,14502) size 784x20
        RenderText {#text} at (0,0) size 126x20
          text run at (0,0) width 126: "\x{679C}\x{57CE}\x{7684}\x{7F8E}\x{8B7D}\x{3002}\x{4E2D}\x{56FD}\x{53E4}"
      RenderBlock {DIV} at (0,14522) size 784x20
        RenderText {#text} at (0,0) size 364x19
          text run at (0,0) width 364: "Font: AppleSDGothicNeo-Bold Weight: 500 Style: italic"
      RenderBlock {DIV} at (0,14542) size 784x20
        RenderText {#text} at (0,0) size 126x20
          text run at (0,0) width 126: "\x{679C}\x{57CE}\x{7684}\x{7F8E}\x{8B7D}\x{3002}\x{4E2D}\x{56FD}\x{53E4}"
      RenderBlock {DIV} at (0,14562) size 784x20
        RenderText {#text} at (0,0) size 364x19
          text run at (0,0) width 364: "Font: AppleSDGothicNeo-Bold Weight: 600 Style: italic"
      RenderBlock {DIV} at (0,14582) size 784x20
        RenderText {#text} at (0,0) size 126x20
          text run at (0,0) width 126: "\x{679C}\x{57CE}\x{7684}\x{7F8E}\x{8B7D}\x{3002}\x{4E2D}\x{56FD}\x{53E4}"
      RenderBlock {DIV} at (0,14602) size 784x20
        RenderText {#text} at (0,0) size 364x19
          text run at (0,0) width 364: "Font: AppleSDGothicNeo-Bold Weight: 700 Style: italic"
      RenderBlock {DIV} at (0,14622) size 784x20
        RenderText {#text} at (0,0) size 126x20
          text run at (0,0) width 126: "\x{679C}\x{57CE}\x{7684}\x{7F8E}\x{8B7D}\x{3002}\x{4E2D}\x{56FD}\x{53E4}"
      RenderBlock {DIV} at (0,14642) size 784x20
        RenderText {#text} at (0,0) size 364x19
          text run at (0,0) width 364: "Font: AppleSDGothicNeo-Bold Weight: 800 Style: italic"
      RenderBlock {DIV} at (0,14662) size 784x20
        RenderText {#text} at (0,0) size 126x20
          text run at (0,0) width 126: "\x{679C}\x{57CE}\x{7684}\x{7F8E}\x{8B7D}\x{3002}\x{4E2D}\x{56FD}\x{53E4}"
      RenderBlock {DIV} at (0,14682) size 784x20
        RenderText {#text} at (0,0) size 364x19
          text run at (0,0) width 364: "Font: AppleSDGothicNeo-Bold Weight: 900 Style: italic"
      RenderBlock {DIV} at (0,14702) size 784x20
        RenderText {#text} at (0,0) size 126x20
          text run at (0,0) width 126: "\x{679C}\x{57CE}\x{7684}\x{7F8E}\x{8B7D}\x{3002}\x{4E2D}\x{56FD}\x{53E4}"
      RenderBlock {DIV} at (0,14722) size 784x20
        RenderText {#text} at (0,0) size 399x19
          text run at (0,0) width 399: "Font: AppleSDGothicNeo-ExtraBold Weight: 100 Style: italic"
      RenderBlock {DIV} at (0,14742) size 784x20
        RenderText {#text} at (0,0) size 144x19
          text run at (0,0) width 144: "\x{679C}\x{57CE}\x{7684}\x{7F8E}\x{8B7D}\x{3002}\x{4E2D}\x{56FD}\x{53E4}"
      RenderBlock {DIV} at (0,14762) size 784x20
        RenderText {#text} at (0,0) size 399x19
          text run at (0,0) width 399: "Font: AppleSDGothicNeo-ExtraBold Weight: 200 Style: italic"
      RenderBlock {DIV} at (0,14782) size 784x20
        RenderText {#text} at (0,0) size 144x19
          text run at (0,0) width 144: "\x{679C}\x{57CE}\x{7684}\x{7F8E}\x{8B7D}\x{3002}\x{4E2D}\x{56FD}\x{53E4}"
      RenderBlock {DIV} at (0,14802) size 784x20
        RenderText {#text} at (0,0) size 399x19
          text run at (0,0) width 399: "Font: AppleSDGothicNeo-ExtraBold Weight: 300 Style: italic"
      RenderBlock {DIV} at (0,14822) size 784x20
        RenderText {#text} at (0,0) size 144x19
          text run at (0,0) width 144: "\x{679C}\x{57CE}\x{7684}\x{7F8E}\x{8B7D}\x{3002}\x{4E2D}\x{56FD}\x{53E4}"
      RenderBlock {DIV} at (0,14842) size 784x20
        RenderText {#text} at (0,0) size 399x19
          text run at (0,0) width 399: "Font: AppleSDGothicNeo-ExtraBold Weight: 400 Style: italic"
      RenderBlock {DIV} at (0,14862) size 784x20
        RenderText {#text} at (0,0) size 144x19
          text run at (0,0) width 144: "\x{679C}\x{57CE}\x{7684}\x{7F8E}\x{8B7D}\x{3002}\x{4E2D}\x{56FD}\x{53E4}"
      RenderBlock {DIV} at (0,14882) size 784x20
        RenderText {#text} at (0,0) size 399x19
          text run at (0,0) width 399: "Font: AppleSDGothicNeo-ExtraBold Weight: 500 Style: italic"
      RenderBlock {DIV} at (0,14902) size 784x20
        RenderText {#text} at (0,0) size 144x19
          text run at (0,0) width 144: "\x{679C}\x{57CE}\x{7684}\x{7F8E}\x{8B7D}\x{3002}\x{4E2D}\x{56FD}\x{53E4}"
      RenderBlock {DIV} at (0,14922) size 784x20
        RenderText {#text} at (0,0) size 399x19
          text run at (0,0) width 399: "Font: AppleSDGothicNeo-ExtraBold Weight: 600 Style: italic"
      RenderBlock {DIV} at (0,14942) size 784x20
        RenderText {#text} at (0,0) size 144x19
          text run at (0,0) width 144: "\x{679C}\x{57CE}\x{7684}\x{7F8E}\x{8B7D}\x{3002}\x{4E2D}\x{56FD}\x{53E4}"
      RenderBlock {DIV} at (0,14962) size 784x20
        RenderText {#text} at (0,0) size 399x19
          text run at (0,0) width 399: "Font: AppleSDGothicNeo-ExtraBold Weight: 700 Style: italic"
      RenderBlock {DIV} at (0,14982) size 784x20
        RenderText {#text} at (0,0) size 144x19
          text run at (0,0) width 144: "\x{679C}\x{57CE}\x{7684}\x{7F8E}\x{8B7D}\x{3002}\x{4E2D}\x{56FD}\x{53E4}"
      RenderBlock {DIV} at (0,15002) size 784x20
        RenderText {#text} at (0,0) size 399x19
          text run at (0,0) width 399: "Font: AppleSDGothicNeo-ExtraBold Weight: 800 Style: italic"
      RenderBlock {DIV} at (0,15022) size 784x20
        RenderText {#text} at (0,0) size 144x19
          text run at (0,0) width 144: "\x{679C}\x{57CE}\x{7684}\x{7F8E}\x{8B7D}\x{3002}\x{4E2D}\x{56FD}\x{53E4}"
      RenderBlock {DIV} at (0,15042) size 784x20
        RenderText {#text} at (0,0) size 399x19
          text run at (0,0) width 399: "Font: AppleSDGothicNeo-ExtraBold Weight: 900 Style: italic"
      RenderBlock {DIV} at (0,15062) size 784x20
        RenderText {#text} at (0,0) size 144x19
          text run at (0,0) width 144: "\x{679C}\x{57CE}\x{7684}\x{7F8E}\x{8B7D}\x{3002}\x{4E2D}\x{56FD}\x{53E4}"
      RenderBlock {DIV} at (0,15082) size 784x20
        RenderText {#text} at (0,0) size 375x19
          text run at (0,0) width 375: "Font: AppleSDGothicNeo-Heavy Weight: 100 Style: italic"
      RenderBlock {DIV} at (0,15102) size 784x20
        RenderText {#text} at (0,0) size 144x19
          text run at (0,0) width 144: "\x{679C}\x{57CE}\x{7684}\x{7F8E}\x{8B7D}\x{3002}\x{4E2D}\x{56FD}\x{53E4}"
      RenderBlock {DIV} at (0,15122) size 784x20
        RenderText {#text} at (0,0) size 375x19
          text run at (0,0) width 375: "Font: AppleSDGothicNeo-Heavy Weight: 200 Style: italic"
      RenderBlock {DIV} at (0,15142) size 784x20
        RenderText {#text} at (0,0) size 144x19
          text run at (0,0) width 144: "\x{679C}\x{57CE}\x{7684}\x{7F8E}\x{8B7D}\x{3002}\x{4E2D}\x{56FD}\x{53E4}"
      RenderBlock {DIV} at (0,15162) size 784x20
        RenderText {#text} at (0,0) size 375x19
          text run at (0,0) width 375: "Font: AppleSDGothicNeo-Heavy Weight: 300 Style: italic"
      RenderBlock {DIV} at (0,15182) size 784x20
        RenderText {#text} at (0,0) size 144x19
          text run at (0,0) width 144: "\x{679C}\x{57CE}\x{7684}\x{7F8E}\x{8B7D}\x{3002}\x{4E2D}\x{56FD}\x{53E4}"
      RenderBlock {DIV} at (0,15202) size 784x20
        RenderText {#text} at (0,0) size 375x19
          text run at (0,0) width 375: "Font: AppleSDGothicNeo-Heavy Weight: 400 Style: italic"
      RenderBlock {DIV} at (0,15222) size 784x20
        RenderText {#text} at (0,0) size 144x19
          text run at (0,0) width 144: "\x{679C}\x{57CE}\x{7684}\x{7F8E}\x{8B7D}\x{3002}\x{4E2D}\x{56FD}\x{53E4}"
      RenderBlock {DIV} at (0,15242) size 784x20
        RenderText {#text} at (0,0) size 375x19
          text run at (0,0) width 375: "Font: AppleSDGothicNeo-Heavy Weight: 500 Style: italic"
      RenderBlock {DIV} at (0,15262) size 784x20
        RenderText {#text} at (0,0) size 144x19
          text run at (0,0) width 144: "\x{679C}\x{57CE}\x{7684}\x{7F8E}\x{8B7D}\x{3002}\x{4E2D}\x{56FD}\x{53E4}"
      RenderBlock {DIV} at (0,15282) size 784x20
        RenderText {#text} at (0,0) size 375x19
          text run at (0,0) width 375: "Font: AppleSDGothicNeo-Heavy Weight: 600 Style: italic"
      RenderBlock {DIV} at (0,15302) size 784x20
        RenderText {#text} at (0,0) size 144x19
          text run at (0,0) width 144: "\x{679C}\x{57CE}\x{7684}\x{7F8E}\x{8B7D}\x{3002}\x{4E2D}\x{56FD}\x{53E4}"
      RenderBlock {DIV} at (0,15322) size 784x20
        RenderText {#text} at (0,0) size 375x19
          text run at (0,0) width 375: "Font: AppleSDGothicNeo-Heavy Weight: 700 Style: italic"
      RenderBlock {DIV} at (0,15342) size 784x20
        RenderText {#text} at (0,0) size 144x19
          text run at (0,0) width 144: "\x{679C}\x{57CE}\x{7684}\x{7F8E}\x{8B7D}\x{3002}\x{4E2D}\x{56FD}\x{53E4}"
      RenderBlock {DIV} at (0,15362) size 784x20
        RenderText {#text} at (0,0) size 375x19
          text run at (0,0) width 375: "Font: AppleSDGothicNeo-Heavy Weight: 800 Style: italic"
      RenderBlock {DIV} at (0,15382) size 784x20
        RenderText {#text} at (0,0) size 144x19
          text run at (0,0) width 144: "\x{679C}\x{57CE}\x{7684}\x{7F8E}\x{8B7D}\x{3002}\x{4E2D}\x{56FD}\x{53E4}"
      RenderBlock {DIV} at (0,15402) size 784x20
        RenderText {#text} at (0,0) size 375x19
          text run at (0,0) width 375: "Font: AppleSDGothicNeo-Heavy Weight: 900 Style: italic"
      RenderBlock {DIV} at (0,15422) size 784x20
        RenderText {#text} at (0,0) size 144x19
          text run at (0,0) width 144: "\x{679C}\x{57CE}\x{7684}\x{7F8E}\x{8B7D}\x{3002}\x{4E2D}\x{56FD}\x{53E4}"
