layer at (0,0) size 785x6434
  RenderView at (0,0) size 785x600
layer at (0,0) size 785x6434
  RenderBlock {HTML} at (0,0) size 785x6434
    RenderBody {BODY} at (8,8) size 769x6410
      RenderBlock {P} at (0,0) size 769x18
        RenderText {#text} at (0,0) size 306x18
          text run at (0,0) width 306: "Tests the resolved level of runs of neutral types."
      RenderBlock {DIV} at (0,34) size 769x3180
        RenderBlock {P} at (0,0) size 769x18
          RenderText {#text} at (0,0) size 44x18
            text run at (0,0) width 44: "ab(^cd"
        RenderBlock {P} at (0,34) size 769x19
          RenderText {#text} at (0,1) size 48x18
            text run at (0,1) width 20 RTL: "\x{5D0}\x{5D1}"
            text run at (19,1) width 29: "(^cd"
        RenderBlock {P} at (0,69) size 769x21
          RenderText {#text} at (0,0) size 41x18
            text run at (0,0) width 13 RTL: "\x{627}\x{628}"
            text run at (12,0) width 29: "(^cd"
        RenderBlock {P} at (0,106) size 769x18
          RenderText {#text} at (0,0) size 60x18
            text run at (0,0) width 60: "ab12(^cd"
        RenderBlock {P} at (0,140) size 769x19
          RenderText {#text} at (0,1) size 64x18
            text run at (0,1) width 16: "12"
            text run at (16,1) width 20 RTL: "\x{5D0}\x{5D1}"
            text run at (35,1) width 29: "(^cd"
        RenderBlock {P} at (0,175) size 769x21
          RenderText {#text} at (0,0) size 57x18
            text run at (0,0) width 16: "12"
            text run at (16,0) width 13 RTL: "\x{627}\x{628}"
            text run at (28,0) width 29: "(^cd"
        RenderBlock {P} at (0,212) size 769x21
          RenderText {#text} at (0,0) size 57x18
            text run at (0,0) width 16: "ab"
            text run at (15,0) width 15: "\x{661}\x{662}"
            text run at (29,0) width 28: "(^cd"
        RenderBlock {P} at (0,249) size 769x22
          RenderText {#text} at (0,1) size 62x18
            text run at (0,1) width 14: "\x{661}\x{662}"
            text run at (13,1) width 21 RTL: "\x{5D0}\x{5D1}"
            text run at (33,1) width 29: "(^cd"
        RenderBlock {P} at (0,287) size 769x21
          RenderText {#text} at (0,0) size 55x18
            text run at (0,0) width 14: "\x{661}\x{662}"
            text run at (13,0) width 14 RTL: "\x{627}\x{628}"
            text run at (26,0) width 29: "(^cd"
        RenderBlock {P} at (0,324) size 769x18
          RenderText {#text} at (0,0) size 36x18
            text run at (0,0) width 8: "\x{202A}?"
            text run at (7,0) width 29: "\x{202C}(^cd"
        RenderBlock {P} at (0,358) size 769x18
          RenderText {#text} at (0,0) size 36x18
            text run at (0,0) width 8 RTL: "\x{202B}?"
            text run at (7,0) width 29: "\x{202C}(^cd"
        RenderBlock {P} at (0,392) size 769x19
          RenderText {#text} at (0,1) size 43x18
            text run at (0,1) width 28: "ab(^"
            text run at (27,1) width 16 RTL: "\x{5D2}\x{5D3}"
        RenderBlock {P} at (0,427) size 769x19
          RenderText {#text} at (0,1) size 48x18
            text run at (0,1) width 48 RTL: "\x{5D0}\x{5D1}(^\x{5D2}\x{5D3}"
        RenderBlock {P} at (0,462) size 769x22
          RenderText {#text} at (0,1) size 41x18
            text run at (0,1) width 41 RTL: "\x{627}\x{628}(^\x{5D2}\x{5D3}"
        RenderBlock {P} at (0,500) size 769x19
          RenderText {#text} at (0,1) size 59x18
            text run at (0,1) width 44: "ab12(^"
            text run at (43,1) width 16 RTL: "\x{5D2}\x{5D3}"
        RenderBlock {P} at (0,535) size 769x19
          RenderText {#text} at (0,1) size 64x18
            text run at (0,1) width 28 RTL: "(^\x{5D2}\x{5D3}"
            text run at (27,1) width 17: "12"
            text run at (43,1) width 21 RTL: "\x{5D0}\x{5D1}"
        RenderBlock {P} at (0,570) size 769x22
          RenderText {#text} at (0,1) size 57x18
            text run at (0,1) width 28 RTL: "(^\x{5D2}\x{5D3}"
            text run at (27,1) width 17: "12"
            text run at (43,1) width 14 RTL: "\x{627}\x{628}"
        RenderBlock {P} at (0,608) size 769x22
          RenderText {#text} at (0,1) size 57x18
            text run at (0,1) width 16: "ab"
            text run at (15,1) width 28 RTL: "(^\x{5D2}\x{5D3}"
            text run at (42,1) width 15: "\x{661}\x{662}"
        RenderBlock {P} at (0,646) size 769x22
          RenderText {#text} at (0,1) size 61x18
            text run at (0,1) width 28 RTL: "(^\x{5D2}\x{5D3}"
            text run at (27,1) width 15: "\x{661}\x{662}"
            text run at (41,1) width 20 RTL: "\x{5D0}\x{5D1}"
        RenderBlock {P} at (0,684) size 769x22
          RenderText {#text} at (0,1) size 55x18
            text run at (0,1) width 28 RTL: "(^\x{5D2}\x{5D3}"
            text run at (27,1) width 15: "\x{661}\x{662}"
            text run at (41,1) width 14 RTL: "\x{627}\x{628}"
        RenderBlock {P} at (0,722) size 769x19
          RenderText {#text} at (0,1) size 35x18
            text run at (0,1) width 8: "\x{202A}?"
            text run at (7,1) width 13: "\x{202C}(^"
            text run at (19,1) width 16 RTL: "\x{5D2}\x{5D3}"
        RenderBlock {P} at (0,757) size 769x19
          RenderText {#text} at (0,1) size 35x18
            text run at (0,1) width 28 RTL: "\x{202C}(^\x{5D2}\x{5D3}"
            text run at (27,1) width 8 RTL: "\x{202B}?"
        RenderBlock {P} at (0,792) size 769x21
          RenderText {#text} at (0,0) size 43x18
            text run at (0,0) width 28: "ab(^"
            text run at (27,0) width 16 RTL: "\x{62C}\x{62F}"
        RenderBlock {P} at (0,829) size 769x22
          RenderText {#text} at (0,1) size 47x18
            text run at (0,1) width 47 RTL: "\x{5D0}\x{5D1}(^\x{62C}\x{62F}"
        RenderBlock {P} at (0,867) size 769x21
          RenderText {#text} at (0,0) size 41x18
            text run at (0,0) width 41 RTL: "\x{627}\x{628}(^\x{62C}\x{62F}"
        RenderBlock {P} at (0,904) size 769x21
          RenderText {#text} at (0,0) size 59x18
            text run at (0,0) width 44: "ab12(^"
            text run at (43,0) width 16 RTL: "\x{62C}\x{62F}"
        RenderBlock {P} at (0,941) size 769x22
          RenderText {#text} at (0,1) size 63x18
            text run at (0,1) width 28 RTL: "(^\x{62C}\x{62F}"
            text run at (27,1) width 17: "12"
            text run at (43,1) width 20 RTL: "\x{5D0}\x{5D1}"
        RenderBlock {P} at (0,979) size 769x21
          RenderText {#text} at (0,0) size 57x18
            text run at (0,0) width 28 RTL: "(^\x{62C}\x{62F}"
            text run at (27,0) width 17: "12"
            text run at (43,0) width 14 RTL: "\x{627}\x{628}"
        RenderBlock {P} at (0,1016) size 769x21
          RenderText {#text} at (0,0) size 57x18
            text run at (0,0) width 16: "ab"
            text run at (15,0) width 28 RTL: "(^\x{62C}\x{62F}"
            text run at (42,0) width 15: "\x{661}\x{662}"
        RenderBlock {P} at (0,1053) size 769x22
          RenderText {#text} at (0,1) size 61x18
            text run at (0,1) width 28 RTL: "(^\x{62C}\x{62F}"
            text run at (27,1) width 15: "\x{661}\x{662}"
            text run at (41,1) width 20 RTL: "\x{5D0}\x{5D1}"
        RenderBlock {P} at (0,1091) size 769x21
          RenderText {#text} at (0,0) size 54x18
            text run at (0,0) width 28 RTL: "(^\x{62C}\x{62F}"
            text run at (27,0) width 15: "\x{661}\x{662}"
            text run at (41,0) width 13 RTL: "\x{627}\x{628}"
        RenderBlock {P} at (0,1128) size 769x21
          RenderText {#text} at (0,0) size 35x18
            text run at (0,0) width 8: "\x{202A}?"
            text run at (7,0) width 13: "\x{202C}(^"
            text run at (19,0) width 16 RTL: "\x{62C}\x{62F}"
        RenderBlock {P} at (0,1165) size 769x21
          RenderText {#text} at (0,0) size 35x18
            text run at (0,0) width 28 RTL: "\x{202C}(^\x{62C}\x{62F}"
            text run at (27,0) width 8 RTL: "\x{202B}?"
        RenderBlock {P} at (0,1202) size 769x19
          RenderText {#text} at (0,1) size 63x18
            text run at (0,1) width 44: "ab(^34"
            text run at (43,1) width 13 RTL: "\x{5E9}"
            text run at (55,1) width 8: "z"
        RenderBlock {P} at (0,1237) size 769x19
          RenderText {#text} at (0,1) size 67x18
            text run at (0,1) width 12 RTL: "\x{5E9}"
            text run at (11,1) width 17: "34"
            text run at (27,1) width 33 RTL: "\x{5D0}\x{5D1}(^"
            text run at (59,1) width 8: "z"
        RenderBlock {P} at (0,1272) size 769x22
          RenderText {#text} at (0,1) size 61x18
            text run at (0,1) width 12 RTL: "\x{5E9}"
            text run at (11,1) width 17: "34"
            text run at (27,1) width 26 RTL: "\x{627}\x{628}(^"
            text run at (53,1) width 8: "z"
        RenderBlock {P} at (0,1310) size 769x19
          RenderText {#text} at (0,1) size 79x18
            text run at (0,1) width 60: "ab12(^34"
            text run at (59,1) width 13 RTL: "\x{5E9}"
            text run at (71,1) width 8: "z"
        RenderBlock {P} at (0,1345) size 769x19
          RenderText {#text} at (0,1) size 83x18
            text run at (0,1) width 12 RTL: "\x{5E9}"
            text run at (11,1) width 17: "34"
            text run at (27,1) width 14 RTL: "(^"
            text run at (40,1) width 17: "12"
            text run at (56,1) width 20 RTL: "\x{5D0}\x{5D1}"
            text run at (75,1) width 8: "z"
        RenderBlock {P} at (0,1380) size 769x22
          RenderText {#text} at (0,1) size 77x18
            text run at (0,1) width 12 RTL: "\x{5E9}"
            text run at (11,1) width 17: "34"
            text run at (27,1) width 14 RTL: "(^"
            text run at (40,1) width 17: "12"
            text run at (56,1) width 13 RTL: "\x{627}\x{628}"
            text run at (69,1) width 8: "z"
        RenderBlock {P} at (0,1418) size 769x22
          RenderText {#text} at (0,1) size 77x18
            text run at (0,1) width 16: "ab"
            text run at (15,1) width 15: "\x{661}\x{662}"
            text run at (29,1) width 29: "(^34"
            text run at (57,1) width 13 RTL: "\x{5E9}"
            text run at (69,1) width 8: "z"
        RenderBlock {P} at (0,1456) size 769x22
          RenderText {#text} at (0,1) size 81x18
            text run at (0,1) width 12 RTL: "\x{5E9}"
            text run at (11,1) width 17: "34"
            text run at (27,1) width 14 RTL: "(^"
            text run at (40,1) width 15: "\x{661}\x{662}"
            text run at (54,1) width 20 RTL: "\x{5D0}\x{5D1}"
            text run at (73,1) width 8: "z"
        RenderBlock {P} at (0,1494) size 769x22
          RenderText {#text} at (0,1) size 75x18
            text run at (0,1) width 12 RTL: "\x{5E9}"
            text run at (11,1) width 17: "34"
            text run at (27,1) width 14 RTL: "(^"
            text run at (40,1) width 15: "\x{661}\x{662}"
            text run at (54,1) width 13 RTL: "\x{627}\x{628}"
            text run at (66,1) width 9: "z"
        RenderBlock {P} at (0,1532) size 769x19
          RenderText {#text} at (0,1) size 55x18
            text run at (0,1) width 8: "\x{202A}?"
            text run at (7,1) width 29: "\x{202C}(^34"
            text run at (35,1) width 13 RTL: "\x{5E9}"
            text run at (47,1) width 8: "z"
        RenderBlock {P} at (0,1567) size 769x19
          RenderText {#text} at (0,1) size 55x18
            text run at (0,1) width 12 RTL: "\x{5E9}"
            text run at (11,1) width 17: "34"
            text run at (27,1) width 14 RTL: "\x{202C}(^"
            text run at (40,1) width 8 RTL: "\x{202B}?"
            text run at (47,1) width 8: "z"
        RenderBlock {P} at (0,1602) size 769x22
          RenderText {#text} at (0,1) size 61x18
            text run at (0,1) width 28: "ab(^"
            text run at (27,1) width 13 RTL: "\x{5E9}"
            text run at (39,1) width 15: "\x{663}\x{664}"
            text run at (53,1) width 8: "z"
        RenderBlock {P} at (0,1640) size 769x22
          RenderText {#text} at (0,1) size 65x18
            text run at (0,1) width 12 RTL: "\x{5E9}"
            text run at (11,1) width 15: "\x{663}\x{664}"
            text run at (25,1) width 33 RTL: "\x{5D0}\x{5D1}(^"
            text run at (57,1) width 8: "z"
        RenderBlock {P} at (0,1678) size 769x22
          RenderText {#text} at (0,1) size 59x18
            text run at (0,1) width 12 RTL: "\x{5E9}"
            text run at (11,1) width 15: "\x{663}\x{664}"
            text run at (25,1) width 26 RTL: "\x{627}\x{628}(^"
            text run at (50,1) width 9: "z"
        RenderBlock {P} at (0,1716) size 769x22
          RenderText {#text} at (0,1) size 77x18
            text run at (0,1) width 44: "ab12(^"
            text run at (43,1) width 13 RTL: "\x{5E9}"
            text run at (55,1) width 15: "\x{663}\x{664}"
            text run at (69,1) width 8: "z"
        RenderBlock {P} at (0,1754) size 769x22
          RenderText {#text} at (0,1) size 81x18
            text run at (0,1) width 12 RTL: "\x{5E9}"
            text run at (11,1) width 15: "\x{663}\x{664}"
            text run at (25,1) width 14 RTL: "(^"
            text run at (38,1) width 17: "12"
            text run at (54,1) width 20 RTL: "\x{5D0}\x{5D1}"
            text run at (73,1) width 8: "z"
        RenderBlock {P} at (0,1792) size 769x22
          RenderText {#text} at (0,1) size 75x18
            text run at (0,1) width 12 RTL: "\x{5E9}"
            text run at (11,1) width 15: "\x{663}\x{664}"
            text run at (25,1) width 14 RTL: "(^"
            text run at (38,1) width 17: "12"
            text run at (54,1) width 13 RTL: "\x{627}\x{628}"
            text run at (66,1) width 9: "z"
        RenderBlock {P} at (0,1830) size 769x22
          RenderText {#text} at (0,1) size 75x18
            text run at (0,1) width 16: "ab"
            text run at (15,1) width 12 RTL: "\x{5E9}"
            text run at (26,1) width 15: "\x{663}\x{664}"
            text run at (40,1) width 14 RTL: "(^"
            text run at (53,1) width 15: "\x{661}\x{662}"
            text run at (67,1) width 8: "z"
        RenderBlock {P} at (0,1868) size 769x22
          RenderText {#text} at (0,1) size 79x18
            text run at (0,1) width 12 RTL: "\x{5E9}"
            text run at (11,1) width 15: "\x{663}\x{664}"
            text run at (25,1) width 14 RTL: "(^"
            text run at (38,1) width 15: "\x{661}\x{662}"
            text run at (52,1) width 20 RTL: "\x{5D0}\x{5D1}"
            text run at (71,1) width 8: "z"
        RenderBlock {P} at (0,1906) size 769x22
          RenderText {#text} at (0,1) size 72x18
            text run at (0,1) width 12 RTL: "\x{5E9}"
            text run at (11,1) width 15: "\x{663}\x{664}"
            text run at (25,1) width 14 RTL: "(^"
            text run at (38,1) width 15: "\x{661}\x{662}"
            text run at (52,1) width 13 RTL: "\x{627}\x{628}"
            text run at (64,1) width 8: "z"
        RenderBlock {P} at (0,1944) size 769x22
          RenderText {#text} at (0,1) size 53x18
            text run at (0,1) width 8: "\x{202A}?"
            text run at (7,1) width 13: "\x{202C}(^"
            text run at (19,1) width 13 RTL: "\x{5E9}"
            text run at (31,1) width 15: "\x{663}\x{664}"
            text run at (45,1) width 8: "z"
        RenderBlock {P} at (0,1982) size 769x22
          RenderText {#text} at (0,1) size 53x18
            text run at (0,1) width 12 RTL: "\x{5E9}"
            text run at (11,1) width 15: "\x{663}\x{664}"
            text run at (25,1) width 14 RTL: "\x{202C}(^"
            text run at (38,1) width 8 RTL: "\x{202B}?"
            text run at (45,1) width 8: "z"
        RenderBlock {P} at (0,2020) size 769x18
          RenderText {#text} at (0,0) size 34x18
            text run at (0,0) width 28: "ab(^"
            text run at (27,0) width 7: "\x{202A}!"
            text run at (33,0) width 1: "\x{202C}"
        RenderBlock {P} at (0,2054) size 769x19
          RenderText {#text} at (0,1) size 38x18
            text run at (0,1) width 20 RTL: "\x{5D0}\x{5D1}"
            text run at (19,1) width 14: "(^"
            text run at (32,1) width 6: "\x{202A}!"
            text run at (37,1) width 1: "\x{202C}"
        RenderBlock {P} at (0,2089) size 769x21
          RenderText {#text} at (0,0) size 31x18
            text run at (0,0) width 13 RTL: "\x{627}\x{628}"
            text run at (12,0) width 14: "(^"
            text run at (25,0) width 6: "\x{202A}!"
            text run at (30,0) width 1: "\x{202C}"
        RenderBlock {P} at (0,2126) size 769x18
          RenderText {#text} at (0,0) size 50x18
            text run at (0,0) width 44: "ab12(^"
            text run at (43,0) width 7: "\x{202A}!"
            text run at (49,0) width 1: "\x{202C}"
        RenderBlock {P} at (0,2160) size 769x19
          RenderText {#text} at (0,1) size 54x18
            text run at (0,1) width 16: "12"
            text run at (16,1) width 20 RTL: "\x{5D0}\x{5D1}"
            text run at (35,1) width 14: "(^"
            text run at (48,1) width 6: "\x{202A}!"
            text run at (53,1) width 1: "\x{202C}"
        RenderBlock {P} at (0,2195) size 769x21
          RenderText {#text} at (0,0) size 47x18
            text run at (0,0) width 16: "12"
            text run at (16,0) width 13 RTL: "\x{627}\x{628}"
            text run at (28,0) width 14: "(^"
            text run at (41,0) width 6: "\x{202A}!"
            text run at (46,0) width 1: "\x{202C}"
        RenderBlock {P} at (0,2232) size 769x21
          RenderText {#text} at (0,0) size 48x18
            text run at (0,0) width 16: "ab"
            text run at (15,0) width 15: "\x{661}\x{662}"
            text run at (29,0) width 13: "(^"
            text run at (41,0) width 7: "\x{202A}!"
            text run at (47,0) width 1: "\x{202C}"
        RenderBlock {P} at (0,2269) size 769x22
          RenderText {#text} at (0,1) size 52x18
            text run at (0,1) width 14: "\x{661}\x{662}"
            text run at (13,1) width 21 RTL: "\x{5D0}\x{5D1}"
            text run at (33,1) width 14: "(^"
            text run at (46,1) width 6: "\x{202A}!"
            text run at (51,1) width 1: "\x{202C}"
        RenderBlock {P} at (0,2307) size 769x21
          RenderText {#text} at (0,0) size 45x18
            text run at (0,0) width 14: "\x{661}\x{662}"
            text run at (13,0) width 14 RTL: "\x{627}\x{628}"
            text run at (26,0) width 14: "(^"
            text run at (39,0) width 6: "\x{202A}!"
            text run at (44,0) width 1: "\x{202C}"
        RenderBlock {P} at (0,2344) size 769x18
          RenderText {#text} at (0,0) size 26x18
            text run at (0,0) width 8: "\x{202A}?"
            text run at (7,0) width 13: "\x{202C}(^"
            text run at (19,0) width 7: "\x{202A}!"
            text run at (25,0) width 1: "\x{202C}"
        RenderBlock {P} at (0,2378) size 769x18
          RenderText {#text} at (0,0) size 26x18
            text run at (0,0) width 8 RTL: "\x{202B}?"
            text run at (7,0) width 13: "\x{202C}(^"
            text run at (19,0) width 7: "\x{202A}!"
            text run at (25,0) width 1: "\x{202C}"
        RenderBlock {P} at (0,2412) size 769x18
          RenderText {#text} at (0,0) size 34x18
            text run at (0,0) width 28: "ab(^"
            text run at (27,0) width 7 RTL: "\x{202B}!"
            text run at (33,0) width 1: "\x{202C}"
        RenderBlock {P} at (0,2446) size 769x19
          RenderText {#text} at (0,1) size 38x18
            text run at (0,1) width 6 RTL: "\x{202B}!"
            text run at (5,1) width 33 RTL: "\x{5D0}\x{5D1}(^"
            text run at (37,1) width 1: "\x{202C}"
        RenderBlock {P} at (0,2481) size 769x21
          RenderText {#text} at (0,0) size 31x18
            text run at (0,0) width 6 RTL: "\x{202B}!"
            text run at (5,0) width 26 RTL: "\x{627}\x{628}(^"
            text run at (30,0) width 1: "\x{202C}"
        RenderBlock {P} at (0,2518) size 769x18
          RenderText {#text} at (0,0) size 50x18
            text run at (0,0) width 44: "ab12(^"
            text run at (43,0) width 7 RTL: "\x{202B}!"
            text run at (49,0) width 1: "\x{202C}"
        RenderBlock {P} at (0,2552) size 769x19
          RenderText {#text} at (0,1) size 54x18
            text run at (0,1) width 6 RTL: "\x{202B}!"
            text run at (5,1) width 14 RTL: "(^"
            text run at (18,1) width 17: "12"
            text run at (34,1) width 20 RTL: "\x{5D0}\x{5D1}"
            text run at (53,1) width 1: "\x{202C}"
        RenderBlock {P} at (0,2587) size 769x21
          RenderText {#text} at (0,0) size 47x18
            text run at (0,0) width 6 RTL: "\x{202B}!"
            text run at (5,0) width 14 RTL: "(^"
            text run at (18,0) width 17: "12"
            text run at (34,0) width 13 RTL: "\x{627}\x{628}"
            text run at (46,0) width 1: "\x{202C}"
        RenderBlock {P} at (0,2624) size 769x21
          RenderText {#text} at (0,0) size 48x18
            text run at (0,0) width 16: "ab"
            text run at (15,0) width 6 RTL: "\x{202B}!"
            text run at (20,0) width 14 RTL: "(^"
            text run at (33,0) width 15: "\x{661}\x{662}"
            text run at (47,0) width 1: "\x{202C}"
        RenderBlock {P} at (0,2661) size 769x22
          RenderText {#text} at (0,1) size 52x18
            text run at (0,1) width 6 RTL: "\x{202B}!"
            text run at (5,1) width 14 RTL: "(^"
            text run at (18,1) width 15: "\x{661}\x{662}"
            text run at (32,1) width 20 RTL: "\x{5D0}\x{5D1}"
            text run at (51,1) width 1: "\x{202C}"
        RenderBlock {P} at (0,2699) size 769x21
          RenderText {#text} at (0,0) size 45x18
            text run at (0,0) width 6 RTL: "\x{202B}!"
            text run at (5,0) width 14 RTL: "(^"
            text run at (18,0) width 15: "\x{661}\x{662}"
            text run at (32,0) width 13 RTL: "\x{627}\x{628}"
            text run at (44,0) width 1: "\x{202C}"
        RenderBlock {P} at (0,2736) size 769x18
          RenderText {#text} at (0,0) size 26x18
            text run at (0,0) width 8: "\x{202A}?"
            text run at (7,0) width 13: "\x{202C}(^"
            text run at (19,0) width 7 RTL: "\x{202B}!"
            text run at (25,0) width 1: "\x{202C}"
        RenderBlock {P} at (0,2770) size 769x18
          RenderText {#text} at (0,0) size 26x18
            text run at (0,0) width 6 RTL: "\x{202B}!"
            text run at (5,0) width 14 RTL: "\x{202C}(^"
            text run at (18,0) width 8 RTL: "\x{202B}?"
            text run at (25,0) width 1: "\x{202C}"
        RenderBlock {P} at (0,2804) size 769x18
          RenderText {#text} at (0,0) size 28x18
            text run at (0,0) width 28: "\x{202A}ab(^"
            text run at (27,0) width 1: "\x{202C}"
        RenderBlock {P} at (0,2838) size 769x19
          RenderText {#text} at (0,1) size 33x18
            text run at (0,1) width 20 RTL: "\x{202A}\x{5D0}\x{5D1}"
            text run at (19,1) width 14: "(^"
            text run at (32,1) width 1: "\x{202C}"
        RenderBlock {P} at (0,2873) size 769x21
          RenderText {#text} at (0,0) size 26x18
            text run at (0,0) width 13 RTL: "\x{202A}\x{627}\x{628}"
            text run at (12,0) width 14: "(^"
            text run at (25,0) width 1: "\x{202C}"
        RenderBlock {P} at (0,2910) size 769x18
          RenderText {#text} at (0,0) size 44x18
            text run at (0,0) width 44: "\x{202A}ab12(^"
            text run at (43,0) width 1: "\x{202C}"
        RenderBlock {P} at (0,2944) size 769x19
          RenderText {#text} at (0,1) size 49x18
            text run at (0,1) width 16: "12"
            text run at (16,1) width 20 RTL: "\x{202A}\x{5D0}\x{5D1}"
            text run at (35,1) width 14: "(^"
            text run at (48,1) width 1: "\x{202C}"
        RenderBlock {P} at (0,2979) size 769x21
          RenderText {#text} at (0,0) size 42x18
            text run at (0,0) width 16: "12"
            text run at (16,0) width 13 RTL: "\x{202A}\x{627}\x{628}"
            text run at (28,0) width 14: "(^"
            text run at (41,0) width 1: "\x{202C}"
        RenderBlock {P} at (0,3016) size 769x21
          RenderText {#text} at (0,0) size 42x18
            text run at (0,0) width 16: "\x{202A}ab"
            text run at (15,0) width 15: "\x{661}\x{662}"
            text run at (29,0) width 13: "(^"
            text run at (41,0) width 1: "\x{202C}"
        RenderBlock {P} at (0,3053) size 769x22
          RenderText {#text} at (0,1) size 47x18
            text run at (0,1) width 14: "\x{661}\x{662}"
            text run at (13,1) width 21 RTL: "\x{202A}\x{5D0}\x{5D1}"
            text run at (33,1) width 14: "(^"
            text run at (46,1) width 1: "\x{202C}"
        RenderBlock {P} at (0,3091) size 769x21
          RenderText {#text} at (0,0) size 40x18
            text run at (0,0) width 14: "\x{661}\x{662}"
            text run at (13,0) width 14 RTL: "\x{202A}\x{627}\x{628}"
            text run at (26,0) width 14: "(^"
            text run at (39,0) width 1: "\x{202C}"
        RenderBlock {P} at (0,3128) size 769x18
          RenderText {#text} at (0,0) size 20x18
            text run at (0,0) width 0: "\x{202A}"
            text run at (0,0) width 8: "\x{202A}?"
            text run at (7,0) width 13: "\x{202C}(^"
            text run at (19,0) width 1: "\x{202C}"
        RenderBlock {P} at (0,3162) size 769x18
          RenderText {#text} at (0,0) size 20x18
            text run at (0,0) width 0: "\x{202A}"
            text run at (0,0) width 8 RTL: "\x{202B}?"
            text run at (7,0) width 13: "\x{202C}(^"
            text run at (19,0) width 1: "\x{202C}"
      RenderBlock {DIV} at (0,3230) size 769x3180
        RenderBlock {P} at (0,0) size 769x18
          RenderText {#text} at (0,0) size 44x18
            text run at (0,0) width 44: "ab(^cd"
        RenderBlock {P} at (0,34) size 769x19
          RenderText {#text} at (0,1) size 48x18
            text run at (0,1) width 16: "cd"
            text run at (15,1) width 33 RTL: "\x{5D0}\x{5D1}(^"
        RenderBlock {P} at (0,69) size 769x21
          RenderText {#text} at (0,0) size 41x18
            text run at (0,0) width 16: "cd"
            text run at (15,0) width 26 RTL: "\x{627}\x{628}(^"
        RenderBlock {P} at (0,106) size 769x18
          RenderText {#text} at (0,0) size 60x18
            text run at (0,0) width 60: "ab12(^cd"
        RenderBlock {P} at (0,140) size 769x19
          RenderText {#text} at (0,1) size 64x18
            text run at (0,1) width 16: "cd"
            text run at (15,1) width 13 RTL: "(^"
            text run at (27,1) width 17: "12"
            text run at (43,1) width 21 RTL: "\x{5D0}\x{5D1}"
        RenderBlock {P} at (0,175) size 769x21
          RenderText {#text} at (0,0) size 57x18
            text run at (0,0) width 16: "cd"
            text run at (15,0) width 13 RTL: "(^"
            text run at (27,0) width 17: "12"
            text run at (43,0) width 14 RTL: "\x{627}\x{628}"
        RenderBlock {P} at (0,212) size 769x21
          RenderText {#text} at (0,0) size 57x18
            text run at (0,0) width 16: "cd"
            text run at (15,0) width 13 RTL: "(^"
            text run at (27,0) width 30: "ab\x{661}\x{662}"
        RenderBlock {P} at (0,249) size 769x22
          RenderText {#text} at (0,1) size 62x18
            text run at (0,1) width 16: "cd"
            text run at (15,1) width 13 RTL: "(^"
            text run at (27,1) width 15: "\x{661}\x{662}"
            text run at (41,1) width 21 RTL: "\x{5D0}\x{5D1}"
        RenderBlock {P} at (0,287) size 769x21
          RenderText {#text} at (0,0) size 55x18
            text run at (0,0) width 16: "cd"
            text run at (15,0) width 13 RTL: "(^"
            text run at (27,0) width 15: "\x{661}\x{662}"
            text run at (41,0) width 14 RTL: "\x{627}\x{628}"
        RenderBlock {P} at (0,324) size 769x18
          RenderText {#text} at (0,0) size 36x18
            text run at (0,0) width 8: "\x{202A}?"
            text run at (7,0) width 29: "\x{202C}(^cd"
        RenderBlock {P} at (0,358) size 769x18
          RenderText {#text} at (0,0) size 36x18
            text run at (0,0) width 16: "cd"
            text run at (15,0) width 13 RTL: "\x{202C}(^"
            text run at (27,0) width 9 RTL: "\x{202B}?"
        RenderBlock {P} at (0,392) size 769x19
          RenderText {#text} at (0,1) size 43x18
            text run at (0,1) width 28 RTL: "(^\x{5D2}\x{5D3}"
            text run at (27,1) width 16: "ab"
        RenderBlock {P} at (0,427) size 769x19
          RenderText {#text} at (0,1) size 48x18
            text run at (0,1) width 48 RTL: "\x{5D0}\x{5D1}(^\x{5D2}\x{5D3}"
        RenderBlock {P} at (0,462) size 769x22
          RenderText {#text} at (0,1) size 41x18
            text run at (0,1) width 41 RTL: "\x{627}\x{628}(^\x{5D2}\x{5D3}"
        RenderBlock {P} at (0,500) size 769x19
          RenderText {#text} at (0,1) size 59x18
            text run at (0,1) width 28 RTL: "(^\x{5D2}\x{5D3}"
            text run at (27,1) width 32: "ab12"
        RenderBlock {P} at (0,535) size 769x19
          RenderText {#text} at (0,1) size 64x18
            text run at (0,1) width 28 RTL: "(^\x{5D2}\x{5D3}"
            text run at (27,1) width 17: "12"
            text run at (43,1) width 21 RTL: "\x{5D0}\x{5D1}"
        RenderBlock {P} at (0,570) size 769x22
          RenderText {#text} at (0,1) size 57x18
            text run at (0,1) width 28 RTL: "(^\x{5D2}\x{5D3}"
            text run at (27,1) width 17: "12"
            text run at (43,1) width 14 RTL: "\x{627}\x{628}"
        RenderBlock {P} at (0,608) size 769x22
          RenderText {#text} at (0,1) size 57x18
            text run at (0,1) width 28 RTL: "(^\x{5D2}\x{5D3}"
            text run at (27,1) width 30: "ab\x{661}\x{662}"
        RenderBlock {P} at (0,646) size 769x22
          RenderText {#text} at (0,1) size 61x18
            text run at (0,1) width 28 RTL: "(^\x{5D2}\x{5D3}"
            text run at (27,1) width 15: "\x{661}\x{662}"
            text run at (41,1) width 20 RTL: "\x{5D0}\x{5D1}"
        RenderBlock {P} at (0,684) size 769x22
          RenderText {#text} at (0,1) size 55x18
            text run at (0,1) width 28 RTL: "(^\x{5D2}\x{5D3}"
            text run at (27,1) width 15: "\x{661}\x{662}"
            text run at (41,1) width 14 RTL: "\x{627}\x{628}"
        RenderBlock {P} at (0,722) size 769x19
          RenderText {#text} at (0,1) size 35x18
            text run at (0,1) width 28 RTL: "\x{202C}(^\x{5D2}\x{5D3}"
            text run at (27,1) width 8: "\x{202A}?"
        RenderBlock {P} at (0,757) size 769x19
          RenderText {#text} at (0,1) size 35x18
            text run at (0,1) width 28 RTL: "\x{202C}(^\x{5D2}\x{5D3}"
            text run at (27,1) width 8 RTL: "\x{202B}?"
        RenderBlock {P} at (0,792) size 769x21
          RenderText {#text} at (0,0) size 43x18
            text run at (0,0) width 28 RTL: "(^\x{62C}\x{62F}"
            text run at (27,0) width 16: "ab"
        RenderBlock {P} at (0,829) size 769x22
          RenderText {#text} at (0,1) size 47x18
            text run at (0,1) width 47 RTL: "\x{5D0}\x{5D1}(^\x{62C}\x{62F}"
        RenderBlock {P} at (0,867) size 769x21
          RenderText {#text} at (0,0) size 41x18
            text run at (0,0) width 41 RTL: "\x{627}\x{628}(^\x{62C}\x{62F}"
        RenderBlock {P} at (0,904) size 769x21
          RenderText {#text} at (0,0) size 59x18
            text run at (0,0) width 28 RTL: "(^\x{62C}\x{62F}"
            text run at (27,0) width 32: "ab12"
        RenderBlock {P} at (0,941) size 769x22
          RenderText {#text} at (0,1) size 63x18
            text run at (0,1) width 28 RTL: "(^\x{62C}\x{62F}"
            text run at (27,1) width 17: "12"
            text run at (43,1) width 20 RTL: "\x{5D0}\x{5D1}"
        RenderBlock {P} at (0,979) size 769x21
          RenderText {#text} at (0,0) size 57x18
            text run at (0,0) width 28 RTL: "(^\x{62C}\x{62F}"
            text run at (27,0) width 17: "12"
            text run at (43,0) width 14 RTL: "\x{627}\x{628}"
        RenderBlock {P} at (0,1016) size 769x21
          RenderText {#text} at (0,0) size 57x18
            text run at (0,0) width 28 RTL: "(^\x{62C}\x{62F}"
            text run at (27,0) width 30: "ab\x{661}\x{662}"
        RenderBlock {P} at (0,1053) size 769x22
          RenderText {#text} at (0,1) size 61x18
            text run at (0,1) width 28 RTL: "(^\x{62C}\x{62F}"
            text run at (27,1) width 15: "\x{661}\x{662}"
            text run at (41,1) width 20 RTL: "\x{5D0}\x{5D1}"
        RenderBlock {P} at (0,1091) size 769x21
          RenderText {#text} at (0,0) size 54x18
            text run at (0,0) width 28 RTL: "(^\x{62C}\x{62F}"
            text run at (27,0) width 15: "\x{661}\x{662}"
            text run at (41,0) width 13 RTL: "\x{627}\x{628}"
        RenderBlock {P} at (0,1128) size 769x21
          RenderText {#text} at (0,0) size 35x18
            text run at (0,0) width 28 RTL: "\x{202C}(^\x{62C}\x{62F}"
            text run at (27,0) width 8: "\x{202A}?"
        RenderBlock {P} at (0,1165) size 769x21
          RenderText {#text} at (0,0) size 35x18
            text run at (0,0) width 28 RTL: "\x{202C}(^\x{62C}\x{62F}"
            text run at (27,0) width 8 RTL: "\x{202B}?"
        RenderBlock {P} at (0,1202) size 769x19
          RenderText {#text} at (0,1) size 63x18
            text run at (0,1) width 8: "z"
            text run at (7,1) width 12 RTL: "\x{5E9}"
            text run at (18,1) width 45: "ab(^34"
        RenderBlock {P} at (0,1237) size 769x19
          RenderText {#text} at (0,1) size 67x18
            text run at (0,1) width 8: "z"
            text run at (7,1) width 12 RTL: "\x{5E9}"
            text run at (18,1) width 17: "34"
            text run at (34,1) width 33 RTL: "\x{5D0}\x{5D1}(^"
        RenderBlock {P} at (0,1272) size 769x22
          RenderText {#text} at (0,1) size 61x18
            text run at (0,1) width 8: "z"
            text run at (7,1) width 12 RTL: "\x{5E9}"
            text run at (18,1) width 17: "34"
            text run at (34,1) width 27 RTL: "\x{627}\x{628}(^"
        RenderBlock {P} at (0,1310) size 769x19
          RenderText {#text} at (0,1) size 79x18
            text run at (0,1) width 8: "z"
            text run at (7,1) width 12 RTL: "\x{5E9}"
            text run at (18,1) width 61: "ab12(^34"
        RenderBlock {P} at (0,1345) size 769x19
          RenderText {#text} at (0,1) size 83x18
            text run at (0,1) width 8: "z"
            text run at (7,1) width 12 RTL: "\x{5E9}"
            text run at (18,1) width 17: "34"
            text run at (34,1) width 14 RTL: "(^"
            text run at (47,1) width 17: "12"
            text run at (63,1) width 20 RTL: "\x{5D0}\x{5D1}"
        RenderBlock {P} at (0,1380) size 769x22
          RenderText {#text} at (0,1) size 77x18
            text run at (0,1) width 8: "z"
            text run at (7,1) width 12 RTL: "\x{5E9}"
            text run at (18,1) width 17: "34"
            text run at (34,1) width 14 RTL: "(^"
            text run at (47,1) width 17: "12"
            text run at (63,1) width 14 RTL: "\x{627}\x{628}"
        RenderBlock {P} at (0,1418) size 769x22
          RenderText {#text} at (0,1) size 77x18
            text run at (0,1) width 8: "z"
            text run at (7,1) width 12 RTL: "\x{5E9}"
            text run at (18,1) width 17: "34"
            text run at (34,1) width 14 RTL: "(^"
            text run at (47,1) width 30: "ab\x{661}\x{662}"
        RenderBlock {P} at (0,1456) size 769x22
          RenderText {#text} at (0,1) size 81x18
            text run at (0,1) width 8: "z"
            text run at (7,1) width 12 RTL: "\x{5E9}"
            text run at (18,1) width 17: "34"
            text run at (34,1) width 14 RTL: "(^"
            text run at (47,1) width 15: "\x{661}\x{662}"
            text run at (61,1) width 20 RTL: "\x{5D0}\x{5D1}"
        RenderBlock {P} at (0,1494) size 769x22
          RenderText {#text} at (0,1) size 75x18
            text run at (0,1) width 8: "z"
            text run at (7,1) width 12 RTL: "\x{5E9}"
            text run at (18,1) width 17: "34"
            text run at (34,1) width 14 RTL: "(^"
            text run at (47,1) width 15: "\x{661}\x{662}"
            text run at (61,1) width 14 RTL: "\x{627}\x{628}"
        RenderBlock {P} at (0,1532) size 769x19
          RenderText {#text} at (0,1) size 55x18
            text run at (0,1) width 8: "z"
            text run at (7,1) width 12 RTL: "\x{5E9}"
            text run at (18,1) width 8: "\x{202A}?"
            text run at (25,1) width 30: "\x{202C}(^34"
        RenderBlock {P} at (0,1567) size 769x19
          RenderText {#text} at (0,1) size 55x18
            text run at (0,1) width 8: "z"
            text run at (7,1) width 12 RTL: "\x{5E9}"
            text run at (18,1) width 17: "34"
            text run at (34,1) width 14 RTL: "\x{202C}(^"
            text run at (47,1) width 8 RTL: "\x{202B}?"
        RenderBlock {P} at (0,1602) size 769x22
          RenderText {#text} at (0,1) size 61x18
            text run at (0,1) width 8: "z"
            text run at (7,1) width 12 RTL: "\x{5E9}"
            text run at (18,1) width 15: "\x{663}\x{664}"
            text run at (32,1) width 14 RTL: "(^"
            text run at (45,1) width 16: "ab"
        RenderBlock {P} at (0,1640) size 769x22
          RenderText {#text} at (0,1) size 65x18
            text run at (0,1) width 8: "z"
            text run at (7,1) width 12 RTL: "\x{5E9}"
            text run at (18,1) width 15: "\x{663}\x{664}"
            text run at (32,1) width 33 RTL: "\x{5D0}\x{5D1}(^"
        RenderBlock {P} at (0,1678) size 769x22
          RenderText {#text} at (0,1) size 59x18
            text run at (0,1) width 8: "z"
            text run at (7,1) width 12 RTL: "\x{5E9}"
            text run at (18,1) width 15: "\x{663}\x{664}"
            text run at (32,1) width 27 RTL: "\x{627}\x{628}(^"
        RenderBlock {P} at (0,1716) size 769x22
          RenderText {#text} at (0,1) size 77x18
            text run at (0,1) width 8: "z"
            text run at (7,1) width 12 RTL: "\x{5E9}"
            text run at (18,1) width 15: "\x{663}\x{664}"
            text run at (32,1) width 14 RTL: "(^"
            text run at (45,1) width 32: "ab12"
        RenderBlock {P} at (0,1754) size 769x22
          RenderText {#text} at (0,1) size 81x18
            text run at (0,1) width 8: "z"
            text run at (7,1) width 12 RTL: "\x{5E9}"
            text run at (18,1) width 15: "\x{663}\x{664}"
            text run at (32,1) width 14 RTL: "(^"
            text run at (45,1) width 17: "12"
            text run at (61,1) width 20 RTL: "\x{5D0}\x{5D1}"
        RenderBlock {P} at (0,1792) size 769x22
          RenderText {#text} at (0,1) size 75x18
            text run at (0,1) width 8: "z"
            text run at (7,1) width 12 RTL: "\x{5E9}"
            text run at (18,1) width 15: "\x{663}\x{664}"
            text run at (32,1) width 14 RTL: "(^"
            text run at (45,1) width 17: "12"
            text run at (61,1) width 14 RTL: "\x{627}\x{628}"
        RenderBlock {P} at (0,1830) size 769x22
          RenderText {#text} at (0,1) size 75x18
            text run at (0,1) width 8: "z"
            text run at (7,1) width 12 RTL: "\x{5E9}"
            text run at (18,1) width 15: "\x{663}\x{664}"
            text run at (32,1) width 14 RTL: "(^"
            text run at (45,1) width 30: "ab\x{661}\x{662}"
        RenderBlock {P} at (0,1868) size 769x22
          RenderText {#text} at (0,1) size 79x18
            text run at (0,1) width 8: "z"
            text run at (7,1) width 12 RTL: "\x{5E9}"
            text run at (18,1) width 15: "\x{663}\x{664}"
            text run at (32,1) width 14 RTL: "(^"
            text run at (45,1) width 15: "\x{661}\x{662}"
            text run at (59,1) width 20 RTL: "\x{5D0}\x{5D1}"
        RenderBlock {P} at (0,1906) size 769x22
          RenderText {#text} at (0,1) size 72x18
            text run at (0,1) width 8: "z"
            text run at (7,1) width 12 RTL: "\x{5E9}"
            text run at (18,1) width 15: "\x{663}\x{664}"
            text run at (32,1) width 14 RTL: "(^"
            text run at (45,1) width 15: "\x{661}\x{662}"
            text run at (59,1) width 13 RTL: "\x{627}\x{628}"
        RenderBlock {P} at (0,1944) size 769x22
          RenderText {#text} at (0,1) size 53x18
            text run at (0,1) width 8: "z"
            text run at (7,1) width 12 RTL: "\x{5E9}"
            text run at (18,1) width 15: "\x{663}\x{664}"
            text run at (32,1) width 14 RTL: "\x{202C}(^"
            text run at (45,1) width 8: "\x{202A}?"
        RenderBlock {P} at (0,1982) size 769x22
          RenderText {#text} at (0,1) size 53x18
            text run at (0,1) width 8: "z"
            text run at (7,1) width 12 RTL: "\x{5E9}"
            text run at (18,1) width 15: "\x{663}\x{664}"
            text run at (32,1) width 14 RTL: "\x{202C}(^"
            text run at (45,1) width 8 RTL: "\x{202B}?"
        RenderBlock {P} at (0,2020) size 769x18
          RenderText {#text} at (0,0) size 34x18
            text run at (0,0) width 0 RTL: "\x{202C}"
            text run at (0,0) width 28: "ab(^"
            text run at (27,0) width 7: "\x{202A}!"
        RenderBlock {P} at (0,2054) size 769x19
          RenderText {#text} at (0,1) size 38x18
            text run at (0,1) width 0 RTL: "\x{202C}"
            text run at (0,1) width 6: "\x{202A}!"
            text run at (5,1) width 33 RTL: "\x{5D0}\x{5D1}(^"
        RenderBlock {P} at (0,2089) size 769x21
          RenderText {#text} at (0,0) size 31x18
            text run at (0,0) width 0 RTL: "\x{202C}"
            text run at (0,0) width 6: "\x{202A}!"
            text run at (5,0) width 26 RTL: "\x{627}\x{628}(^"
        RenderBlock {P} at (0,2126) size 769x18
          RenderText {#text} at (0,0) size 50x18
            text run at (0,0) width 0 RTL: "\x{202C}"
            text run at (0,0) width 44: "ab12(^"
            text run at (43,0) width 7: "\x{202A}!"
        RenderBlock {P} at (0,2160) size 769x19
          RenderText {#text} at (0,1) size 54x18
            text run at (0,1) width 0 RTL: "\x{202C}"
            text run at (0,1) width 6: "\x{202A}!"
            text run at (5,1) width 14 RTL: "(^"
            text run at (18,1) width 17: "12"
            text run at (34,1) width 20 RTL: "\x{5D0}\x{5D1}"
        RenderBlock {P} at (0,2195) size 769x21
          RenderText {#text} at (0,0) size 47x18
            text run at (0,0) width 0 RTL: "\x{202C}"
            text run at (0,0) width 6: "\x{202A}!"
            text run at (5,0) width 14 RTL: "(^"
            text run at (18,0) width 17: "12"
            text run at (34,0) width 13 RTL: "\x{627}\x{628}"
        RenderBlock {P} at (0,2232) size 769x21
          RenderText {#text} at (0,0) size 48x18
            text run at (0,0) width 0 RTL: "\x{202C}"
            text run at (0,0) width 6: "\x{202A}!"
            text run at (5,0) width 14 RTL: "(^"
            text run at (18,0) width 30: "ab\x{661}\x{662}"
        RenderBlock {P} at (0,2269) size 769x22
          RenderText {#text} at (0,1) size 52x18
            text run at (0,1) width 0 RTL: "\x{202C}"
            text run at (0,1) width 6: "\x{202A}!"
            text run at (5,1) width 14 RTL: "(^"
            text run at (18,1) width 15: "\x{661}\x{662}"
            text run at (32,1) width 20 RTL: "\x{5D0}\x{5D1}"
        RenderBlock {P} at (0,2307) size 769x21
          RenderText {#text} at (0,0) size 45x18
            text run at (0,0) width 0 RTL: "\x{202C}"
            text run at (0,0) width 6: "\x{202A}!"
            text run at (5,0) width 14 RTL: "(^"
            text run at (18,0) width 15: "\x{661}\x{662}"
            text run at (32,0) width 13 RTL: "\x{627}\x{628}"
        RenderBlock {P} at (0,2344) size 769x18
          RenderText {#text} at (0,0) size 26x18
            text run at (0,0) width 0 RTL: "\x{202C}"
            text run at (0,0) width 8: "\x{202A}?"
            text run at (7,0) width 13: "\x{202C}(^"
            text run at (19,0) width 7: "\x{202A}!"
        RenderBlock {P} at (0,2378) size 769x18
          RenderText {#text} at (0,0) size 26x18
            text run at (0,0) width 0 RTL: "\x{202C}"
            text run at (0,0) width 6: "\x{202A}!"
            text run at (5,0) width 14 RTL: "\x{202C}(^"
            text run at (18,0) width 8 RTL: "\x{202B}?"
        RenderBlock {P} at (0,2412) size 769x18
          RenderText {#text} at (0,0) size 34x18
            text run at (0,0) width 0 RTL: "\x{202C}"
            text run at (0,0) width 6 RTL: "\x{202B}!"
            text run at (5,0) width 14 RTL: "(^"
            text run at (18,0) width 16: "ab"
        RenderBlock {P} at (0,2446) size 769x19
          RenderText {#text} at (0,1) size 38x18
            text run at (0,1) width 0 RTL: "\x{202C}"
            text run at (0,1) width 6 RTL: "\x{202B}!"
            text run at (5,1) width 33 RTL: "\x{5D0}\x{5D1}(^"
        RenderBlock {P} at (0,2481) size 769x21
          RenderText {#text} at (0,0) size 31x18
            text run at (0,0) width 0 RTL: "\x{202C}"
            text run at (0,0) width 6 RTL: "\x{202B}!"
            text run at (5,0) width 26 RTL: "\x{627}\x{628}(^"
        RenderBlock {P} at (0,2518) size 769x18
          RenderText {#text} at (0,0) size 50x18
            text run at (0,0) width 0 RTL: "\x{202C}"
            text run at (0,0) width 6 RTL: "\x{202B}!"
            text run at (5,0) width 14 RTL: "(^"
            text run at (18,0) width 32: "ab12"
        RenderBlock {P} at (0,2552) size 769x19
          RenderText {#text} at (0,1) size 54x18
            text run at (0,1) width 0 RTL: "\x{202C}"
            text run at (0,1) width 6 RTL: "\x{202B}!"
            text run at (5,1) width 14 RTL: "(^"
            text run at (18,1) width 17: "12"
            text run at (34,1) width 20 RTL: "\x{5D0}\x{5D1}"
        RenderBlock {P} at (0,2587) size 769x21
          RenderText {#text} at (0,0) size 47x18
            text run at (0,0) width 0 RTL: "\x{202C}"
            text run at (0,0) width 6 RTL: "\x{202B}!"
            text run at (5,0) width 14 RTL: "(^"
            text run at (18,0) width 17: "12"
            text run at (34,0) width 13 RTL: "\x{627}\x{628}"
        RenderBlock {P} at (0,2624) size 769x21
          RenderText {#text} at (0,0) size 48x18
            text run at (0,0) width 0 RTL: "\x{202C}"
            text run at (0,0) width 6 RTL: "\x{202B}!"
            text run at (5,0) width 14 RTL: "(^"
            text run at (18,0) width 30: "ab\x{661}\x{662}"
        RenderBlock {P} at (0,2661) size 769x22
          RenderText {#text} at (0,1) size 52x18
            text run at (0,1) width 0 RTL: "\x{202C}"
            text run at (0,1) width 6 RTL: "\x{202B}!"
            text run at (5,1) width 14 RTL: "(^"
            text run at (18,1) width 15: "\x{661}\x{662}"
            text run at (32,1) width 20 RTL: "\x{5D0}\x{5D1}"
        RenderBlock {P} at (0,2699) size 769x21
          RenderText {#text} at (0,0) size 45x18
            text run at (0,0) width 0 RTL: "\x{202C}"
            text run at (0,0) width 6 RTL: "\x{202B}!"
            text run at (5,0) width 14 RTL: "(^"
            text run at (18,0) width 15: "\x{661}\x{662}"
            text run at (32,0) width 13 RTL: "\x{627}\x{628}"
        RenderBlock {P} at (0,2736) size 769x18
          RenderText {#text} at (0,0) size 26x18
            text run at (0,0) width 0 RTL: "\x{202C}"
            text run at (0,0) width 6 RTL: "\x{202B}!"
            text run at (5,0) width 14 RTL: "\x{202C}(^"
            text run at (18,0) width 8: "\x{202A}?"
        RenderBlock {P} at (0,2770) size 769x18
          RenderText {#text} at (0,0) size 26x18
            text run at (0,0) width 0 RTL: "\x{202C}"
            text run at (0,0) width 6 RTL: "\x{202B}!"
            text run at (5,0) width 14 RTL: "\x{202C}(^"
            text run at (18,0) width 8 RTL: "\x{202B}?"
        RenderBlock {P} at (0,2804) size 769x18
          RenderText {#text} at (0,0) size 28x18
            text run at (0,0) width 0 RTL: "\x{202C}"
            text run at (0,0) width 28: "\x{202A}ab(^"
        RenderBlock {P} at (0,2838) size 769x19
          RenderText {#text} at (0,1) size 33x18
            text run at (0,1) width 0 RTL: "\x{202C}"
            text run at (0,1) width 20 RTL: "\x{202A}\x{5D0}\x{5D1}"
            text run at (19,1) width 14: "(^"
        RenderBlock {P} at (0,2873) size 769x21
          RenderText {#text} at (0,0) size 26x18
            text run at (0,0) width 0 RTL: "\x{202C}"
            text run at (0,0) width 13 RTL: "\x{202A}\x{627}\x{628}"
            text run at (12,0) width 14: "(^"
        RenderBlock {P} at (0,2910) size 769x18
          RenderText {#text} at (0,0) size 44x18
            text run at (0,0) width 0 RTL: "\x{202C}"
            text run at (0,0) width 44: "\x{202A}ab12(^"
        RenderBlock {P} at (0,2944) size 769x19
          RenderText {#text} at (0,1) size 49x18
            text run at (0,1) width 0 RTL: "\x{202C}"
            text run at (0,1) width 16: "12"
            text run at (16,1) width 20 RTL: "\x{202A}\x{5D0}\x{5D1}"
            text run at (35,1) width 14: "(^"
        RenderBlock {P} at (0,2979) size 769x21
          RenderText {#text} at (0,0) size 42x18
            text run at (0,0) width 0 RTL: "\x{202C}"
            text run at (0,0) width 16: "12"
            text run at (16,0) width 13 RTL: "\x{202A}\x{627}\x{628}"
            text run at (28,0) width 14: "(^"
        RenderBlock {P} at (0,3016) size 769x21
          RenderText {#text} at (0,0) size 42x18
            text run at (0,0) width 0 RTL: "\x{202C}"
            text run at (0,0) width 16: "\x{202A}ab"
            text run at (15,0) width 15: "\x{661}\x{662}"
            text run at (29,0) width 13: "(^"
        RenderBlock {P} at (0,3053) size 769x22
          RenderText {#text} at (0,1) size 47x18
            text run at (0,1) width 0 RTL: "\x{202C}"
            text run at (0,1) width 14: "\x{661}\x{662}"
            text run at (13,1) width 21 RTL: "\x{202A}\x{5D0}\x{5D1}"
            text run at (33,1) width 14: "(^"
        RenderBlock {P} at (0,3091) size 769x21
          RenderText {#text} at (0,0) size 40x18
            text run at (0,0) width 0 RTL: "\x{202C}"
            text run at (0,0) width 14: "\x{661}\x{662}"
            text run at (13,0) width 14 RTL: "\x{202A}\x{627}\x{628}"
            text run at (26,0) width 14: "(^"
        RenderBlock {P} at (0,3128) size 769x18
          RenderText {#text} at (0,0) size 20x18
            text run at (0,0) width 0 RTL: "\x{202C}"
            text run at (0,0) width 0: "\x{202A}"
            text run at (0,0) width 8: "\x{202A}?"
            text run at (7,0) width 13: "\x{202C}(^"
        RenderBlock {P} at (0,3162) size 769x18
          RenderText {#text} at (0,0) size 20x18
            text run at (0,0) width 0 RTL: "\x{202C}"
            text run at (0,0) width 0: "\x{202A}"
            text run at (0,0) width 8 RTL: "\x{202B}?"
            text run at (7,0) width 13: "\x{202C}(^"
