layer at (0,0) size 800x600
  RenderView at (0,0) size 800x600
layer at (0,0) size 800x600
  RenderBlock {HTML} at (0,0) size 800x600
    RenderBody {BODY} at (8,8) size 784x584
      RenderBlock (anonymous) at (0,0) size 784x18
        RenderText {#text} at (0,0) size 429x18
          text run at (0,0) width 429: "Pixel test for complex text rendering with opacity (Chromium bug "
        RenderInline {A} at (0,0) size 33x18 [color=#0000EE]
          RenderText {#text} at (428,0) size 33x18
            text run at (428,0) width 33: "8768"
        RenderText {#text} at (460,0) size 10x18
          text run at (460,0) width 10: ")."
      RenderBlock {P} at (0,34) size 784x0
      RenderBlock {DIV} at (0,34) size 784x38
        RenderInline {SPAN} at (0,0) size 43x29
          RenderText {#text} at (0,4) size 43x29
            text run at (0,4) width 43: "\x{916}\x{94B}\x{91C}\x{947}\x{902}"
        RenderText {#text} at (42,4) size 7x29
          text run at (42,4) width 7: " "
        RenderText {#text} at (91,4) size 7x29
          text run at (91,4) width 7: " "
        RenderText {#text} at (139,4) size 7x29
          text run at (139,4) width 7: " "
        RenderText {#text} at (188,4) size 7x29
          text run at (188,4) width 7: " "
        RenderText {#text} at (237,4) size 7x29
          text run at (237,4) width 7: " "
        RenderText {#text} at (285,4) size 7x29
          text run at (285,4) width 7: " "
        RenderText {#text} at (334,4) size 7x29
          text run at (334,4) width 7: " "
        RenderText {#text} at (382,4) size 8x29
          text run at (382,4) width 8: " "
        RenderText {#text} at (431,4) size 7x29
          text run at (431,4) width 7: " "
        RenderText {#text} at (480,4) size 7x29
          text run at (480,4) width 7: " "
        RenderText {#text} at (0,0) size 0x0
      RenderBlock {DIV} at (0,72) size 784x34
        RenderInline {SPAN} at (0,0) size 43x29
          RenderText {#text} at (480,0) size 43x29
            text run at (480,0) width 43 RTL: "\x{64A}\x{624}\x{644}\x{645}\x{646}\x{64A}"
        RenderText {#text} at (474,0) size 7x29
          text run at (474,0) width 7 RTL: " "
        RenderText {#text} at (426,0) size 7x29
          text run at (426,0) width 7 RTL: " "
        RenderText {#text} at (378,0) size 7x29
          text run at (378,0) width 7 RTL: " "
        RenderText {#text} at (330,0) size 7x29
          text run at (330,0) width 7 RTL: " "
        RenderText {#text} at (282,0) size 7x29
          text run at (282,0) width 7 RTL: " "
        RenderText {#text} at (234,0) size 7x29
          text run at (234,0) width 7 RTL: " "
        RenderText {#text} at (186,0) size 7x29
          text run at (186,0) width 7 RTL: " "
        RenderText {#text} at (138,0) size 7x29
          text run at (138,0) width 7 RTL: " "
        RenderText {#text} at (89,0) size 8x29
          text run at (89,0) width 8 RTL: " "
        RenderText {#text} at (41,0) size 8x29
          text run at (41,0) width 8 RTL: " "
        RenderText {#text} at (0,0) size 0x0
layer at (8,42) size 44x29
  RenderInline {SPAN} at (0,0) size 44x29
    RenderText {#text} at (48,4) size 44x29
      text run at (48,4) width 44: "\x{916}\x{94B}\x{91C}\x{947}\x{902}"
layer at (8,42) size 43x29
  RenderInline {SPAN} at (0,0) size 43x29
    RenderText {#text} at (97,4) size 43x29
      text run at (97,4) width 43: "\x{916}\x{94B}\x{91C}\x{947}\x{902}"
layer at (8,42) size 44x29
  RenderInline {SPAN} at (0,0) size 44x29
    RenderText {#text} at (145,4) size 44x29
      text run at (145,4) width 44: "\x{916}\x{94B}\x{91C}\x{947}\x{902}"
layer at (8,42) size 43x29
  RenderInline {SPAN} at (0,0) size 43x29
    RenderText {#text} at (194,4) size 43x29
      text run at (194,4) width 43: "\x{916}\x{94B}\x{91C}\x{947}\x{902}"
layer at (8,42) size 43x29
  RenderInline {SPAN} at (0,0) size 43x29
    RenderText {#text} at (243,4) size 43x29
      text run at (243,4) width 43: "\x{916}\x{94B}\x{91C}\x{947}\x{902}"
layer at (8,42) size 44x29
  RenderInline {SPAN} at (0,0) size 44x29
    RenderText {#text} at (291,4) size 44x29
      text run at (291,4) width 44: "\x{916}\x{94B}\x{91C}\x{947}\x{902}"
layer at (8,42) size 43x29
  RenderInline {SPAN} at (0,0) size 43x29
    RenderText {#text} at (340,4) size 43x29
      text run at (340,4) width 43: "\x{916}\x{94B}\x{91C}\x{947}\x{902}"
layer at (8,42) size 43x29
  RenderInline {SPAN} at (0,0) size 43x29
    RenderText {#text} at (389,4) size 43x29
      text run at (389,4) width 43: "\x{916}\x{94B}\x{91C}\x{947}\x{902}"
layer at (8,42) size 44x29
  RenderInline {SPAN} at (0,0) size 44x29
    RenderText {#text} at (437,4) size 44x29
      text run at (437,4) width 44: "\x{916}\x{94B}\x{91C}\x{947}\x{902}"
layer at (8,42) size 43x29
  RenderInline {SPAN} at (0,0) size 43x29
    RenderText {#text} at (486,4) size 43x29
      text run at (486,4) width 43: "\x{916}\x{94B}\x{91C}\x{947}\x{902}"
layer at (8,80) size 43x29
  RenderInline {SPAN} at (0,0) size 43x29
    RenderText {#text} at (432,0) size 43x29
      text run at (432,0) width 43 RTL: "\x{64A}\x{624}\x{644}\x{645}\x{646}\x{64A}"
layer at (8,80) size 43x29
  RenderInline {SPAN} at (0,0) size 43x29
    RenderText {#text} at (384,0) size 43x29
      text run at (384,0) width 43 RTL: "\x{64A}\x{624}\x{644}\x{645}\x{646}\x{64A}"
layer at (8,80) size 43x29
  RenderInline {SPAN} at (0,0) size 43x29
    RenderText {#text} at (336,0) size 43x29
      text run at (336,0) width 43 RTL: "\x{64A}\x{624}\x{644}\x{645}\x{646}\x{64A}"
layer at (8,80) size 43x29
  RenderInline {SPAN} at (0,0) size 43x29
    RenderText {#text} at (288,0) size 43x29
      text run at (288,0) width 43 RTL: "\x{64A}\x{624}\x{644}\x{645}\x{646}\x{64A}"
layer at (8,80) size 43x29
  RenderInline {SPAN} at (0,0) size 43x29
    RenderText {#text} at (240,0) size 43x29
      text run at (240,0) width 43 RTL: "\x{64A}\x{624}\x{644}\x{645}\x{646}\x{64A}"
layer at (8,80) size 43x29
  RenderInline {SPAN} at (0,0) size 43x29
    RenderText {#text} at (192,0) size 43x29
      text run at (192,0) width 43 RTL: "\x{64A}\x{624}\x{644}\x{645}\x{646}\x{64A}"
layer at (8,80) size 43x29
  RenderInline {SPAN} at (0,0) size 43x29
    RenderText {#text} at (144,0) size 43x29
      text run at (144,0) width 43 RTL: "\x{64A}\x{624}\x{644}\x{645}\x{646}\x{64A}"
layer at (8,80) size 43x29
  RenderInline {SPAN} at (0,0) size 43x29
    RenderText {#text} at (96,0) size 43x29
      text run at (96,0) width 43 RTL: "\x{64A}\x{624}\x{644}\x{645}\x{646}\x{64A}"
layer at (8,80) size 42x29
  RenderInline {SPAN} at (0,0) size 42x29
    RenderText {#text} at (48,0) size 42x29
      text run at (48,0) width 42 RTL: "\x{64A}\x{624}\x{644}\x{645}\x{646}\x{64A}"
layer at (8,80) size 42x29
  RenderInline {SPAN} at (0,0) size 42x29
    RenderText {#text} at (0,0) size 42x29
      text run at (0,0) width 42 RTL: "\x{64A}\x{624}\x{644}\x{645}\x{646}\x{64A}"
