layer at (0,0) size 800x600
  RenderView at (0,0) size 800x600
layer at (0,0) size 800x600
  RenderBlock {HTML} at (0,0) size 800x600
    RenderBody {BODY} at (8,8) size 784x584
      RenderBlock {DIV} at (0,0) size 226x336 [border: (3px solid #000000)]
        RenderText {#text} at (3,4) size 193x327
          text run at (3,4) width 193: "decl" + hyphen string "\x{2010}"
          text run at (3,114) width 107: "in" + hyphen string "\x{2010}"
          text run at (3,224) width 193: "ation"
